000 (9119133.000.000) 01/22 16:55:31 Job submitted from host: <188.185.6.50:9618?addrs=188.185.6.50-9618+[2001-1458-d00-62--100-2b1]-9618&alias=bigbird25.cern.ch&noUDP&sock=schedd_1627_90ad>
...
040 (9119133.000.000) 01/22 16:58:02 Started transferring input files
	Transferring to host: <188.185.206.212:9618?addrs=188.185.206.212-9618+[2001-1458-303-c--100-51]-9618&alias=b9p06p2007.cern.ch&noUDP&sock=slot1_26_4682_a477_109041>
...
040 (9119133.000.000) 01/22 16:58:02 Finished transferring input files
...
001 (9119133.000.000) 01/22 16:58:03 Job executing on host: <188.185.206.212:9618?addrs=188.185.206.212-9618+[2001-1458-303-c--100-51]-9618&alias=b9p06p2007.cern.ch&noUDP&sock=startd_3942_766c>
	SlotName: slot1_26@b9p06p2007.cern.ch
	CondorScratchDir = "/pool/condor/dir_4115463"
	Cpus = 1
	Disk = 3600
	GPUs = 0
	Memory = 3000
...
006 (9119133.000.000) 01/22 16:58:17 Image size of job updated: 123976
	122  -  MemoryUsage of job (MB)
	123976  -  ResidentSetSize of job (KB)
...
006 (9119133.000.000) 01/22 16:58:20 Image size of job updated: 132348
	122  -  MemoryUsage of job (MB)
	123976  -  ResidentSetSize of job (KB)
...
040 (9119133.000.000) 01/22 16:58:20 Started transferring output files
...
040 (9119133.000.000) 01/22 16:58:20 Finished transferring output files
...
005 (9119133.000.000) 01/22 16:58:20 Job terminated.
	(1) Normal termination (return value 0)
		Usr 0 00:00:03, Sys 0 00:00:01  -  Run Remote Usage
		Usr 0 00:00:00, Sys 0 00:00:00  -  Run Local Usage
		Usr 0 00:00:03, Sys 0 00:00:01  -  Total Remote Usage
		Usr 0 00:00:00, Sys 0 00:00:00  -  Total Local Usage
	6023  -  Run Bytes Sent By Job
	322  -  Run Bytes Received By Job
	6023  -  Total Bytes Sent By Job
	322  -  Total Bytes Received By Job
	Partitionable Resources :    Usage  Request Allocated 
	   Cpus                 :        0        1         1 
	   Disk (KB)            :       32        1      3600 
	   GPUs                 :                           0 
	   Memory (MB)          :      122     3000      3000 
	   TimeExecute (s)      :       17                    
	   TimeSlotBusy (s)     :       19                    

	Job terminated of its own accord at 2026-01-22T15:58:20Z with exit-code 0.
...
