000 (9119132.000.000) 01/22 16:55:31 Job submitted from host: <188.185.6.50:9618?addrs=188.185.6.50-9618+[2001-1458-d00-62--100-2b1]-9618&alias=bigbird25.cern.ch&noUDP&sock=schedd_1627_90ad>
...
040 (9119132.000.000) 01/22 16:57:51 Started transferring input files
	Transferring to host: <188.185.204.251:9618?addrs=188.185.204.251-9618+[2001-1458-303-8--100-78]-9618&alias=b9p02p8722.cern.ch&noUDP&sock=slot1_39_11985_4440_111644>
...
040 (9119132.000.000) 01/22 16:57:51 Finished transferring input files
...
001 (9119132.000.000) 01/22 16:57:52 Job executing on host: <188.185.204.251:9618?addrs=188.185.204.251-9618+[2001-1458-303-8--100-78]-9618&alias=b9p02p8722.cern.ch&noUDP&sock=startd_11580_7ecb>
	SlotName: slot1_39@b9p02p8722.cern.ch
	CondorScratchDir = "/pool/condor/dir_1367453"
	Cpus = 1
	Disk = 3835
	GPUs = 0
	Memory = 3000
...
006 (9119132.000.000) 01/22 16:58:06 Image size of job updated: 132148
	130  -  MemoryUsage of job (MB)
	132148  -  ResidentSetSize of job (KB)
...
006 (9119132.000.000) 01/22 16:58:09 Image size of job updated: 152020
	130  -  MemoryUsage of job (MB)
	132148  -  ResidentSetSize of job (KB)
...
040 (9119132.000.000) 01/22 16:58:09 Started transferring output files
...
040 (9119132.000.000) 01/22 16:58:09 Finished transferring output files
...
005 (9119132.000.000) 01/22 16:58:09 Job terminated.
	(1) Normal termination (return value 0)
		Usr 0 00:00:04, Sys 0 00:00:01  -  Run Remote Usage
		Usr 0 00:00:00, Sys 0 00:00:00  -  Run Local Usage
		Usr 0 00:00:04, Sys 0 00:00:01  -  Total Remote Usage
		Usr 0 00:00:00, Sys 0 00:00:00  -  Total Local Usage
	6223  -  Run Bytes Sent By Job
	322  -  Run Bytes Received By Job
	6223  -  Total Bytes Sent By Job
	322  -  Total Bytes Received By Job
	Partitionable Resources :    Usage  Request Allocated 
	   Cpus                 :        0        1         1 
	   Disk (KB)            :       34        1      3835 
	   GPUs                 :                           0 
	   Memory (MB)          :      130     3000      3000 
	   TimeExecute (s)      :       17                    
	   TimeSlotBusy (s)     :       18                    

	Job terminated of its own accord at 2026-01-22T15:58:09Z with exit-code 0.
...
