000 (9119134.000.000) 01/22 16:55:31 Job submitted from host: <188.185.6.50:9618?addrs=188.185.6.50-9618+[2001-1458-d00-62--100-2b1]-9618&alias=bigbird25.cern.ch&noUDP&sock=schedd_1627_90ad>
...
040 (9119134.000.000) 01/22 16:58:03 Started transferring input files
	Transferring to host: <188.185.208.7:9618?addrs=188.185.208.7-9618+[2001-1458-303-f--100-4]-9618&alias=b9p09p4323.cern.ch&noUDP&sock=slot1_57_4013_457c_112215>
...
040 (9119134.000.000) 01/22 16:58:03 Finished transferring input files
...
001 (9119134.000.000) 01/22 16:58:04 Job executing on host: <188.185.208.7:9618?addrs=188.185.208.7-9618+[2001-1458-303-f--100-4]-9618&alias=b9p09p4323.cern.ch&noUDP&sock=startd_3553_a415>
	SlotName: slot1_57@b9p09p4323.cern.ch
	CondorScratchDir = "/pool/condor/dir_4192577"
	Cpus = 1
	Disk = 3662
	GPUs = 0
	Memory = 3000
...
006 (9119134.000.000) 01/22 16:58:18 Image size of job updated: 99548
	98  -  MemoryUsage of job (MB)
	99548  -  ResidentSetSize of job (KB)
...
006 (9119134.000.000) 01/22 17:03:19 Image size of job updated: 445208
	315  -  MemoryUsage of job (MB)
	322372  -  ResidentSetSize of job (KB)
...
040 (9119134.000.000) 01/22 17:03:28 Started transferring output files
...
040 (9119134.000.000) 01/22 17:03:28 Finished transferring output files
...
005 (9119134.000.000) 01/22 17:03:28 Job terminated.
	(1) Normal termination (return value 0)
		Usr 0 00:03:23, Sys 0 00:00:04  -  Run Remote Usage
		Usr 0 00:00:00, Sys 0 00:00:00  -  Run Local Usage
		Usr 0 00:03:23, Sys 0 00:00:04  -  Total Remote Usage
		Usr 0 00:00:00, Sys 0 00:00:00  -  Total Local Usage
	10266  -  Run Bytes Sent By Job
	318  -  Run Bytes Received By Job
	10266  -  Total Bytes Sent By Job
	318  -  Total Bytes Received By Job
	Partitionable Resources :    Usage  Request Allocated 
	   Cpus                 :        0        1         1 
	   Disk (KB)            :       39        1      3662 
	   GPUs                 :                           0 
	   Memory (MB)          :      315     3000      3000 
	   TimeExecute (s)      :      320                    
	   TimeSlotBusy (s)     :      326                    

	Job terminated of its own accord at 2026-01-22T16:03:24Z with exit-code 0.
...
