000 (9119136.000.000) 01/22 16:55:32 Job submitted from host: <188.185.6.50:9618?addrs=188.185.6.50-9618+[2001-1458-d00-62--100-2b1]-9618&alias=bigbird25.cern.ch&noUDP&sock=schedd_1627_90ad>
...
040 (9119136.000.000) 01/22 16:57:52 Started transferring input files
	Transferring to host: <188.185.205.188:9618?addrs=188.185.205.188-9618+[2001-1458-303-a--100-39]-9618&alias=b9p04p6505.cern.ch&noUDP&sock=slot1_44_4022_9cdd_109903>
...
040 (9119136.000.000) 01/22 16:57:52 Finished transferring input files
...
001 (9119136.000.000) 01/22 16:57:53 Job executing on host: <188.185.205.188:9618?addrs=188.185.205.188-9618+[2001-1458-303-a--100-39]-9618&alias=b9p04p6505.cern.ch&noUDP&sock=startd_3563_8007>
	SlotName: slot1_44@b9p04p6505.cern.ch
	CondorScratchDir = "/pool/condor/dir_2724914"
	Cpus = 1
	Disk = 3746
	GPUs = 0
	Memory = 3000
...
006 (9119136.000.000) 01/22 16:58:07 Image size of job updated: 44988
	44  -  MemoryUsage of job (MB)
	44988  -  ResidentSetSize of job (KB)
...
006 (9119136.000.000) 01/22 17:02:26 Image size of job updated: 445160
	44  -  MemoryUsage of job (MB)
	44988  -  ResidentSetSize of job (KB)
...
040 (9119136.000.000) 01/22 17:02:26 Started transferring output files
...
040 (9119136.000.000) 01/22 17:02:26 Finished transferring output files
...
005 (9119136.000.000) 01/22 17:02:26 Job terminated.
	(1) Normal termination (return value 0)
		Usr 0 00:02:58, Sys 0 00:00:03  -  Run Remote Usage
		Usr 0 00:00:00, Sys 0 00:00:00  -  Run Local Usage
		Usr 0 00:02:58, Sys 0 00:00:03  -  Total Remote Usage
		Usr 0 00:00:00, Sys 0 00:00:00  -  Total Local Usage
	9716  -  Run Bytes Sent By Job
	318  -  Run Bytes Received By Job
	9716  -  Total Bytes Sent By Job
	318  -  Total Bytes Received By Job
	Partitionable Resources :    Usage  Request Allocated 
	   Cpus                 :        0        1         1 
	   Disk (KB)            :       38        1      3746 
	   GPUs                 :                           0 
	   Memory (MB)          :       44     3000      3000 
	   TimeExecute (s)      :      273                    
	   TimeSlotBusy (s)     :      275                    

	Job terminated of its own accord at 2026-01-22T16:02:26Z with exit-code 0.
...
