000 (9119125.000.000) 01/22 16:55:29 Job submitted from host: <188.185.6.50:9618?addrs=188.185.6.50-9618+[2001-1458-d00-62--100-2b1]-9618&alias=bigbird25.cern.ch&noUDP&sock=schedd_1627_90ad>
...
040 (9119125.000.000) 01/22 16:57:49 Started transferring input files
	Transferring to host: <128.142.161.100:9618?addrs=128.142.161.100-9618+[2001-1458-301-b8--100-22]-9618&alias=b9g03p2461.cern.ch&noUDP&sock=slot1_16_241142_1a87_76322>
...
040 (9119125.000.000) 01/22 16:57:49 Finished transferring input files
...
001 (9119125.000.000) 01/22 16:57:50 Job executing on host: <128.142.161.100:9618?addrs=128.142.161.100-9618+[2001-1458-301-b8--100-22]-9618&alias=b9g03p2461.cern.ch&noUDP&sock=startd_6942_368b>
	SlotName: slot1_16@b9g03p2461.cern.ch
	CondorScratchDir = "/pool/condor/dir_2521971"
	Cpus = 1
	Disk = 3938
	GPUs = 0
	Memory = 3000
...
006 (9119125.000.000) 01/22 16:58:04 Image size of job updated: 14184
	7  -  MemoryUsage of job (MB)
	6724  -  ResidentSetSize of job (KB)
...
006 (9119125.000.000) 01/22 17:03:05 Image size of job updated: 248440
	243  -  MemoryUsage of job (MB)
	248440  -  ResidentSetSize of job (KB)
...
006 (9119125.000.000) 01/22 17:03:33 Image size of job updated: 248472
	243  -  MemoryUsage of job (MB)
	248440  -  ResidentSetSize of job (KB)
...
040 (9119125.000.000) 01/22 17:03:34 Started transferring output files
...
040 (9119125.000.000) 01/22 17:03:34 Finished transferring output files
...
005 (9119125.000.000) 01/22 17:03:34 Job terminated.
	(1) Normal termination (return value 0)
		Usr 0 00:04:20, Sys 0 00:00:03  -  Run Remote Usage
		Usr 0 00:00:00, Sys 0 00:00:00  -  Run Local Usage
		Usr 0 00:04:20, Sys 0 00:00:03  -  Total Remote Usage
		Usr 0 00:00:00, Sys 0 00:00:00  -  Total Local Usage
	10270  -  Run Bytes Sent By Job
	322  -  Run Bytes Received By Job
	10270  -  Total Bytes Sent By Job
	322  -  Total Bytes Received By Job
	Partitionable Resources :    Usage  Request Allocated 
	   Cpus                 :        0        1         1 
	   Disk (KB)            :       33        1      3938 
	   GPUs                 :                           0 
	   Memory (MB)          :      243     3000      3000 
	   TimeExecute (s)      :      343                    
	   TimeSlotBusy (s)     :      346                    

	Job terminated of its own accord at 2026-01-22T16:03:33Z with exit-code 0.
...
