000 (9119129.000.000) 01/22 16:55:30 Job submitted from host: <188.185.6.50:9618?addrs=188.185.6.50-9618+[2001-1458-d00-62--100-2b1]-9618&alias=bigbird25.cern.ch&noUDP&sock=schedd_1627_90ad>
...
040 (9119129.000.000) 01/22 16:57:51 Started transferring input files
	Transferring to host: <188.185.209.225:9618?addrs=188.185.209.225-9618+[2001-1458-303-12--100-5e]-9618&alias=b9p12p3280.cern.ch&noUDP&sock=slot1_2_4003780_f575_112015>
...
040 (9119129.000.000) 01/22 16:57:51 Finished transferring input files
...
001 (9119129.000.000) 01/22 16:57:52 Job executing on host: <188.185.209.225:9618?addrs=188.185.209.225-9618+[2001-1458-303-12--100-5e]-9618&alias=b9p12p3280.cern.ch&noUDP&sock=startd_10442_ec04>
	SlotName: slot1_2@b9p12p3280.cern.ch
	CondorScratchDir = "/pool/condor/dir_1165510"
	Cpus = 1
	Disk = 3764
	GPUs = 0
	Memory = 3000
...
006 (9119129.000.000) 01/22 16:58:05 Image size of job updated: 149000
	146  -  MemoryUsage of job (MB)
	149000  -  ResidentSetSize of job (KB)
...
006 (9119129.000.000) 01/22 16:58:31 Image size of job updated: 204768
	146  -  MemoryUsage of job (MB)
	149052  -  ResidentSetSize of job (KB)
...
040 (9119129.000.000) 01/22 16:58:31 Started transferring output files
...
040 (9119129.000.000) 01/22 16:58:31 Finished transferring output files
...
005 (9119129.000.000) 01/22 16:58:32 Job terminated.
	(1) Normal termination (return value 0)
		Usr 0 00:00:27, Sys 0 00:00:02  -  Run Remote Usage
		Usr 0 00:00:00, Sys 0 00:00:00  -  Run Local Usage
		Usr 0 00:00:27, Sys 0 00:00:02  -  Total Remote Usage
		Usr 0 00:00:00, Sys 0 00:00:00  -  Total Local Usage
	6864  -  Run Bytes Sent By Job
	322  -  Run Bytes Received By Job
	6864  -  Total Bytes Sent By Job
	322  -  Total Bytes Received By Job
	Partitionable Resources :    Usage  Request Allocated 
	   Cpus                 :        0        1         1 
	   Disk (KB)            :       33        1      3764 
	   GPUs                 :                           0 
	   Memory (MB)          :      146     3000      3000 
	   TimeExecute (s)      :       39                    
	   TimeSlotBusy (s)     :       41                    

	Job terminated of its own accord at 2026-01-22T15:58:31Z with exit-code 0.
...
