000 (9119126.000.000) 01/22 16:55:29 Job submitted from host: <188.185.6.50:9618?addrs=188.185.6.50-9618+[2001-1458-d00-62--100-2b1]-9618&alias=bigbird25.cern.ch&noUDP&sock=schedd_1627_90ad>
...
040 (9119126.000.000) 01/22 16:57:50 Started transferring input files
	Transferring to host: <188.185.194.11:9618?addrs=188.185.194.11-9618+[2001-1458-303-21--100-7]-9618&alias=b9p20p9066.cern.ch&noUDP&sock=slot1_36_5660_bb5f_115275>
...
040 (9119126.000.000) 01/22 16:57:50 Finished transferring input files
...
001 (9119126.000.000) 01/22 16:57:51 Job executing on host: <188.185.194.11:9618?addrs=188.185.194.11-9618+[2001-1458-303-21--100-7]-9618&alias=b9p20p9066.cern.ch&noUDP&sock=startd_4382_4418>
	SlotName: slot1_36@b9p20p9066.cern.ch
	CondorScratchDir = "/pool/condor/dir_2119267"
	Cpus = 1
	Disk = 3887
	GPUs = 0
	Memory = 3000
...
006 (9119126.000.000) 01/22 16:58:05 Image size of job updated: 17192
	8  -  MemoryUsage of job (MB)
	7764  -  ResidentSetSize of job (KB)
...
006 (9119126.000.000) 01/22 16:59:15 Image size of job updated: 231724
	8  -  MemoryUsage of job (MB)
	7764  -  ResidentSetSize of job (KB)
...
040 (9119126.000.000) 01/22 16:59:15 Started transferring output files
...
040 (9119126.000.000) 01/22 16:59:15 Finished transferring output files
...
005 (9119126.000.000) 01/22 16:59:15 Job terminated.
	(1) Normal termination (return value 0)
		Usr 0 00:00:49, Sys 0 00:00:02  -  Run Remote Usage
		Usr 0 00:00:00, Sys 0 00:00:00  -  Run Local Usage
		Usr 0 00:00:49, Sys 0 00:00:02  -  Total Remote Usage
		Usr 0 00:00:00, Sys 0 00:00:00  -  Total Local Usage
	6990  -  Run Bytes Sent By Job
	322  -  Run Bytes Received By Job
	6990  -  Total Bytes Sent By Job
	322  -  Total Bytes Received By Job
	Partitionable Resources :    Usage  Request Allocated 
	   Cpus                 :        0        1         1 
	   Disk (KB)            :       30        1      3887 
	   GPUs                 :                           0 
	   Memory (MB)          :        8     3000      3000 
	   TimeExecute (s)      :       84                    
	   TimeSlotBusy (s)     :       86                    

	Job terminated of its own accord at 2026-01-22T15:59:15Z with exit-code 0.
...
