000 (9119128.000.000) 01/22 16:55:29 Job submitted from host: <188.185.6.50:9618?addrs=188.185.6.50-9618+[2001-1458-d00-62--100-2b1]-9618&alias=bigbird25.cern.ch&noUDP&sock=schedd_1627_90ad>
...
040 (9119128.000.000) 01/22 16:57:50 Started transferring input files
	Transferring to host: <188.185.193.50:9618?addrs=188.185.193.50-9618+[2001-1458-303-20--100-2e]-9618&alias=b9p19p8687.cern.ch&noUDP&sock=slot1_31_5652_185f_121165>
...
040 (9119128.000.000) 01/22 16:57:50 Finished transferring input files
...
001 (9119128.000.000) 01/22 16:57:51 Job executing on host: <188.185.193.50:9618?addrs=188.185.193.50-9618+[2001-1458-303-20--100-2e]-9618&alias=b9p19p8687.cern.ch&noUDP&sock=startd_4504_f2a6>
	SlotName: slot1_31@b9p19p8687.cern.ch
	CondorScratchDir = "/pool/condor/dir_1810824"
	Cpus = 1
	Disk = 3942
	GPUs = 0
	Memory = 3000
...
006 (9119128.000.000) 01/22 16:58:05 Image size of job updated: 75224
	74  -  MemoryUsage of job (MB)
	75224  -  ResidentSetSize of job (KB)
...
006 (9119128.000.000) 01/22 17:02:21 Image size of job updated: 246916
	74  -  MemoryUsage of job (MB)
	75280  -  ResidentSetSize of job (KB)
...
040 (9119128.000.000) 01/22 17:02:21 Started transferring output files
...
040 (9119128.000.000) 01/22 17:02:21 Finished transferring output files
...
005 (9119128.000.000) 01/22 17:02:21 Job terminated.
	(1) Normal termination (return value 0)
		Usr 0 00:03:52, Sys 0 00:00:04  -  Run Remote Usage
		Usr 0 00:00:00, Sys 0 00:00:00  -  Run Local Usage
		Usr 0 00:03:52, Sys 0 00:00:04  -  Total Remote Usage
		Usr 0 00:00:00, Sys 0 00:00:00  -  Total Local Usage
	10270  -  Run Bytes Sent By Job
	322  -  Run Bytes Received By Job
	10270  -  Total Bytes Sent By Job
	322  -  Total Bytes Received By Job
	Partitionable Resources :    Usage  Request Allocated 
	   Cpus                 :     0.95        1         1 
	   Disk (KB)            :    34           1      3942 
	   GPUs                 :                           0 
	   Memory (MB)          :    74        3000      3000 
	   TimeExecute (s)      :   270                       
	   TimeSlotBusy (s)     :   272                       

	Job terminated of its own accord at 2026-01-22T16:02:21Z with exit-code 0.
...
