000 (9119130.000.000) 01/22 16:55:30 Job submitted from host: <188.185.6.50:9618?addrs=188.185.6.50-9618+[2001-1458-d00-62--100-2b1]-9618&alias=bigbird25.cern.ch&noUDP&sock=schedd_1627_90ad>
...
040 (9119130.000.000) 01/22 16:57:51 Started transferring input files
	Transferring to host: <188.185.208.205:9618?addrs=188.185.208.205-9618+[2001-1458-303-10--100-4a]-9618&alias=b9p10p8826.cern.ch&noUDP&sock=slot1_22_6711_41aa_114401>
...
040 (9119130.000.000) 01/22 16:57:51 Finished transferring input files
...
001 (9119130.000.000) 01/22 16:57:52 Job executing on host: <188.185.208.205:9618?addrs=188.185.208.205-9618+[2001-1458-303-10--100-4a]-9618&alias=b9p10p8826.cern.ch&noUDP&sock=startd_5670_ba13>
	SlotName: slot1_22@b9p10p8826.cern.ch
	CondorScratchDir = "/pool/condor/dir_3943103"
	Cpus = 1
	Disk = 3497
	GPUs = 0
	Memory = 3000
...
006 (9119130.000.000) 01/22 16:58:06 Image size of job updated: 8244
	9  -  MemoryUsage of job (MB)
	8244  -  ResidentSetSize of job (KB)
...
006 (9119130.000.000) 01/22 17:01:25 Image size of job updated: 243544
	9  -  MemoryUsage of job (MB)
	8276  -  ResidentSetSize of job (KB)
...
040 (9119130.000.000) 01/22 17:01:33 Started transferring output files
...
040 (9119130.000.000) 01/22 17:01:33 Finished transferring output files
...
005 (9119130.000.000) 01/22 17:01:33 Job terminated.
	(1) Normal termination (return value 0)
		Usr 0 00:02:39, Sys 0 00:00:03  -  Run Remote Usage
		Usr 0 00:00:00, Sys 0 00:00:00  -  Run Local Usage
		Usr 0 00:02:39, Sys 0 00:00:03  -  Total Remote Usage
		Usr 0 00:00:00, Sys 0 00:00:00  -  Total Local Usage
	10270  -  Run Bytes Sent By Job
	322  -  Run Bytes Received By Job
	10270  -  Total Bytes Sent By Job
	322  -  Total Bytes Received By Job
	Partitionable Resources :    Usage  Request Allocated 
	   Cpus                 :        0        1         1 
	   Disk (KB)            :       37        1      3497 
	   GPUs                 :                           0 
	   Memory (MB)          :        9     3000      3000 
	   TimeExecute (s)      :      213                    
	   TimeSlotBusy (s)     :      223                    

	Job terminated of its own accord at 2026-01-22T16:01:25Z with exit-code 0.
...
