000 (9119124.000.000) 01/22 16:55:28 Job submitted from host: <188.185.6.50:9618?addrs=188.185.6.50-9618+[2001-1458-d00-62--100-2b1]-9618&alias=bigbird25.cern.ch&noUDP&sock=schedd_1627_90ad>
...
040 (9119124.000.000) 01/22 16:57:49 Started transferring input files
	Transferring to host: <128.142.161.118:9618?addrs=128.142.161.118-9618+[2001-1458-301-b8--100-34]-9618&alias=b9g03p9322.cern.ch&noUDP&sock=slot1_13_3322_6640_34797>
...
040 (9119124.000.000) 01/22 16:57:49 Finished transferring input files
...
001 (9119124.000.000) 01/22 16:57:50 Job executing on host: <128.142.161.118:9618?addrs=128.142.161.118-9618+[2001-1458-301-b8--100-34]-9618&alias=b9g03p9322.cern.ch&noUDP&sock=startd_2631_39c3>
	SlotName: slot1_13@b9g03p9322.cern.ch
	CondorScratchDir = "/pool/condor/dir_385604"
	Cpus = 1
	Disk = 3924
	GPUs = 0
	Memory = 3000
...
006 (9119124.000.000) 01/22 16:58:04 Image size of job updated: 67388
	66  -  MemoryUsage of job (MB)
	67388  -  ResidentSetSize of job (KB)
...
006 (9119124.000.000) 01/22 17:01:25 Image size of job updated: 166676
	66  -  MemoryUsage of job (MB)
	67472  -  ResidentSetSize of job (KB)
...
040 (9119124.000.000) 01/22 17:01:33 Started transferring output files
...
040 (9119124.000.000) 01/22 17:01:33 Finished transferring output files
...
005 (9119124.000.000) 01/22 17:01:33 Job terminated.
	(1) Normal termination (return value 0)
		Usr 0 00:02:20, Sys 0 00:00:02  -  Run Remote Usage
		Usr 0 00:00:00, Sys 0 00:00:00  -  Run Local Usage
		Usr 0 00:02:20, Sys 0 00:00:02  -  Total Remote Usage
		Usr 0 00:00:00, Sys 0 00:00:00  -  Total Local Usage
	8569  -  Run Bytes Sent By Job
	322  -  Run Bytes Received By Job
	8569  -  Total Bytes Sent By Job
	322  -  Total Bytes Received By Job
	Partitionable Resources :    Usage  Request Allocated 
	   Cpus                 :     0.70        1         1 
	   Disk (KB)            :    32           1      3924 
	   GPUs                 :                           0 
	   Memory (MB)          :    66        3000      3000 
	   TimeExecute (s)      :   215                       
	   TimeSlotBusy (s)     :   225                       

	Job terminated of its own accord at 2026-01-22T16:01:25Z with exit-code 0.
...
