000 (9119160.000.000) 01/22 16:55:39 Job submitted from host: <188.185.6.50:9618?addrs=188.185.6.50-9618+[2001-1458-d00-62--100-2b1]-9618&alias=bigbird25.cern.ch&noUDP&sock=schedd_1627_90ad>
...
040 (9119160.000.000) 01/22 16:57:59 Started transferring input files
	Transferring to host: <188.185.211.14:9618?addrs=188.185.211.14-9618+[2001-1458-303-16--100-a]-9618&alias=b9p23p3852.cern.ch&noUDP&sock=slot1_21_5772_a564_133050>
...
040 (9119160.000.000) 01/22 16:57:59 Finished transferring input files
...
001 (9119160.000.000) 01/22 16:58:00 Job executing on host: <188.185.211.14:9618?addrs=188.185.211.14-9618+[2001-1458-303-16--100-a]-9618&alias=b9p23p3852.cern.ch&noUDP&sock=startd_5012_64c2>
	SlotName: slot1_21@b9p23p3852.cern.ch
	CondorScratchDir = "/pool/condor/dir_2418786"
	Cpus = 1
	Disk = 3784
	GPUs = 0
	Memory = 3000
...
006 (9119160.000.000) 01/22 16:58:13 Image size of job updated: 150224
	147  -  MemoryUsage of job (MB)
	150224  -  ResidentSetSize of job (KB)
...
006 (9119160.000.000) 01/22 16:58:33 Image size of job updated: 168560
	147  -  MemoryUsage of job (MB)
	150260  -  ResidentSetSize of job (KB)
...
040 (9119160.000.000) 01/22 16:58:33 Started transferring output files
...
040 (9119160.000.000) 01/22 16:58:33 Finished transferring output files
...
005 (9119160.000.000) 01/22 16:58:33 Job terminated.
	(1) Normal termination (return value 0)
		Usr 0 00:00:20, Sys 0 00:00:02  -  Run Remote Usage
		Usr 0 00:00:00, Sys 0 00:00:00  -  Run Local Usage
		Usr 0 00:00:20, Sys 0 00:00:02  -  Total Remote Usage
		Usr 0 00:00:00, Sys 0 00:00:00  -  Total Local Usage
	6519  -  Run Bytes Sent By Job
	323  -  Run Bytes Received By Job
	6519  -  Total Bytes Sent By Job
	323  -  Total Bytes Received By Job
	Partitionable Resources :    Usage  Request Allocated 
	   Cpus                 :        0        1         1 
	   Disk (KB)            :       30        1      3784 
	   GPUs                 :                           0 
	   Memory (MB)          :      147     3000      3000 
	   TimeExecute (s)      :       33                    
	   TimeSlotBusy (s)     :       35                    

	Job terminated of its own accord at 2026-01-22T15:58:33Z with exit-code 0.
...
