000 (9119163.000.000) 01/22 16:55:39 Job submitted from host: <188.185.6.50:9618?addrs=188.185.6.50-9618+[2001-1458-d00-62--100-2b1]-9618&alias=bigbird25.cern.ch&noUDP&sock=schedd_1627_90ad>
...
040 (9119163.000.000) 01/22 16:57:59 Started transferring input files
	Transferring to host: <188.185.213.75:9618?addrs=188.185.213.75-9618+[2001-1458-303-1a--100-47]-9618&alias=b9p27p9871.cern.ch&noUDP&sock=slot1_21_5235_47ee_132843>
...
040 (9119163.000.000) 01/22 16:57:59 Finished transferring input files
...
001 (9119163.000.000) 01/22 16:58:00 Job executing on host: <188.185.213.75:9618?addrs=188.185.213.75-9618+[2001-1458-303-1a--100-47]-9618&alias=b9p27p9871.cern.ch&noUDP&sock=startd_4245_4b9e>
	SlotName: slot1_21@b9p27p9871.cern.ch
	CondorScratchDir = "/pool/condor/dir_1953462"
	Cpus = 1
	Disk = 3879
	GPUs = 0
	Memory = 3000
...
006 (9119163.000.000) 01/22 16:58:14 Image size of job updated: 129504
	127  -  MemoryUsage of job (MB)
	129504  -  ResidentSetSize of job (KB)
...
006 (9119163.000.000) 01/22 16:58:16 Image size of job updated: 149928
	127  -  MemoryUsage of job (MB)
	129504  -  ResidentSetSize of job (KB)
...
040 (9119163.000.000) 01/22 16:58:16 Started transferring output files
...
040 (9119163.000.000) 01/22 16:58:16 Finished transferring output files
...
005 (9119163.000.000) 01/22 16:58:16 Job terminated.
	(1) Normal termination (return value 0)
		Usr 0 00:00:03, Sys 0 00:00:01  -  Run Remote Usage
		Usr 0 00:00:00, Sys 0 00:00:00  -  Run Local Usage
		Usr 0 00:00:03, Sys 0 00:00:01  -  Total Remote Usage
		Usr 0 00:00:00, Sys 0 00:00:00  -  Total Local Usage
	5990  -  Run Bytes Sent By Job
	312  -  Run Bytes Received By Job
	5990  -  Total Bytes Sent By Job
	312  -  Total Bytes Received By Job
	Partitionable Resources :    Usage  Request Allocated 
	   Cpus                 :        0        1         1 
	   Disk (KB)            :       29        1      3879 
	   GPUs                 :                           0 
	   Memory (MB)          :      127     3000      3000 
	   TimeExecute (s)      :       16                    
	   TimeSlotBusy (s)     :       17                    

	Job terminated of its own accord at 2026-01-22T15:58:16Z with exit-code 0.
...
