000 (9119158.000.000) 01/22 16:55:38 Job submitted from host: <188.185.6.50:9618?addrs=188.185.6.50-9618+[2001-1458-d00-62--100-2b1]-9618&alias=bigbird25.cern.ch&noUDP&sock=schedd_1627_90ad>
...
040 (9119158.000.000) 01/22 16:57:59 Started transferring input files
	Transferring to host: <188.185.211.166:9618?addrs=188.185.211.166-9618+[2001-1458-303-17--100-22]-9618&alias=b9p24p5937.cern.ch&noUDP&sock=slot1_37_5610_809d_128393>
...
040 (9119158.000.000) 01/22 16:57:59 Finished transferring input files
...
001 (9119158.000.000) 01/22 16:58:00 Job executing on host: <188.185.211.166:9618?addrs=188.185.211.166-9618+[2001-1458-303-17--100-22]-9618&alias=b9p24p5937.cern.ch&noUDP&sock=startd_4604_8a1e>
	SlotName: slot1_37@b9p24p5937.cern.ch
	CondorScratchDir = "/pool/condor/dir_2117701"
	Cpus = 1
	Disk = 3749
	GPUs = 0
	Memory = 3000
...
006 (9119158.000.000) 01/22 16:58:13 Image size of job updated: 167096
	164  -  MemoryUsage of job (MB)
	167096  -  ResidentSetSize of job (KB)
...
040 (9119158.000.000) 01/22 16:58:43 Started transferring output files
...
040 (9119158.000.000) 01/22 16:58:43 Finished transferring output files
...
005 (9119158.000.000) 01/22 16:58:43 Job terminated.
	(1) Normal termination (return value 0)
		Usr 0 00:00:26, Sys 0 00:00:02  -  Run Remote Usage
		Usr 0 00:00:00, Sys 0 00:00:00  -  Run Local Usage
		Usr 0 00:00:26, Sys 0 00:00:02  -  Total Remote Usage
		Usr 0 00:00:00, Sys 0 00:00:00  -  Total Local Usage
	6756  -  Run Bytes Sent By Job
	319  -  Run Bytes Received By Job
	6756  -  Total Bytes Sent By Job
	319  -  Total Bytes Received By Job
	Partitionable Resources :    Usage  Request Allocated 
	   Cpus                 :        0        1         1 
	   Disk (KB)            :       30        1      3749 
	   GPUs                 :                           0 
	   Memory (MB)          :      164     3000      3000 
	   TimeExecute (s)      :       43                    
	   TimeSlotBusy (s)     :       45                    

	Job terminated of its own accord at 2026-01-22T15:58:43Z with exit-code 0.
...
