000 (9119159.000.000) 01/22 16:55:38 Job submitted from host: <188.185.6.50:9618?addrs=188.185.6.50-9618+[2001-1458-d00-62--100-2b1]-9618&alias=bigbird25.cern.ch&noUDP&sock=schedd_1627_90ad>
...
040 (9119159.000.000) 01/22 16:57:59 Started transferring input files
	Transferring to host: <188.185.211.147:9618?addrs=188.185.211.147-9618+[2001-1458-303-17--100-f]-9618&alias=b9p24p3890.cern.ch&noUDP&sock=slot1_2_4766_d3fb_10302>
...
040 (9119159.000.000) 01/22 16:57:59 Finished transferring input files
...
001 (9119159.000.000) 01/22 16:58:00 Job executing on host: <188.185.211.147:9618?addrs=188.185.211.147-9618+[2001-1458-303-17--100-f]-9618&alias=b9p24p3890.cern.ch&noUDP&sock=startd_3989_b360>
	SlotName: slot1_2@b9p24p3890.cern.ch
	CondorScratchDir = "/pool/condor/dir_2473153"
	Cpus = 1
	Disk = 3928
	GPUs = 0
	Memory = 3000
...
006 (9119159.000.000) 01/22 16:58:11 Image size of job updated: 134596
	0  -  MemoryUsage of job (MB)
	0  -  ResidentSetSize of job (KB)
...
040 (9119159.000.000) 01/22 16:58:11 Started transferring output files
...
040 (9119159.000.000) 01/22 16:58:11 Finished transferring output files
...
005 (9119159.000.000) 01/22 16:58:11 Job terminated.
	(1) Normal termination (return value 0)
		Usr 0 00:00:02, Sys 0 00:00:01  -  Run Remote Usage
		Usr 0 00:00:00, Sys 0 00:00:00  -  Run Local Usage
		Usr 0 00:00:02, Sys 0 00:00:01  -  Total Remote Usage
		Usr 0 00:00:00, Sys 0 00:00:00  -  Total Local Usage
	6004  -  Run Bytes Sent By Job
	319  -  Run Bytes Received By Job
	6004  -  Total Bytes Sent By Job
	319  -  Total Bytes Received By Job
	Partitionable Resources :    Usage  Request Allocated 
	   Cpus                 :        0        1         1 
	   Disk (KB)            :       29        1      3928 
	   GPUs                 :                           0 
	   Memory (MB)          :        0     3000      3000 
	   TimeExecute (s)      :       11                    
	   TimeSlotBusy (s)     :       13                    

	Job terminated of its own accord at 2026-01-22T15:58:11Z with exit-code 0.
...
