000 (9119164.000.000) 01/22 16:55:40 Job submitted from host: <188.185.6.50:9618?addrs=188.185.6.50-9618+[2001-1458-d00-62--100-2b1]-9618&alias=bigbird25.cern.ch&noUDP&sock=schedd_1627_90ad>
...
040 (9119164.000.000) 01/22 16:58:01 Started transferring input files
	Transferring to host: <188.185.215.10:9618?addrs=188.185.215.10-9618+[2001-1458-303-1e--100-6]-9618&alias=b9p31p1927.cern.ch&noUDP&sock=slot1_39_5255_5f6f_131435>
...
040 (9119164.000.000) 01/22 16:58:01 Finished transferring input files
...
001 (9119164.000.000) 01/22 16:58:02 Job executing on host: <188.185.215.10:9618?addrs=188.185.215.10-9618+[2001-1458-303-1e--100-6]-9618&alias=b9p31p1927.cern.ch&noUDP&sock=startd_4263_a453>
	SlotName: slot1_39@b9p31p1927.cern.ch
	CondorScratchDir = "/pool/condor/dir_365416"
	Cpus = 1
	Disk = 3664
	GPUs = 0
	Memory = 3000
...
006 (9119164.000.000) 01/22 16:58:15 Image size of job updated: 21864
	22  -  MemoryUsage of job (MB)
	21864  -  ResidentSetSize of job (KB)
...
006 (9119164.000.000) 01/22 16:58:45 Image size of job updated: 166720
	22  -  MemoryUsage of job (MB)
	21864  -  ResidentSetSize of job (KB)
...
040 (9119164.000.000) 01/22 16:58:45 Started transferring output files
...
040 (9119164.000.000) 01/22 16:58:45 Finished transferring output files
...
005 (9119164.000.000) 01/22 16:58:45 Job terminated.
	(1) Normal termination (return value 0)
		Usr 0 00:00:20, Sys 0 00:00:02  -  Run Remote Usage
		Usr 0 00:00:00, Sys 0 00:00:00  -  Run Local Usage
		Usr 0 00:00:20, Sys 0 00:00:02  -  Total Remote Usage
		Usr 0 00:00:00, Sys 0 00:00:00  -  Total Local Usage
	6460  -  Run Bytes Sent By Job
	316  -  Run Bytes Received By Job
	6460  -  Total Bytes Sent By Job
	316  -  Total Bytes Received By Job
	Partitionable Resources :    Usage  Request Allocated 
	   Cpus                 :        0        1         1 
	   Disk (KB)            :       30        1      3664 
	   GPUs                 :                           0 
	   Memory (MB)          :       22     3000      3000 
	   TimeExecute (s)      :       43                    
	   TimeSlotBusy (s)     :       45                    

	Job terminated of its own accord at 2026-01-22T15:58:45Z with exit-code 0.
...
