000 (9119161.000.000) 01/22 16:55:39 Job submitted from host: <188.185.6.50:9618?addrs=188.185.6.50-9618+[2001-1458-d00-62--100-2b1]-9618&alias=bigbird25.cern.ch&noUDP&sock=schedd_1627_90ad>
...
040 (9119161.000.000) 01/22 16:58:00 Started transferring input files
	Transferring to host: <188.185.211.37:9618?addrs=188.185.211.37-9618+[2001-1458-303-16--100-21]-9618&alias=b9p23p0150.cern.ch&noUDP&sock=slot1_26_7296_7122_129739>
...
040 (9119161.000.000) 01/22 16:58:00 Finished transferring input files
...
001 (9119161.000.000) 01/22 16:58:01 Job executing on host: <188.185.211.37:9618?addrs=188.185.211.37-9618+[2001-1458-303-16--100-21]-9618&alias=b9p23p0150.cern.ch&noUDP&sock=startd_6823_96c6>
	SlotName: slot1_26@b9p23p0150.cern.ch
	CondorScratchDir = "/pool/condor/dir_342877"
	Cpus = 1
	Disk = 3869
	GPUs = 0
	Memory = 3000
...
006 (9119161.000.000) 01/22 16:58:13 Image size of job updated: 123976
	0  -  MemoryUsage of job (MB)
	0  -  ResidentSetSize of job (KB)
...
040 (9119161.000.000) 01/22 16:58:13 Started transferring output files
...
040 (9119161.000.000) 01/22 16:58:13 Finished transferring output files
...
005 (9119161.000.000) 01/22 16:58:13 Job terminated.
	(1) Normal termination (return value 0)
		Usr 0 00:00:02, Sys 0 00:00:01  -  Run Remote Usage
		Usr 0 00:00:00, Sys 0 00:00:00  -  Run Local Usage
		Usr 0 00:00:02, Sys 0 00:00:01  -  Total Remote Usage
		Usr 0 00:00:00, Sys 0 00:00:00  -  Total Local Usage
	6012  -  Run Bytes Sent By Job
	323  -  Run Bytes Received By Job
	6012  -  Total Bytes Sent By Job
	323  -  Total Bytes Received By Job
	Partitionable Resources :    Usage  Request Allocated 
	   Cpus                 :        0        1         1 
	   Disk (KB)            :       29        1      3869 
	   GPUs                 :                           0 
	   Memory (MB)          :        0     3000      3000 
	   TimeExecute (s)      :       12                    
	   TimeSlotBusy (s)     :       14                    

	Job terminated of its own accord at 2026-01-22T15:58:13Z with exit-code 0.
...
