000 (9119165.000.000) 01/22 16:55:40 Job submitted from host: <188.185.6.50:9618?addrs=188.185.6.50-9618+[2001-1458-d00-62--100-2b1]-9618&alias=bigbird25.cern.ch&noUDP&sock=schedd_1627_90ad>
...
040 (9119165.000.000) 01/22 16:58:01 Started transferring input files
	Transferring to host: <188.185.212.40:9618?addrs=188.185.212.40-9618+[2001-1458-303-18--100-24]-9618&alias=b9p25p1954.cern.ch&noUDP&sock=slot1_35_8655_faf9_130990>
...
040 (9119165.000.000) 01/22 16:58:01 Finished transferring input files
...
001 (9119165.000.000) 01/22 16:58:02 Job executing on host: <188.185.212.40:9618?addrs=188.185.212.40-9618+[2001-1458-303-18--100-24]-9618&alias=b9p25p1954.cern.ch&noUDP&sock=startd_7346_52ce>
	SlotName: slot1_35@b9p25p1954.cern.ch
	CondorScratchDir = "/pool/condor/dir_423904"
	Cpus = 1
	Disk = 3731
	GPUs = 0
	Memory = 3000
...
006 (9119165.000.000) 01/22 16:58:14 Image size of job updated: 115300
	0  -  MemoryUsage of job (MB)
	0  -  ResidentSetSize of job (KB)
...
040 (9119165.000.000) 01/22 16:58:14 Started transferring output files
...
040 (9119165.000.000) 01/22 16:58:14 Finished transferring output files
...
005 (9119165.000.000) 01/22 16:58:14 Job terminated.
	(1) Normal termination (return value 0)
		Usr 0 00:00:03, Sys 0 00:00:01  -  Run Remote Usage
		Usr 0 00:00:00, Sys 0 00:00:00  -  Run Local Usage
		Usr 0 00:00:03, Sys 0 00:00:01  -  Total Remote Usage
		Usr 0 00:00:00, Sys 0 00:00:00  -  Total Local Usage
	5998  -  Run Bytes Sent By Job
	316  -  Run Bytes Received By Job
	5998  -  Total Bytes Sent By Job
	316  -  Total Bytes Received By Job
	Partitionable Resources :    Usage  Request Allocated 
	   Cpus                 :        0        1         1 
	   Disk (KB)            :       29        1      3731 
	   GPUs                 :                           0 
	   Memory (MB)          :        0     3000      3000 
	   TimeExecute (s)      :       12                    
	   TimeSlotBusy (s)     :       14                    

	Job terminated of its own accord at 2026-01-22T15:58:14Z with exit-code 0.
...
