000 (9119140.000.000) 01/22 16:55:33 Job submitted from host: <188.185.6.50:9618?addrs=188.185.6.50-9618+[2001-1458-d00-62--100-2b1]-9618&alias=bigbird25.cern.ch&noUDP&sock=schedd_1627_90ad>
...
040 (9119140.000.000) 01/22 16:57:52 Started transferring input files
	Transferring to host: <188.185.208.148:9618?addrs=188.185.208.148-9618+[2001-1458-303-10--100-11]-9618&alias=b9p10p4644.cern.ch&noUDP&sock=slot1_44_6050_85af_111116>
...
040 (9119140.000.000) 01/22 16:57:52 Finished transferring input files
...
001 (9119140.000.000) 01/22 16:57:53 Job executing on host: <188.185.208.148:9618?addrs=188.185.208.148-9618+[2001-1458-303-10--100-11]-9618&alias=b9p10p4644.cern.ch&noUDP&sock=startd_5002_88d0>
	SlotName: slot1_44@b9p10p4644.cern.ch
	CondorScratchDir = "/pool/condor/dir_778059"
	Cpus = 1
	Disk = 3731
	GPUs = 0
	Memory = 3000
...
006 (9119140.000.000) 01/22 16:58:06 Image size of job updated: 180220
	176  -  MemoryUsage of job (MB)
	180220  -  ResidentSetSize of job (KB)
...
006 (9119140.000.000) 01/22 17:01:38 Image size of job updated: 412056
	176  -  MemoryUsage of job (MB)
	180220  -  ResidentSetSize of job (KB)
...
040 (9119140.000.000) 01/22 17:01:38 Started transferring output files
...
040 (9119140.000.000) 01/22 17:01:38 Finished transferring output files
...
005 (9119140.000.000) 01/22 17:01:38 Job terminated.
	(1) Normal termination (return value 0)
		Usr 0 00:02:23, Sys 0 00:00:03  -  Run Remote Usage
		Usr 0 00:00:00, Sys 0 00:00:00  -  Run Local Usage
		Usr 0 00:02:23, Sys 0 00:00:03  -  Total Remote Usage
		Usr 0 00:00:00, Sys 0 00:00:00  -  Total Local Usage
	10250  -  Run Bytes Sent By Job
	312  -  Run Bytes Received By Job
	10250  -  Total Bytes Sent By Job
	312  -  Total Bytes Received By Job
	Partitionable Resources :    Usage  Request Allocated 
	   Cpus                 :        0        1         1 
	   Disk (KB)            :       38        1      3731 
	   GPUs                 :                           0 
	   Memory (MB)          :      176     3000      3000 
	   TimeExecute (s)      :      225                    
	   TimeSlotBusy (s)     :      226                    

	Job terminated of its own accord at 2026-01-22T16:01:38Z with exit-code 0.
...
