000 (9119142.000.000) 01/22 16:55:34 Job submitted from host: <188.185.6.50:9618?addrs=188.185.6.50-9618+[2001-1458-d00-62--100-2b1]-9618&alias=bigbird25.cern.ch&noUDP&sock=schedd_1627_90ad>
...
040 (9119142.000.000) 01/22 16:57:54 Started transferring input files
	Transferring to host: <188.185.205.151:9618?addrs=188.185.205.151-9618+[2001-1458-303-a--100-14]-9618&alias=b9p04p6494.cern.ch&noUDP&sock=slot1_36_6728_3c0b_110118>
...
040 (9119142.000.000) 01/22 16:57:54 Finished transferring input files
...
001 (9119142.000.000) 01/22 16:57:55 Job executing on host: <188.185.205.151:9618?addrs=188.185.205.151-9618+[2001-1458-303-a--100-14]-9618&alias=b9p04p6494.cern.ch&noUDP&sock=startd_5646_43ce>
	SlotName: slot1_36@b9p04p6494.cern.ch
	CondorScratchDir = "/pool/condor/dir_1014170"
	Cpus = 1
	Disk = 3616
	GPUs = 0
	Memory = 3000
...
006 (9119142.000.000) 01/22 16:58:08 Image size of job updated: 201436
	197  -  MemoryUsage of job (MB)
	201436  -  ResidentSetSize of job (KB)
...
006 (9119142.000.000) 01/22 16:59:15 Image size of job updated: 305132
	197  -  MemoryUsage of job (MB)
	201436  -  ResidentSetSize of job (KB)
...
040 (9119142.000.000) 01/22 16:59:15 Started transferring output files
...
040 (9119142.000.000) 01/22 16:59:15 Finished transferring output files
...
005 (9119142.000.000) 01/22 16:59:15 Job terminated.
	(1) Normal termination (return value 0)
		Usr 0 00:01:04, Sys 0 00:00:02  -  Run Remote Usage
		Usr 0 00:00:00, Sys 0 00:00:00  -  Run Local Usage
		Usr 0 00:01:04, Sys 0 00:00:02  -  Total Remote Usage
		Usr 0 00:00:00, Sys 0 00:00:00  -  Total Local Usage
	7600  -  Run Bytes Sent By Job
	312  -  Run Bytes Received By Job
	7600  -  Total Bytes Sent By Job
	312  -  Total Bytes Received By Job
	Partitionable Resources :    Usage  Request Allocated 
	   Cpus                 :        0        1         1 
	   Disk (KB)            :       35        1      3616 
	   GPUs                 :                           0 
	   Memory (MB)          :      197     3000      3000 
	   TimeExecute (s)      :       80                    
	   TimeSlotBusy (s)     :       82                    

	Job terminated of its own accord at 2026-01-22T15:59:15Z with exit-code 0.
...
