000 (9119146.000.000) 01/22 16:55:35 Job submitted from host: <188.185.6.50:9618?addrs=188.185.6.50-9618+[2001-1458-d00-62--100-2b1]-9618&alias=bigbird25.cern.ch&noUDP&sock=schedd_1627_90ad>
...
040 (9119146.000.000) 01/22 16:57:55 Started transferring input files
	Transferring to host: <188.185.205.149:9618?addrs=188.185.205.149-9618+[2001-1458-303-a--100-12]-9618&alias=b9p04p3486.cern.ch&noUDP&sock=slot1_6_6092_1d71_111442>
...
040 (9119146.000.000) 01/22 16:57:55 Finished transferring input files
...
001 (9119146.000.000) 01/22 16:57:56 Job executing on host: <188.185.205.149:9618?addrs=188.185.205.149-9618+[2001-1458-303-a--100-12]-9618&alias=b9p04p3486.cern.ch&noUDP&sock=startd_4993_5c76>
	SlotName: slot1_6@b9p04p3486.cern.ch
	CondorScratchDir = "/pool/condor/dir_3768507"
	Cpus = 1
	Disk = 3805
	GPUs = 0
	Memory = 3000
...
006 (9119146.000.000) 01/22 16:58:09 Image size of job updated: 124132
	122  -  MemoryUsage of job (MB)
	124132  -  ResidentSetSize of job (KB)
...
006 (9119146.000.000) 01/22 16:59:28 Image size of job updated: 180192
	122  -  MemoryUsage of job (MB)
	124132  -  ResidentSetSize of job (KB)
...
040 (9119146.000.000) 01/22 16:59:28 Started transferring output files
...
040 (9119146.000.000) 01/22 16:59:28 Finished transferring output files
...
005 (9119146.000.000) 01/22 16:59:28 Job terminated.
	(1) Normal termination (return value 0)
		Usr 0 00:01:06, Sys 0 00:00:03  -  Run Remote Usage
		Usr 0 00:00:00, Sys 0 00:00:00  -  Run Local Usage
		Usr 0 00:01:06, Sys 0 00:00:03  -  Total Remote Usage
		Usr 0 00:00:00, Sys 0 00:00:00  -  Total Local Usage
	7621  -  Run Bytes Sent By Job
	319  -  Run Bytes Received By Job
	7621  -  Total Bytes Sent By Job
	319  -  Total Bytes Received By Job
	Partitionable Resources :    Usage  Request Allocated 
	   Cpus                 :        0        1         1 
	   Disk (KB)            :       33        1      3805 
	   GPUs                 :                           0 
	   Memory (MB)          :      122     3000      3000 
	   TimeExecute (s)      :       92                    
	   TimeSlotBusy (s)     :       94                    

	Job terminated of its own accord at 2026-01-22T15:59:28Z with exit-code 0.
...
