000 (9119143.000.000) 01/22 16:55:34 Job submitted from host: <188.185.6.50:9618?addrs=188.185.6.50-9618+[2001-1458-d00-62--100-2b1]-9618&alias=bigbird25.cern.ch&noUDP&sock=schedd_1627_90ad>
...
040 (9119143.000.000) 01/22 16:57:54 Started transferring input files
	Transferring to host: <188.185.209.216:9618?addrs=188.185.209.216-9618+[2001-1458-303-12--100-55]-9618&alias=b9p12p0546.cern.ch&noUDP&sock=slot1_13_4507_56d0_111772>
...
040 (9119143.000.000) 01/22 16:57:54 Finished transferring input files
...
001 (9119143.000.000) 01/22 16:57:55 Job executing on host: <188.185.209.216:9618?addrs=188.185.209.216-9618+[2001-1458-303-12--100-55]-9618&alias=b9p12p0546.cern.ch&noUDP&sock=startd_3816_097d>
	SlotName: slot1_13@b9p12p0546.cern.ch
	CondorScratchDir = "/pool/condor/dir_3097689"
	Cpus = 1
	Disk = 3828
	GPUs = 0
	Memory = 3000
...
006 (9119143.000.000) 01/22 16:58:08 Image size of job updated: 77684
	0  -  MemoryUsage of job (MB)
	0  -  ResidentSetSize of job (KB)
...
040 (9119143.000.000) 01/22 16:58:08 Started transferring output files
...
040 (9119143.000.000) 01/22 16:58:08 Finished transferring output files
...
005 (9119143.000.000) 01/22 16:58:08 Job terminated.
	(1) Normal termination (return value 0)
		Usr 0 00:00:03, Sys 0 00:00:02  -  Run Remote Usage
		Usr 0 00:00:00, Sys 0 00:00:00  -  Run Local Usage
		Usr 0 00:00:03, Sys 0 00:00:02  -  Total Remote Usage
		Usr 0 00:00:00, Sys 0 00:00:00  -  Total Local Usage
	6004  -  Run Bytes Sent By Job
	312  -  Run Bytes Received By Job
	6004  -  Total Bytes Sent By Job
	312  -  Total Bytes Received By Job
	Partitionable Resources :    Usage  Request Allocated 
	   Cpus                 :        0        1         1 
	   Disk (KB)            :       32        1      3828 
	   GPUs                 :                           0 
	   Memory (MB)          :        0     3000      3000 
	   TimeExecute (s)      :       13                    
	   TimeSlotBusy (s)     :       15                    

	Job terminated of its own accord at 2026-01-22T15:58:08Z with exit-code 0.
...
