000 (9119144.000.000) 01/22 16:55:34 Job submitted from host: <188.185.6.50:9618?addrs=188.185.6.50-9618+[2001-1458-d00-62--100-2b1]-9618&alias=bigbird25.cern.ch&noUDP&sock=schedd_1627_90ad>
...
040 (9119144.000.000) 01/22 16:57:55 Started transferring input files
	Transferring to host: <188.185.204.250:9618?addrs=188.185.204.250-9618+[2001-1458-303-8--100-77]-9618&alias=b9p02p6861.cern.ch&noUDP&sock=slot1_24_6790_eb4d_111042>
...
040 (9119144.000.000) 01/22 16:57:55 Finished transferring input files
...
001 (9119144.000.000) 01/22 16:57:56 Job executing on host: <188.185.204.250:9618?addrs=188.185.204.250-9618+[2001-1458-303-8--100-77]-9618&alias=b9p02p6861.cern.ch&noUDP&sock=startd_5948_6967>
	SlotName: slot1_24@b9p02p6861.cern.ch
	CondorScratchDir = "/pool/condor/dir_332751"
	Cpus = 1
	Disk = 3583
	GPUs = 0
	Memory = 3000
...
006 (9119144.000.000) 01/22 16:58:09 Image size of job updated: 180184
	176  -  MemoryUsage of job (MB)
	180184  -  ResidentSetSize of job (KB)
...
006 (9119144.000.000) 01/22 17:01:28 Image size of job updated: 180196
	176  -  MemoryUsage of job (MB)
	180184  -  ResidentSetSize of job (KB)
...
040 (9119144.000.000) 01/22 17:01:33 Started transferring output files
...
040 (9119144.000.000) 01/22 17:01:33 Finished transferring output files
...
005 (9119144.000.000) 01/22 17:01:33 Job terminated.
	(1) Normal termination (return value 0)
		Usr 0 00:02:49, Sys 0 00:00:03  -  Run Remote Usage
		Usr 0 00:00:00, Sys 0 00:00:00  -  Run Local Usage
		Usr 0 00:02:49, Sys 0 00:00:03  -  Total Remote Usage
		Usr 0 00:00:00, Sys 0 00:00:00  -  Total Local Usage
	10271  -  Run Bytes Sent By Job
	319  -  Run Bytes Received By Job
	10271  -  Total Bytes Sent By Job
	319  -  Total Bytes Received By Job
	Partitionable Resources :    Usage  Request Allocated 
	   Cpus                 :     0.08        1         1 
	   Disk (KB)            :    37           1      3583 
	   GPUs                 :                           0 
	   Memory (MB)          :   176        3000      3000 
	   TimeExecute (s)      :   212                       
	   TimeSlotBusy (s)     :   219                       

	Job terminated of its own accord at 2026-01-22T16:01:28Z with exit-code 0.
...
