000 (9119145.000.000) 01/22 16:55:35 Job submitted from host: <188.185.6.50:9618?addrs=188.185.6.50-9618+[2001-1458-d00-62--100-2b1]-9618&alias=bigbird25.cern.ch&noUDP&sock=schedd_1627_90ad>
...
040 (9119145.000.000) 01/22 16:57:55 Started transferring input files
	Transferring to host: <188.185.205.207:9618?addrs=188.185.205.207-9618+[2001-1458-303-a--100-4c]-9618&alias=b9p04p5778.cern.ch&noUDP&sock=slot1_10_4052_c01e_109864>
...
040 (9119145.000.000) 01/22 16:57:55 Finished transferring input files
...
001 (9119145.000.000) 01/22 16:57:56 Job executing on host: <188.185.205.207:9618?addrs=188.185.205.207-9618+[2001-1458-303-a--100-4c]-9618&alias=b9p04p5778.cern.ch&noUDP&sock=startd_3600_e108>
	SlotName: slot1_10@b9p04p5778.cern.ch
	CondorScratchDir = "/pool/condor/dir_174452"
	Cpus = 1
	Disk = 3775
	GPUs = 0
	Memory = 3000
...
006 (9119145.000.000) 01/22 16:58:09 Image size of job updated: 149060
	146  -  MemoryUsage of job (MB)
	149060  -  ResidentSetSize of job (KB)
...
006 (9119145.000.000) 01/22 17:02:15 Image size of job updated: 180168
	146  -  MemoryUsage of job (MB)
	149104  -  ResidentSetSize of job (KB)
...
040 (9119145.000.000) 01/22 17:02:15 Started transferring output files
...
040 (9119145.000.000) 01/22 17:02:15 Finished transferring output files
...
005 (9119145.000.000) 01/22 17:02:15 Job terminated.
	(1) Normal termination (return value 0)
		Usr 0 00:02:51, Sys 0 00:00:04  -  Run Remote Usage
		Usr 0 00:00:00, Sys 0 00:00:00  -  Run Local Usage
		Usr 0 00:02:51, Sys 0 00:00:04  -  Total Remote Usage
		Usr 0 00:00:00, Sys 0 00:00:00  -  Total Local Usage
	10393  -  Run Bytes Sent By Job
	319  -  Run Bytes Received By Job
	10393  -  Total Bytes Sent By Job
	319  -  Total Bytes Received By Job
	Partitionable Resources :    Usage  Request Allocated 
	   Cpus                 :     0.94        1         1 
	   Disk (KB)            :    36           1      3775 
	   GPUs                 :                           0 
	   Memory (MB)          :   146        3000      3000 
	   TimeExecute (s)      :   259                       
	   TimeSlotBusy (s)     :   261                       

	Job terminated of its own accord at 2026-01-22T16:02:15Z with exit-code 0.
...
