000 (9119147.000.000) 01/22 16:55:35 Job submitted from host: <188.185.6.50:9618?addrs=188.185.6.50-9618+[2001-1458-d00-62--100-2b1]-9618&alias=bigbird25.cern.ch&noUDP&sock=schedd_1627_90ad>
...
040 (9119147.000.000) 01/22 16:57:56 Started transferring input files
	Transferring to host: <188.185.209.57:9618?addrs=188.185.209.57-9618+[2001-1458-303-11--100-36]-9618&alias=b9p11p1058.cern.ch&noUDP&sock=slot1_6_4244_0826_107631>
...
040 (9119147.000.000) 01/22 16:57:56 Finished transferring input files
...
001 (9119147.000.000) 01/22 16:57:57 Job executing on host: <188.185.209.57:9618?addrs=188.185.209.57-9618+[2001-1458-303-11--100-36]-9618&alias=b9p11p1058.cern.ch&noUDP&sock=startd_3612_1c2b>
	SlotName: slot1_6@b9p11p1058.cern.ch
	CondorScratchDir = "/pool/condor/dir_2293712"
	Cpus = 1
	Disk = 3659
	GPUs = 0
	Memory = 3000
...
006 (9119147.000.000) 01/22 16:58:10 Image size of job updated: 154204
	151  -  MemoryUsage of job (MB)
	154204  -  ResidentSetSize of job (KB)
...
040 (9119147.000.000) 01/22 16:58:10 Started transferring output files
...
040 (9119147.000.000) 01/22 16:58:10 Finished transferring output files
...
005 (9119147.000.000) 01/22 16:58:10 Job terminated.
	(1) Normal termination (return value 0)
		Usr 0 00:00:03, Sys 0 00:00:02  -  Run Remote Usage
		Usr 0 00:00:00, Sys 0 00:00:00  -  Run Local Usage
		Usr 0 00:00:03, Sys 0 00:00:02  -  Total Remote Usage
		Usr 0 00:00:00, Sys 0 00:00:00  -  Total Local Usage
	6018  -  Run Bytes Sent By Job
	319  -  Run Bytes Received By Job
	6018  -  Total Bytes Sent By Job
	319  -  Total Bytes Received By Job
	Partitionable Resources :    Usage  Request Allocated 
	   Cpus                 :        0        1         1 
	   Disk (KB)            :       33        1      3659 
	   GPUs                 :                           0 
	   Memory (MB)          :      151     3000      3000 
	   TimeExecute (s)      :       13                    
	   TimeSlotBusy (s)     :       15                    

	Job terminated of its own accord at 2026-01-22T15:58:10Z with exit-code 0.
...
