000 (9119138.000.000) 01/22 16:55:32 Job submitted from host: <188.185.6.50:9618?addrs=188.185.6.50-9618+[2001-1458-d00-62--100-2b1]-9618&alias=bigbird25.cern.ch&noUDP&sock=schedd_1627_90ad>
...
040 (9119138.000.000) 01/22 16:58:01 Started transferring input files
	Transferring to host: <188.185.208.52:9618?addrs=188.185.208.52-9618+[2001-1458-303-f--100-31]-9618&alias=b9p09p4575.cern.ch&noUDP&sock=slot1_24_4493_7990_109695>
...
040 (9119138.000.000) 01/22 16:58:01 Finished transferring input files
...
001 (9119138.000.000) 01/22 16:58:02 Job executing on host: <188.185.208.52:9618?addrs=188.185.208.52-9618+[2001-1458-303-f--100-31]-9618&alias=b9p09p4575.cern.ch&noUDP&sock=startd_3745_5644>
	SlotName: slot1_24@b9p09p4575.cern.ch
	CondorScratchDir = "/pool/condor/dir_43768"
	Cpus = 1
	Disk = 3722
	GPUs = 0
	Memory = 3000
...
006 (9119138.000.000) 01/22 16:58:15 Image size of job updated: 168216
	165  -  MemoryUsage of job (MB)
	168216  -  ResidentSetSize of job (KB)
...
006 (9119138.000.000) 01/22 16:58:20 Image size of job updated: 168560
	165  -  MemoryUsage of job (MB)
	168216  -  ResidentSetSize of job (KB)
...
040 (9119138.000.000) 01/22 16:58:20 Started transferring output files
...
040 (9119138.000.000) 01/22 16:58:20 Finished transferring output files
...
005 (9119138.000.000) 01/22 16:58:20 Job terminated.
	(1) Normal termination (return value 0)
		Usr 0 00:00:07, Sys 0 00:00:02  -  Run Remote Usage
		Usr 0 00:00:00, Sys 0 00:00:00  -  Run Local Usage
		Usr 0 00:00:07, Sys 0 00:00:02  -  Total Remote Usage
		Usr 0 00:00:00, Sys 0 00:00:00  -  Total Local Usage
	6261  -  Run Bytes Sent By Job
	313  -  Run Bytes Received By Job
	6261  -  Total Bytes Sent By Job
	313  -  Total Bytes Received By Job
	Partitionable Resources :    Usage  Request Allocated 
	   Cpus                 :        0        1         1 
	   Disk (KB)            :       33        1      3722 
	   GPUs                 :                           0 
	   Memory (MB)          :      165     3000      3000 
	   TimeExecute (s)      :       18                    
	   TimeSlotBusy (s)     :       20                    

	Job terminated of its own accord at 2026-01-22T15:58:20Z with exit-code 0.
...
