000 (9119139.000.000) 01/22 16:55:33 Job submitted from host: <188.185.6.50:9618?addrs=188.185.6.50-9618+[2001-1458-d00-62--100-2b1]-9618&alias=bigbird25.cern.ch&noUDP&sock=schedd_1627_90ad>
...
040 (9119139.000.000) 01/22 16:57:53 Started transferring input files
	Transferring to host: <188.185.207.44:9618?addrs=188.185.207.44-9618+[2001-1458-303-d--100-29]-9618&alias=b9p07p9435.cern.ch&noUDP&sock=slot1_27_4907_2ce1_113736>
...
040 (9119139.000.000) 01/22 16:57:53 Finished transferring input files
...
001 (9119139.000.000) 01/22 16:57:54 Job executing on host: <188.185.207.44:9618?addrs=188.185.207.44-9618+[2001-1458-303-d--100-29]-9618&alias=b9p07p9435.cern.ch&noUDP&sock=startd_4091_aa09>
	SlotName: slot1_27@b9p07p9435.cern.ch
	CondorScratchDir = "/pool/condor/dir_1940850"
	Cpus = 1
	Disk = 3655
	GPUs = 0
	Memory = 3000
...
006 (9119139.000.000) 01/22 16:58:05 Image size of job updated: 132148
	0  -  MemoryUsage of job (MB)
	0  -  ResidentSetSize of job (KB)
...
040 (9119139.000.000) 01/22 16:58:05 Started transferring output files
...
040 (9119139.000.000) 01/22 16:58:05 Finished transferring output files
...
005 (9119139.000.000) 01/22 16:58:05 Job terminated.
	(1) Normal termination (return value 0)
		Usr 0 00:00:02, Sys 0 00:00:01  -  Run Remote Usage
		Usr 0 00:00:00, Sys 0 00:00:00  -  Run Local Usage
		Usr 0 00:00:02, Sys 0 00:00:01  -  Total Remote Usage
		Usr 0 00:00:00, Sys 0 00:00:00  -  Total Local Usage
	5992  -  Run Bytes Sent By Job
	313  -  Run Bytes Received By Job
	5992  -  Total Bytes Sent By Job
	313  -  Total Bytes Received By Job
	Partitionable Resources :    Usage  Request Allocated 
	   Cpus                 :        0        1         1 
	   Disk (KB)            :       32        1      3655 
	   GPUs                 :                           0 
	   Memory (MB)          :        0     3000      3000 
	   TimeExecute (s)      :       11                    
	   TimeSlotBusy (s)     :       13                    

	Job terminated of its own accord at 2026-01-22T15:58:05Z with exit-code 0.
...
