000 (9119149.000.000) 01/22 16:55:36 Job submitted from host: <188.185.6.50:9618?addrs=188.185.6.50-9618+[2001-1458-d00-62--100-2b1]-9618&alias=bigbird25.cern.ch&noUDP&sock=schedd_1627_90ad>
...
040 (9119149.000.000) 01/22 16:57:56 Started transferring input files
	Transferring to host: <188.185.206.191:9618?addrs=188.185.206.191-9618+[2001-1458-303-c--100-3c]-9618&alias=b9p06p9541.cern.ch&noUDP&sock=slot1_30_4074_405f_113022>
...
040 (9119149.000.000) 01/22 16:57:56 Finished transferring input files
...
001 (9119149.000.000) 01/22 16:57:57 Job executing on host: <188.185.206.191:9618?addrs=188.185.206.191-9618+[2001-1458-303-c--100-3c]-9618&alias=b9p06p9541.cern.ch&noUDP&sock=startd_3610_bcfb>
	SlotName: slot1_30@b9p06p9541.cern.ch
	CondorScratchDir = "/pool/condor/dir_1974692"
	Cpus = 1
	Disk = 3763
	GPUs = 0
	Memory = 3000
...
006 (9119149.000.000) 01/22 16:58:10 Image size of job updated: 67112
	66  -  MemoryUsage of job (MB)
	67112  -  ResidentSetSize of job (KB)
...
006 (9119149.000.000) 01/22 16:58:15 Image size of job updated: 124308
	66  -  MemoryUsage of job (MB)
	67160  -  ResidentSetSize of job (KB)
...
040 (9119149.000.000) 01/22 16:58:15 Started transferring output files
...
040 (9119149.000.000) 01/22 16:58:15 Finished transferring output files
...
005 (9119149.000.000) 01/22 16:58:15 Job terminated.
	(1) Normal termination (return value 0)
		Usr 0 00:00:03, Sys 0 00:00:02  -  Run Remote Usage
		Usr 0 00:00:00, Sys 0 00:00:00  -  Run Local Usage
		Usr 0 00:00:03, Sys 0 00:00:02  -  Total Remote Usage
		Usr 0 00:00:00, Sys 0 00:00:00  -  Total Local Usage
	5990  -  Run Bytes Sent By Job
	312  -  Run Bytes Received By Job
	5990  -  Total Bytes Sent By Job
	312  -  Total Bytes Received By Job
	Partitionable Resources :    Usage  Request Allocated 
	   Cpus                 :        0        1         1 
	   Disk (KB)            :       32        1      3763 
	   GPUs                 :                           0 
	   Memory (MB)          :       66     3000      3000 
	   TimeExecute (s)      :       18                    
	   TimeSlotBusy (s)     :       20                    

	Job terminated of its own accord at 2026-01-22T15:58:15Z with exit-code 0.
...
