000 (9119148.000.000) 01/22 16:55:35 Job submitted from host: <188.185.6.50:9618?addrs=188.185.6.50-9618+[2001-1458-d00-62--100-2b1]-9618&alias=bigbird25.cern.ch&noUDP&sock=schedd_1627_90ad>
...
040 (9119148.000.000) 01/22 16:58:02 Started transferring input files
	Transferring to host: <188.185.204.240:9618?addrs=188.185.204.240-9618+[2001-1458-303-8--100-6d]-9618&alias=b9p02p3606.cern.ch&noUDP&sock=slot1_20_5863_c387_112900>
...
040 (9119148.000.000) 01/22 16:58:02 Finished transferring input files
...
001 (9119148.000.000) 01/22 16:58:03 Job executing on host: <188.185.204.240:9618?addrs=188.185.204.240-9618+[2001-1458-303-8--100-6d]-9618&alias=b9p02p3606.cern.ch&noUDP&sock=startd_4763_99ad>
	SlotName: slot1_20@b9p02p3606.cern.ch
	CondorScratchDir = "/pool/condor/dir_1813834"
	Cpus = 1
	Disk = 3716
	GPUs = 0
	Memory = 3000
...
006 (9119148.000.000) 01/22 16:58:17 Image size of job updated: 135320
	133  -  MemoryUsage of job (MB)
	135320  -  ResidentSetSize of job (KB)
...
006 (9119148.000.000) 01/22 16:58:42 Image size of job updated: 263952
	133  -  MemoryUsage of job (MB)
	135352  -  ResidentSetSize of job (KB)
...
040 (9119148.000.000) 01/22 16:58:42 Started transferring output files
...
040 (9119148.000.000) 01/22 16:58:42 Finished transferring output files
...
005 (9119148.000.000) 01/22 16:58:42 Job terminated.
	(1) Normal termination (return value 0)
		Usr 0 00:00:25, Sys 0 00:00:02  -  Run Remote Usage
		Usr 0 00:00:00, Sys 0 00:00:00  -  Run Local Usage
		Usr 0 00:00:25, Sys 0 00:00:02  -  Total Remote Usage
		Usr 0 00:00:00, Sys 0 00:00:00  -  Total Local Usage
	6615  -  Run Bytes Sent By Job
	312  -  Run Bytes Received By Job
	6615  -  Total Bytes Sent By Job
	312  -  Total Bytes Received By Job
	Partitionable Resources :    Usage  Request Allocated 
	   Cpus                 :        0        1         1 
	   Disk (KB)            :       33        1      3716 
	   GPUs                 :                           0 
	   Memory (MB)          :      133     3000      3000 
	   TimeExecute (s)      :       39                    
	   TimeSlotBusy (s)     :       41                    

	Job terminated of its own accord at 2026-01-22T15:58:42Z with exit-code 0.
...
