000 (9119150.000.000) 01/22 16:55:36 Job submitted from host: <188.185.6.50:9618?addrs=188.185.6.50-9618+[2001-1458-d00-62--100-2b1]-9618&alias=bigbird25.cern.ch&noUDP&sock=schedd_1627_90ad>
...
040 (9119150.000.000) 01/22 16:58:02 Started transferring input files
	Transferring to host: <188.185.207.23:9618?addrs=188.185.207.23-9618+[2001-1458-303-d--100-14]-9618&alias=b9p07p4705.cern.ch&noUDP&sock=slot1_21_391989_761d_41589>
...
040 (9119150.000.000) 01/22 16:58:02 Finished transferring input files
...
001 (9119150.000.000) 01/22 16:58:03 Job executing on host: <188.185.207.23:9618?addrs=188.185.207.23-9618+[2001-1458-303-d--100-14]-9618&alias=b9p07p4705.cern.ch&noUDP&sock=startd_390285_a03f>
	SlotName: slot1_21@b9p07p4705.cern.ch
	CondorScratchDir = "/pool/condor/dir_388972"
	Cpus = 1
	Disk = 3524
	GPUs = 0
	Memory = 3000
...
006 (9119150.000.000) 01/22 16:58:17 Image size of job updated: 173236
	170  -  MemoryUsage of job (MB)
	173236  -  ResidentSetSize of job (KB)
...
006 (9119150.000.000) 01/22 16:59:25 Image size of job updated: 173592
	170  -  MemoryUsage of job (MB)
	173236  -  ResidentSetSize of job (KB)
...
040 (9119150.000.000) 01/22 16:59:25 Started transferring output files
...
040 (9119150.000.000) 01/22 16:59:25 Finished transferring output files
...
005 (9119150.000.000) 01/22 16:59:25 Job terminated.
	(1) Normal termination (return value 0)
		Usr 0 00:00:57, Sys 0 00:00:01  -  Run Remote Usage
		Usr 0 00:00:00, Sys 0 00:00:00  -  Run Local Usage
		Usr 0 00:00:57, Sys 0 00:00:01  -  Total Remote Usage
		Usr 0 00:00:00, Sys 0 00:00:00  -  Total Local Usage
	7372  -  Run Bytes Sent By Job
	311  -  Run Bytes Received By Job
	7372  -  Total Bytes Sent By Job
	311  -  Total Bytes Received By Job
	Partitionable Resources :    Usage  Request Allocated 
	   Cpus                 :        0        1         1 
	   Disk (KB)            :       35        1      3524 
	   GPUs                 :                           0 
	   Memory (MB)          :      170     3000      3000 
	   TimeExecute (s)      :       82                    
	   TimeSlotBusy (s)     :       84                    

	Job terminated of its own accord at 2026-01-22T15:59:25Z with exit-code 0.
...
