000 (9119152.000.000) 01/22 16:55:36 Job submitted from host: <188.185.6.50:9618?addrs=188.185.6.50-9618+[2001-1458-d00-62--100-2b1]-9618&alias=bigbird25.cern.ch&noUDP&sock=schedd_1627_90ad>
...
040 (9119152.000.000) 01/22 16:57:57 Started transferring input files
	Transferring to host: <188.185.205.141:9618?addrs=188.185.205.141-9618+[2001-1458-303-a--100-a]-9618&alias=b9p04p2171.cern.ch&noUDP&sock=slot1_44_6027_510e_109946>
...
040 (9119152.000.000) 01/22 16:57:57 Finished transferring input files
...
001 (9119152.000.000) 01/22 16:57:58 Job executing on host: <188.185.205.141:9618?addrs=188.185.205.141-9618+[2001-1458-303-a--100-a]-9618&alias=b9p04p2171.cern.ch&noUDP&sock=startd_4963_c89e>
	SlotName: slot1_44@b9p04p2171.cern.ch
	CondorScratchDir = "/pool/condor/dir_916943"
	Cpus = 1
	Disk = 3770
	GPUs = 0
	Memory = 3000
...
006 (9119152.000.000) 01/22 16:58:11 Image size of job updated: 129528
	127  -  MemoryUsage of job (MB)
	129528  -  ResidentSetSize of job (KB)
...
006 (9119152.000.000) 01/22 16:58:30 Image size of job updated: 166632
	127  -  MemoryUsage of job (MB)
	129528  -  ResidentSetSize of job (KB)
...
040 (9119152.000.000) 01/22 16:58:30 Started transferring output files
...
040 (9119152.000.000) 01/22 16:58:30 Finished transferring output files
...
005 (9119152.000.000) 01/22 16:58:30 Job terminated.
	(1) Normal termination (return value 0)
		Usr 0 00:00:19, Sys 0 00:00:02  -  Run Remote Usage
		Usr 0 00:00:00, Sys 0 00:00:00  -  Run Local Usage
		Usr 0 00:00:19, Sys 0 00:00:02  -  Total Remote Usage
		Usr 0 00:00:00, Sys 0 00:00:00  -  Total Local Usage
	6445  -  Run Bytes Sent By Job
	311  -  Run Bytes Received By Job
	6445  -  Total Bytes Sent By Job
	311  -  Total Bytes Received By Job
	Partitionable Resources :    Usage  Request Allocated 
	   Cpus                 :        0        1         1 
	   Disk (KB)            :       35        1      3770 
	   GPUs                 :                           0 
	   Memory (MB)          :      127     3000      3000 
	   TimeExecute (s)      :       32                    
	   TimeSlotBusy (s)     :       34                    

	Job terminated of its own accord at 2026-01-22T15:58:30Z with exit-code 0.
...
