000 (9119153.000.000) 01/22 16:55:37 Job submitted from host: <188.185.6.50:9618?addrs=188.185.6.50-9618+[2001-1458-d00-62--100-2b1]-9618&alias=bigbird25.cern.ch&noUDP&sock=schedd_1627_90ad>
...
040 (9119153.000.000) 01/22 16:57:57 Started transferring input files
	Transferring to host: <188.185.209.69:9618?addrs=188.185.209.69-9618+[2001-1458-303-11--100-42]-9618&alias=b9p11p5306.cern.ch&noUDP&sock=slot1_26_9265_c7d2_112128>
...
040 (9119153.000.000) 01/22 16:57:57 Finished transferring input files
...
001 (9119153.000.000) 01/22 16:57:58 Job executing on host: <188.185.209.69:9618?addrs=188.185.209.69-9618+[2001-1458-303-11--100-42]-9618&alias=b9p11p5306.cern.ch&noUDP&sock=startd_8034_3bf6>
	SlotName: slot1_26@b9p11p5306.cern.ch
	CondorScratchDir = "/pool/condor/dir_2573283"
	Cpus = 1
	Disk = 3656
	GPUs = 0
	Memory = 3000
...
006 (9119153.000.000) 01/22 16:58:10 Image size of job updated: 96600
	0  -  MemoryUsage of job (MB)
	0  -  ResidentSetSize of job (KB)
...
040 (9119153.000.000) 01/22 16:58:10 Started transferring output files
...
040 (9119153.000.000) 01/22 16:58:11 Finished transferring output files
...
005 (9119153.000.000) 01/22 16:58:11 Job terminated.
	(1) Normal termination (return value 0)
		Usr 0 00:00:03, Sys 0 00:00:01  -  Run Remote Usage
		Usr 0 00:00:00, Sys 0 00:00:00  -  Run Local Usage
		Usr 0 00:00:03, Sys 0 00:00:01  -  Total Remote Usage
		Usr 0 00:00:00, Sys 0 00:00:00  -  Total Local Usage
	5988  -  Run Bytes Sent By Job
	311  -  Run Bytes Received By Job
	5988  -  Total Bytes Sent By Job
	311  -  Total Bytes Received By Job
	Partitionable Resources :    Usage  Request Allocated 
	   Cpus                 :        0        1         1 
	   Disk (KB)            :       33        1      3656 
	   GPUs                 :                           0 
	   Memory (MB)          :        0     3000      3000 
	   TimeExecute (s)      :       12                    
	   TimeSlotBusy (s)     :       15                    

	Job terminated of its own accord at 2026-01-22T15:58:10Z with exit-code 0.
...
