000 (9119151.000.000) 01/22 16:55:36 Job submitted from host: <188.185.6.50:9618?addrs=188.185.6.50-9618+[2001-1458-d00-62--100-2b1]-9618&alias=bigbird25.cern.ch&noUDP&sock=schedd_1627_90ad>
...
040 (9119151.000.000) 01/22 16:57:56 Started transferring input files
	Transferring to host: <188.185.210.188:9618?addrs=188.185.210.188-9618+[2001-1458-303-15--100-38]-9618&alias=b9p22p8460.cern.ch&noUDP&sock=slot1_32_7047_ffb8_155531>
...
040 (9119151.000.000) 01/22 16:57:56 Finished transferring input files
...
001 (9119151.000.000) 01/22 16:57:57 Job executing on host: <188.185.210.188:9618?addrs=188.185.210.188-9618+[2001-1458-303-15--100-38]-9618&alias=b9p22p8460.cern.ch&noUDP&sock=startd_6221_aac2>
	SlotName: slot1_32@b9p22p8460.cern.ch
	CondorScratchDir = "/pool/condor/dir_1095911"
	Cpus = 1
	Disk = 3856
	GPUs = 0
	Memory = 3000
...
006 (9119151.000.000) 01/22 16:58:07 Image size of job updated: 154292
	0  -  MemoryUsage of job (MB)
	0  -  ResidentSetSize of job (KB)
...
040 (9119151.000.000) 01/22 16:58:07 Started transferring output files
...
040 (9119151.000.000) 01/22 16:58:07 Finished transferring output files
...
005 (9119151.000.000) 01/22 16:58:07 Job terminated.
	(1) Normal termination (return value 0)
		Usr 0 00:00:02, Sys 0 00:00:01  -  Run Remote Usage
		Usr 0 00:00:00, Sys 0 00:00:00  -  Run Local Usage
		Usr 0 00:00:02, Sys 0 00:00:01  -  Total Remote Usage
		Usr 0 00:00:00, Sys 0 00:00:00  -  Total Local Usage
	5988  -  Run Bytes Sent By Job
	311  -  Run Bytes Received By Job
	5988  -  Total Bytes Sent By Job
	311  -  Total Bytes Received By Job
	Partitionable Resources :    Usage  Request Allocated 
	   Cpus                 :        0        1         1 
	   Disk (KB)            :       29        1      3856 
	   GPUs                 :                           0 
	   Memory (MB)          :        0     3000      3000 
	   TimeExecute (s)      :       10                    
	   TimeSlotBusy (s)     :       12                    

	Job terminated of its own accord at 2026-01-22T15:58:07Z with exit-code 0.
...
