000 (9119157.000.000) 01/22 16:55:38 Job submitted from host: <188.185.6.50:9618?addrs=188.185.6.50-9618+[2001-1458-d00-62--100-2b1]-9618&alias=bigbird25.cern.ch&noUDP&sock=schedd_1627_90ad>
...
040 (9119157.000.000) 01/22 16:57:58 Started transferring input files
	Transferring to host: <188.185.212.169:9618?addrs=188.185.212.169-9618+[2001-1458-303-19--100-25]-9618&alias=b9p26p8946.cern.ch&noUDP&sock=slot1_23_6748_538b_135308>
...
040 (9119157.000.000) 01/22 16:57:58 Finished transferring input files
...
001 (9119157.000.000) 01/22 16:57:59 Job executing on host: <188.185.212.169:9618?addrs=188.185.212.169-9618+[2001-1458-303-19--100-25]-9618&alias=b9p26p8946.cern.ch&noUDP&sock=startd_5875_56fe>
	SlotName: slot1_23@b9p26p8946.cern.ch
	CondorScratchDir = "/pool/condor/dir_1008480"
	Cpus = 1
	Disk = 3761
	GPUs = 0
	Memory = 3000
...
006 (9119157.000.000) 01/22 16:58:13 Image size of job updated: 135708
	133  -  MemoryUsage of job (MB)
	135708  -  ResidentSetSize of job (KB)
...
006 (9119157.000.000) 01/22 16:58:15 Image size of job updated: 154188
	133  -  MemoryUsage of job (MB)
	135708  -  ResidentSetSize of job (KB)
...
040 (9119157.000.000) 01/22 16:58:15 Started transferring output files
...
040 (9119157.000.000) 01/22 16:58:15 Finished transferring output files
...
005 (9119157.000.000) 01/22 16:58:15 Job terminated.
	(1) Normal termination (return value 0)
		Usr 0 00:00:03, Sys 0 00:00:01  -  Run Remote Usage
		Usr 0 00:00:00, Sys 0 00:00:00  -  Run Local Usage
		Usr 0 00:00:03, Sys 0 00:00:01  -  Total Remote Usage
		Usr 0 00:00:00, Sys 0 00:00:00  -  Total Local Usage
	5988  -  Run Bytes Sent By Job
	311  -  Run Bytes Received By Job
	5988  -  Total Bytes Sent By Job
	311  -  Total Bytes Received By Job
	Partitionable Resources :    Usage  Request Allocated 
	   Cpus                 :        0        1         1 
	   Disk (KB)            :       29        1      3761 
	   GPUs                 :                           0 
	   Memory (MB)          :      133     3000      3000 
	   TimeExecute (s)      :       16                    
	   TimeSlotBusy (s)     :       18                    

	Job terminated of its own accord at 2026-01-22T15:58:15Z with exit-code 0.
...
