000 (9119156.000.000) 01/22 16:55:38 Job submitted from host: <188.185.6.50:9618?addrs=188.185.6.50-9618+[2001-1458-d00-62--100-2b1]-9618&alias=bigbird25.cern.ch&noUDP&sock=schedd_1627_90ad>
...
040 (9119156.000.000) 01/22 16:57:58 Started transferring input files
	Transferring to host: <188.185.215.88:9618?addrs=188.185.215.88-9618+[2001-1458-303-1e--100-54]-9618&alias=b9p31p9012.cern.ch&noUDP&sock=slot1_31_3425403_0a36_51619>
...
040 (9119156.000.000) 01/22 16:57:58 Finished transferring input files
...
001 (9119156.000.000) 01/22 16:57:59 Job executing on host: <188.185.215.88:9618?addrs=188.185.215.88-9618+[2001-1458-303-1e--100-54]-9618&alias=b9p31p9012.cern.ch&noUDP&sock=startd_3424848_7099>
	SlotName: slot1_31@b9p31p9012.cern.ch
	CondorScratchDir = "/pool/condor/dir_2409665"
	Cpus = 1
	Disk = 3767
	GPUs = 0
	Memory = 3000
...
006 (9119156.000.000) 01/22 16:58:13 Image size of job updated: 173292
	170  -  MemoryUsage of job (MB)
	173292  -  ResidentSetSize of job (KB)
...
006 (9119156.000.000) 01/22 16:59:39 Image size of job updated: 250472
	170  -  MemoryUsage of job (MB)
	173292  -  ResidentSetSize of job (KB)
...
040 (9119156.000.000) 01/22 16:59:39 Started transferring output files
...
040 (9119156.000.000) 01/22 16:59:39 Finished transferring output files
...
005 (9119156.000.000) 01/22 16:59:39 Job terminated.
	(1) Normal termination (return value 0)
		Usr 0 00:01:09, Sys 0 00:00:02  -  Run Remote Usage
		Usr 0 00:00:00, Sys 0 00:00:00  -  Run Local Usage
		Usr 0 00:01:09, Sys 0 00:00:02  -  Total Remote Usage
		Usr 0 00:00:00, Sys 0 00:00:00  -  Total Local Usage
	7532  -  Run Bytes Sent By Job
	311  -  Run Bytes Received By Job
	7532  -  Total Bytes Sent By Job
	311  -  Total Bytes Received By Job
	Partitionable Resources :    Usage  Request Allocated 
	   Cpus                 :        0        1         1 
	   Disk (KB)            :       31        1      3767 
	   GPUs                 :                           0 
	   Memory (MB)          :      170     3000      3000 
	   TimeExecute (s)      :      100                    
	   TimeSlotBusy (s)     :      102                    

	Job terminated of its own accord at 2026-01-22T15:59:39Z with exit-code 0.
...
