000 (9119916.000.000) 01/22 18:58:05 Job submitted from host: <188.185.6.50:9618?addrs=188.185.6.50-9618+[2001-1458-d00-62--100-2b1]-9618&alias=bigbird25.cern.ch&noUDP&sock=schedd_1627_90ad>
...
040 (9119916.000.000) 01/22 19:08:35 Started transferring input files
	Transferring to host: <188.185.196.73:9618?addrs=188.185.196.73-9618+[2001-1458-303-23--100-45]-9618&alias=b9p16p7369.cern.ch&noUDP&sock=slot1_6_5221_6aad_118856>
...
040 (9119916.000.000) 01/22 19:08:35 Finished transferring input files
...
001 (9119916.000.000) 01/22 19:08:36 Job executing on host: <188.185.196.73:9618?addrs=188.185.196.73-9618+[2001-1458-303-23--100-45]-9618&alias=b9p16p7369.cern.ch&noUDP&sock=startd_4075_b085>
	SlotName: slot1_6@b9p16p7369.cern.ch
	CondorScratchDir = "/pool/condor/dir_1542304"
	Cpus = 1
	Disk = 3879
	GPUs = 0
	Memory = 3000
...
006 (9119916.000.000) 01/22 19:08:49 Image size of job updated: 124020
	122  -  MemoryUsage of job (MB)
	124020  -  ResidentSetSize of job (KB)
...
006 (9119916.000.000) 01/22 19:13:13 Image size of job updated: 445124
	122  -  MemoryUsage of job (MB)
	124028  -  ResidentSetSize of job (KB)
...
040 (9119916.000.000) 01/22 19:13:13 Started transferring output files
...
040 (9119916.000.000) 01/22 19:13:13 Finished transferring output files
...
005 (9119916.000.000) 01/22 19:13:13 Job terminated.
	(1) Normal termination (return value 0)
		Usr 0 00:03:49, Sys 0 00:00:04  -  Run Remote Usage
		Usr 0 00:00:00, Sys 0 00:00:00  -  Run Local Usage
		Usr 0 00:03:49, Sys 0 00:00:04  -  Total Remote Usage
		Usr 0 00:00:00, Sys 0 00:00:00  -  Total Local Usage
	9717  -  Run Bytes Sent By Job
	319  -  Run Bytes Received By Job
	9717  -  Total Bytes Sent By Job
	319  -  Total Bytes Received By Job
	Partitionable Resources :    Usage  Request Allocated 
	   Cpus                 :     0.92        1         1 
	   Disk (KB)            :    33           1      3879 
	   GPUs                 :                           0 
	   Memory (MB)          :   122        3000      3000 
	   TimeExecute (s)      :   277                       
	   TimeSlotBusy (s)     :   283                       

	Job terminated of its own accord at 2026-01-22T18:13:13Z with exit-code 0.
...
