000 (9119913.000.000) 01/22 18:58:04 Job submitted from host: <188.185.6.50:9618?addrs=188.185.6.50-9618+[2001-1458-d00-62--100-2b1]-9618&alias=bigbird25.cern.ch&noUDP&sock=schedd_1627_90ad>
...
040 (9119913.000.000) 01/22 19:08:26 Started transferring input files
	Transferring to host: <188.185.211.206:9618?addrs=188.185.211.206-9618+[2001-1458-303-17--100-4a]-9618&alias=b9p24p9246.cern.ch&noUDP&sock=slot1_16_4821_949d_133903>
...
040 (9119913.000.000) 01/22 19:08:26 Finished transferring input files
...
001 (9119913.000.000) 01/22 19:08:27 Job executing on host: <188.185.211.206:9618?addrs=188.185.211.206-9618+[2001-1458-303-17--100-4a]-9618&alias=b9p24p9246.cern.ch&noUDP&sock=startd_4017_e806>
	SlotName: slot1_16@b9p24p9246.cern.ch
	CondorScratchDir = "/pool/condor/dir_632676"
	Cpus = 1
	Disk = 3864
	GPUs = 0
	Memory = 3000
...
006 (9119913.000.000) 01/22 19:08:40 Image size of job updated: 144600
	142  -  MemoryUsage of job (MB)
	144600  -  ResidentSetSize of job (KB)
...
006 (9119913.000.000) 01/22 19:08:41 Image size of job updated: 144612
	142  -  MemoryUsage of job (MB)
	144612  -  ResidentSetSize of job (KB)
...
040 (9119913.000.000) 01/22 19:08:41 Started transferring output files
...
040 (9119913.000.000) 01/22 19:08:41 Finished transferring output files
...
005 (9119913.000.000) 01/22 19:08:41 Job terminated.
	(1) Normal termination (return value 0)
		Usr 0 00:00:03, Sys 0 00:00:02  -  Run Remote Usage
		Usr 0 00:00:00, Sys 0 00:00:00  -  Run Local Usage
		Usr 0 00:00:03, Sys 0 00:00:02  -  Total Remote Usage
		Usr 0 00:00:00, Sys 0 00:00:00  -  Total Local Usage
	6023  -  Run Bytes Sent By Job
	323  -  Run Bytes Received By Job
	6023  -  Total Bytes Sent By Job
	323  -  Total Bytes Received By Job
	Partitionable Resources :    Usage  Request Allocated 
	   Cpus                 :        0        1         1 
	   Disk (KB)            :       30        1      3864 
	   GPUs                 :                           0 
	   Memory (MB)          :      142     3000      3000 
	   TimeExecute (s)      :       14                    
	   TimeSlotBusy (s)     :       16                    

	Job terminated of its own accord at 2026-01-22T18:08:41Z with exit-code 0.
...
