000 (9119914.000.000) 01/22 18:58:04 Job submitted from host: <188.185.6.50:9618?addrs=188.185.6.50-9618+[2001-1458-d00-62--100-2b1]-9618&alias=bigbird25.cern.ch&noUDP&sock=schedd_1627_90ad>
...
040 (9119914.000.000) 01/22 19:08:30 Started transferring input files
	Transferring to host: <188.185.213.187:9618?addrs=188.185.213.187-9618+[2001-1458-303-1b--100-37]-9618&alias=b9p28p6248.cern.ch&noUDP&sock=slot1_3_3548658_566a_50621>
...
040 (9119914.000.000) 01/22 19:08:30 Finished transferring input files
...
001 (9119914.000.000) 01/22 19:08:31 Job executing on host: <188.185.213.187:9618?addrs=188.185.213.187-9618+[2001-1458-303-1b--100-37]-9618&alias=b9p28p6248.cern.ch&noUDP&sock=startd_3548565_02f1>
	SlotName: slot1_3@b9p28p6248.cern.ch
	CondorScratchDir = "/pool/condor/dir_307640"
	Cpus = 1
	Disk = 3754
	GPUs = 0
	Memory = 3000
...
006 (9119914.000.000) 01/22 19:08:44 Image size of job updated: 180632
	177  -  MemoryUsage of job (MB)
	180632  -  ResidentSetSize of job (KB)
...
006 (9119914.000.000) 01/22 19:12:50 Image size of job updated: 445172
	177  -  MemoryUsage of job (MB)
	180632  -  ResidentSetSize of job (KB)
...
040 (9119914.000.000) 01/22 19:12:50 Started transferring output files
...
040 (9119914.000.000) 01/22 19:12:50 Finished transferring output files
...
005 (9119914.000.000) 01/22 19:12:50 Job terminated.
	(1) Normal termination (return value 0)
		Usr 0 00:02:46, Sys 0 00:00:04  -  Run Remote Usage
		Usr 0 00:00:00, Sys 0 00:00:00  -  Run Local Usage
		Usr 0 00:02:46, Sys 0 00:00:04  -  Total Remote Usage
		Usr 0 00:00:00, Sys 0 00:00:00  -  Total Local Usage
	10267  -  Run Bytes Sent By Job
	319  -  Run Bytes Received By Job
	10267  -  Total Bytes Sent By Job
	319  -  Total Bytes Received By Job
	Partitionable Resources :    Usage  Request Allocated 
	   Cpus                 :        0        1         1 
	   Disk (KB)            :       34        1      3754 
	   GPUs                 :                           0 
	   Memory (MB)          :      177     3000      3000 
	   TimeExecute (s)      :      259                    
	   TimeSlotBusy (s)     :      261                    

	Job terminated of its own accord at 2026-01-22T18:12:50Z with exit-code 0.
...
