000 (9119912.000.000) 01/22 18:58:03 Job submitted from host: <188.185.6.50:9618?addrs=188.185.6.50-9618+[2001-1458-d00-62--100-2b1]-9618&alias=bigbird25.cern.ch&noUDP&sock=schedd_1627_90ad>
...
040 (9119912.000.000) 01/22 19:08:37 Started transferring input files
	Transferring to host: <188.185.196.29:9618?addrs=188.185.196.29-9618+[2001-1458-303-23--100-19]-9618&alias=b9p16p9571.cern.ch&noUDP&sock=slot1_34_9305_f6d3_120009>
...
040 (9119912.000.000) 01/22 19:08:37 Finished transferring input files
...
001 (9119912.000.000) 01/22 19:08:38 Job executing on host: <188.185.196.29:9618?addrs=188.185.196.29-9618+[2001-1458-303-23--100-19]-9618&alias=b9p16p9571.cern.ch&noUDP&sock=startd_7586_f189>
	SlotName: slot1_34@b9p16p9571.cern.ch
	CondorScratchDir = "/pool/condor/dir_2060191"
	Cpus = 1
	Disk = 3815
	GPUs = 0
	Memory = 3000
...
006 (9119912.000.000) 01/22 19:08:51 Image size of job updated: 124056
	122  -  MemoryUsage of job (MB)
	124056  -  ResidentSetSize of job (KB)
...
006 (9119912.000.000) 01/22 19:08:55 Image size of job updated: 154224
	122  -  MemoryUsage of job (MB)
	124056  -  ResidentSetSize of job (KB)
...
040 (9119912.000.000) 01/22 19:08:55 Started transferring output files
...
040 (9119912.000.000) 01/22 19:08:55 Finished transferring output files
...
005 (9119912.000.000) 01/22 19:08:55 Job terminated.
	(1) Normal termination (return value 0)
		Usr 0 00:00:06, Sys 0 00:00:01  -  Run Remote Usage
		Usr 0 00:00:00, Sys 0 00:00:00  -  Run Local Usage
		Usr 0 00:00:06, Sys 0 00:00:01  -  Total Remote Usage
		Usr 0 00:00:00, Sys 0 00:00:00  -  Total Local Usage
	6224  -  Run Bytes Sent By Job
	323  -  Run Bytes Received By Job
	6224  -  Total Bytes Sent By Job
	323  -  Total Bytes Received By Job
	Partitionable Resources :    Usage  Request Allocated 
	   Cpus                 :        0        1         1 
	   Disk (KB)            :       30        1      3815 
	   GPUs                 :                           0 
	   Memory (MB)          :      122     3000      3000 
	   TimeExecute (s)      :       17                    
	   TimeSlotBusy (s)     :       19                    

	Job terminated of its own accord at 2026-01-22T18:08:55Z with exit-code 0.
...
