000 (9119906.000.000) 01/22 18:58:02 Job submitted from host: <188.185.6.50:9618?addrs=188.185.6.50-9618+[2001-1458-d00-62--100-2b1]-9618&alias=bigbird25.cern.ch&noUDP&sock=schedd_1627_90ad>
...
040 (9119906.000.000) 01/22 19:08:25 Started transferring input files
	Transferring to host: <188.185.214.179:9618?addrs=188.185.214.179-9618+[2001-1458-303-1d--100-2f]-9618&alias=b9p30p2749.cern.ch&noUDP&sock=slot1_12_5078_a908_131159>
...
040 (9119906.000.000) 01/22 19:08:25 Finished transferring input files
...
001 (9119906.000.000) 01/22 19:08:26 Job executing on host: <188.185.214.179:9618?addrs=188.185.214.179-9618+[2001-1458-303-1d--100-2f]-9618&alias=b9p30p2749.cern.ch&noUDP&sock=startd_4140_462d>
	SlotName: slot1_12@b9p30p2749.cern.ch
	CondorScratchDir = "/pool/condor/dir_1586790"
	Cpus = 1
	Disk = 3773
	GPUs = 0
	Memory = 3000
...
006 (9119906.000.000) 01/22 19:08:39 Image size of job updated: 124096
	122  -  MemoryUsage of job (MB)
	124096  -  ResidentSetSize of job (KB)
...
006 (9119906.000.000) 01/22 19:09:14 Image size of job updated: 238896
	122  -  MemoryUsage of job (MB)
	124096  -  ResidentSetSize of job (KB)
...
040 (9119906.000.000) 01/22 19:09:14 Started transferring output files
...
040 (9119906.000.000) 01/22 19:09:14 Finished transferring output files
...
005 (9119906.000.000) 01/22 19:09:14 Job terminated.
	(1) Normal termination (return value 0)
		Usr 0 00:00:33, Sys 0 00:00:02  -  Run Remote Usage
		Usr 0 00:00:00, Sys 0 00:00:00  -  Run Local Usage
		Usr 0 00:00:33, Sys 0 00:00:02  -  Total Remote Usage
		Usr 0 00:00:00, Sys 0 00:00:00  -  Total Local Usage
	6991  -  Run Bytes Sent By Job
	323  -  Run Bytes Received By Job
	6991  -  Total Bytes Sent By Job
	323  -  Total Bytes Received By Job
	Partitionable Resources :    Usage  Request Allocated 
	   Cpus                 :        0        1         1 
	   Disk (KB)            :       30        1      3773 
	   GPUs                 :                           0 
	   Memory (MB)          :      122     3000      3000 
	   TimeExecute (s)      :       48                    
	   TimeSlotBusy (s)     :       50                    

	Job terminated of its own accord at 2026-01-22T18:09:14Z with exit-code 0.
...
