000 (9119911.000.000) 01/22 18:58:03 Job submitted from host: <188.185.6.50:9618?addrs=188.185.6.50-9618+[2001-1458-d00-62--100-2b1]-9618&alias=bigbird25.cern.ch&noUDP&sock=schedd_1627_90ad>
...
040 (9119911.000.000) 01/22 19:08:30 Started transferring input files
	Transferring to host: <188.185.207.41:9618?addrs=188.185.207.41-9618+[2001-1458-303-d--100-26]-9618&alias=b9p07p5776.cern.ch&noUDP&sock=slot1_16_8504_9653_108645>
...
040 (9119911.000.000) 01/22 19:08:30 Finished transferring input files
...
001 (9119911.000.000) 01/22 19:08:31 Job executing on host: <188.185.207.41:9618?addrs=188.185.207.41-9618+[2001-1458-303-d--100-26]-9618&alias=b9p07p5776.cern.ch&noUDP&sock=startd_7043_7d9c>
	SlotName: slot1_16@b9p07p5776.cern.ch
	CondorScratchDir = "/pool/condor/dir_713325"
	Cpus = 1
	Disk = 3662
	GPUs = 0
	Memory = 3000
...
006 (9119911.000.000) 01/22 19:08:45 Image size of job updated: 12212
	8  -  MemoryUsage of job (MB)
	7372  -  ResidentSetSize of job (KB)
...
006 (9119911.000.000) 01/22 19:11:36 Image size of job updated: 236108
	8  -  MemoryUsage of job (MB)
	7380  -  ResidentSetSize of job (KB)
...
040 (9119911.000.000) 01/22 19:11:36 Started transferring output files
...
040 (9119911.000.000) 01/22 19:11:36 Finished transferring output files
...
005 (9119911.000.000) 01/22 19:11:36 Job terminated.
	(1) Normal termination (return value 0)
		Usr 0 00:02:11, Sys 0 00:00:03  -  Run Remote Usage
		Usr 0 00:00:00, Sys 0 00:00:00  -  Run Local Usage
		Usr 0 00:02:11, Sys 0 00:00:03  -  Total Remote Usage
		Usr 0 00:00:00, Sys 0 00:00:00  -  Total Local Usage
	9175  -  Run Bytes Sent By Job
	323  -  Run Bytes Received By Job
	9175  -  Total Bytes Sent By Job
	323  -  Total Bytes Received By Job
	Partitionable Resources :    Usage  Request Allocated 
	   Cpus                 :     0.87        1         1 
	   Disk (KB)            :    36           1      3662 
	   GPUs                 :                           0 
	   Memory (MB)          :     8        3000      3000 
	   TimeExecute (s)      :   185                       
	   TimeSlotBusy (s)     :   187                       

	Job terminated of its own accord at 2026-01-22T18:11:36Z with exit-code 0.
...
