000 (9119910.000.000) 01/22 18:58:03 Job submitted from host: <188.185.6.50:9618?addrs=188.185.6.50-9618+[2001-1458-d00-62--100-2b1]-9618&alias=bigbird25.cern.ch&noUDP&sock=schedd_1627_90ad>
...
040 (9119910.000.000) 01/22 19:08:26 Started transferring input files
	Transferring to host: <188.185.212.182:9618?addrs=188.185.212.182-9618+[2001-1458-303-19--100-32]-9618&alias=b9p26p9234.cern.ch&noUDP&sock=slot1_16_4690_4778_133569>
...
040 (9119910.000.000) 01/22 19:08:26 Finished transferring input files
...
001 (9119910.000.000) 01/22 19:08:27 Job executing on host: <188.185.212.182:9618?addrs=188.185.212.182-9618+[2001-1458-303-19--100-32]-9618&alias=b9p26p9234.cern.ch&noUDP&sock=startd_3926_7ce8>
	SlotName: slot1_16@b9p26p9234.cern.ch
	CondorScratchDir = "/pool/condor/dir_1449174"
	Cpus = 1
	Disk = 3811
	GPUs = 0
	Memory = 3000
...
006 (9119910.000.000) 01/22 19:08:40 Image size of job updated: 174444
	171  -  MemoryUsage of job (MB)
	174444  -  ResidentSetSize of job (KB)
...
006 (9119910.000.000) 01/22 19:11:02 Image size of job updated: 243220
	171  -  MemoryUsage of job (MB)
	174444  -  ResidentSetSize of job (KB)
...
040 (9119910.000.000) 01/22 19:11:02 Started transferring output files
...
040 (9119910.000.000) 01/22 19:11:02 Finished transferring output files
...
005 (9119910.000.000) 01/22 19:11:02 Job terminated.
	(1) Normal termination (return value 0)
		Usr 0 00:02:04, Sys 0 00:00:02  -  Run Remote Usage
		Usr 0 00:00:00, Sys 0 00:00:00  -  Run Local Usage
		Usr 0 00:02:04, Sys 0 00:00:02  -  Total Remote Usage
		Usr 0 00:00:00, Sys 0 00:00:00  -  Total Local Usage
	10271  -  Run Bytes Sent By Job
	323  -  Run Bytes Received By Job
	10271  -  Total Bytes Sent By Job
	323  -  Total Bytes Received By Job
	Partitionable Resources :    Usage  Request Allocated 
	   Cpus                 :        0        1         1 
	   Disk (KB)            :       34        1      3811 
	   GPUs                 :                           0 
	   Memory (MB)          :      171     3000      3000 
	   TimeExecute (s)      :      155                    
	   TimeSlotBusy (s)     :      157                    

	Job terminated of its own accord at 2026-01-22T18:11:02Z with exit-code 0.
...
