000 (9119907.000.000) 01/22 18:58:02 Job submitted from host: <188.185.6.50:9618?addrs=188.185.6.50-9618+[2001-1458-d00-62--100-2b1]-9618&alias=bigbird25.cern.ch&noUDP&sock=schedd_1627_90ad>
...
040 (9119907.000.000) 01/22 19:08:25 Started transferring input files
	Transferring to host: <188.185.210.63:9618?addrs=188.185.210.63-9618+[2001-1458-303-1--100-3b]-9618&alias=b9p21p3315.cern.ch&noUDP&sock=slot1_7_7781_2b15_93119>
...
040 (9119907.000.000) 01/22 19:08:25 Finished transferring input files
...
001 (9119907.000.000) 01/22 19:08:26 Job executing on host: <188.185.210.63:9618?addrs=188.185.210.63-9618+[2001-1458-303-1--100-3b]-9618&alias=b9p21p3315.cern.ch&noUDP&sock=startd_7099_e6e9>
	SlotName: slot1_7@b9p21p3315.cern.ch
	CondorScratchDir = "/pool/condor/dir_2118303"
	Cpus = 1
	Disk = 3884
	GPUs = 0
	Memory = 3000
...
006 (9119907.000.000) 01/22 19:08:39 Image size of job updated: 129132
	127  -  MemoryUsage of job (MB)
	129132  -  ResidentSetSize of job (KB)
...
006 (9119907.000.000) 01/22 19:10:38 Image size of job updated: 246952
	127  -  MemoryUsage of job (MB)
	129132  -  ResidentSetSize of job (KB)
...
040 (9119907.000.000) 01/22 19:10:38 Started transferring output files
...
040 (9119907.000.000) 01/22 19:10:38 Finished transferring output files
...
005 (9119907.000.000) 01/22 19:10:38 Job terminated.
	(1) Normal termination (return value 0)
		Usr 0 00:01:32, Sys 0 00:00:02  -  Run Remote Usage
		Usr 0 00:00:00, Sys 0 00:00:00  -  Run Local Usage
		Usr 0 00:01:32, Sys 0 00:00:02  -  Total Remote Usage
		Usr 0 00:00:00, Sys 0 00:00:00  -  Total Local Usage
	8290  -  Run Bytes Sent By Job
	323  -  Run Bytes Received By Job
	8290  -  Total Bytes Sent By Job
	323  -  Total Bytes Received By Job
	Partitionable Resources :    Usage  Request Allocated 
	   Cpus                 :        0        1         1 
	   Disk (KB)            :       32        1      3884 
	   GPUs                 :                           0 
	   Memory (MB)          :      127     3000      3000 
	   TimeExecute (s)      :      132                    
	   TimeSlotBusy (s)     :      134                    

	Job terminated of its own accord at 2026-01-22T18:10:38Z with exit-code 0.
...
