000 (9119908.000.000) 01/22 18:58:02 Job submitted from host: <188.185.6.50:9618?addrs=188.185.6.50-9618+[2001-1458-d00-62--100-2b1]-9618&alias=bigbird25.cern.ch&noUDP&sock=schedd_1627_90ad>
...
040 (9119908.000.000) 01/22 19:08:27 Started transferring input files
	Transferring to host: <188.185.215.182:9618?addrs=188.185.215.182-9618+[2001-1458-303-26--100-32]-9618&alias=b9p18p1448.cern.ch&noUDP&sock=slot1_19_2018700_8523_51425>
...
040 (9119908.000.000) 01/22 19:08:27 Finished transferring input files
...
001 (9119908.000.000) 01/22 19:08:28 Job executing on host: <188.185.215.182:9618?addrs=188.185.215.182-9618+[2001-1458-303-26--100-32]-9618&alias=b9p18p1448.cern.ch&noUDP&sock=startd_2015149_2df8>
	SlotName: slot1_19@b9p18p1448.cern.ch
	CondorScratchDir = "/pool/condor/dir_3689356"
	Cpus = 1
	Disk = 3823
	GPUs = 0
	Memory = 3000
...
006 (9119908.000.000) 01/22 19:08:42 Image size of job updated: 172284
	169  -  MemoryUsage of job (MB)
	172284  -  ResidentSetSize of job (KB)
...
006 (9119908.000.000) 01/22 19:10:55 Image size of job updated: 246944
	169  -  MemoryUsage of job (MB)
	172284  -  ResidentSetSize of job (KB)
...
040 (9119908.000.000) 01/22 19:10:55 Started transferring output files
...
040 (9119908.000.000) 01/22 19:10:55 Finished transferring output files
...
005 (9119908.000.000) 01/22 19:10:55 Job terminated.
	(1) Normal termination (return value 0)
		Usr 0 00:02:05, Sys 0 00:00:02  -  Run Remote Usage
		Usr 0 00:00:00, Sys 0 00:00:00  -  Run Local Usage
		Usr 0 00:02:05, Sys 0 00:00:02  -  Total Remote Usage
		Usr 0 00:00:00, Sys 0 00:00:00  -  Total Local Usage
	10271  -  Run Bytes Sent By Job
	323  -  Run Bytes Received By Job
	10271  -  Total Bytes Sent By Job
	323  -  Total Bytes Received By Job
	Partitionable Resources :    Usage  Request Allocated 
	   Cpus                 :        0        1         1 
	   Disk (KB)            :       34        1      3823 
	   GPUs                 :                           0 
	   Memory (MB)          :      169     3000      3000 
	   TimeExecute (s)      :      147                    
	   TimeSlotBusy (s)     :      149                    

	Job terminated of its own accord at 2026-01-22T18:10:55Z with exit-code 0.
...
