000 (9119904.000.000) 01/22 18:58:01 Job submitted from host: <188.185.6.50:9618?addrs=188.185.6.50-9618+[2001-1458-d00-62--100-2b1]-9618&alias=bigbird25.cern.ch&noUDP&sock=schedd_1627_90ad>
...
040 (9119904.000.000) 01/22 19:08:24 Started transferring input files
	Transferring to host: <188.185.213.163:9618?addrs=188.185.213.163-9618+[2001-1458-303-1b--100-1f]-9618&alias=b9p28p6164.cern.ch&noUDP&sock=slot1_17_6185_a455_155899>
...
040 (9119904.000.000) 01/22 19:08:24 Finished transferring input files
...
001 (9119904.000.000) 01/22 19:08:25 Job executing on host: <188.185.213.163:9618?addrs=188.185.213.163-9618+[2001-1458-303-1b--100-1f]-9618&alias=b9p28p6164.cern.ch&noUDP&sock=startd_5450_d33d>
	SlotName: slot1_17@b9p28p6164.cern.ch
	CondorScratchDir = "/pool/condor/dir_674161"
	Cpus = 1
	Disk = 3757
	GPUs = 0
	Memory = 3000
...
006 (9119904.000.000) 01/22 19:08:39 Image size of job updated: 166700
	163  -  MemoryUsage of job (MB)
	166700  -  ResidentSetSize of job (KB)
...
006 (9119904.000.000) 01/22 19:10:27 Image size of job updated: 166708
	163  -  MemoryUsage of job (MB)
	166700  -  ResidentSetSize of job (KB)
...
040 (9119904.000.000) 01/22 19:10:27 Started transferring output files
...
040 (9119904.000.000) 01/22 19:10:27 Finished transferring output files
...
005 (9119904.000.000) 01/22 19:10:27 Job terminated.
	(1) Normal termination (return value 0)
		Usr 0 00:01:17, Sys 0 00:00:02  -  Run Remote Usage
		Usr 0 00:00:00, Sys 0 00:00:00  -  Run Local Usage
		Usr 0 00:01:17, Sys 0 00:00:02  -  Total Remote Usage
		Usr 0 00:00:00, Sys 0 00:00:00  -  Total Local Usage
	8570  -  Run Bytes Sent By Job
	323  -  Run Bytes Received By Job
	8570  -  Total Bytes Sent By Job
	323  -  Total Bytes Received By Job
	Partitionable Resources :    Usage  Request Allocated 
	   Cpus                 :        0        1         1 
	   Disk (KB)            :       32        1      3757 
	   GPUs                 :                           0 
	   Memory (MB)          :      163     3000      3000 
	   TimeExecute (s)      :      122                    
	   TimeSlotBusy (s)     :      124                    

	Job terminated of its own accord at 2026-01-22T18:10:27Z with exit-code 0.
...
