000 (9119905.000.000) 01/22 18:58:02 Job submitted from host: <188.185.6.50:9618?addrs=188.185.6.50-9618+[2001-1458-d00-62--100-2b1]-9618&alias=bigbird25.cern.ch&noUDP&sock=schedd_1627_90ad>
...
040 (9119905.000.000) 01/22 19:08:25 Started transferring input files
	Transferring to host: <188.185.213.143:9618?addrs=188.185.213.143-9618+[2001-1458-303-1b--100-b]-9618&alias=b9p28p9446.cern.ch&noUDP&sock=slot1_29_4186_2a63_131464>
...
040 (9119905.000.000) 01/22 19:08:25 Finished transferring input files
...
001 (9119905.000.000) 01/22 19:08:26 Job executing on host: <188.185.213.143:9618?addrs=188.185.213.143-9618+[2001-1458-303-1b--100-b]-9618&alias=b9p28p9446.cern.ch&noUDP&sock=startd_3572_ac61>
	SlotName: slot1_29@b9p28p9446.cern.ch
	CondorScratchDir = "/pool/condor/dir_2763819"
	Cpus = 1
	Disk = 3788
	GPUs = 0
	Memory = 3000
...
006 (9119905.000.000) 01/22 19:08:39 Image size of job updated: 172180
	169  -  MemoryUsage of job (MB)
	172180  -  ResidentSetSize of job (KB)
...
006 (9119905.000.000) 01/22 19:10:53 Image size of job updated: 248384
	169  -  MemoryUsage of job (MB)
	172180  -  ResidentSetSize of job (KB)
...
040 (9119905.000.000) 01/22 19:10:53 Started transferring output files
...
040 (9119905.000.000) 01/22 19:10:53 Finished transferring output files
...
005 (9119905.000.000) 01/22 19:10:53 Job terminated.
	(1) Normal termination (return value 0)
		Usr 0 00:02:09, Sys 0 00:00:03  -  Run Remote Usage
		Usr 0 00:00:00, Sys 0 00:00:00  -  Run Local Usage
		Usr 0 00:02:09, Sys 0 00:00:03  -  Total Remote Usage
		Usr 0 00:00:00, Sys 0 00:00:00  -  Total Local Usage
	10271  -  Run Bytes Sent By Job
	323  -  Run Bytes Received By Job
	10271  -  Total Bytes Sent By Job
	323  -  Total Bytes Received By Job
	Partitionable Resources :    Usage  Request Allocated 
	   Cpus                 :     0.97        1         1 
	   Disk (KB)            :    34           1      3788 
	   GPUs                 :                           0 
	   Memory (MB)          :   169        3000      3000 
	   TimeExecute (s)      :   147                       
	   TimeSlotBusy (s)     :   149                       

	Job terminated of its own accord at 2026-01-22T18:10:53Z with exit-code 0.
...
