000 (9119942.000.000) 01/22 18:58:12 Job submitted from host: <188.185.6.50:9618?addrs=188.185.6.50-9618+[2001-1458-d00-62--100-2b1]-9618&alias=bigbird25.cern.ch&noUDP&sock=schedd_1627_90ad>
...
040 (9119942.000.000) 01/22 19:08:38 Started transferring input files
	Transferring to host: <188.185.214.138:9618?addrs=188.185.214.138-9618+[2001-1458-303-1d--100-6]-9618&alias=b9p30p2177.cern.ch&noUDP&sock=slot1_8_7164_6f9c_133465>
...
040 (9119942.000.000) 01/22 19:08:38 Finished transferring input files
...
001 (9119942.000.000) 01/22 19:08:39 Job executing on host: <188.185.214.138:9618?addrs=188.185.214.138-9618+[2001-1458-303-1d--100-6]-9618&alias=b9p30p2177.cern.ch&noUDP&sock=startd_6501_b947>
	SlotName: slot1_8@b9p30p2177.cern.ch
	CondorScratchDir = "/pool/condor/dir_3948910"
	Cpus = 1
	Disk = 3754
	GPUs = 0
	Memory = 3000
...
006 (9119942.000.000) 01/22 19:08:52 Image size of job updated: 21420
	21  -  MemoryUsage of job (MB)
	21420  -  ResidentSetSize of job (KB)
...
006 (9119942.000.000) 01/22 19:09:17 Image size of job updated: 166736
	21  -  MemoryUsage of job (MB)
	21468  -  ResidentSetSize of job (KB)
...
040 (9119942.000.000) 01/22 19:09:17 Started transferring output files
...
040 (9119942.000.000) 01/22 19:09:17 Finished transferring output files
...
005 (9119942.000.000) 01/22 19:09:17 Job terminated.
	(1) Normal termination (return value 0)
		Usr 0 00:00:20, Sys 0 00:00:02  -  Run Remote Usage
		Usr 0 00:00:00, Sys 0 00:00:00  -  Run Local Usage
		Usr 0 00:00:20, Sys 0 00:00:02  -  Total Remote Usage
		Usr 0 00:00:00, Sys 0 00:00:00  -  Total Local Usage
	6487  -  Run Bytes Sent By Job
	313  -  Run Bytes Received By Job
	6487  -  Total Bytes Sent By Job
	313  -  Total Bytes Received By Job
	Partitionable Resources :    Usage  Request Allocated 
	   Cpus                 :        0        1         1 
	   Disk (KB)            :       30        1      3754 
	   GPUs                 :                           0 
	   Memory (MB)          :       21     3000      3000 
	   TimeExecute (s)      :       38                    
	   TimeSlotBusy (s)     :       40                    

	Job terminated of its own accord at 2026-01-22T18:09:17Z with exit-code 0.
...
