000 (9119939.000.000) 01/22 18:58:11 Job submitted from host: <188.185.6.50:9618?addrs=188.185.6.50-9618+[2001-1458-d00-62--100-2b1]-9618&alias=bigbird25.cern.ch&noUDP&sock=schedd_1627_90ad>
...
040 (9119939.000.000) 01/22 19:08:29 Started transferring input files
	Transferring to host: <188.185.195.136:9618?addrs=188.185.195.136-9618+[2001-1458-303-22--100-84]-9618&alias=b9p17p5912.cern.ch&noUDP&sock=slot1_25_4717_4d99_121645>
...
040 (9119939.000.000) 01/22 19:08:29 Finished transferring input files
...
001 (9119939.000.000) 01/22 19:08:30 Job executing on host: <188.185.195.136:9618?addrs=188.185.195.136-9618+[2001-1458-303-22--100-84]-9618&alias=b9p17p5912.cern.ch&noUDP&sock=startd_3807_dd23>
	SlotName: slot1_25@b9p17p5912.cern.ch
	CondorScratchDir = "/pool/condor/dir_236676"
	Cpus = 1
	Disk = 3889
	GPUs = 0
	Memory = 3000
...
006 (9119939.000.000) 01/22 19:08:43 Image size of job updated: 124124
	122  -  MemoryUsage of job (MB)
	124124  -  ResidentSetSize of job (KB)
...
006 (9119939.000.000) 01/22 19:08:45 Image size of job updated: 155740
	122  -  MemoryUsage of job (MB)
	124128  -  ResidentSetSize of job (KB)
...
040 (9119939.000.000) 01/22 19:08:45 Started transferring output files
...
040 (9119939.000.000) 01/22 19:08:45 Finished transferring output files
...
005 (9119939.000.000) 01/22 19:08:45 Job terminated.
	(1) Normal termination (return value 0)
		Usr 0 00:00:04, Sys 0 00:00:01  -  Run Remote Usage
		Usr 0 00:00:00, Sys 0 00:00:00  -  Run Local Usage
		Usr 0 00:00:04, Sys 0 00:00:01  -  Total Remote Usage
		Usr 0 00:00:00, Sys 0 00:00:00  -  Total Local Usage
	6004  -  Run Bytes Sent By Job
	320  -  Run Bytes Received By Job
	6004  -  Total Bytes Sent By Job
	320  -  Total Bytes Received By Job
	Partitionable Resources :    Usage  Request Allocated 
	   Cpus                 :        0        1         1 
	   Disk (KB)            :       29        1      3889 
	   GPUs                 :                           0 
	   Memory (MB)          :      122     3000      3000 
	   TimeExecute (s)      :       15                    
	   TimeSlotBusy (s)     :       17                    

	Job terminated of its own accord at 2026-01-22T18:08:45Z with exit-code 0.
...
