000 (9119940.000.000) 01/22 18:58:11 Job submitted from host: <188.185.6.50:9618?addrs=188.185.6.50-9618+[2001-1458-d00-62--100-2b1]-9618&alias=bigbird25.cern.ch&noUDP&sock=schedd_1627_90ad>
...
040 (9119940.000.000) 01/22 19:08:37 Started transferring input files
	Transferring to host: <188.185.196.12:9618?addrs=188.185.196.12-9618+[2001-1458-303-23--100-8]-9618&alias=b9p16p2305.cern.ch&noUDP&sock=slot1_25_3181894_eba8_49181>
...
040 (9119940.000.000) 01/22 19:08:37 Finished transferring input files
...
001 (9119940.000.000) 01/22 19:08:38 Job executing on host: <188.185.196.12:9618?addrs=188.185.196.12-9618+[2001-1458-303-23--100-8]-9618&alias=b9p16p2305.cern.ch&noUDP&sock=startd_3179841_0442>
	SlotName: slot1_25@b9p16p2305.cern.ch
	CondorScratchDir = "/pool/condor/dir_2965936"
	Cpus = 1
	Disk = 3812
	GPUs = 0
	Memory = 3000
...
006 (9119940.000.000) 01/22 19:08:51 Image size of job updated: 124080
	122  -  MemoryUsage of job (MB)
	124080  -  ResidentSetSize of job (KB)
...
006 (9119940.000.000) 01/22 19:09:17 Image size of job updated: 168544
	122  -  MemoryUsage of job (MB)
	124080  -  ResidentSetSize of job (KB)
...
040 (9119940.000.000) 01/22 19:09:17 Started transferring output files
...
040 (9119940.000.000) 01/22 19:09:17 Finished transferring output files
...
005 (9119940.000.000) 01/22 19:09:17 Job terminated.
	(1) Normal termination (return value 0)
		Usr 0 00:00:25, Sys 0 00:00:01  -  Run Remote Usage
		Usr 0 00:00:00, Sys 0 00:00:00  -  Run Local Usage
		Usr 0 00:00:25, Sys 0 00:00:01  -  Total Remote Usage
		Usr 0 00:00:00, Sys 0 00:00:00  -  Total Local Usage
	6520  -  Run Bytes Sent By Job
	324  -  Run Bytes Received By Job
	6520  -  Total Bytes Sent By Job
	324  -  Total Bytes Received By Job
	Partitionable Resources :    Usage  Request Allocated 
	   Cpus                 :        0        1         1 
	   Disk (KB)            :       30        1      3812 
	   GPUs                 :                           0 
	   Memory (MB)          :      122     3000      3000 
	   TimeExecute (s)      :       39                    
	   TimeSlotBusy (s)     :       41                    

	Job terminated of its own accord at 2026-01-22T18:09:17Z with exit-code 0.
...
