000 (9119945.000.000) 01/22 18:58:12 Job submitted from host: <188.185.6.50:9618?addrs=188.185.6.50-9618+[2001-1458-d00-62--100-2b1]-9618&alias=bigbird25.cern.ch&noUDP&sock=schedd_1627_90ad>
...
040 (9119945.000.000) 01/22 19:08:38 Started transferring input files
	Transferring to host: <188.185.215.174:9618?addrs=188.185.215.174-9618+[2001-1458-303-26--100-2a]-9618&alias=b9p18p5029.cern.ch&noUDP&sock=slot1_10_7283_4841_129057>
...
040 (9119945.000.000) 01/22 19:08:38 Finished transferring input files
...
001 (9119945.000.000) 01/22 19:08:39 Job executing on host: <188.185.215.174:9618?addrs=188.185.215.174-9618+[2001-1458-303-26--100-2a]-9618&alias=b9p18p5029.cern.ch&noUDP&sock=startd_6644_cf52>
	SlotName: slot1_10@b9p18p5029.cern.ch
	CondorScratchDir = "/pool/condor/dir_2229931"
	Cpus = 1
	Disk = 3873
	GPUs = 0
	Memory = 3000
...
006 (9119945.000.000) 01/22 19:08:52 Image size of job updated: 135468
	133  -  MemoryUsage of job (MB)
	135468  -  ResidentSetSize of job (KB)
...
040 (9119945.000.000) 01/22 19:08:53 Started transferring output files
...
040 (9119945.000.000) 01/22 19:08:53 Finished transferring output files
...
005 (9119945.000.000) 01/22 19:08:53 Job terminated.
	(1) Normal termination (return value 0)
		Usr 0 00:00:03, Sys 0 00:00:02  -  Run Remote Usage
		Usr 0 00:00:00, Sys 0 00:00:00  -  Run Local Usage
		Usr 0 00:00:03, Sys 0 00:00:02  -  Total Remote Usage
		Usr 0 00:00:00, Sys 0 00:00:00  -  Total Local Usage
	5998  -  Run Bytes Sent By Job
	317  -  Run Bytes Received By Job
	5998  -  Total Bytes Sent By Job
	317  -  Total Bytes Received By Job
	Partitionable Resources :    Usage  Request Allocated 
	   Cpus                 :        0        1         1 
	   Disk (KB)            :       29        1      3873 
	   GPUs                 :                           0 
	   Memory (MB)          :      133     3000      3000 
	   TimeExecute (s)      :       14                    
	   TimeSlotBusy (s)     :       16                    

	Job terminated of its own accord at 2026-01-22T18:08:53Z with exit-code 0.
...
