000 (9119944.000.000) 01/22 18:58:12 Job submitted from host: <188.185.6.50:9618?addrs=188.185.6.50-9618+[2001-1458-d00-62--100-2b1]-9618&alias=bigbird25.cern.ch&noUDP&sock=schedd_1627_90ad>
...
040 (9119944.000.000) 01/22 19:08:31 Started transferring input files
	Transferring to host: <188.185.210.36:9618?addrs=188.185.210.36-9618+[2001-1458-303-1--100-20]-9618&alias=b9p21p5630.cern.ch&noUDP&sock=slot1_15_5700_ea61_136336>
...
040 (9119944.000.000) 01/22 19:08:31 Finished transferring input files
...
001 (9119944.000.000) 01/22 19:08:32 Job executing on host: <188.185.210.36:9618?addrs=188.185.210.36-9618+[2001-1458-303-1--100-20]-9618&alias=b9p21p5630.cern.ch&noUDP&sock=startd_4733_05d6>
	SlotName: slot1_15@b9p21p5630.cern.ch
	CondorScratchDir = "/pool/condor/dir_3864890"
	Cpus = 1
	Disk = 3832
	GPUs = 0
	Memory = 3000
...
006 (9119944.000.000) 01/22 19:08:45 Image size of job updated: 166720
	163  -  MemoryUsage of job (MB)
	166720  -  ResidentSetSize of job (KB)
...
040 (9119944.000.000) 01/22 19:09:00 Started transferring output files
...
040 (9119944.000.000) 01/22 19:09:00 Finished transferring output files
...
005 (9119944.000.000) 01/22 19:09:00 Job terminated.
	(1) Normal termination (return value 0)
		Usr 0 00:00:16, Sys 0 00:00:02  -  Run Remote Usage
		Usr 0 00:00:00, Sys 0 00:00:00  -  Run Local Usage
		Usr 0 00:00:16, Sys 0 00:00:02  -  Total Remote Usage
		Usr 0 00:00:00, Sys 0 00:00:00  -  Total Local Usage
	6461  -  Run Bytes Sent By Job
	317  -  Run Bytes Received By Job
	6461  -  Total Bytes Sent By Job
	317  -  Total Bytes Received By Job
	Partitionable Resources :    Usage  Request Allocated 
	   Cpus                 :        0        1         1 
	   Disk (KB)            :       30        1      3832 
	   GPUs                 :                           0 
	   Memory (MB)          :      163     3000      3000 
	   TimeExecute (s)      :       27                    
	   TimeSlotBusy (s)     :       30                    

	Job terminated of its own accord at 2026-01-22T18:08:59Z with exit-code 0.
...
