000 (9119938.000.000) 01/22 18:58:11 Job submitted from host: <188.185.6.50:9618?addrs=188.185.6.50-9618+[2001-1458-d00-62--100-2b1]-9618&alias=bigbird25.cern.ch&noUDP&sock=schedd_1627_90ad>
...
040 (9119938.000.000) 01/22 19:08:36 Started transferring input files
	Transferring to host: <128.142.33.200:9618?addrs=128.142.33.200-9618+[2001-1458-301-39--100-5]-9618&alias=b9g24p9655.cern.ch&noUDP&sock=slot1_26_3175_d31a_138468>
...
040 (9119938.000.000) 01/22 19:08:36 Finished transferring input files
...
001 (9119938.000.000) 01/22 19:08:37 Job executing on host: <128.142.33.200:9618?addrs=128.142.33.200-9618+[2001-1458-301-39--100-5]-9618&alias=b9g24p9655.cern.ch&noUDP&sock=startd_2694_703a>
	SlotName: slot1_26@b9g24p9655.cern.ch
	CondorScratchDir = "/pool/condor/dir_2489744"
	Cpus = 1
	Disk = 3777
	GPUs = 0
	Memory = 3000
...
006 (9119938.000.000) 01/22 19:08:51 Image size of job updated: 18784
	19  -  MemoryUsage of job (MB)
	18784  -  ResidentSetSize of job (KB)
...
006 (9119938.000.000) 01/22 19:09:43 Image size of job updated: 167100
	19  -  MemoryUsage of job (MB)
	18784  -  ResidentSetSize of job (KB)
...
040 (9119938.000.000) 01/22 19:09:43 Started transferring output files
...
040 (9119938.000.000) 01/22 19:09:43 Finished transferring output files
...
005 (9119938.000.000) 01/22 19:09:43 Job terminated.
	(1) Normal termination (return value 0)
		Usr 0 00:00:33, Sys 0 00:00:02  -  Run Remote Usage
		Usr 0 00:00:00, Sys 0 00:00:00  -  Run Local Usage
		Usr 0 00:00:33, Sys 0 00:00:02  -  Total Remote Usage
		Usr 0 00:00:00, Sys 0 00:00:00  -  Total Local Usage
	6757  -  Run Bytes Sent By Job
	320  -  Run Bytes Received By Job
	6757  -  Total Bytes Sent By Job
	320  -  Total Bytes Received By Job
	Partitionable Resources :    Usage  Request Allocated 
	   Cpus                 :        0        1         1 
	   Disk (KB)            :       30        1      3777 
	   GPUs                 :                           0 
	   Memory (MB)          :       19     3000      3000 
	   TimeExecute (s)      :       66                    
	   TimeSlotBusy (s)     :       68                    

	Job terminated of its own accord at 2026-01-22T18:09:43Z with exit-code 0.
...
