000 (9119924.000.000) 01/22 18:58:07 Job submitted from host: <188.185.6.50:9618?addrs=188.185.6.50-9618+[2001-1458-d00-62--100-2b1]-9618&alias=bigbird25.cern.ch&noUDP&sock=schedd_1627_90ad>
...
040 (9119924.000.000) 01/22 19:08:32 Started transferring input files
	Transferring to host: <188.185.210.9:9618?addrs=188.185.210.9-9618+[2001-1458-303-1--100-5]-9618&alias=b9p21p5099.cern.ch&noUDP&sock=slot1_15_8169_8ca5_134183>
...
040 (9119924.000.000) 01/22 19:08:32 Finished transferring input files
...
001 (9119924.000.000) 01/22 19:08:33 Job executing on host: <188.185.210.9:9618?addrs=188.185.210.9-9618+[2001-1458-303-1--100-5]-9618&alias=b9p21p5099.cern.ch&noUDP&sock=startd_7062_85e8>
	SlotName: slot1_15@b9p21p5099.cern.ch
	CondorScratchDir = "/pool/condor/dir_922136"
	Cpus = 1
	Disk = 3753
	GPUs = 0
	Memory = 3000
...
006 (9119924.000.000) 01/22 19:08:46 Image size of job updated: 180196
	176  -  MemoryUsage of job (MB)
	180196  -  ResidentSetSize of job (KB)
...
006 (9119924.000.000) 01/22 19:11:32 Image size of job updated: 180208
	176  -  MemoryUsage of job (MB)
	180196  -  ResidentSetSize of job (KB)
...
040 (9119924.000.000) 01/22 19:11:32 Started transferring output files
...
040 (9119924.000.000) 01/22 19:11:32 Finished transferring output files
...
005 (9119924.000.000) 01/22 19:11:32 Job terminated.
	(1) Normal termination (return value 0)
		Usr 0 00:02:14, Sys 0 00:00:03  -  Run Remote Usage
		Usr 0 00:00:00, Sys 0 00:00:00  -  Run Local Usage
		Usr 0 00:02:14, Sys 0 00:00:03  -  Total Remote Usage
		Usr 0 00:00:00, Sys 0 00:00:00  -  Total Local Usage
	10272  -  Run Bytes Sent By Job
	320  -  Run Bytes Received By Job
	10272  -  Total Bytes Sent By Job
	320  -  Total Bytes Received By Job
	Partitionable Resources :    Usage  Request Allocated 
	   Cpus                 :        0        1         1 
	   Disk (KB)            :       34        1      3753 
	   GPUs                 :                           0 
	   Memory (MB)          :      176     3000      3000 
	   TimeExecute (s)      :      179                    
	   TimeSlotBusy (s)     :      181                    

	Job terminated of its own accord at 2026-01-22T18:11:32Z with exit-code 0.
...
