000 (9119920.000.000) 01/22 18:58:06 Job submitted from host: <188.185.6.50:9618?addrs=188.185.6.50-9618+[2001-1458-d00-62--100-2b1]-9618&alias=bigbird25.cern.ch&noUDP&sock=schedd_1627_90ad>
...
040 (9119920.000.000) 01/22 19:08:32 Started transferring input files
	Transferring to host: <188.185.215.34:9618?addrs=188.185.215.34-9618+[2001-1458-303-1e--100-1e]-9618&alias=b9p31p6592.cern.ch&noUDP&sock=slot1_39_7889_439a_129854>
...
040 (9119920.000.000) 01/22 19:08:32 Finished transferring input files
...
001 (9119920.000.000) 01/22 19:08:33 Job executing on host: <188.185.215.34:9618?addrs=188.185.215.34-9618+[2001-1458-303-1e--100-1e]-9618&alias=b9p31p6592.cern.ch&noUDP&sock=startd_7099_e6e9>
	SlotName: slot1_39@b9p31p6592.cern.ch
	CondorScratchDir = "/pool/condor/dir_482752"
	Cpus = 1
	Disk = 3725
	GPUs = 0
	Memory = 3000
...
006 (9119920.000.000) 01/22 19:08:46 Image size of job updated: 150592
	148  -  MemoryUsage of job (MB)
	150592  -  ResidentSetSize of job (KB)
...
006 (9119920.000.000) 01/22 19:12:50 Image size of job updated: 412044
	148  -  MemoryUsage of job (MB)
	150636  -  ResidentSetSize of job (KB)
...
040 (9119920.000.000) 01/22 19:12:50 Started transferring output files
...
040 (9119920.000.000) 01/22 19:12:50 Finished transferring output files
...
005 (9119920.000.000) 01/22 19:12:50 Job terminated.
	(1) Normal termination (return value 0)
		Usr 0 00:02:54, Sys 0 00:00:04  -  Run Remote Usage
		Usr 0 00:00:00, Sys 0 00:00:00  -  Run Local Usage
		Usr 0 00:02:54, Sys 0 00:00:04  -  Total Remote Usage
		Usr 0 00:00:00, Sys 0 00:00:00  -  Total Local Usage
	10251  -  Run Bytes Sent By Job
	313  -  Run Bytes Received By Job
	10251  -  Total Bytes Sent By Job
	313  -  Total Bytes Received By Job
	Partitionable Resources :    Usage  Request Allocated 
	   Cpus                 :        0        1         1 
	   Disk (KB)            :       34        1      3725 
	   GPUs                 :                           0 
	   Memory (MB)          :      148     3000      3000 
	   TimeExecute (s)      :      257                    
	   TimeSlotBusy (s)     :      259                    

	Job terminated of its own accord at 2026-01-22T18:12:50Z with exit-code 0.
...
