000 (9119927.000.000) 01/22 18:58:08 Job submitted from host: <188.185.6.50:9618?addrs=188.185.6.50-9618+[2001-1458-d00-62--100-2b1]-9618&alias=bigbird25.cern.ch&noUDP&sock=schedd_1627_90ad>
...
040 (9119927.000.000) 01/22 19:08:33 Started transferring input files
	Transferring to host: <188.185.213.169:9618?addrs=188.185.213.169-9618+[2001-1458-303-1b--100-25]-9618&alias=b9p28p9779.cern.ch&noUDP&sock=slot1_12_2149847_7218_51747>
...
040 (9119927.000.000) 01/22 19:08:33 Finished transferring input files
...
001 (9119927.000.000) 01/22 19:08:34 Job executing on host: <188.185.213.169:9618?addrs=188.185.213.169-9618+[2001-1458-303-1b--100-25]-9618&alias=b9p28p9779.cern.ch&noUDP&sock=startd_3690_9c8e>
	SlotName: slot1_12@b9p28p9779.cern.ch
	CondorScratchDir = "/pool/condor/dir_4123287"
	Cpus = 1
	Disk = 3775
	GPUs = 0
	Memory = 3000
...
006 (9119927.000.000) 01/22 19:08:47 Image size of job updated: 155660
	153  -  MemoryUsage of job (MB)
	155660  -  ResidentSetSize of job (KB)
...
040 (9119927.000.000) 01/22 19:08:48 Started transferring output files
...
040 (9119927.000.000) 01/22 19:08:48 Finished transferring output files
...
005 (9119927.000.000) 01/22 19:08:48 Job terminated.
	(1) Normal termination (return value 0)
		Usr 0 00:00:03, Sys 0 00:00:02  -  Run Remote Usage
		Usr 0 00:00:00, Sys 0 00:00:00  -  Run Local Usage
		Usr 0 00:00:03, Sys 0 00:00:02  -  Total Remote Usage
		Usr 0 00:00:00, Sys 0 00:00:00  -  Total Local Usage
	6018  -  Run Bytes Sent By Job
	320  -  Run Bytes Received By Job
	6018  -  Total Bytes Sent By Job
	320  -  Total Bytes Received By Job
	Partitionable Resources :    Usage  Request Allocated 
	   Cpus                 :        0        1         1 
	   Disk (KB)            :       29        1      3775 
	   GPUs                 :                           0 
	   Memory (MB)          :      153     3000      3000 
	   TimeExecute (s)      :       14                    
	   TimeSlotBusy (s)     :       16                    

	Job terminated of its own accord at 2026-01-22T18:08:48Z with exit-code 0.
...
