000 (9119923.000.000) 01/22 18:58:07 Job submitted from host: <188.185.6.50:9618?addrs=188.185.6.50-9618+[2001-1458-d00-62--100-2b1]-9618&alias=bigbird25.cern.ch&noUDP&sock=schedd_1627_90ad>
...
040 (9119923.000.000) 01/22 19:08:27 Started transferring input files
	Transferring to host: <128.142.161.90:9618?addrs=128.142.161.90-9618+[2001-1458-301-b8--100-18]-9618&alias=b9g03p4505.cern.ch&noUDP&sock=slot1_18_3785899_1579_136547>
...
040 (9119923.000.000) 01/22 19:08:27 Finished transferring input files
...
001 (9119923.000.000) 01/22 19:08:28 Job executing on host: <128.142.161.90:9618?addrs=128.142.161.90-9618+[2001-1458-301-b8--100-18]-9618&alias=b9g03p4505.cern.ch&noUDP&sock=startd_2580_3e6e>
	SlotName: slot1_18@b9g03p4505.cern.ch
	CondorScratchDir = "/pool/condor/dir_4134403"
	Cpus = 1
	Disk = 4057
	GPUs = 0
	Memory = 3000
...
006 (9119923.000.000) 01/22 19:08:41 Image size of job updated: 76648
	0  -  MemoryUsage of job (MB)
	0  -  ResidentSetSize of job (KB)
...
040 (9119923.000.000) 01/22 19:08:41 Started transferring output files
...
040 (9119923.000.000) 01/22 19:08:41 Finished transferring output files
...
005 (9119923.000.000) 01/22 19:08:41 Job terminated.
	(1) Normal termination (return value 0)
		Usr 0 00:00:03, Sys 0 00:00:01  -  Run Remote Usage
		Usr 0 00:00:00, Sys 0 00:00:00  -  Run Local Usage
		Usr 0 00:00:03, Sys 0 00:00:01  -  Total Remote Usage
		Usr 0 00:00:00, Sys 0 00:00:00  -  Total Local Usage
	6004  -  Run Bytes Sent By Job
	313  -  Run Bytes Received By Job
	6004  -  Total Bytes Sent By Job
	313  -  Total Bytes Received By Job
	Partitionable Resources :    Usage  Request Allocated 
	   Cpus                 :        0        1         1 
	   Disk (KB)            :       29        1      4057 
	   GPUs                 :                           0 
	   Memory (MB)          :        0     3000      3000 
	   TimeExecute (s)      :       13                    
	   TimeSlotBusy (s)     :       15                    

	Job terminated of its own accord at 2026-01-22T18:08:41Z with exit-code 0.
...
