000 (9119925.000.000) 01/22 18:58:07 Job submitted from host: <188.185.6.50:9618?addrs=188.185.6.50-9618+[2001-1458-d00-62--100-2b1]-9618&alias=bigbird25.cern.ch&noUDP&sock=schedd_1627_90ad>
...
040 (9119925.000.000) 01/22 19:08:33 Started transferring input files
	Transferring to host: <188.185.212.227:9618?addrs=188.185.212.227-9618+[2001-1458-303-19--100-5f]-9618&alias=b9p26p8743.cern.ch&noUDP&sock=slot1_18_5335_bd72_93430>
...
040 (9119925.000.000) 01/22 19:08:33 Finished transferring input files
...
001 (9119925.000.000) 01/22 19:08:34 Job executing on host: <188.185.212.227:9618?addrs=188.185.212.227-9618+[2001-1458-303-19--100-5f]-9618&alias=b9p26p8743.cern.ch&noUDP&sock=startd_4305_734d>
	SlotName: slot1_18@b9p26p8743.cern.ch
	CondorScratchDir = "/pool/condor/dir_1310482"
	Cpus = 1
	Disk = 3761
	GPUs = 0
	Memory = 3000
...
006 (9119925.000.000) 01/22 19:08:47 Image size of job updated: 180172
	176  -  MemoryUsage of job (MB)
	180172  -  ResidentSetSize of job (KB)
...
006 (9119925.000.000) 01/22 19:12:18 Image size of job updated: 180188
	176  -  MemoryUsage of job (MB)
	180172  -  ResidentSetSize of job (KB)
...
040 (9119925.000.000) 01/22 19:12:18 Started transferring output files
...
040 (9119925.000.000) 01/22 19:12:19 Finished transferring output files
...
005 (9119925.000.000) 01/22 19:12:19 Job terminated.
	(1) Normal termination (return value 0)
		Usr 0 00:02:17, Sys 0 00:00:03  -  Run Remote Usage
		Usr 0 00:00:00, Sys 0 00:00:00  -  Run Local Usage
		Usr 0 00:02:17, Sys 0 00:00:03  -  Total Remote Usage
		Usr 0 00:00:00, Sys 0 00:00:00  -  Total Local Usage
	10394  -  Run Bytes Sent By Job
	320  -  Run Bytes Received By Job
	10394  -  Total Bytes Sent By Job
	320  -  Total Bytes Received By Job
	Partitionable Resources :    Usage  Request Allocated 
	   Cpus                 :        0        1         1 
	   Disk (KB)            :       34        1      3761 
	   GPUs                 :                           0 
	   Memory (MB)          :      176     3000      3000 
	   TimeExecute (s)      :      224                    
	   TimeSlotBusy (s)     :      227                    

	Job terminated of its own accord at 2026-01-22T18:12:18Z with exit-code 0.
...
