000 (9119926.000.000) 01/22 18:58:08 Job submitted from host: <188.185.6.50:9618?addrs=188.185.6.50-9618+[2001-1458-d00-62--100-2b1]-9618&alias=bigbird25.cern.ch&noUDP&sock=schedd_1627_90ad>
...
040 (9119926.000.000) 01/22 19:08:33 Started transferring input files
	Transferring to host: <188.185.192.17:9618?addrs=188.185.192.17-9618+[2001-1458-303-1f--100-d]-9618&alias=b9p13p1897.cern.ch&noUDP&sock=slot1_22_8756_24dd_126267>
...
040 (9119926.000.000) 01/22 19:08:33 Finished transferring input files
...
001 (9119926.000.000) 01/22 19:08:34 Job executing on host: <188.185.192.17:9618?addrs=188.185.192.17-9618+[2001-1458-303-1f--100-d]-9618&alias=b9p13p1897.cern.ch&noUDP&sock=startd_7603_9aa5>
	SlotName: slot1_22@b9p13p1897.cern.ch
	CondorScratchDir = "/pool/condor/dir_1558709"
	Cpus = 1
	Disk = 3869
	GPUs = 0
	Memory = 3000
...
006 (9119926.000.000) 01/22 19:08:48 Image size of job updated: 68112
	67  -  MemoryUsage of job (MB)
	68112  -  ResidentSetSize of job (KB)
...
006 (9119926.000.000) 01/22 19:10:34 Image size of job updated: 181912
	67  -  MemoryUsage of job (MB)
	68140  -  ResidentSetSize of job (KB)
...
040 (9119926.000.000) 01/22 19:10:34 Started transferring output files
...
040 (9119926.000.000) 01/22 19:10:34 Finished transferring output files
...
005 (9119926.000.000) 01/22 19:10:34 Job terminated.
	(1) Normal termination (return value 0)
		Usr 0 00:01:29, Sys 0 00:00:02  -  Run Remote Usage
		Usr 0 00:00:00, Sys 0 00:00:00  -  Run Local Usage
		Usr 0 00:01:29, Sys 0 00:00:02  -  Total Remote Usage
		Usr 0 00:00:00, Sys 0 00:00:00  -  Total Local Usage
	7622  -  Run Bytes Sent By Job
	320  -  Run Bytes Received By Job
	7622  -  Total Bytes Sent By Job
	320  -  Total Bytes Received By Job
	Partitionable Resources :    Usage  Request Allocated 
	   Cpus                 :     0.86        1         1 
	   Disk (KB)            :    31           1      3869 
	   GPUs                 :                           0 
	   Memory (MB)          :    67        3000      3000 
	   TimeExecute (s)      :   120                       
	   TimeSlotBusy (s)     :   122                       

	Job terminated of its own accord at 2026-01-22T18:10:34Z with exit-code 0.
...
