000 (9119922.000.000) 01/22 18:58:07 Job submitted from host: <188.185.6.50:9618?addrs=188.185.6.50-9618+[2001-1458-d00-62--100-2b1]-9618&alias=bigbird25.cern.ch&noUDP&sock=schedd_1627_90ad>
...
040 (9119922.000.000) 01/22 19:08:37 Started transferring input files
	Transferring to host: <188.185.215.71:9618?addrs=188.185.215.71-9618+[2001-1458-303-1e--100-43]-9618&alias=b9p31p1696.cern.ch&noUDP&sock=slot1_13_9587_a89f_132625>
...
040 (9119922.000.000) 01/22 19:08:37 Finished transferring input files
...
001 (9119922.000.000) 01/22 19:08:38 Job executing on host: <188.185.215.71:9618?addrs=188.185.215.71-9618+[2001-1458-303-1e--100-43]-9618&alias=b9p31p1696.cern.ch&noUDP&sock=startd_8660_9e40>
	SlotName: slot1_13@b9p31p1696.cern.ch
	CondorScratchDir = "/pool/condor/dir_1674857"
	Cpus = 1
	Disk = 3785
	GPUs = 0
	Memory = 3000
...
006 (9119922.000.000) 01/22 19:08:51 Image size of job updated: 201792
	198  -  MemoryUsage of job (MB)
	201792  -  ResidentSetSize of job (KB)
...
006 (9119922.000.000) 01/22 19:09:48 Image size of job updated: 305160
	198  -  MemoryUsage of job (MB)
	201792  -  ResidentSetSize of job (KB)
...
040 (9119922.000.000) 01/22 19:09:48 Started transferring output files
...
040 (9119922.000.000) 01/22 19:09:48 Finished transferring output files
...
005 (9119922.000.000) 01/22 19:09:48 Job terminated.
	(1) Normal termination (return value 0)
		Usr 0 00:00:54, Sys 0 00:00:02  -  Run Remote Usage
		Usr 0 00:00:00, Sys 0 00:00:00  -  Run Local Usage
		Usr 0 00:00:54, Sys 0 00:00:02  -  Total Remote Usage
		Usr 0 00:00:00, Sys 0 00:00:00  -  Total Local Usage
	7601  -  Run Bytes Sent By Job
	313  -  Run Bytes Received By Job
	7601  -  Total Bytes Sent By Job
	313  -  Total Bytes Received By Job
	Partitionable Resources :    Usage  Request Allocated 
	   Cpus                 :        0        1         1 
	   Disk (KB)            :       31        1      3785 
	   GPUs                 :                           0 
	   Memory (MB)          :      198     3000      3000 
	   TimeExecute (s)      :       70                    
	   TimeSlotBusy (s)     :       72                    

	Job terminated of its own accord at 2026-01-22T18:09:48Z with exit-code 0.
...
