000 (9119918.000.000) 01/22 18:58:06 Job submitted from host: <188.185.6.50:9618?addrs=188.185.6.50-9618+[2001-1458-d00-62--100-2b1]-9618&alias=bigbird25.cern.ch&noUDP&sock=schedd_1627_90ad>
...
040 (9119918.000.000) 01/22 19:08:26 Started transferring input files
	Transferring to host: <188.185.206.162:9618?addrs=188.185.206.162-9618+[2001-1458-303-c--100-1f]-9618&alias=b9p06p2957.cern.ch&noUDP&sock=slot1_18_3615011_0754_42426>
...
040 (9119918.000.000) 01/22 19:08:26 Finished transferring input files
...
001 (9119918.000.000) 01/22 19:08:27 Job executing on host: <188.185.206.162:9618?addrs=188.185.206.162-9618+[2001-1458-303-c--100-1f]-9618&alias=b9p06p2957.cern.ch&noUDP&sock=startd_3548_361c>
	SlotName: slot1_18@b9p06p2957.cern.ch
	CondorScratchDir = "/pool/condor/dir_2443418"
	Cpus = 1
	Disk = 3661
	GPUs = 0
	Memory = 3000
...
006 (9119918.000.000) 01/22 19:08:40 Image size of job updated: 143560
	141  -  MemoryUsage of job (MB)
	143560  -  ResidentSetSize of job (KB)
...
006 (9119918.000.000) 01/22 19:08:46 Image size of job updated: 168572
	141  -  MemoryUsage of job (MB)
	143608  -  ResidentSetSize of job (KB)
...
040 (9119918.000.000) 01/22 19:08:46 Started transferring output files
...
040 (9119918.000.000) 01/22 19:08:46 Finished transferring output files
...
005 (9119918.000.000) 01/22 19:08:46 Job terminated.
	(1) Normal termination (return value 0)
		Usr 0 00:00:08, Sys 0 00:00:02  -  Run Remote Usage
		Usr 0 00:00:00, Sys 0 00:00:00  -  Run Local Usage
		Usr 0 00:00:08, Sys 0 00:00:02  -  Total Remote Usage
		Usr 0 00:00:00, Sys 0 00:00:00  -  Total Local Usage
	6262  -  Run Bytes Sent By Job
	314  -  Run Bytes Received By Job
	6262  -  Total Bytes Sent By Job
	314  -  Total Bytes Received By Job
	Partitionable Resources :    Usage  Request Allocated 
	   Cpus                 :        0        1         1 
	   Disk (KB)            :       33        1      3661 
	   GPUs                 :                           0 
	   Memory (MB)          :      141     3000      3000 
	   TimeExecute (s)      :       19                    
	   TimeSlotBusy (s)     :       21                    

	Job terminated of its own accord at 2026-01-22T18:08:46Z with exit-code 0.
...
