000 (9119928.000.000) 01/22 18:58:08 Job submitted from host: <188.185.6.50:9618?addrs=188.185.6.50-9618+[2001-1458-d00-62--100-2b1]-9618&alias=bigbird25.cern.ch&noUDP&sock=schedd_1627_90ad>
...
040 (9119928.000.000) 01/22 19:08:34 Started transferring input files
	Transferring to host: <188.185.195.19:9618?addrs=188.185.195.19-9618+[2001-1458-303-22--100-f]-9618&alias=b9p17p5825.cern.ch&noUDP&sock=slot1_9_5523_33fa_122329>
...
040 (9119928.000.000) 01/22 19:08:34 Finished transferring input files
...
001 (9119928.000.000) 01/22 19:08:35 Job executing on host: <188.185.195.19:9618?addrs=188.185.195.19-9618+[2001-1458-303-22--100-f]-9618&alias=b9p17p5825.cern.ch&noUDP&sock=startd_4338_15ed>
	SlotName: slot1_9@b9p17p5825.cern.ch
	CondorScratchDir = "/pool/condor/dir_711099"
	Cpus = 1
	Disk = 3910
	GPUs = 0
	Memory = 3000
...
006 (9119928.000.000) 01/22 19:08:48 Image size of job updated: 130668
	128  -  MemoryUsage of job (MB)
	130668  -  ResidentSetSize of job (KB)
...
006 (9119928.000.000) 01/22 19:09:20 Image size of job updated: 265320
	128  -  MemoryUsage of job (MB)
	130696  -  ResidentSetSize of job (KB)
...
040 (9119928.000.000) 01/22 19:09:20 Started transferring output files
...
040 (9119928.000.000) 01/22 19:09:20 Finished transferring output files
...
005 (9119928.000.000) 01/22 19:09:20 Job terminated.
	(1) Normal termination (return value 0)
		Usr 0 00:00:33, Sys 0 00:00:02  -  Run Remote Usage
		Usr 0 00:00:00, Sys 0 00:00:00  -  Run Local Usage
		Usr 0 00:00:33, Sys 0 00:00:02  -  Total Remote Usage
		Usr 0 00:00:00, Sys 0 00:00:00  -  Total Local Usage
	6616  -  Run Bytes Sent By Job
	313  -  Run Bytes Received By Job
	6616  -  Total Bytes Sent By Job
	313  -  Total Bytes Received By Job
	Partitionable Resources :    Usage  Request Allocated 
	   Cpus                 :        0        1         1 
	   Disk (KB)            :       30        1      3910 
	   GPUs                 :                           0 
	   Memory (MB)          :      128     3000      3000 
	   TimeExecute (s)      :       45                    
	   TimeSlotBusy (s)     :       47                    

	Job terminated of its own accord at 2026-01-22T18:09:20Z with exit-code 0.
...
