000 (9119933.000.000) 01/22 18:58:10 Job submitted from host: <188.185.6.50:9618?addrs=188.185.6.50-9618+[2001-1458-d00-62--100-2b1]-9618&alias=bigbird25.cern.ch&noUDP&sock=schedd_1627_90ad>
...
040 (9119933.000.000) 01/22 19:08:28 Started transferring input files
	Transferring to host: <188.185.210.200:9618?addrs=188.185.210.200-9618+[2001-1458-303-15--100-44]-9618&alias=b9p22p1993.cern.ch&noUDP&sock=slot1_13_4244_0826_158767>
...
040 (9119933.000.000) 01/22 19:08:28 Finished transferring input files
...
001 (9119933.000.000) 01/22 19:08:29 Job executing on host: <188.185.210.200:9618?addrs=188.185.210.200-9618+[2001-1458-303-15--100-44]-9618&alias=b9p22p1993.cern.ch&noUDP&sock=startd_3578_c9f3>
	SlotName: slot1_13@b9p22p1993.cern.ch
	CondorScratchDir = "/pool/condor/dir_1990413"
	Cpus = 1
	Disk = 3756
	GPUs = 0
	Memory = 3000
...
006 (9119933.000.000) 01/22 19:08:42 Image size of job updated: 129532
	127  -  MemoryUsage of job (MB)
	129532  -  ResidentSetSize of job (KB)
...
040 (9119933.000.000) 01/22 19:08:44 Started transferring output files
...
040 (9119933.000.000) 01/22 19:08:44 Finished transferring output files
...
005 (9119933.000.000) 01/22 19:08:44 Job terminated.
	(1) Normal termination (return value 0)
		Usr 0 00:00:03, Sys 0 00:00:02  -  Run Remote Usage
		Usr 0 00:00:00, Sys 0 00:00:00  -  Run Local Usage
		Usr 0 00:00:03, Sys 0 00:00:02  -  Total Remote Usage
		Usr 0 00:00:00, Sys 0 00:00:00  -  Total Local Usage
	5988  -  Run Bytes Sent By Job
	312  -  Run Bytes Received By Job
	5988  -  Total Bytes Sent By Job
	312  -  Total Bytes Received By Job
	Partitionable Resources :    Usage  Request Allocated 
	   Cpus                 :        0        1         1 
	   Disk (KB)            :       29        1      3756 
	   GPUs                 :                           0 
	   Memory (MB)          :      127     3000      3000 
	   TimeExecute (s)      :       15                    
	   TimeSlotBusy (s)     :       16                    

	Job terminated of its own accord at 2026-01-22T18:08:44Z with exit-code 0.
...
