000 (9119930.000.000) 01/22 18:58:09 Job submitted from host: <188.185.6.50:9618?addrs=188.185.6.50-9618+[2001-1458-d00-62--100-2b1]-9618&alias=bigbird25.cern.ch&noUDP&sock=schedd_1627_90ad>
...
040 (9119930.000.000) 01/22 19:08:34 Started transferring input files
	Transferring to host: <188.185.195.64:9618?addrs=188.185.195.64-9618+[2001-1458-303-22--100-3c]-9618&alias=b9p17p2560.cern.ch&noUDP&sock=slot1_46_2719985_3e68_48072>
...
040 (9119930.000.000) 01/22 19:08:34 Finished transferring input files
...
001 (9119930.000.000) 01/22 19:08:35 Job executing on host: <188.185.195.64:9618?addrs=188.185.195.64-9618+[2001-1458-303-22--100-3c]-9618&alias=b9p17p2560.cern.ch&noUDP&sock=startd_2990_7843>
	SlotName: slot1_46@b9p17p2560.cern.ch
	CondorScratchDir = "/pool/condor/dir_2655133"
	Cpus = 1
	Disk = 3829
	GPUs = 0
	Memory = 3000
...
006 (9119930.000.000) 01/22 19:08:48 Image size of job updated: 142988
	140  -  MemoryUsage of job (MB)
	142988  -  ResidentSetSize of job (KB)
...
006 (9119930.000.000) 01/22 19:10:29 Image size of job updated: 173460
	140  -  MemoryUsage of job (MB)
	143000  -  ResidentSetSize of job (KB)
...
040 (9119930.000.000) 01/22 19:10:29 Started transferring output files
...
040 (9119930.000.000) 01/22 19:10:29 Finished transferring output files
...
005 (9119930.000.000) 01/22 19:10:29 Job terminated.
	(1) Normal termination (return value 0)
		Usr 0 00:01:27, Sys 0 00:00:02  -  Run Remote Usage
		Usr 0 00:00:00, Sys 0 00:00:00  -  Run Local Usage
		Usr 0 00:01:27, Sys 0 00:00:02  -  Total Remote Usage
		Usr 0 00:00:00, Sys 0 00:00:00  -  Total Local Usage
	7373  -  Run Bytes Sent By Job
	312  -  Run Bytes Received By Job
	7373  -  Total Bytes Sent By Job
	312  -  Total Bytes Received By Job
	Partitionable Resources :    Usage  Request Allocated 
	   Cpus                 :        0        1         1 
	   Disk (KB)            :       31        1      3829 
	   GPUs                 :                           0 
	   Memory (MB)          :      140     3000      3000 
	   TimeExecute (s)      :      114                    
	   TimeSlotBusy (s)     :      116                    

	Job terminated of its own accord at 2026-01-22T18:10:29Z with exit-code 0.
...
