000 (9119931.000.000) 01/22 18:58:09 Job submitted from host: <188.185.6.50:9618?addrs=188.185.6.50-9618+[2001-1458-d00-62--100-2b1]-9618&alias=bigbird25.cern.ch&noUDP&sock=schedd_1627_90ad>
...
040 (9119931.000.000) 01/22 19:08:34 Started transferring input files
	Transferring to host: <188.185.210.140:9618?addrs=188.185.210.140-9618+[2001-1458-303-15--100-8]-9618&alias=b9p22p7590.cern.ch&noUDP&sock=slot1_14_4538_2e72_160333>
...
040 (9119931.000.000) 01/22 19:08:34 Finished transferring input files
...
001 (9119931.000.000) 01/22 19:08:35 Job executing on host: <188.185.210.140:9618?addrs=188.185.210.140-9618+[2001-1458-303-15--100-8]-9618&alias=b9p22p7590.cern.ch&noUDP&sock=startd_3857_28df>
	SlotName: slot1_14@b9p22p7590.cern.ch
	CondorScratchDir = "/pool/condor/dir_311223"
	Cpus = 1
	Disk = 3763
	GPUs = 0
	Memory = 3000
...
006 (9119931.000.000) 01/22 19:08:46 Image size of job updated: 134632
	0  -  MemoryUsage of job (MB)
	0  -  ResidentSetSize of job (KB)
...
040 (9119931.000.000) 01/22 19:08:46 Started transferring output files
...
040 (9119931.000.000) 01/22 19:08:46 Finished transferring output files
...
005 (9119931.000.000) 01/22 19:08:46 Job terminated.
	(1) Normal termination (return value 0)
		Usr 0 00:00:02, Sys 0 00:00:01  -  Run Remote Usage
		Usr 0 00:00:00, Sys 0 00:00:00  -  Run Local Usage
		Usr 0 00:00:02, Sys 0 00:00:01  -  Total Remote Usage
		Usr 0 00:00:00, Sys 0 00:00:00  -  Total Local Usage
	5988  -  Run Bytes Sent By Job
	312  -  Run Bytes Received By Job
	5988  -  Total Bytes Sent By Job
	312  -  Total Bytes Received By Job
	Partitionable Resources :    Usage  Request Allocated 
	   Cpus                 :        0        1         1 
	   Disk (KB)            :       29        1      3763 
	   GPUs                 :                           0 
	   Memory (MB)          :        0     3000      3000 
	   TimeExecute (s)      :       11                    
	   TimeSlotBusy (s)     :       13                    

	Job terminated of its own accord at 2026-01-22T18:08:46Z with exit-code 0.
...
