000 (9119937.000.000) 01/22 18:58:10 Job submitted from host: <188.185.6.50:9618?addrs=188.185.6.50-9618+[2001-1458-d00-62--100-2b1]-9618&alias=bigbird25.cern.ch&noUDP&sock=schedd_1627_90ad>
...
040 (9119937.000.000) 01/22 19:08:36 Started transferring input files
	Transferring to host: <128.142.51.209:9618?addrs=128.142.51.209-9618+[2001-1458-301-3--100-e]-9618&alias=b9g02p0891.cern.ch&noUDP&sock=slot1_5_7315_d443_128550>
...
040 (9119937.000.000) 01/22 19:08:36 Finished transferring input files
...
001 (9119937.000.000) 01/22 19:08:37 Job executing on host: <128.142.51.209:9618?addrs=128.142.51.209-9618+[2001-1458-301-3--100-e]-9618&alias=b9g02p0891.cern.ch&noUDP&sock=startd_5622_cd88>
	SlotName: slot1_5@b9g02p0891.cern.ch
	CondorScratchDir = "/pool/condor/dir_2945959"
	Cpus = 1
	Disk = 3835
	GPUs = 0
	Memory = 3000
...
006 (9119937.000.000) 01/22 19:08:51 Image size of job updated: 161304
	158  -  MemoryUsage of job (MB)
	161304  -  ResidentSetSize of job (KB)
...
040 (9119937.000.000) 01/22 19:08:51 Started transferring output files
...
040 (9119937.000.000) 01/22 19:08:51 Finished transferring output files
...
005 (9119937.000.000) 01/22 19:08:51 Job terminated.
	(1) Normal termination (return value 0)
		Usr 0 00:00:04, Sys 0 00:00:01  -  Run Remote Usage
		Usr 0 00:00:00, Sys 0 00:00:00  -  Run Local Usage
		Usr 0 00:00:04, Sys 0 00:00:01  -  Total Remote Usage
		Usr 0 00:00:00, Sys 0 00:00:00  -  Total Local Usage
	5988  -  Run Bytes Sent By Job
	312  -  Run Bytes Received By Job
	5988  -  Total Bytes Sent By Job
	312  -  Total Bytes Received By Job
	Partitionable Resources :    Usage  Request Allocated 
	   Cpus                 :        0        1         1 
	   Disk (KB)            :       29        1      3835 
	   GPUs                 :                           0 
	   Memory (MB)          :      158     3000      3000 
	   TimeExecute (s)      :       14                    
	   TimeSlotBusy (s)     :       16                    

	Job terminated of its own accord at 2026-01-22T18:08:51Z with exit-code 0.
...
