000 (9119934.000.000) 01/22 18:58:10 Job submitted from host: <188.185.6.50:9618?addrs=188.185.6.50-9618+[2001-1458-d00-62--100-2b1]-9618&alias=bigbird25.cern.ch&noUDP&sock=schedd_1627_90ad>
...
040 (9119934.000.000) 01/22 19:08:35 Started transferring input files
	Transferring to host: <188.185.214.83:9618?addrs=188.185.214.83-9618+[2001-1458-303-1c--100-4f]-9618&alias=b9p29p0726.cern.ch&noUDP&sock=slot1_11_41573_b074_60176>
...
040 (9119934.000.000) 01/22 19:08:35 Finished transferring input files
...
001 (9119934.000.000) 01/22 19:08:36 Job executing on host: <188.185.214.83:9618?addrs=188.185.214.83-9618+[2001-1458-303-1c--100-4f]-9618&alias=b9p29p0726.cern.ch&noUDP&sock=startd_41452_33e0>
	SlotName: slot1_11@b9p29p0726.cern.ch
	CondorScratchDir = "/pool/condor/dir_1047398"
	Cpus = 1
	Disk = 3672
	GPUs = 0
	Memory = 3000
...
006 (9119934.000.000) 01/22 19:08:49 Image size of job updated: 173732
	170  -  MemoryUsage of job (MB)
	173732  -  ResidentSetSize of job (KB)
...
006 (9119934.000.000) 01/22 19:10:05 Image size of job updated: 226392
	170  -  MemoryUsage of job (MB)
	173732  -  ResidentSetSize of job (KB)
...
040 (9119934.000.000) 01/22 19:10:05 Started transferring output files
...
040 (9119934.000.000) 01/22 19:10:05 Finished transferring output files
...
005 (9119934.000.000) 01/22 19:10:05 Job terminated.
	(1) Normal termination (return value 0)
		Usr 0 00:00:56, Sys 0 00:00:02  -  Run Remote Usage
		Usr 0 00:00:00, Sys 0 00:00:00  -  Run Local Usage
		Usr 0 00:00:56, Sys 0 00:00:02  -  Total Remote Usage
		Usr 0 00:00:00, Sys 0 00:00:00  -  Total Local Usage
	8016  -  Run Bytes Sent By Job
	313  -  Run Bytes Received By Job
	8016  -  Total Bytes Sent By Job
	313  -  Total Bytes Received By Job
	Partitionable Resources :    Usage  Request Allocated 
	   Cpus                 :        0        1         1 
	   Disk (KB)            :       31        1      3672 
	   GPUs                 :                           0 
	   Memory (MB)          :      170     3000      3000 
	   TimeExecute (s)      :       89                    
	   TimeSlotBusy (s)     :       91                    

	Job terminated of its own accord at 2026-01-22T18:10:05Z with exit-code 0.
...
