000 (9119935.000.000) 01/22 18:58:10 Job submitted from host: <188.185.6.50:9618?addrs=188.185.6.50-9618+[2001-1458-d00-62--100-2b1]-9618&alias=bigbird25.cern.ch&noUDP&sock=schedd_1627_90ad>
...
040 (9119935.000.000) 01/22 19:08:35 Started transferring input files
	Transferring to host: <188.185.208.93:9618?addrs=188.185.208.93-9618+[2001-1458-303-f--100-5a]-9618&alias=b9p09p3861.cern.ch&noUDP&sock=slot1_37_5721_b642_114915>
...
040 (9119935.000.000) 01/22 19:08:35 Finished transferring input files
...
001 (9119935.000.000) 01/22 19:08:36 Job executing on host: <188.185.208.93:9618?addrs=188.185.208.93-9618+[2001-1458-303-f--100-5a]-9618&alias=b9p09p3861.cern.ch&noUDP&sock=startd_4798_9b7e>
	SlotName: slot1_37@b9p09p3861.cern.ch
	CondorScratchDir = "/pool/condor/dir_1843152"
	Cpus = 1
	Disk = 3559
	GPUs = 0
	Memory = 3000
...
006 (9119935.000.000) 01/22 19:08:50 Image size of job updated: 154248
	151  -  MemoryUsage of job (MB)
	154248  -  ResidentSetSize of job (KB)
...
040 (9119935.000.000) 01/22 19:08:50 Started transferring output files
...
040 (9119935.000.000) 01/22 19:08:50 Finished transferring output files
...
005 (9119935.000.000) 01/22 19:08:50 Job terminated.
	(1) Normal termination (return value 0)
		Usr 0 00:00:03, Sys 0 00:00:02  -  Run Remote Usage
		Usr 0 00:00:00, Sys 0 00:00:00  -  Run Local Usage
		Usr 0 00:00:03, Sys 0 00:00:02  -  Total Remote Usage
		Usr 0 00:00:00, Sys 0 00:00:00  -  Total Local Usage
	5990  -  Run Bytes Sent By Job
	313  -  Run Bytes Received By Job
	5990  -  Total Bytes Sent By Job
	313  -  Total Bytes Received By Job
	Partitionable Resources :    Usage  Request Allocated 
	   Cpus                 :        0        1         1 
	   Disk (KB)            :       33        1      3559 
	   GPUs                 :                           0 
	   Memory (MB)          :      151     3000      3000 
	   TimeExecute (s)      :       14                    
	   TimeSlotBusy (s)     :       16                    

	Job terminated of its own accord at 2026-01-22T18:08:50Z with exit-code 0.
...
