000 (9119936.000.000) 01/22 18:58:10 Job submitted from host: <188.185.6.50:9618?addrs=188.185.6.50-9618+[2001-1458-d00-62--100-2b1]-9618&alias=bigbird25.cern.ch&noUDP&sock=schedd_1627_90ad>
...
040 (9119936.000.000) 01/22 19:08:37 Started transferring input files
	Transferring to host: <188.185.192.156:9618?addrs=188.185.192.156-9618+[2001-1458-303-1f--100-98]-9618&alias=b9p13p3671.cern.ch&noUDP&sock=slot1_7_5921_a14a_125356>
...
040 (9119936.000.000) 01/22 19:08:37 Finished transferring input files
...
001 (9119936.000.000) 01/22 19:08:38 Job executing on host: <188.185.192.156:9618?addrs=188.185.192.156-9618+[2001-1458-303-1f--100-98]-9618&alias=b9p13p3671.cern.ch&noUDP&sock=startd_4202_cd0c>
	SlotName: slot1_7@b9p13p3671.cern.ch
	CondorScratchDir = "/pool/condor/dir_1534701"
	Cpus = 1
	Disk = 3925
	GPUs = 0
	Memory = 3000
...
006 (9119936.000.000) 01/22 19:08:52 Image size of job updated: 149236
	146  -  MemoryUsage of job (MB)
	149236  -  ResidentSetSize of job (KB)
...
006 (9119936.000.000) 01/22 19:10:38 Image size of job updated: 257828
	146  -  MemoryUsage of job (MB)
	149236  -  ResidentSetSize of job (KB)
...
040 (9119936.000.000) 01/22 19:10:38 Started transferring output files
...
040 (9119936.000.000) 01/22 19:10:38 Finished transferring output files
...
005 (9119936.000.000) 01/22 19:10:38 Job terminated.
	(1) Normal termination (return value 0)
		Usr 0 00:01:31, Sys 0 00:00:02  -  Run Remote Usage
		Usr 0 00:00:00, Sys 0 00:00:00  -  Run Local Usage
		Usr 0 00:01:31, Sys 0 00:00:02  -  Total Remote Usage
		Usr 0 00:00:00, Sys 0 00:00:00  -  Total Local Usage
	7533  -  Run Bytes Sent By Job
	312  -  Run Bytes Received By Job
	7533  -  Total Bytes Sent By Job
	312  -  Total Bytes Received By Job
	Partitionable Resources :    Usage  Request Allocated 
	   Cpus                 :        0        1         1 
	   Disk (KB)            :       31        1      3925 
	   GPUs                 :                           0 
	   Memory (MB)          :      146     3000      3000 
	   TimeExecute (s)      :      120                    
	   TimeSlotBusy (s)     :      123                    

	Job terminated of its own accord at 2026-01-22T18:10:38Z with exit-code 0.
...
