000 (9119051.000.000) 01/22 16:30:47 Job submitted from host: <188.185.6.50:9618?addrs=188.185.6.50-9618+[2001-1458-d00-62--100-2b1]-9618&alias=bigbird25.cern.ch&noUDP&sock=schedd_1627_90ad>
...
040 (9119051.000.000) 01/22 16:34:28 Started transferring input files
	Transferring to host: <188.185.192.116:9618?addrs=188.185.192.116-9618+[2001-1458-303-1f--100-70]-9618&alias=b9p13p2423.cern.ch&noUDP&sock=slot1_21_7620_baaf_127310>
...
040 (9119051.000.000) 01/22 16:34:28 Finished transferring input files
...
001 (9119051.000.000) 01/22 16:34:29 Job executing on host: <188.185.192.116:9618?addrs=188.185.192.116-9618+[2001-1458-303-1f--100-70]-9618&alias=b9p13p2423.cern.ch&noUDP&sock=startd_6350_267a>
	SlotName: slot1_21@b9p13p2423.cern.ch
	CondorScratchDir = "/pool/condor/dir_2099907"
	Cpus = 1
	Disk = 3788
	GPUs = 0
	Memory = 3000
...
006 (9119051.000.000) 01/22 16:34:43 Image size of job updated: 153348
	150  -  MemoryUsage of job (MB)
	153348  -  ResidentSetSize of job (KB)
...
006 (9119051.000.000) 01/22 16:38:56 Image size of job updated: 445168
	151  -  MemoryUsage of job (MB)
	153728  -  ResidentSetSize of job (KB)
...
040 (9119051.000.000) 01/22 16:38:56 Started transferring output files
...
040 (9119051.000.000) 01/22 16:38:56 Finished transferring output files
...
005 (9119051.000.000) 01/22 16:38:56 Job terminated.
	(1) Normal termination (return value 0)
		Usr 0 00:03:40, Sys 0 00:00:03  -  Run Remote Usage
		Usr 0 00:00:00, Sys 0 00:00:00  -  Run Local Usage
		Usr 0 00:03:40, Sys 0 00:00:03  -  Total Remote Usage
		Usr 0 00:00:00, Sys 0 00:00:00  -  Total Local Usage
	9717  -  Run Bytes Sent By Job
	319  -  Run Bytes Received By Job
	9717  -  Total Bytes Sent By Job
	319  -  Total Bytes Received By Job
	Partitionable Resources :    Usage  Request Allocated 
	   Cpus                 :        0        1         1 
	   Disk (KB)            :       33        1      3788 
	   GPUs                 :                           0 
	   Memory (MB)          :      151     3000      3000 
	   TimeExecute (s)      :      267                    
	   TimeSlotBusy (s)     :      269                    

	Job terminated of its own accord at 2026-01-22T15:38:56Z with exit-code 0.
...
