000 (9119049.000.000) 01/22 16:30:47 Job submitted from host: <188.185.6.50:9618?addrs=188.185.6.50-9618+[2001-1458-d00-62--100-2b1]-9618&alias=bigbird25.cern.ch&noUDP&sock=schedd_1627_90ad>
...
040 (9119049.000.000) 01/22 16:34:27 Started transferring input files
	Transferring to host: <188.185.212.60:9618?addrs=188.185.212.60-9618+[2001-1458-303-18--100-38]-9618&alias=b9p25p5962.cern.ch&noUDP&sock=slot1_25_4316_c329_131804>
...
040 (9119049.000.000) 01/22 16:34:27 Finished transferring input files
...
001 (9119049.000.000) 01/22 16:34:28 Job executing on host: <188.185.212.60:9618?addrs=188.185.212.60-9618+[2001-1458-303-18--100-38]-9618&alias=b9p25p5962.cern.ch&noUDP&sock=startd_3640_50d2>
	SlotName: slot1_25@b9p25p5962.cern.ch
	CondorScratchDir = "/pool/condor/dir_1147130"
	Cpus = 1
	Disk = 3793
	GPUs = 0
	Memory = 3000
...
006 (9119049.000.000) 01/22 16:34:42 Image size of job updated: 21308
	21  -  MemoryUsage of job (MB)
	21308  -  ResidentSetSize of job (KB)
...
006 (9119049.000.000) 01/22 16:39:43 Image size of job updated: 445176
	314  -  MemoryUsage of job (MB)
	320612  -  ResidentSetSize of job (KB)
...
040 (9119049.000.000) 01/22 16:40:52 Started transferring output files
...
040 (9119049.000.000) 01/22 16:40:52 Finished transferring output files
...
005 (9119049.000.000) 01/22 16:40:53 Job terminated.
	(1) Normal termination (return value 0)
		Usr 0 00:03:47, Sys 0 00:00:04  -  Run Remote Usage
		Usr 0 00:00:00, Sys 0 00:00:00  -  Run Local Usage
		Usr 0 00:03:47, Sys 0 00:00:04  -  Total Remote Usage
		Usr 0 00:00:00, Sys 0 00:00:00  -  Total Local Usage
	10267  -  Run Bytes Sent By Job
	319  -  Run Bytes Received By Job
	10267  -  Total Bytes Sent By Job
	319  -  Total Bytes Received By Job
	Partitionable Resources :    Usage  Request Allocated 
	   Cpus                 :     0.04        1         1 
	   Disk (KB)            :    34           1      3793 
	   GPUs                 :                           0 
	   Memory (MB)          :   314        3000      3000 
	   TimeExecute (s)      :   384                       
	   TimeSlotBusy (s)     :   385                       

	Job terminated of its own accord at 2026-01-22T15:40:52Z with exit-code 0.
...
