000 (9119052.000.000) 01/22 16:30:47 Job submitted from host: <188.185.6.50:9618?addrs=188.185.6.50-9618+[2001-1458-d00-62--100-2b1]-9618&alias=bigbird25.cern.ch&noUDP&sock=schedd_1627_90ad>
...
040 (9119052.000.000) 01/22 16:34:29 Started transferring input files
	Transferring to host: <188.185.213.172:9618?addrs=188.185.213.172-9618+[2001-1458-303-1b--100-28]-9618&alias=b9p28p9572.cern.ch&noUDP&sock=slot1_13_3543_1d29_128015>
...
040 (9119052.000.000) 01/22 16:34:29 Finished transferring input files
...
001 (9119052.000.000) 01/22 16:34:30 Job executing on host: <188.185.213.172:9618?addrs=188.185.213.172-9618+[2001-1458-303-1b--100-28]-9618&alias=b9p28p9572.cern.ch&noUDP&sock=startd_3029_3874>
	SlotName: slot1_13@b9p28p9572.cern.ch
	CondorScratchDir = "/pool/condor/dir_2358836"
	Cpus = 1
	Disk = 3769
	GPUs = 0
	Memory = 3000
...
006 (9119052.000.000) 01/22 16:34:44 Image size of job updated: 131700
	129  -  MemoryUsage of job (MB)
	131700  -  ResidentSetSize of job (KB)
...
006 (9119052.000.000) 01/22 16:34:46 Image size of job updated: 149616
	129  -  MemoryUsage of job (MB)
	131700  -  ResidentSetSize of job (KB)
...
040 (9119052.000.000) 01/22 16:34:47 Started transferring output files
...
040 (9119052.000.000) 01/22 16:34:47 Finished transferring output files
...
005 (9119052.000.000) 01/22 16:34:47 Job terminated.
	(1) Normal termination (return value 0)
		Usr 0 00:00:03, Sys 0 00:00:01  -  Run Remote Usage
		Usr 0 00:00:00, Sys 0 00:00:00  -  Run Local Usage
		Usr 0 00:00:03, Sys 0 00:00:01  -  Total Remote Usage
		Usr 0 00:00:00, Sys 0 00:00:00  -  Total Local Usage
	6014  -  Run Bytes Sent By Job
	319  -  Run Bytes Received By Job
	6014  -  Total Bytes Sent By Job
	319  -  Total Bytes Received By Job
	Partitionable Resources :    Usage  Request Allocated 
	   Cpus                 :        0        1         1 
	   Disk (KB)            :       29        1      3769 
	   GPUs                 :                           0 
	   Memory (MB)          :      129     3000      3000 
	   TimeExecute (s)      :       16                    
	   TimeSlotBusy (s)     :       19                    

	Job terminated of its own accord at 2026-01-22T15:34:46Z with exit-code 0.
...
