000 (9119042.000.000) 01/22 16:30:45 Job submitted from host: <188.185.6.50:9618?addrs=188.185.6.50-9618+[2001-1458-d00-62--100-2b1]-9618&alias=bigbird25.cern.ch&noUDP&sock=schedd_1627_90ad>
...
040 (9119042.000.000) 01/22 16:34:32 Started transferring input files
	Transferring to host: <188.185.192.180:9618?addrs=188.185.192.180-9618+[2001-1458-303-1f--100-b0]-9618&alias=b9p13p0492.cern.ch&noUDP&sock=slot1_41_7828_48b7_127390>
...
040 (9119042.000.000) 01/22 16:34:32 Finished transferring input files
...
001 (9119042.000.000) 01/22 16:34:33 Job executing on host: <188.185.192.180:9618?addrs=188.185.192.180-9618+[2001-1458-303-1f--100-b0]-9618&alias=b9p13p0492.cern.ch&noUDP&sock=startd_6601_50bf>
	SlotName: slot1_41@b9p13p0492.cern.ch
	CondorScratchDir = "/pool/condor/dir_2720879"
	Cpus = 1
	Disk = 3705
	GPUs = 0
	Memory = 3000
...
006 (9119042.000.000) 01/22 16:34:47 Image size of job updated: 125804
	123  -  MemoryUsage of job (MB)
	125804  -  ResidentSetSize of job (KB)
...
006 (9119042.000.000) 01/22 16:37:09 Image size of job updated: 246752
	124  -  MemoryUsage of job (MB)
	126300  -  ResidentSetSize of job (KB)
...
040 (9119042.000.000) 01/22 16:37:09 Started transferring output files
...
040 (9119042.000.000) 01/22 16:37:09 Finished transferring output files
...
005 (9119042.000.000) 01/22 16:37:09 Job terminated.
	(1) Normal termination (return value 0)
		Usr 0 00:01:58, Sys 0 00:00:02  -  Run Remote Usage
		Usr 0 00:00:00, Sys 0 00:00:00  -  Run Local Usage
		Usr 0 00:01:58, Sys 0 00:00:02  -  Total Remote Usage
		Usr 0 00:00:00, Sys 0 00:00:00  -  Total Local Usage
	8290  -  Run Bytes Sent By Job
	323  -  Run Bytes Received By Job
	8290  -  Total Bytes Sent By Job
	323  -  Total Bytes Received By Job
	Partitionable Resources :    Usage  Request Allocated 
	   Cpus                 :        0        1         1 
	   Disk (KB)            :       32        1      3705 
	   GPUs                 :                           0 
	   Memory (MB)          :      124     3000      3000 
	   TimeExecute (s)      :      156                    
	   TimeSlotBusy (s)     :      158                    

	Job terminated of its own accord at 2026-01-22T15:37:09Z with exit-code 0.
...
