000 (9119041.000.000) 01/22 16:30:44 Job submitted from host: <188.185.6.50:9618?addrs=188.185.6.50-9618+[2001-1458-d00-62--100-2b1]-9618&alias=bigbird25.cern.ch&noUDP&sock=schedd_1627_90ad>
...
040 (9119041.000.000) 01/22 16:34:26 Started transferring input files
	Transferring to host: <128.142.33.209:9618?addrs=128.142.33.209-9618+[2001-1458-301-39--100-e]-9618&alias=b9g24p9133.cern.ch&noUDP&sock=slot1_12_4893_4fa0_134545>
...
040 (9119041.000.000) 01/22 16:34:26 Finished transferring input files
...
001 (9119041.000.000) 01/22 16:34:27 Job executing on host: <128.142.33.209:9618?addrs=128.142.33.209-9618+[2001-1458-301-39--100-e]-9618&alias=b9g24p9133.cern.ch&noUDP&sock=startd_4066_842a>
	SlotName: slot1_12@b9g24p9133.cern.ch
	CondorScratchDir = "/pool/condor/dir_898740"
	Cpus = 1
	Disk = 3806
	GPUs = 0
	Memory = 3000
...
006 (9119041.000.000) 01/22 16:34:41 Image size of job updated: 172284
	169  -  MemoryUsage of job (MB)
	172284  -  ResidentSetSize of job (KB)
...
006 (9119041.000.000) 01/22 16:35:18 Image size of job updated: 241272
	169  -  MemoryUsage of job (MB)
	172284  -  ResidentSetSize of job (KB)
...
040 (9119041.000.000) 01/22 16:35:18 Started transferring output files
...
040 (9119041.000.000) 01/22 16:35:18 Finished transferring output files
...
005 (9119041.000.000) 01/22 16:35:18 Job terminated.
	(1) Normal termination (return value 0)
		Usr 0 00:00:34, Sys 0 00:00:02  -  Run Remote Usage
		Usr 0 00:00:00, Sys 0 00:00:00  -  Run Local Usage
		Usr 0 00:00:34, Sys 0 00:00:02  -  Total Remote Usage
		Usr 0 00:00:00, Sys 0 00:00:00  -  Total Local Usage
	6991  -  Run Bytes Sent By Job
	323  -  Run Bytes Received By Job
	6991  -  Total Bytes Sent By Job
	323  -  Total Bytes Received By Job
	Partitionable Resources :    Usage  Request Allocated 
	   Cpus                 :        0        1         1 
	   Disk (KB)            :       30        1      3806 
	   GPUs                 :                           0 
	   Memory (MB)          :      169     3000      3000 
	   TimeExecute (s)      :       51                    
	   TimeSlotBusy (s)     :       53                    

	Job terminated of its own accord at 2026-01-22T15:35:18Z with exit-code 0.
...
