000 (9119044.000.000) 01/22 16:30:45 Job submitted from host: <188.185.6.50:9618?addrs=188.185.6.50-9618+[2001-1458-d00-62--100-2b1]-9618&alias=bigbird25.cern.ch&noUDP&sock=schedd_1627_90ad>
...
040 (9119044.000.000) 01/22 16:34:25 Started transferring input files
	Transferring to host: <188.185.215.74:9618?addrs=188.185.215.74-9618+[2001-1458-303-1e--100-46]-9618&alias=b9p31p1177.cern.ch&noUDP&sock=slot1_16_4588_6934_133719>
...
040 (9119044.000.000) 01/22 16:34:25 Finished transferring input files
...
001 (9119044.000.000) 01/22 16:34:26 Job executing on host: <188.185.215.74:9618?addrs=188.185.215.74-9618+[2001-1458-303-1e--100-46]-9618&alias=b9p31p1177.cern.ch&noUDP&sock=startd_3877_e0c4>
	SlotName: slot1_16@b9p31p1177.cern.ch
	CondorScratchDir = "/pool/condor/dir_1858316"
	Cpus = 1
	Disk = 3833
	GPUs = 0
	Memory = 3000
...
006 (9119044.000.000) 01/22 16:34:40 Image size of job updated: 187028
	183  -  MemoryUsage of job (MB)
	187028  -  ResidentSetSize of job (KB)
...
006 (9119044.000.000) 01/22 16:35:11 Image size of job updated: 205576
	183  -  MemoryUsage of job (MB)
	187028  -  ResidentSetSize of job (KB)
...
040 (9119044.000.000) 01/22 16:35:11 Started transferring output files
...
040 (9119044.000.000) 01/22 16:35:11 Finished transferring output files
...
005 (9119044.000.000) 01/22 16:35:11 Job terminated.
	(1) Normal termination (return value 0)
		Usr 0 00:00:31, Sys 0 00:00:02  -  Run Remote Usage
		Usr 0 00:00:00, Sys 0 00:00:00  -  Run Local Usage
		Usr 0 00:00:31, Sys 0 00:00:02  -  Total Remote Usage
		Usr 0 00:00:00, Sys 0 00:00:00  -  Total Local Usage
	6865  -  Run Bytes Sent By Job
	323  -  Run Bytes Received By Job
	6865  -  Total Bytes Sent By Job
	323  -  Total Bytes Received By Job
	Partitionable Resources :    Usage  Request Allocated 
	   Cpus                 :                 1         1 
	   Disk (KB)            :       22        1      3833 
	   GPUs                 :                           0 
	   Memory (MB)          :      183     3000      3000 
	   TimeExecute (s)      :       45                    
	   TimeSlotBusy (s)     :       47                    

	Job terminated of its own accord at 2026-01-22T15:35:11Z with exit-code 0.
...
