000 (9119045.000.000) 01/22 16:30:46 Job submitted from host: <188.185.6.50:9618?addrs=188.185.6.50-9618+[2001-1458-d00-62--100-2b1]-9618&alias=bigbird25.cern.ch&noUDP&sock=schedd_1627_90ad>
...
040 (9119045.000.000) 01/22 16:34:26 Started transferring input files
	Transferring to host: <188.185.213.169:9618?addrs=188.185.213.169-9618+[2001-1458-303-1b--100-25]-9618&alias=b9p28p9779.cern.ch&noUDP&sock=slot1_21_2149847_7218_51552>
...
040 (9119045.000.000) 01/22 16:34:26 Finished transferring input files
...
001 (9119045.000.000) 01/22 16:34:27 Job executing on host: <188.185.213.169:9618?addrs=188.185.213.169-9618+[2001-1458-303-1b--100-25]-9618&alias=b9p28p9779.cern.ch&noUDP&sock=startd_3690_9c8e>
	SlotName: slot1_21@b9p28p9779.cern.ch
	CondorScratchDir = "/pool/condor/dir_3969611"
	Cpus = 1
	Disk = 3753
	GPUs = 0
	Memory = 3000
...
006 (9119045.000.000) 01/22 16:34:41 Image size of job updated: 174416
	171  -  MemoryUsage of job (MB)
	174416  -  ResidentSetSize of job (KB)
...
006 (9119045.000.000) 01/22 16:37:40 Image size of job updated: 243272
	171  -  MemoryUsage of job (MB)
	174416  -  ResidentSetSize of job (KB)
...
040 (9119045.000.000) 01/22 16:37:40 Started transferring output files
...
040 (9119045.000.000) 01/22 16:37:40 Finished transferring output files
...
005 (9119045.000.000) 01/22 16:37:40 Job terminated.
	(1) Normal termination (return value 0)
		Usr 0 00:02:45, Sys 0 00:00:03  -  Run Remote Usage
		Usr 0 00:00:00, Sys 0 00:00:00  -  Run Local Usage
		Usr 0 00:02:45, Sys 0 00:00:03  -  Total Remote Usage
		Usr 0 00:00:00, Sys 0 00:00:00  -  Total Local Usage
	10271  -  Run Bytes Sent By Job
	323  -  Run Bytes Received By Job
	10271  -  Total Bytes Sent By Job
	323  -  Total Bytes Received By Job
	Partitionable Resources :    Usage  Request Allocated 
	   Cpus                 :     0.08        1         1 
	   Disk (KB)            :    34           1      3753 
	   GPUs                 :                           0 
	   Memory (MB)          :   171        3000      3000 
	   TimeExecute (s)      :   193                       
	   TimeSlotBusy (s)     :   195                       

	Job terminated of its own accord at 2026-01-22T15:37:40Z with exit-code 0.
...
