000 (9119040.000.000) 01/22 16:30:44 Job submitted from host: <188.185.6.50:9618?addrs=188.185.6.50-9618+[2001-1458-d00-62--100-2b1]-9618&alias=bigbird25.cern.ch&noUDP&sock=schedd_1627_90ad>
...
040 (9119040.000.000) 01/22 16:34:25 Started transferring input files
	Transferring to host: <188.185.215.174:9618?addrs=188.185.215.174-9618+[2001-1458-303-26--100-2a]-9618&alias=b9p18p5029.cern.ch&noUDP&sock=slot1_14_7283_4841_128893>
...
040 (9119040.000.000) 01/22 16:34:25 Finished transferring input files
...
001 (9119040.000.000) 01/22 16:34:26 Job executing on host: <188.185.215.174:9618?addrs=188.185.215.174-9618+[2001-1458-303-26--100-2a]-9618&alias=b9p18p5029.cern.ch&noUDP&sock=startd_6644_cf52>
	SlotName: slot1_14@b9p18p5029.cern.ch
	CondorScratchDir = "/pool/condor/dir_2081256"
	Cpus = 1
	Disk = 3884
	GPUs = 0
	Memory = 3000
...
006 (9119040.000.000) 01/22 16:34:40 Image size of job updated: 171920
	168  -  MemoryUsage of job (MB)
	171920  -  ResidentSetSize of job (KB)
...
006 (9119040.000.000) 01/22 16:37:26 Image size of job updated: 248176
	168  -  MemoryUsage of job (MB)
	171920  -  ResidentSetSize of job (KB)
...
040 (9119040.000.000) 01/22 16:37:26 Started transferring output files
...
040 (9119040.000.000) 01/22 16:37:26 Finished transferring output files
...
005 (9119040.000.000) 01/22 16:37:26 Job terminated.
	(1) Normal termination (return value 0)
		Usr 0 00:02:38, Sys 0 00:00:03  -  Run Remote Usage
		Usr 0 00:00:00, Sys 0 00:00:00  -  Run Local Usage
		Usr 0 00:02:38, Sys 0 00:00:03  -  Total Remote Usage
		Usr 0 00:00:00, Sys 0 00:00:00  -  Total Local Usage
	10271  -  Run Bytes Sent By Job
	323  -  Run Bytes Received By Job
	10271  -  Total Bytes Sent By Job
	323  -  Total Bytes Received By Job
	Partitionable Resources :    Usage  Request Allocated 
	   Cpus                 :                 1         1 
	   Disk (KB)            :       25        1      3884 
	   GPUs                 :                           0 
	   Memory (MB)          :      168     3000      3000 
	   TimeExecute (s)      :      180                    
	   TimeSlotBusy (s)     :      182                    

	Job terminated of its own accord at 2026-01-22T15:37:26Z with exit-code 0.
...
