000 (9119079.000.000) 01/22 16:30:56 Job submitted from host: <188.185.6.50:9618?addrs=188.185.6.50-9618+[2001-1458-d00-62--100-2b1]-9618&alias=bigbird25.cern.ch&noUDP&sock=schedd_1627_90ad>
...
040 (9119079.000.000) 01/22 16:34:38 Started transferring input files
	Transferring to host: <188.185.215.191:9618?addrs=188.185.215.191-9618+[2001-1458-303-26--100-3b]-9618&alias=b9p18p4896.cern.ch&noUDP&sock=slot1_4_3503996_eb12_53935>
...
040 (9119079.000.000) 01/22 16:34:38 Finished transferring input files
...
001 (9119079.000.000) 01/22 16:34:39 Job executing on host: <188.185.215.191:9618?addrs=188.185.215.191-9618+[2001-1458-303-26--100-3b]-9618&alias=b9p18p4896.cern.ch&noUDP&sock=startd_4234_c014>
	SlotName: slot1_4@b9p18p4896.cern.ch
	CondorScratchDir = "/pool/condor/dir_3521122"
	Cpus = 1
	Disk = 3766
	GPUs = 0
	Memory = 3000
...
006 (9119079.000.000) 01/22 16:34:52 Image size of job updated: 154204
	151  -  MemoryUsage of job (MB)
	154204  -  ResidentSetSize of job (KB)
...
006 (9119079.000.000) 01/22 16:35:07 Image size of job updated: 166760
	151  -  MemoryUsage of job (MB)
	154204  -  ResidentSetSize of job (KB)
...
040 (9119079.000.000) 01/22 16:35:07 Started transferring output files
...
040 (9119079.000.000) 01/22 16:35:07 Finished transferring output files
...
005 (9119079.000.000) 01/22 16:35:08 Job terminated.
	(1) Normal termination (return value 0)
		Usr 0 00:00:17, Sys 0 00:00:02  -  Run Remote Usage
		Usr 0 00:00:00, Sys 0 00:00:00  -  Run Local Usage
		Usr 0 00:00:17, Sys 0 00:00:02  -  Total Remote Usage
		Usr 0 00:00:00, Sys 0 00:00:00  -  Total Local Usage
	6461  -  Run Bytes Sent By Job
	317  -  Run Bytes Received By Job
	6461  -  Total Bytes Sent By Job
	317  -  Total Bytes Received By Job
	Partitionable Resources :    Usage  Request Allocated 
	   Cpus                 :        0        1         1 
	   Disk (KB)            :       30        1      3766 
	   GPUs                 :                           0 
	   Memory (MB)          :      151     3000      3000 
	   TimeExecute (s)      :       28                    
	   TimeSlotBusy (s)     :       30                    

	Job terminated of its own accord at 2026-01-22T15:35:07Z with exit-code 0.
...
