000 (9119078.000.000) 01/22 16:30:56 Job submitted from host: <188.185.6.50:9618?addrs=188.185.6.50-9618+[2001-1458-d00-62--100-2b1]-9618&alias=bigbird25.cern.ch&noUDP&sock=schedd_1627_90ad>
...
040 (9119078.000.000) 01/22 16:34:38 Started transferring input files
	Transferring to host: <188.185.192.83:9618?addrs=188.185.192.83-9618+[2001-1458-303-1f--100-4f]-9618&alias=b9p13p4805.cern.ch&noUDP&sock=slot1_18_3072718_8d50_49367>
...
040 (9119078.000.000) 01/22 16:34:38 Finished transferring input files
...
001 (9119078.000.000) 01/22 16:34:39 Job executing on host: <188.185.192.83:9618?addrs=188.185.192.83-9618+[2001-1458-303-1f--100-4f]-9618&alias=b9p13p4805.cern.ch&noUDP&sock=startd_3072506_2267>
	SlotName: slot1_18@b9p13p4805.cern.ch
	CondorScratchDir = "/pool/condor/dir_2173266"
	Cpus = 1
	Disk = 3894
	GPUs = 0
	Memory = 3000
...
006 (9119078.000.000) 01/22 16:34:53 Image size of job updated: 49556
	49  -  MemoryUsage of job (MB)
	49556  -  ResidentSetSize of job (KB)
...
006 (9119078.000.000) 01/22 16:35:01 Image size of job updated: 150280
	49  -  MemoryUsage of job (MB)
	49556  -  ResidentSetSize of job (KB)
...
040 (9119078.000.000) 01/22 16:35:01 Started transferring output files
...
040 (9119078.000.000) 01/22 16:35:01 Finished transferring output files
...
005 (9119078.000.000) 01/22 16:35:01 Job terminated.
	(1) Normal termination (return value 0)
		Usr 0 00:00:05, Sys 0 00:00:01  -  Run Remote Usage
		Usr 0 00:00:00, Sys 0 00:00:00  -  Run Local Usage
		Usr 0 00:00:05, Sys 0 00:00:01  -  Total Remote Usage
		Usr 0 00:00:00, Sys 0 00:00:00  -  Total Local Usage
	5990  -  Run Bytes Sent By Job
	313  -  Run Bytes Received By Job
	5990  -  Total Bytes Sent By Job
	313  -  Total Bytes Received By Job
	Partitionable Resources :    Usage  Request Allocated 
	   Cpus                 :        0        1         1 
	   Disk (KB)            :       30        1      3894 
	   GPUs                 :                           0 
	   Memory (MB)          :       49     3000      3000 
	   TimeExecute (s)      :       22                    
	   TimeSlotBusy (s)     :       24                    

	Job terminated of its own accord at 2026-01-22T15:35:01Z with exit-code 0.
...
