000 (9119075.000.000) 01/22 16:30:55 Job submitted from host: <188.185.6.50:9618?addrs=188.185.6.50-9618+[2001-1458-d00-62--100-2b1]-9618&alias=bigbird25.cern.ch&noUDP&sock=schedd_1627_90ad>
...
040 (9119075.000.000) 01/22 16:34:37 Started transferring input files
	Transferring to host: <188.185.215.26:9618?addrs=188.185.215.26-9618+[2001-1458-303-1e--100-16]-9618&alias=b9p31p3929.cern.ch&noUDP&sock=slot1_14_3103_1817_131101>
...
040 (9119075.000.000) 01/22 16:34:37 Finished transferring input files
...
001 (9119075.000.000) 01/22 16:34:38 Job executing on host: <188.185.215.26:9618?addrs=188.185.215.26-9618+[2001-1458-303-1e--100-16]-9618&alias=b9p31p3929.cern.ch&noUDP&sock=startd_2622_0d69>
	SlotName: slot1_14@b9p31p3929.cern.ch
	CondorScratchDir = "/pool/condor/dir_1528324"
	Cpus = 1
	Disk = 3835
	GPUs = 0
	Memory = 3000
...
006 (9119075.000.000) 01/22 16:34:51 Image size of job updated: 168520
	165  -  MemoryUsage of job (MB)
	168520  -  ResidentSetSize of job (KB)
...
006 (9119075.000.000) 01/22 16:35:05 Image size of job updated: 168540
	165  -  MemoryUsage of job (MB)
	168520  -  ResidentSetSize of job (KB)
...
040 (9119075.000.000) 01/22 16:35:05 Started transferring output files
...
040 (9119075.000.000) 01/22 16:35:05 Finished transferring output files
...
005 (9119075.000.000) 01/22 16:35:05 Job terminated.
	(1) Normal termination (return value 0)
		Usr 0 00:00:14, Sys 0 00:00:01  -  Run Remote Usage
		Usr 0 00:00:00, Sys 0 00:00:00  -  Run Local Usage
		Usr 0 00:00:14, Sys 0 00:00:01  -  Total Remote Usage
		Usr 0 00:00:00, Sys 0 00:00:00  -  Total Local Usage
	6520  -  Run Bytes Sent By Job
	324  -  Run Bytes Received By Job
	6520  -  Total Bytes Sent By Job
	324  -  Total Bytes Received By Job
	Partitionable Resources :    Usage  Request Allocated 
	   Cpus                 :        0        1         1 
	   Disk (KB)            :       30        1      3835 
	   GPUs                 :                           0 
	   Memory (MB)          :      165     3000      3000 
	   TimeExecute (s)      :       27                    
	   TimeSlotBusy (s)     :       29                    

	Job terminated of its own accord at 2026-01-22T15:35:05Z with exit-code 0.
...
