000 (9119076.000.000) 01/22 16:30:55 Job submitted from host: <188.185.6.50:9618?addrs=188.185.6.50-9618+[2001-1458-d00-62--100-2b1]-9618&alias=bigbird25.cern.ch&noUDP&sock=schedd_1627_90ad>
...
040 (9119076.000.000) 01/22 16:34:37 Started transferring input files
	Transferring to host: <188.185.211.40:9618?addrs=188.185.211.40-9618+[2001-1458-303-16--100-24]-9618&alias=b9p23p2606.cern.ch&noUDP&sock=slot1_5_1091044_f2c8_52508>
...
040 (9119076.000.000) 01/22 16:34:37 Finished transferring input files
...
001 (9119076.000.000) 01/22 16:34:38 Job executing on host: <188.185.211.40:9618?addrs=188.185.211.40-9618+[2001-1458-303-16--100-24]-9618&alias=b9p23p2606.cern.ch&noUDP&sock=startd_4459_14e3>
	SlotName: slot1_5@b9p23p2606.cern.ch
	CondorScratchDir = "/pool/condor/dir_3939719"
	Cpus = 1
	Disk = 3828
	GPUs = 0
	Memory = 3000
...
006 (9119076.000.000) 01/22 16:34:51 Image size of job updated: 150268
	147  -  MemoryUsage of job (MB)
	150268  -  ResidentSetSize of job (KB)
...
006 (9119076.000.000) 01/22 16:34:51 Image size of job updated: 150300
	147  -  MemoryUsage of job (MB)
	150300  -  ResidentSetSize of job (KB)
...
040 (9119076.000.000) 01/22 16:34:51 Started transferring output files
...
040 (9119076.000.000) 01/22 16:34:51 Finished transferring output files
...
005 (9119076.000.000) 01/22 16:34:51 Job terminated.
	(1) Normal termination (return value 0)
		Usr 0 00:00:03, Sys 0 00:00:01  -  Run Remote Usage
		Usr 0 00:00:00, Sys 0 00:00:00  -  Run Local Usage
		Usr 0 00:00:03, Sys 0 00:00:01  -  Total Remote Usage
		Usr 0 00:00:00, Sys 0 00:00:00  -  Total Local Usage
	6012  -  Run Bytes Sent By Job
	324  -  Run Bytes Received By Job
	6012  -  Total Bytes Sent By Job
	324  -  Total Bytes Received By Job
	Partitionable Resources :    Usage  Request Allocated 
	   Cpus                 :        0        1         1 
	   Disk (KB)            :       29        1      3828 
	   GPUs                 :                           0 
	   Memory (MB)          :      147     3000      3000 
	   TimeExecute (s)      :       13                    
	   TimeSlotBusy (s)     :       15                    

	Job terminated of its own accord at 2026-01-22T15:34:51Z with exit-code 0.
...
