000 (9119080.000.000) 01/22 16:30:56 Job submitted from host: <188.185.6.50:9618?addrs=188.185.6.50-9618+[2001-1458-d00-62--100-2b1]-9618&alias=bigbird25.cern.ch&noUDP&sock=schedd_1627_90ad>
...
040 (9119080.000.000) 01/22 16:34:38 Started transferring input files
	Transferring to host: <188.185.210.222:9618?addrs=188.185.210.222-9618+[2001-1458-303-15--100-5a]-9618&alias=b9p22p4365.cern.ch&noUDP&sock=slot1_22_6178_b5b4_132501>
...
040 (9119080.000.000) 01/22 16:34:38 Finished transferring input files
...
001 (9119080.000.000) 01/22 16:34:39 Job executing on host: <188.185.210.222:9618?addrs=188.185.210.222-9618+[2001-1458-303-15--100-5a]-9618&alias=b9p22p4365.cern.ch&noUDP&sock=startd_5400_8781>
	SlotName: slot1_22@b9p22p4365.cern.ch
	CondorScratchDir = "/pool/condor/dir_3981527"
	Cpus = 1
	Disk = 3859
	GPUs = 0
	Memory = 3000
...
006 (9119080.000.000) 01/22 16:34:51 Image size of job updated: 124112
	0  -  MemoryUsage of job (MB)
	0  -  ResidentSetSize of job (KB)
...
040 (9119080.000.000) 01/22 16:34:51 Started transferring output files
...
040 (9119080.000.000) 01/22 16:34:51 Finished transferring output files
...
005 (9119080.000.000) 01/22 16:34:51 Job terminated.
	(1) Normal termination (return value 0)
		Usr 0 00:00:03, Sys 0 00:00:01  -  Run Remote Usage
		Usr 0 00:00:00, Sys 0 00:00:00  -  Run Local Usage
		Usr 0 00:00:03, Sys 0 00:00:01  -  Total Remote Usage
		Usr 0 00:00:00, Sys 0 00:00:00  -  Total Local Usage
	5998  -  Run Bytes Sent By Job
	317  -  Run Bytes Received By Job
	5998  -  Total Bytes Sent By Job
	317  -  Total Bytes Received By Job
	Partitionable Resources :    Usage  Request Allocated 
	   Cpus                 :        0        1         1 
	   Disk (KB)            :       29        1      3859 
	   GPUs                 :                           0 
	   Memory (MB)          :        0     3000      3000 
	   TimeExecute (s)      :       12                    
	   TimeSlotBusy (s)     :       14                    

	Job terminated of its own accord at 2026-01-22T15:34:51Z with exit-code 0.
...
