000 (9119077.000.000) 01/22 16:30:56 Job submitted from host: <188.185.6.50:9618?addrs=188.185.6.50-9618+[2001-1458-d00-62--100-2b1]-9618&alias=bigbird25.cern.ch&noUDP&sock=schedd_1627_90ad>
...
040 (9119077.000.000) 01/22 16:34:37 Started transferring input files
	Transferring to host: <188.185.214.178:9618?addrs=188.185.214.178-9618+[2001-1458-303-1d--100-2e]-9618&alias=b9p30p2782.cern.ch&noUDP&sock=slot1_21_3874_5557_132874>
...
040 (9119077.000.000) 01/22 16:34:37 Finished transferring input files
...
001 (9119077.000.000) 01/22 16:34:38 Job executing on host: <188.185.214.178:9618?addrs=188.185.214.178-9618+[2001-1458-303-1d--100-2e]-9618&alias=b9p30p2782.cern.ch&noUDP&sock=startd_3174_adb0>
	SlotName: slot1_21@b9p30p2782.cern.ch
	CondorScratchDir = "/pool/condor/dir_1614086"
	Cpus = 1
	Disk = 3800
	GPUs = 0
	Memory = 3000
...
006 (9119077.000.000) 01/22 16:34:51 Image size of job updated: 109132
	107  -  MemoryUsage of job (MB)
	109132  -  ResidentSetSize of job (KB)
...
006 (9119077.000.000) 01/22 16:35:15 Image size of job updated: 166708
	107  -  MemoryUsage of job (MB)
	109272  -  ResidentSetSize of job (KB)
...
040 (9119077.000.000) 01/22 16:35:15 Started transferring output files
...
040 (9119077.000.000) 01/22 16:35:15 Finished transferring output files
...
005 (9119077.000.000) 01/22 16:35:15 Job terminated.
	(1) Normal termination (return value 0)
		Usr 0 00:00:20, Sys 0 00:00:02  -  Run Remote Usage
		Usr 0 00:00:00, Sys 0 00:00:00  -  Run Local Usage
		Usr 0 00:00:20, Sys 0 00:00:02  -  Total Remote Usage
		Usr 0 00:00:00, Sys 0 00:00:00  -  Total Local Usage
	6487  -  Run Bytes Sent By Job
	313  -  Run Bytes Received By Job
	6487  -  Total Bytes Sent By Job
	313  -  Total Bytes Received By Job
	Partitionable Resources :    Usage  Request Allocated 
	   Cpus                 :        0        1         1 
	   Disk (KB)            :       30        1      3800 
	   GPUs                 :                           0 
	   Memory (MB)          :      107     3000      3000 
	   TimeExecute (s)      :       37                    
	   TimeSlotBusy (s)     :       39                    

	Job terminated of its own accord at 2026-01-22T15:35:15Z with exit-code 0.
...
