000 (9119073.000.000) 01/22 16:30:55 Job submitted from host: <188.185.6.50:9618?addrs=188.185.6.50-9618+[2001-1458-d00-62--100-2b1]-9618&alias=bigbird25.cern.ch&noUDP&sock=schedd_1627_90ad>
...
040 (9119073.000.000) 01/22 16:34:37 Started transferring input files
	Transferring to host: <188.185.210.148:9618?addrs=188.185.210.148-9618+[2001-1458-303-15--100-10]-9618&alias=b9p22p2244.cern.ch&noUDP&sock=slot1_4_4135279_e679_60745>
...
040 (9119073.000.000) 01/22 16:34:37 Finished transferring input files
...
001 (9119073.000.000) 01/22 16:34:38 Job executing on host: <188.185.210.148:9618?addrs=188.185.210.148-9618+[2001-1458-303-15--100-10]-9618&alias=b9p22p2244.cern.ch&noUDP&sock=startd_4134817_1f03>
	SlotName: slot1_4@b9p22p2244.cern.ch
	CondorScratchDir = "/pool/condor/dir_1492747"
	Cpus = 1
	Disk = 3856
	GPUs = 0
	Memory = 3000
...
006 (9119073.000.000) 01/22 16:34:51 Image size of job updated: 167084
	164  -  MemoryUsage of job (MB)
	167084  -  ResidentSetSize of job (KB)
...
006 (9119073.000.000) 01/22 16:35:18 Image size of job updated: 167088
	164  -  MemoryUsage of job (MB)
	167084  -  ResidentSetSize of job (KB)
...
040 (9119073.000.000) 01/22 16:35:18 Started transferring output files
...
040 (9119073.000.000) 01/22 16:35:18 Finished transferring output files
...
005 (9119073.000.000) 01/22 16:35:18 Job terminated.
	(1) Normal termination (return value 0)
		Usr 0 00:00:24, Sys 0 00:00:01  -  Run Remote Usage
		Usr 0 00:00:00, Sys 0 00:00:00  -  Run Local Usage
		Usr 0 00:00:24, Sys 0 00:00:01  -  Total Remote Usage
		Usr 0 00:00:00, Sys 0 00:00:00  -  Total Local Usage
	6757  -  Run Bytes Sent By Job
	320  -  Run Bytes Received By Job
	6757  -  Total Bytes Sent By Job
	320  -  Total Bytes Received By Job
	Partitionable Resources :    Usage  Request Allocated 
	   Cpus                 :        0        1         1 
	   Disk (KB)            :       30        1      3856 
	   GPUs                 :                           0 
	   Memory (MB)          :      164     3000      3000 
	   TimeExecute (s)      :       40                    
	   TimeSlotBusy (s)     :       43                    

	Job terminated of its own accord at 2026-01-22T15:35:18Z with exit-code 0.
...
