000 (9119074.000.000) 01/22 16:30:55 Job submitted from host: <188.185.6.50:9618?addrs=188.185.6.50-9618+[2001-1458-d00-62--100-2b1]-9618&alias=bigbird25.cern.ch&noUDP&sock=schedd_1627_90ad>
...
040 (9119074.000.000) 01/22 16:34:36 Started transferring input files
	Transferring to host: <188.185.215.84:9618?addrs=188.185.215.84-9618+[2001-1458-303-1e--100-50]-9618&alias=b9p31p8082.cern.ch&noUDP&sock=slot1_19_3601047_209c_50377>
...
040 (9119074.000.000) 01/22 16:34:36 Finished transferring input files
...
001 (9119074.000.000) 01/22 16:34:37 Job executing on host: <188.185.215.84:9618?addrs=188.185.215.84-9618+[2001-1458-303-1e--100-50]-9618&alias=b9p31p8082.cern.ch&noUDP&sock=startd_8488_a3f6>
	SlotName: slot1_19@b9p31p8082.cern.ch
	CondorScratchDir = "/pool/condor/dir_360840"
	Cpus = 1
	Disk = 3710
	GPUs = 0
	Memory = 3000
...
006 (9119074.000.000) 01/22 16:34:50 Image size of job updated: 134672
	132  -  MemoryUsage of job (MB)
	134672  -  ResidentSetSize of job (KB)
...
040 (9119074.000.000) 01/22 16:34:51 Started transferring output files
...
040 (9119074.000.000) 01/22 16:34:51 Finished transferring output files
...
005 (9119074.000.000) 01/22 16:34:51 Job terminated.
	(1) Normal termination (return value 0)
		Usr 0 00:00:03, Sys 0 00:00:02  -  Run Remote Usage
		Usr 0 00:00:00, Sys 0 00:00:00  -  Run Local Usage
		Usr 0 00:00:03, Sys 0 00:00:02  -  Total Remote Usage
		Usr 0 00:00:00, Sys 0 00:00:00  -  Total Local Usage
	6004  -  Run Bytes Sent By Job
	320  -  Run Bytes Received By Job
	6004  -  Total Bytes Sent By Job
	320  -  Total Bytes Received By Job
	Partitionable Resources :    Usage  Request Allocated 
	   Cpus                 :        0        1         1 
	   Disk (KB)            :       29        1      3710 
	   GPUs                 :                           0 
	   Memory (MB)          :      132     3000      3000 
	   TimeExecute (s)      :       14                    
	   TimeSlotBusy (s)     :       16                    

	Job terminated of its own accord at 2026-01-22T15:34:51Z with exit-code 0.
...
