000 (9119056.000.000) 01/22 16:30:49 Job submitted from host: <188.185.6.50:9618?addrs=188.185.6.50-9618+[2001-1458-d00-62--100-2b1]-9618&alias=bigbird25.cern.ch&noUDP&sock=schedd_1627_90ad>
...
040 (9119056.000.000) 01/22 16:34:30 Started transferring input files
	Transferring to host: <188.185.210.202:9618?addrs=188.185.210.202-9618+[2001-1458-303-15--100-46]-9618&alias=b9p22p0419.cern.ch&noUDP&sock=slot1_18_5323_48f2_128633>
...
040 (9119056.000.000) 01/22 16:34:30 Finished transferring input files
...
001 (9119056.000.000) 01/22 16:34:31 Job executing on host: <188.185.210.202:9618?addrs=188.185.210.202-9618+[2001-1458-303-15--100-46]-9618&alias=b9p22p0419.cern.ch&noUDP&sock=startd_4354_0f71>
	SlotName: slot1_18@b9p22p0419.cern.ch
	CondorScratchDir = "/pool/condor/dir_1900004"
	Cpus = 1
	Disk = 3821
	GPUs = 0
	Memory = 3000
...
006 (9119056.000.000) 01/22 16:34:44 Image size of job updated: 180136
	176  -  MemoryUsage of job (MB)
	180136  -  ResidentSetSize of job (KB)
...
006 (9119056.000.000) 01/22 16:39:00 Image size of job updated: 412140
	176  -  MemoryUsage of job (MB)
	180136  -  ResidentSetSize of job (KB)
...
040 (9119056.000.000) 01/22 16:39:00 Started transferring output files
...
040 (9119056.000.000) 01/22 16:39:00 Finished transferring output files
...
005 (9119056.000.000) 01/22 16:39:00 Job terminated.
	(1) Normal termination (return value 0)
		Usr 0 00:03:30, Sys 0 00:00:04  -  Run Remote Usage
		Usr 0 00:00:00, Sys 0 00:00:00  -  Run Local Usage
		Usr 0 00:03:30, Sys 0 00:00:04  -  Total Remote Usage
		Usr 0 00:00:00, Sys 0 00:00:00  -  Total Local Usage
	10373  -  Run Bytes Sent By Job
	313  -  Run Bytes Received By Job
	10373  -  Total Bytes Sent By Job
	313  -  Total Bytes Received By Job
	Partitionable Resources :    Usage  Request Allocated 
	   Cpus                 :        0        1         1 
	   Disk (KB)            :       34        1      3821 
	   GPUs                 :                           0 
	   Memory (MB)          :      176     3000      3000 
	   TimeExecute (s)      :      269                    
	   TimeSlotBusy (s)     :      271                    

	Job terminated of its own accord at 2026-01-22T15:39:00Z with exit-code 0.
...
