000 (9119055.000.000) 01/22 16:30:48 Job submitted from host: <188.185.6.50:9618?addrs=188.185.6.50-9618+[2001-1458-d00-62--100-2b1]-9618&alias=bigbird25.cern.ch&noUDP&sock=schedd_1627_90ad>
...
040 (9119055.000.000) 01/22 16:34:30 Started transferring input files
	Transferring to host: <188.185.213.224:9618?addrs=188.185.213.224-9618+[2001-1458-303-1b--100-5c]-9618&alias=b9p28p2561.cern.ch&noUDP&sock=slot1_1_7177_987d_157258>
...
040 (9119055.000.000) 01/22 16:34:30 Finished transferring input files
...
001 (9119055.000.000) 01/22 16:34:31 Job executing on host: <188.185.213.224:9618?addrs=188.185.213.224-9618+[2001-1458-303-1b--100-5c]-9618&alias=b9p28p2561.cern.ch&noUDP&sock=startd_6543_8841>
	SlotName: slot1_1@b9p28p2561.cern.ch
	CondorScratchDir = "/pool/condor/dir_1548705"
	Cpus = 1
	Disk = 3813
	GPUs = 0
	Memory = 3000
...
006 (9119055.000.000) 01/22 16:34:44 Image size of job updated: 179928
	176  -  MemoryUsage of job (MB)
	179928  -  ResidentSetSize of job (KB)
...
006 (9119055.000.000) 01/22 16:38:59 Image size of job updated: 345532
	176  -  MemoryUsage of job (MB)
	179928  -  ResidentSetSize of job (KB)
...
040 (9119055.000.000) 01/22 16:38:59 Started transferring output files
...
040 (9119055.000.000) 01/22 16:38:59 Finished transferring output files
...
005 (9119055.000.000) 01/22 16:38:59 Job terminated.
	(1) Normal termination (return value 0)
		Usr 0 00:02:58, Sys 0 00:00:03  -  Run Remote Usage
		Usr 0 00:00:00, Sys 0 00:00:00  -  Run Local Usage
		Usr 0 00:02:58, Sys 0 00:00:03  -  Total Remote Usage
		Usr 0 00:00:00, Sys 0 00:00:00  -  Total Local Usage
	10251  -  Run Bytes Sent By Job
	313  -  Run Bytes Received By Job
	10251  -  Total Bytes Sent By Job
	313  -  Total Bytes Received By Job
	Partitionable Resources :    Usage  Request Allocated 
	   Cpus                 :        0        1         1 
	   Disk (KB)            :       33        1      3813 
	   GPUs                 :                           0 
	   Memory (MB)          :      176     3000      3000 
	   TimeExecute (s)      :      268                    
	   TimeSlotBusy (s)     :      270                    

	Job terminated of its own accord at 2026-01-22T15:38:59Z with exit-code 0.
...
