000 (9119058.000.000) 01/22 16:30:50 Job submitted from host: <188.185.6.50:9618?addrs=188.185.6.50-9618+[2001-1458-d00-62--100-2b1]-9618&alias=bigbird25.cern.ch&noUDP&sock=schedd_1627_90ad>
...
040 (9119058.000.000) 01/22 16:34:32 Started transferring input files
	Transferring to host: <188.185.213.26:9618?addrs=188.185.213.26-9618+[2001-1458-303-1a--100-16]-9618&alias=b9p27p0753.cern.ch&noUDP&sock=slot1_30_4459_84ce_132763>
...
040 (9119058.000.000) 01/22 16:34:32 Finished transferring input files
...
001 (9119058.000.000) 01/22 16:34:33 Job executing on host: <188.185.213.26:9618?addrs=188.185.213.26-9618+[2001-1458-303-1a--100-16]-9618&alias=b9p27p0753.cern.ch&noUDP&sock=startd_3764_5e91>
	SlotName: slot1_30@b9p27p0753.cern.ch
	CondorScratchDir = "/pool/condor/dir_670770"
	Cpus = 1
	Disk = 3837
	GPUs = 0
	Memory = 3000
...
006 (9119058.000.000) 01/22 16:34:46 Image size of job updated: 155640
	152  -  MemoryUsage of job (MB)
	155640  -  ResidentSetSize of job (KB)
...
040 (9119058.000.000) 01/22 16:34:46 Started transferring output files
...
040 (9119058.000.000) 01/22 16:34:46 Finished transferring output files
...
005 (9119058.000.000) 01/22 16:34:46 Job terminated.
	(1) Normal termination (return value 0)
		Usr 0 00:00:03, Sys 0 00:00:02  -  Run Remote Usage
		Usr 0 00:00:00, Sys 0 00:00:00  -  Run Local Usage
		Usr 0 00:00:03, Sys 0 00:00:02  -  Total Remote Usage
		Usr 0 00:00:00, Sys 0 00:00:00  -  Total Local Usage
	6004  -  Run Bytes Sent By Job
	313  -  Run Bytes Received By Job
	6004  -  Total Bytes Sent By Job
	313  -  Total Bytes Received By Job
	Partitionable Resources :    Usage  Request Allocated 
	   Cpus                 :        0        1         1 
	   Disk (KB)            :       29        1      3837 
	   GPUs                 :                           0 
	   Memory (MB)          :      152     3000      3000 
	   TimeExecute (s)      :       13                    
	   TimeSlotBusy (s)     :       15                    

	Job terminated of its own accord at 2026-01-22T15:34:46Z with exit-code 0.
...
