000 (9119057.000.000) 01/22 16:30:49 Job submitted from host: <188.185.6.50:9618?addrs=188.185.6.50-9618+[2001-1458-d00-62--100-2b1]-9618&alias=bigbird25.cern.ch&noUDP&sock=schedd_1627_90ad>
...
040 (9119057.000.000) 01/22 16:34:30 Started transferring input files
	Transferring to host: <188.185.208.95:9618?addrs=188.185.208.95-9618+[2001-1458-303-f--100-5c]-9618&alias=b9p09p1039.cern.ch&noUDP&sock=slot1_33_10459_0fc2_113752>
...
040 (9119057.000.000) 01/22 16:34:30 Finished transferring input files
...
001 (9119057.000.000) 01/22 16:34:31 Job executing on host: <188.185.208.95:9618?addrs=188.185.208.95-9618+[2001-1458-303-f--100-5c]-9618&alias=b9p09p1039.cern.ch&noUDP&sock=startd_9220_bb49>
	SlotName: slot1_33@b9p09p1039.cern.ch
	CondorScratchDir = "/pool/condor/dir_110006"
	Cpus = 1
	Disk = 3755
	GPUs = 0
	Memory = 3000
...
006 (9119057.000.000) 01/22 16:34:44 Image size of job updated: 201468
	197  -  MemoryUsage of job (MB)
	201468  -  ResidentSetSize of job (KB)
...
006 (9119057.000.000) 01/22 16:35:44 Image size of job updated: 305116
	197  -  MemoryUsage of job (MB)
	201468  -  ResidentSetSize of job (KB)
...
040 (9119057.000.000) 01/22 16:35:44 Started transferring output files
...
040 (9119057.000.000) 01/22 16:35:44 Finished transferring output files
...
005 (9119057.000.000) 01/22 16:35:44 Job terminated.
	(1) Normal termination (return value 0)
		Usr 0 00:00:57, Sys 0 00:00:02  -  Run Remote Usage
		Usr 0 00:00:00, Sys 0 00:00:00  -  Run Local Usage
		Usr 0 00:00:57, Sys 0 00:00:02  -  Total Remote Usage
		Usr 0 00:00:00, Sys 0 00:00:00  -  Total Local Usage
	7601  -  Run Bytes Sent By Job
	313  -  Run Bytes Received By Job
	7601  -  Total Bytes Sent By Job
	313  -  Total Bytes Received By Job
	Partitionable Resources :    Usage  Request Allocated 
	   Cpus                 :        0        1         1 
	   Disk (KB)            :       34        1      3755 
	   GPUs                 :                           0 
	   Memory (MB)          :      197     3000      3000 
	   TimeExecute (s)      :       73                    
	   TimeSlotBusy (s)     :       75                    

	Job terminated of its own accord at 2026-01-22T15:35:44Z with exit-code 0.
...
