000 (9119062.000.000) 01/22 16:30:51 Job submitted from host: <188.185.6.50:9618?addrs=188.185.6.50-9618+[2001-1458-d00-62--100-2b1]-9618&alias=bigbird25.cern.ch&noUDP&sock=schedd_1627_90ad>
...
040 (9119062.000.000) 01/22 16:34:33 Started transferring input files
	Transferring to host: <128.142.161.77:9618?addrs=128.142.161.77-9618+[2001-1458-301-b8--100-b]-9618&alias=b9g03p8125.cern.ch&noUDP&sock=slot1_8_284799_68d6_156766>
...
040 (9119062.000.000) 01/22 16:34:33 Finished transferring input files
...
001 (9119062.000.000) 01/22 16:34:34 Job executing on host: <128.142.161.77:9618?addrs=128.142.161.77-9618+[2001-1458-301-b8--100-b]-9618&alias=b9g03p8125.cern.ch&noUDP&sock=startd_5332_e311>
	SlotName: slot1_8@b9g03p8125.cern.ch
	CondorScratchDir = "/pool/condor/dir_3260006"
	Cpus = 1
	Disk = 4031
	GPUs = 0
	Memory = 3000
...
006 (9119062.000.000) 01/22 16:34:47 Image size of job updated: 130756
	128  -  MemoryUsage of job (MB)
	130756  -  ResidentSetSize of job (KB)
...
006 (9119062.000.000) 01/22 16:34:49 Image size of job updated: 172768
	128  -  MemoryUsage of job (MB)
	130768  -  ResidentSetSize of job (KB)
...
040 (9119062.000.000) 01/22 16:34:49 Started transferring output files
...
040 (9119062.000.000) 01/22 16:34:49 Finished transferring output files
...
005 (9119062.000.000) 01/22 16:34:49 Job terminated.
	(1) Normal termination (return value 0)
		Usr 0 00:00:05, Sys 0 00:00:01  -  Run Remote Usage
		Usr 0 00:00:00, Sys 0 00:00:00  -  Run Local Usage
		Usr 0 00:00:05, Sys 0 00:00:01  -  Total Remote Usage
		Usr 0 00:00:00, Sys 0 00:00:00  -  Total Local Usage
	6018  -  Run Bytes Sent By Job
	320  -  Run Bytes Received By Job
	6018  -  Total Bytes Sent By Job
	320  -  Total Bytes Received By Job
	Partitionable Resources :    Usage  Request Allocated 
	   Cpus                 :        0        1         1 
	   Disk (KB)            :       29        1      4031 
	   GPUs                 :                           0 
	   Memory (MB)          :      128     3000      3000 
	   TimeExecute (s)      :       15                    
	   TimeSlotBusy (s)     :       17                    

	Job terminated of its own accord at 2026-01-22T15:34:49Z with exit-code 0.
...
