000 (9119060.000.000) 01/22 16:30:50 Job submitted from host: <188.185.6.50:9618?addrs=188.185.6.50-9618+[2001-1458-d00-62--100-2b1]-9618&alias=bigbird25.cern.ch&noUDP&sock=schedd_1627_90ad>
...
040 (9119060.000.000) 01/22 16:34:33 Started transferring input files
	Transferring to host: <188.185.212.95:9618?addrs=188.185.212.95-9618+[2001-1458-303-18--100-5b]-9618&alias=b9p25p6760.cern.ch&noUDP&sock=slot1_33_4577_a913_127508>
...
040 (9119060.000.000) 01/22 16:34:33 Finished transferring input files
...
001 (9119060.000.000) 01/22 16:34:34 Job executing on host: <188.185.212.95:9618?addrs=188.185.212.95-9618+[2001-1458-303-18--100-5b]-9618&alias=b9p25p6760.cern.ch&noUDP&sock=startd_3864_f609>
	SlotName: slot1_33@b9p25p6760.cern.ch
	CondorScratchDir = "/pool/condor/dir_3261513"
	Cpus = 1
	Disk = 3781
	GPUs = 0
	Memory = 3000
...
006 (9119060.000.000) 01/22 16:34:47 Image size of job updated: 95236
	94  -  MemoryUsage of job (MB)
	95236  -  ResidentSetSize of job (KB)
...
006 (9119060.000.000) 01/22 16:39:47 Image size of job updated: 180196
	176  -  MemoryUsage of job (MB)
	180196  -  ResidentSetSize of job (KB)
...
040 (9119060.000.000) 01/22 16:41:04 Started transferring output files
...
040 (9119060.000.000) 01/22 16:41:04 Finished transferring output files
...
005 (9119060.000.000) 01/22 16:41:04 Job terminated.
	(1) Normal termination (return value 0)
		Usr 0 00:03:28, Sys 0 00:00:04  -  Run Remote Usage
		Usr 0 00:00:00, Sys 0 00:00:00  -  Run Local Usage
		Usr 0 00:03:28, Sys 0 00:00:04  -  Total Remote Usage
		Usr 0 00:00:00, Sys 0 00:00:00  -  Total Local Usage
	10394  -  Run Bytes Sent By Job
	320  -  Run Bytes Received By Job
	10394  -  Total Bytes Sent By Job
	320  -  Total Bytes Received By Job
	Partitionable Resources :    Usage  Request Allocated 
	   Cpus                 :     0.37        1         1 
	   Disk (KB)            :    34           1      3781 
	   GPUs                 :                           0 
	   Memory (MB)          :   176        3000      3000 
	   TimeExecute (s)      :   390                       
	   TimeSlotBusy (s)     :   392                       

	Job terminated of its own accord at 2026-01-22T15:41:04Z with exit-code 0.
...
