000 (9119053.000.000) 01/22 16:30:48 Job submitted from host: <188.185.6.50:9618?addrs=188.185.6.50-9618+[2001-1458-d00-62--100-2b1]-9618&alias=bigbird25.cern.ch&noUDP&sock=schedd_1627_90ad>
...
040 (9119053.000.000) 01/22 16:34:29 Started transferring input files
	Transferring to host: <188.185.209.72:9618?addrs=188.185.209.72-9618+[2001-1458-303-11--100-45]-9618&alias=b9p11p5689.cern.ch&noUDP&sock=slot1_39_9414_c3b8_107892>
...
040 (9119053.000.000) 01/22 16:34:29 Finished transferring input files
...
001 (9119053.000.000) 01/22 16:34:30 Job executing on host: <188.185.209.72:9618?addrs=188.185.209.72-9618+[2001-1458-303-11--100-45]-9618&alias=b9p11p5689.cern.ch&noUDP&sock=startd_8292_3366>
	SlotName: slot1_39@b9p11p5689.cern.ch
	CondorScratchDir = "/pool/condor/dir_1887513"
	Cpus = 1
	Disk = 3658
	GPUs = 0
	Memory = 3000
...
006 (9119053.000.000) 01/22 16:34:44 Image size of job updated: 168580
	165  -  MemoryUsage of job (MB)
	168580  -  ResidentSetSize of job (KB)
...
006 (9119053.000.000) 01/22 16:34:47 Image size of job updated: 168596
	165  -  MemoryUsage of job (MB)
	168580  -  ResidentSetSize of job (KB)
...
040 (9119053.000.000) 01/22 16:34:47 Started transferring output files
...
040 (9119053.000.000) 01/22 16:34:47 Finished transferring output files
...
005 (9119053.000.000) 01/22 16:34:47 Job terminated.
	(1) Normal termination (return value 0)
		Usr 0 00:00:07, Sys 0 00:00:01  -  Run Remote Usage
		Usr 0 00:00:00, Sys 0 00:00:00  -  Run Local Usage
		Usr 0 00:00:07, Sys 0 00:00:01  -  Total Remote Usage
		Usr 0 00:00:00, Sys 0 00:00:00  -  Total Local Usage
	6262  -  Run Bytes Sent By Job
	314  -  Run Bytes Received By Job
	6262  -  Total Bytes Sent By Job
	314  -  Total Bytes Received By Job
	Partitionable Resources :    Usage  Request Allocated 
	   Cpus                 :        0        1         1 
	   Disk (KB)            :       34        1      3658 
	   GPUs                 :                           0 
	   Memory (MB)          :      165     3000      3000 
	   TimeExecute (s)      :       17                    
	   TimeSlotBusy (s)     :       19                    

	Job terminated of its own accord at 2026-01-22T15:34:47Z with exit-code 0.
...
