000 (9119064.000.000) 01/22 16:30:52 Job submitted from host: <188.185.6.50:9618?addrs=188.185.6.50-9618+[2001-1458-d00-62--100-2b1]-9618&alias=bigbird25.cern.ch&noUDP&sock=schedd_1627_90ad>
...
040 (9119064.000.000) 01/22 16:34:34 Started transferring input files
	Transferring to host: <188.185.214.24:9618?addrs=188.185.214.24-9618+[2001-1458-303-1c--100-14]-9618&alias=b9p29p9589.cern.ch&noUDP&sock=slot1_32_4517_6291_155077>
...
040 (9119064.000.000) 01/22 16:34:34 Finished transferring input files
...
001 (9119064.000.000) 01/22 16:34:35 Job executing on host: <188.185.214.24:9618?addrs=188.185.214.24-9618+[2001-1458-303-1c--100-14]-9618&alias=b9p29p9589.cern.ch&noUDP&sock=startd_3842_def4>
	SlotName: slot1_32@b9p29p9589.cern.ch
	CondorScratchDir = "/pool/condor/dir_3838107"
	Cpus = 1
	Disk = 3726
	GPUs = 0
	Memory = 3000
...
006 (9119064.000.000) 01/22 16:34:47 Image size of job updated: 123960
	0  -  MemoryUsage of job (MB)
	0  -  ResidentSetSize of job (KB)
...
040 (9119064.000.000) 01/22 16:34:47 Started transferring output files
...
040 (9119064.000.000) 01/22 16:34:47 Finished transferring output files
...
005 (9119064.000.000) 01/22 16:34:47 Job terminated.
	(1) Normal termination (return value 0)
		Usr 0 00:00:03, Sys 0 00:00:01  -  Run Remote Usage
		Usr 0 00:00:00, Sys 0 00:00:00  -  Run Local Usage
		Usr 0 00:00:03, Sys 0 00:00:01  -  Total Remote Usage
		Usr 0 00:00:00, Sys 0 00:00:00  -  Total Local Usage
	5990  -  Run Bytes Sent By Job
	313  -  Run Bytes Received By Job
	5990  -  Total Bytes Sent By Job
	313  -  Total Bytes Received By Job
	Partitionable Resources :    Usage  Request Allocated 
	   Cpus                 :        0        1         1 
	   Disk (KB)            :       29        1      3726 
	   GPUs                 :                           0 
	   Memory (MB)          :        0     3000      3000 
	   TimeExecute (s)      :       12                    
	   TimeSlotBusy (s)     :       14                    

	Job terminated of its own accord at 2026-01-22T15:34:47Z with exit-code 0.
...
