000 (9119063.000.000) 01/22 16:30:51 Job submitted from host: <188.185.6.50:9618?addrs=188.185.6.50-9618+[2001-1458-d00-62--100-2b1]-9618&alias=bigbird25.cern.ch&noUDP&sock=schedd_1627_90ad>
...
040 (9119063.000.000) 01/22 16:34:31 Started transferring input files
	Transferring to host: <128.142.161.101:9618?addrs=128.142.161.101-9618+[2001-1458-301-b8--100-23]-9618&alias=b9g03p0845.cern.ch&noUDP&sock=slot1_24_1407970_fc60_19624>
...
040 (9119063.000.000) 01/22 16:34:31 Finished transferring input files
...
001 (9119063.000.000) 01/22 16:34:32 Job executing on host: <128.142.161.101:9618?addrs=128.142.161.101-9618+[2001-1458-301-b8--100-23]-9618&alias=b9g03p0845.cern.ch&noUDP&sock=startd_3973_b9dc>
	SlotName: slot1_24@b9g03p0845.cern.ch
	CondorScratchDir = "/pool/condor/dir_3533699"
	Cpus = 1
	Disk = 4117
	GPUs = 0
	Memory = 3000
...
006 (9119063.000.000) 01/22 16:34:46 Image size of job updated: 142976
	140  -  MemoryUsage of job (MB)
	142976  -  ResidentSetSize of job (KB)
...
006 (9119063.000.000) 01/22 16:35:16 Image size of job updated: 264728
	140  -  MemoryUsage of job (MB)
	142984  -  ResidentSetSize of job (KB)
...
040 (9119063.000.000) 01/22 16:35:16 Started transferring output files
...
040 (9119063.000.000) 01/22 16:35:16 Finished transferring output files
...
005 (9119063.000.000) 01/22 16:35:16 Job terminated.
	(1) Normal termination (return value 0)
		Usr 0 00:00:32, Sys 0 00:00:01  -  Run Remote Usage
		Usr 0 00:00:00, Sys 0 00:00:00  -  Run Local Usage
		Usr 0 00:00:32, Sys 0 00:00:01  -  Total Remote Usage
		Usr 0 00:00:00, Sys 0 00:00:00  -  Total Local Usage
	6616  -  Run Bytes Sent By Job
	313  -  Run Bytes Received By Job
	6616  -  Total Bytes Sent By Job
	313  -  Total Bytes Received By Job
	Partitionable Resources :    Usage  Request Allocated 
	   Cpus                 :        0        1         1 
	   Disk (KB)            :       30        1      4117 
	   GPUs                 :                           0 
	   Memory (MB)          :      140     3000      3000 
	   TimeExecute (s)      :       44                    
	   TimeSlotBusy (s)     :       46                    

	Job terminated of its own accord at 2026-01-22T15:35:16Z with exit-code 0.
...
