000 (9119067.000.000) 01/22 16:30:53 Job submitted from host: <188.185.6.50:9618?addrs=188.185.6.50-9618+[2001-1458-d00-62--100-2b1]-9618&alias=bigbird25.cern.ch&noUDP&sock=schedd_1627_90ad>
...
040 (9119067.000.000) 01/22 16:34:31 Started transferring input files
	Transferring to host: <188.185.214.172:9618?addrs=188.185.214.172-9618+[2001-1458-303-1d--100-28]-9618&alias=b9p30p4499.cern.ch&noUDP&sock=slot1_29_3788_bd13_130679>
...
040 (9119067.000.000) 01/22 16:34:31 Finished transferring input files
...
001 (9119067.000.000) 01/22 16:34:32 Job executing on host: <188.185.214.172:9618?addrs=188.185.214.172-9618+[2001-1458-303-1d--100-28]-9618&alias=b9p30p4499.cern.ch&noUDP&sock=startd_3060_7be4>
	SlotName: slot1_29@b9p30p4499.cern.ch
	CondorScratchDir = "/pool/condor/dir_3395538"
	Cpus = 1
	Disk = 3771
	GPUs = 0
	Memory = 3000
...
006 (9119067.000.000) 01/22 16:34:46 Image size of job updated: 166640
	163  -  MemoryUsage of job (MB)
	166640  -  ResidentSetSize of job (KB)
...
006 (9119067.000.000) 01/22 16:35:04 Image size of job updated: 166644
	163  -  MemoryUsage of job (MB)
	166640  -  ResidentSetSize of job (KB)
...
040 (9119067.000.000) 01/22 16:35:04 Started transferring output files
...
040 (9119067.000.000) 01/22 16:35:04 Finished transferring output files
...
005 (9119067.000.000) 01/22 16:35:04 Job terminated.
	(1) Normal termination (return value 0)
		Usr 0 00:00:19, Sys 0 00:00:02  -  Run Remote Usage
		Usr 0 00:00:00, Sys 0 00:00:00  -  Run Local Usage
		Usr 0 00:00:19, Sys 0 00:00:02  -  Total Remote Usage
		Usr 0 00:00:00, Sys 0 00:00:00  -  Total Local Usage
	6446  -  Run Bytes Sent By Job
	312  -  Run Bytes Received By Job
	6446  -  Total Bytes Sent By Job
	312  -  Total Bytes Received By Job
	Partitionable Resources :    Usage  Request Allocated 
	   Cpus                 :        0        1         1 
	   Disk (KB)            :       30        1      3771 
	   GPUs                 :                           0 
	   Memory (MB)          :      163     3000      3000 
	   TimeExecute (s)      :       32                    
	   TimeSlotBusy (s)     :       34                    

	Job terminated of its own accord at 2026-01-22T15:35:04Z with exit-code 0.
...
