000 (9119066.000.000) 01/22 16:30:52 Job submitted from host: <188.185.6.50:9618?addrs=188.185.6.50-9618+[2001-1458-d00-62--100-2b1]-9618&alias=bigbird25.cern.ch&noUDP&sock=schedd_1627_90ad>
...
040 (9119066.000.000) 01/22 16:34:34 Started transferring input files
	Transferring to host: <188.185.215.176:9618?addrs=188.185.215.176-9618+[2001-1458-303-26--100-2c]-9618&alias=b9p18p7146.cern.ch&noUDP&sock=slot1_30_1384226_309a_54743>
...
040 (9119066.000.000) 01/22 16:34:34 Finished transferring input files
...
001 (9119066.000.000) 01/22 16:34:35 Job executing on host: <188.185.215.176:9618?addrs=188.185.215.176-9618+[2001-1458-303-26--100-2c]-9618&alias=b9p18p7146.cern.ch&noUDP&sock=startd_7282_6cbe>
	SlotName: slot1_30@b9p18p7146.cern.ch
	CondorScratchDir = "/pool/condor/dir_1493686"
	Cpus = 1
	Disk = 3779
	GPUs = 0
	Memory = 3000
...
006 (9119066.000.000) 01/22 16:34:48 Image size of job updated: 115180
	0  -  MemoryUsage of job (MB)
	0  -  ResidentSetSize of job (KB)
...
040 (9119066.000.000) 01/22 16:34:48 Started transferring output files
...
040 (9119066.000.000) 01/22 16:34:48 Finished transferring output files
...
005 (9119066.000.000) 01/22 16:34:48 Job terminated.
	(1) Normal termination (return value 0)
		Usr 0 00:00:03, Sys 0 00:00:01  -  Run Remote Usage
		Usr 0 00:00:00, Sys 0 00:00:00  -  Run Local Usage
		Usr 0 00:00:03, Sys 0 00:00:01  -  Total Remote Usage
		Usr 0 00:00:00, Sys 0 00:00:00  -  Total Local Usage
	5988  -  Run Bytes Sent By Job
	312  -  Run Bytes Received By Job
	5988  -  Total Bytes Sent By Job
	312  -  Total Bytes Received By Job
	Partitionable Resources :    Usage  Request Allocated 
	   Cpus                 :        0        1         1 
	   Disk (KB)            :       29        1      3779 
	   GPUs                 :                           0 
	   Memory (MB)          :        0     3000      3000 
	   TimeExecute (s)      :       13                    
	   TimeSlotBusy (s)     :       15                    

	Job terminated of its own accord at 2026-01-22T15:34:48Z with exit-code 0.
...
