000 (9119068.000.000) 01/22 16:30:53 Job submitted from host: <188.185.6.50:9618?addrs=188.185.6.50-9618+[2001-1458-d00-62--100-2b1]-9618&alias=bigbird25.cern.ch&noUDP&sock=schedd_1627_90ad>
...
040 (9119068.000.000) 01/22 16:34:34 Started transferring input files
	Transferring to host: <188.185.215.143:9618?addrs=188.185.215.143-9618+[2001-1458-303-26--100-b]-9618&alias=b9p18p1249.cern.ch&noUDP&sock=slot1_10_6598_a345_9256>
...
040 (9119068.000.000) 01/22 16:34:34 Finished transferring input files
...
001 (9119068.000.000) 01/22 16:34:35 Job executing on host: <188.185.215.143:9618?addrs=188.185.215.143-9618+[2001-1458-303-26--100-b]-9618&alias=b9p18p1249.cern.ch&noUDP&sock=startd_5925_a2ba>
	SlotName: slot1_10@b9p18p1249.cern.ch
	CondorScratchDir = "/pool/condor/dir_2143400"
	Cpus = 1
	Disk = 3828
	GPUs = 0
	Memory = 3000
...
006 (9119068.000.000) 01/22 16:34:48 Image size of job updated: 154192
	151  -  MemoryUsage of job (MB)
	154192  -  ResidentSetSize of job (KB)
...
040 (9119068.000.000) 01/22 16:34:48 Started transferring output files
...
040 (9119068.000.000) 01/22 16:34:49 Finished transferring output files
...
005 (9119068.000.000) 01/22 16:34:49 Job terminated.
	(1) Normal termination (return value 0)
		Usr 0 00:00:05, Sys 0 00:00:01  -  Run Remote Usage
		Usr 0 00:00:00, Sys 0 00:00:00  -  Run Local Usage
		Usr 0 00:00:05, Sys 0 00:00:01  -  Total Remote Usage
		Usr 0 00:00:00, Sys 0 00:00:00  -  Total Local Usage
	5988  -  Run Bytes Sent By Job
	312  -  Run Bytes Received By Job
	5988  -  Total Bytes Sent By Job
	312  -  Total Bytes Received By Job
	Partitionable Resources :    Usage  Request Allocated 
	   Cpus                 :        0        1         1 
	   Disk (KB)            :       29        1      3828 
	   GPUs                 :                           0 
	   Memory (MB)          :      151     3000      3000 
	   TimeExecute (s)      :       13                    
	   TimeSlotBusy (s)     :       16                    

	Job terminated of its own accord at 2026-01-22T15:34:48Z with exit-code 0.
...
