000 (9119071.000.000) 01/22 16:30:54 Job submitted from host: <188.185.6.50:9618?addrs=188.185.6.50-9618+[2001-1458-d00-62--100-2b1]-9618&alias=bigbird25.cern.ch&noUDP&sock=schedd_1627_90ad>
...
040 (9119071.000.000) 01/22 16:34:35 Started transferring input files
	Transferring to host: <188.185.211.42:9618?addrs=188.185.211.42-9618+[2001-1458-303-16--100-26]-9618&alias=b9p23p7005.cern.ch&noUDP&sock=slot1_2_8153_46a5_132774>
...
040 (9119071.000.000) 01/22 16:34:35 Finished transferring input files
...
001 (9119071.000.000) 01/22 16:34:36 Job executing on host: <188.185.211.42:9618?addrs=188.185.211.42-9618+[2001-1458-303-16--100-26]-9618&alias=b9p23p7005.cern.ch&noUDP&sock=startd_7207_fb24>
	SlotName: slot1_2@b9p23p7005.cern.ch
	CondorScratchDir = "/pool/condor/dir_3186169"
	Cpus = 1
	Disk = 3828
	GPUs = 0
	Memory = 3000
...
006 (9119071.000.000) 01/22 16:34:49 Image size of job updated: 155828
	153  -  MemoryUsage of job (MB)
	155828  -  ResidentSetSize of job (KB)
...
006 (9119071.000.000) 01/22 16:36:16 Image size of job updated: 253588
	153  -  MemoryUsage of job (MB)
	155828  -  ResidentSetSize of job (KB)
...
040 (9119071.000.000) 01/22 16:36:16 Started transferring output files
...
040 (9119071.000.000) 01/22 16:36:16 Finished transferring output files
...
005 (9119071.000.000) 01/22 16:36:16 Job terminated.
	(1) Normal termination (return value 0)
		Usr 0 00:01:09, Sys 0 00:00:02  -  Run Remote Usage
		Usr 0 00:00:00, Sys 0 00:00:00  -  Run Local Usage
		Usr 0 00:01:09, Sys 0 00:00:02  -  Total Remote Usage
		Usr 0 00:00:00, Sys 0 00:00:00  -  Total Local Usage
	7533  -  Run Bytes Sent By Job
	312  -  Run Bytes Received By Job
	7533  -  Total Bytes Sent By Job
	312  -  Total Bytes Received By Job
	Partitionable Resources :    Usage  Request Allocated 
	   Cpus                 :        0        1         1 
	   Disk (KB)            :       31        1      3828 
	   GPUs                 :                           0 
	   Memory (MB)          :      153     3000      3000 
	   TimeExecute (s)      :      100                    
	   TimeSlotBusy (s)     :      102                    

	Job terminated of its own accord at 2026-01-22T15:36:16Z with exit-code 0.
...
