000 (9119069.000.000) 01/22 16:30:53 Job submitted from host: <188.185.6.50:9618?addrs=188.185.6.50-9618+[2001-1458-d00-62--100-2b1]-9618&alias=bigbird25.cern.ch&noUDP&sock=schedd_1627_90ad>
...
040 (9119069.000.000) 01/22 16:34:35 Started transferring input files
	Transferring to host: <188.185.212.32:9618?addrs=188.185.212.32-9618+[2001-1458-303-18--100-1c]-9618&alias=b9p25p8766.cern.ch&noUDP&sock=slot1_11_3127_0118_130186>
...
040 (9119069.000.000) 01/22 16:34:35 Finished transferring input files
...
001 (9119069.000.000) 01/22 16:34:36 Job executing on host: <188.185.212.32:9618?addrs=188.185.212.32-9618+[2001-1458-303-18--100-1c]-9618&alias=b9p25p8766.cern.ch&noUDP&sock=startd_2661_cd9a>
	SlotName: slot1_11@b9p25p8766.cern.ch
	CondorScratchDir = "/pool/condor/dir_4087092"
	Cpus = 1
	Disk = 3747
	GPUs = 0
	Memory = 3000
...
006 (9119069.000.000) 01/22 16:34:49 Image size of job updated: 173416
	170  -  MemoryUsage of job (MB)
	173416  -  ResidentSetSize of job (KB)
...
006 (9119069.000.000) 01/22 16:36:35 Image size of job updated: 238896
	170  -  MemoryUsage of job (MB)
	173416  -  ResidentSetSize of job (KB)
...
040 (9119069.000.000) 01/22 16:36:35 Started transferring output files
...
040 (9119069.000.000) 01/22 16:36:35 Finished transferring output files
...
005 (9119069.000.000) 01/22 16:36:35 Job terminated.
	(1) Normal termination (return value 0)
		Usr 0 00:01:24, Sys 0 00:00:02  -  Run Remote Usage
		Usr 0 00:00:00, Sys 0 00:00:00  -  Run Local Usage
		Usr 0 00:01:24, Sys 0 00:00:02  -  Total Remote Usage
		Usr 0 00:00:00, Sys 0 00:00:00  -  Total Local Usage
	8016  -  Run Bytes Sent By Job
	313  -  Run Bytes Received By Job
	8016  -  Total Bytes Sent By Job
	313  -  Total Bytes Received By Job
	Partitionable Resources :    Usage  Request Allocated 
	   Cpus                 :        0        1         1 
	   Disk (KB)            :       31        1      3747 
	   GPUs                 :                           0 
	   Memory (MB)          :      170     3000      3000 
	   TimeExecute (s)      :      119                    
	   TimeSlotBusy (s)     :      121                    

	Job terminated of its own accord at 2026-01-22T15:36:35Z with exit-code 0.
...
