000 (9119790.000.000) 01/22 18:21:29 Job submitted from host: <188.185.6.50:9618?addrs=188.185.6.50-9618+[2001-1458-d00-62--100-2b1]-9618&alias=bigbird25.cern.ch&noUDP&sock=schedd_1627_90ad>
...
040 (9119790.000.000) 01/22 18:25:50 Started transferring input files
	Transferring to host: <128.142.192.191:9618?addrs=128.142.192.191-9618+[2001-1458-301-56--100-3b]-9618&alias=b9g18p8202.cern.ch&noUDP&sock=slot1_41_3482257_d37e_68056>
...
040 (9119790.000.000) 01/22 18:25:50 Finished transferring input files
...
001 (9119790.000.000) 01/22 18:25:51 Job executing on host: <128.142.192.191:9618?addrs=128.142.192.191-9618+[2001-1458-301-56--100-3b]-9618&alias=b9g18p8202.cern.ch&noUDP&sock=startd_2653_50d8>
	SlotName: slot1_41@b9g18p8202.cern.ch
	CondorScratchDir = "/pool/condor/dir_1907206"
	Cpus = 1
	Disk = 3816
	GPUs = 0
	Memory = 3000
...
006 (9119790.000.000) 01/22 18:26:04 Image size of job updated: 57848
	57  -  MemoryUsage of job (MB)
	57848  -  ResidentSetSize of job (KB)
...
006 (9119790.000.000) 01/22 18:26:09 Image size of job updated: 124000
	57  -  MemoryUsage of job (MB)
	57916  -  ResidentSetSize of job (KB)
...
040 (9119790.000.000) 01/22 18:26:09 Started transferring output files
...
040 (9119790.000.000) 01/22 18:26:09 Finished transferring output files
...
005 (9119790.000.000) 01/22 18:26:10 Job terminated.
	(1) Normal termination (return value 0)
		Usr 0 00:00:04, Sys 0 00:00:01  -  Run Remote Usage
		Usr 0 00:00:00, Sys 0 00:00:00  -  Run Local Usage
		Usr 0 00:00:04, Sys 0 00:00:01  -  Total Remote Usage
		Usr 0 00:00:00, Sys 0 00:00:00  -  Total Local Usage
	6014  -  Run Bytes Sent By Job
	321  -  Run Bytes Received By Job
	6014  -  Total Bytes Sent By Job
	321  -  Total Bytes Received By Job
	Partitionable Resources :    Usage  Request Allocated 
	   Cpus                 :        0        1         1 
	   Disk (KB)            :       29        1      3816 
	   GPUs                 :                           0 
	   Memory (MB)          :       57     3000      3000 
	   TimeExecute (s)      :       18                    
	   TimeSlotBusy (s)     :       20                    

	Job terminated of its own accord at 2026-01-22T17:26:09Z with exit-code 0.
...
