000 (9119788.000.000) 01/22 18:21:28 Job submitted from host: <188.185.6.50:9618?addrs=188.185.6.50-9618+[2001-1458-d00-62--100-2b1]-9618&alias=bigbird25.cern.ch&noUDP&sock=schedd_1627_90ad>
...
040 (9119788.000.000) 01/22 18:25:50 Started transferring input files
	Transferring to host: <188.185.214.177:9618?addrs=188.185.214.177-9618+[2001-1458-303-1d--100-2d]-9618&alias=b9p30p3407.cern.ch&noUDP&sock=slot1_14_7396_e6a6_135568>
...
040 (9119788.000.000) 01/22 18:25:50 Finished transferring input files
...
001 (9119788.000.000) 01/22 18:25:51 Job executing on host: <188.185.214.177:9618?addrs=188.185.214.177-9618+[2001-1458-303-1d--100-2d]-9618&alias=b9p30p3407.cern.ch&noUDP&sock=startd_6650_ece3>
	SlotName: slot1_14@b9p30p3407.cern.ch
	CondorScratchDir = "/pool/condor/dir_3313795"
	Cpus = 1
	Disk = 3841
	GPUs = 0
	Memory = 3000
...
006 (9119788.000.000) 01/22 18:26:04 Image size of job updated: 180656
	177  -  MemoryUsage of job (MB)
	180656  -  ResidentSetSize of job (KB)
...
006 (9119788.000.000) 01/22 18:31:04 Image size of job updated: 436780
	314  -  MemoryUsage of job (MB)
	321392  -  ResidentSetSize of job (KB)
...
040 (9119788.000.000) 01/22 18:31:17 Started transferring output files
...
040 (9119788.000.000) 01/22 18:31:17 Finished transferring output files
...
005 (9119788.000.000) 01/22 18:31:17 Job terminated.
	(1) Normal termination (return value 0)
		Usr 0 00:03:36, Sys 0 00:00:04  -  Run Remote Usage
		Usr 0 00:00:00, Sys 0 00:00:00  -  Run Local Usage
		Usr 0 00:03:36, Sys 0 00:00:04  -  Total Remote Usage
		Usr 0 00:00:00, Sys 0 00:00:00  -  Total Local Usage
	10391  -  Run Bytes Sent By Job
	321  -  Run Bytes Received By Job
	10391  -  Total Bytes Sent By Job
	321  -  Total Bytes Received By Job
	Partitionable Resources :    Usage  Request Allocated 
	   Cpus                 :     0.49        1         1 
	   Disk (KB)            :    34           1      3841 
	   GPUs                 :                           0 
	   Memory (MB)          :   314        3000      3000 
	   TimeExecute (s)      :   326                       
	   TimeSlotBusy (s)     :   328                       

	Job terminated of its own accord at 2026-01-22T17:31:17Z with exit-code 0.
...
