000 (9119789.000.000) 01/22 18:21:29 Job submitted from host: <188.185.6.50:9618?addrs=188.185.6.50-9618+[2001-1458-d00-62--100-2b1]-9618&alias=bigbird25.cern.ch&noUDP&sock=schedd_1627_90ad>
...
040 (9119789.000.000) 01/22 18:25:50 Started transferring input files
	Transferring to host: <188.185.213.58:9618?addrs=188.185.213.58-9618+[2001-1458-303-1a--100-36]-9618&alias=b9p27p2430.cern.ch&noUDP&sock=slot1_11_2339270_15cf_52468>
...
040 (9119789.000.000) 01/22 18:25:50 Finished transferring input files
...
001 (9119789.000.000) 01/22 18:25:51 Job executing on host: <188.185.213.58:9618?addrs=188.185.213.58-9618+[2001-1458-303-1a--100-36]-9618&alias=b9p27p2430.cern.ch&noUDP&sock=startd_4019_4737>
	SlotName: slot1_11@b9p27p2430.cern.ch
	CondorScratchDir = "/pool/condor/dir_2196908"
	Cpus = 1
	Disk = 3745
	GPUs = 0
	Memory = 3000
...
006 (9119789.000.000) 01/22 18:26:04 Image size of job updated: 265356
	260  -  MemoryUsage of job (MB)
	265356  -  ResidentSetSize of job (KB)
...
006 (9119789.000.000) 01/22 18:30:02 Image size of job updated: 445180
	260  -  MemoryUsage of job (MB)
	265356  -  ResidentSetSize of job (KB)
...
040 (9119789.000.000) 01/22 18:30:02 Started transferring output files
...
040 (9119789.000.000) 01/22 18:30:02 Finished transferring output files
...
005 (9119789.000.000) 01/22 18:30:02 Job terminated.
	(1) Normal termination (return value 0)
		Usr 0 00:03:01, Sys 0 00:00:04  -  Run Remote Usage
		Usr 0 00:00:00, Sys 0 00:00:00  -  Run Local Usage
		Usr 0 00:03:01, Sys 0 00:00:04  -  Total Remote Usage
		Usr 0 00:00:00, Sys 0 00:00:00  -  Total Local Usage
	9719  -  Run Bytes Sent By Job
	321  -  Run Bytes Received By Job
	9719  -  Total Bytes Sent By Job
	321  -  Total Bytes Received By Job
	Partitionable Resources :    Usage  Request Allocated 
	   Cpus                 :     0.83        1         1 
	   Disk (KB)            :    33           1      3745 
	   GPUs                 :                           0 
	   Memory (MB)          :   260        3000      3000 
	   TimeExecute (s)      :   251                       
	   TimeSlotBusy (s)     :   253                       

	Job terminated of its own accord at 2026-01-22T17:30:02Z with exit-code 0.
...
