000 (9119779.000.000) 01/22 18:21:26 Job submitted from host: <188.185.6.50:9618?addrs=188.185.6.50-9618+[2001-1458-d00-62--100-2b1]-9618&alias=bigbird25.cern.ch&noUDP&sock=schedd_1627_90ad>
...
040 (9119779.000.000) 01/22 18:25:50 Started transferring input files
	Transferring to host: <188.185.212.225:9618?addrs=188.185.212.225-9618+[2001-1458-303-19--100-5d]-9618&alias=b9p26p1103.cern.ch&noUDP&sock=slot1_4_9132_11ec_128056>
...
040 (9119779.000.000) 01/22 18:25:50 Finished transferring input files
...
001 (9119779.000.000) 01/22 18:25:51 Job executing on host: <188.185.212.225:9618?addrs=188.185.212.225-9618+[2001-1458-303-19--100-5d]-9618&alias=b9p26p1103.cern.ch&noUDP&sock=startd_7968_f6b6>
	SlotName: slot1_4@b9p26p1103.cern.ch
	CondorScratchDir = "/pool/condor/dir_3151839"
	Cpus = 1
	Disk = 3827
	GPUs = 0
	Memory = 3000
...
006 (9119779.000.000) 01/22 18:26:04 Image size of job updated: 174272
	171  -  MemoryUsage of job (MB)
	174272  -  ResidentSetSize of job (KB)
...
006 (9119779.000.000) 01/22 18:26:40 Image size of job updated: 234472
	171  -  MemoryUsage of job (MB)
	174272  -  ResidentSetSize of job (KB)
...
040 (9119779.000.000) 01/22 18:26:40 Started transferring output files
...
040 (9119779.000.000) 01/22 18:26:40 Finished transferring output files
...
005 (9119779.000.000) 01/22 18:26:40 Job terminated.
	(1) Normal termination (return value 0)
		Usr 0 00:00:36, Sys 0 00:00:02  -  Run Remote Usage
		Usr 0 00:00:00, Sys 0 00:00:00  -  Run Local Usage
		Usr 0 00:00:36, Sys 0 00:00:02  -  Total Remote Usage
		Usr 0 00:00:00, Sys 0 00:00:00  -  Total Local Usage
	6993  -  Run Bytes Sent By Job
	325  -  Run Bytes Received By Job
	6993  -  Total Bytes Sent By Job
	325  -  Total Bytes Received By Job
	Partitionable Resources :    Usage  Request Allocated 
	   Cpus                 :        0        1         1 
	   Disk (KB)            :       30        1      3827 
	   GPUs                 :                           0 
	   Memory (MB)          :      171     3000      3000 
	   TimeExecute (s)      :       49                    
	   TimeSlotBusy (s)     :       55                    

	Job terminated of its own accord at 2026-01-22T17:26:40Z with exit-code 0.
...
