000 (9119783.000.000) 01/22 18:21:27 Job submitted from host: <188.185.6.50:9618?addrs=188.185.6.50-9618+[2001-1458-d00-62--100-2b1]-9618&alias=bigbird25.cern.ch&noUDP&sock=schedd_1627_90ad>
...
040 (9119783.000.000) 01/22 18:25:48 Started transferring input files
	Transferring to host: <188.185.209.24:9618?addrs=188.185.209.24-9618+[2001-1458-303-11--100-15]-9618&alias=b9p11p1123.cern.ch&noUDP&sock=slot1_17_431351_8d1e_42913>
...
040 (9119783.000.000) 01/22 18:25:48 Finished transferring input files
...
001 (9119783.000.000) 01/22 18:25:49 Job executing on host: <188.185.209.24:9618?addrs=188.185.209.24-9618+[2001-1458-303-11--100-15]-9618&alias=b9p11p1123.cern.ch&noUDP&sock=startd_428254_33ab>
	SlotName: slot1_17@b9p11p1123.cern.ch
	CondorScratchDir = "/pool/condor/dir_3908041"
	Cpus = 1
	Disk = 3624
	GPUs = 0
	Memory = 3000
...
006 (9119783.000.000) 01/22 18:26:02 Image size of job updated: 163404
	160  -  MemoryUsage of job (MB)
	163404  -  ResidentSetSize of job (KB)
...
006 (9119783.000.000) 01/22 18:28:52 Image size of job updated: 241804
	160  -  MemoryUsage of job (MB)
	163464  -  ResidentSetSize of job (KB)
...
040 (9119783.000.000) 01/22 18:28:52 Started transferring output files
...
040 (9119783.000.000) 01/22 18:28:52 Finished transferring output files
...
005 (9119783.000.000) 01/22 18:28:52 Job terminated.
	(1) Normal termination (return value 0)
		Usr 0 00:02:25, Sys 0 00:00:02  -  Run Remote Usage
		Usr 0 00:00:00, Sys 0 00:00:00  -  Run Local Usage
		Usr 0 00:02:25, Sys 0 00:00:02  -  Total Remote Usage
		Usr 0 00:00:00, Sys 0 00:00:00  -  Total Local Usage
	10273  -  Run Bytes Sent By Job
	325  -  Run Bytes Received By Job
	10273  -  Total Bytes Sent By Job
	325  -  Total Bytes Received By Job
	Partitionable Resources :    Usage  Request Allocated 
	   Cpus                 :     0.39        1         1 
	   Disk (KB)            :    36           1      3624 
	   GPUs                 :                           0 
	   Memory (MB)          :   160        3000      3000 
	   TimeExecute (s)      :   183                       
	   TimeSlotBusy (s)     :   185                       

	Job terminated of its own accord at 2026-01-22T17:28:52Z with exit-code 0.
...
