000 (9119782.000.000) 01/22 18:21:26 Job submitted from host: <188.185.6.50:9618?addrs=188.185.6.50-9618+[2001-1458-d00-62--100-2b1]-9618&alias=bigbird25.cern.ch&noUDP&sock=schedd_1627_90ad>
...
040 (9119782.000.000) 01/22 18:25:48 Started transferring input files
	Transferring to host: <188.185.212.96:9618?addrs=188.185.212.96-9618+[2001-1458-303-18--100-5c]-9618&alias=b9p25p1476.cern.ch&noUDP&sock=slot1_14_1429940_d69d_51906>
...
040 (9119782.000.000) 01/22 18:25:48 Finished transferring input files
...
001 (9119782.000.000) 01/22 18:25:49 Job executing on host: <188.185.212.96:9618?addrs=188.185.212.96-9618+[2001-1458-303-18--100-5c]-9618&alias=b9p25p1476.cern.ch&noUDP&sock=startd_1429261_be5f>
	SlotName: slot1_14@b9p25p1476.cern.ch
	CondorScratchDir = "/pool/condor/dir_1746378"
	Cpus = 1
	Disk = 3762
	GPUs = 0
	Memory = 3000
...
006 (9119782.000.000) 01/22 18:26:02 Image size of job updated: 186988
	183  -  MemoryUsage of job (MB)
	186988  -  ResidentSetSize of job (KB)
...
006 (9119782.000.000) 01/22 18:26:30 Image size of job updated: 204792
	183  -  MemoryUsage of job (MB)
	186988  -  ResidentSetSize of job (KB)
...
040 (9119782.000.000) 01/22 18:26:30 Started transferring output files
...
040 (9119782.000.000) 01/22 18:26:30 Finished transferring output files
...
005 (9119782.000.000) 01/22 18:26:30 Job terminated.
	(1) Normal termination (return value 0)
		Usr 0 00:00:29, Sys 0 00:00:02  -  Run Remote Usage
		Usr 0 00:00:00, Sys 0 00:00:00  -  Run Local Usage
		Usr 0 00:00:29, Sys 0 00:00:02  -  Total Remote Usage
		Usr 0 00:00:00, Sys 0 00:00:00  -  Total Local Usage
	6867  -  Run Bytes Sent By Job
	325  -  Run Bytes Received By Job
	6867  -  Total Bytes Sent By Job
	325  -  Total Bytes Received By Job
	Partitionable Resources :    Usage  Request Allocated 
	   Cpus                 :        0        1         1 
	   Disk (KB)            :       30        1      3762 
	   GPUs                 :                           0 
	   Memory (MB)          :      183     3000      3000 
	   TimeExecute (s)      :       41                    
	   TimeSlotBusy (s)     :       43                    

	Job terminated of its own accord at 2026-01-22T17:26:30Z with exit-code 0.
...
