000 (9119784.000.000) 01/22 18:21:27 Job submitted from host: <188.185.6.50:9618?addrs=188.185.6.50-9618+[2001-1458-d00-62--100-2b1]-9618&alias=bigbird25.cern.ch&noUDP&sock=schedd_1627_90ad>
...
040 (9119784.000.000) 01/22 18:25:49 Started transferring input files
	Transferring to host: <188.185.211.65:9618?addrs=188.185.211.65-9618+[2001-1458-303-16--100-3d]-9618&alias=b9p23p3023.cern.ch&noUDP&sock=slot1_3_9089_c5cb_133406>
...
040 (9119784.000.000) 01/22 18:25:49 Finished transferring input files
...
001 (9119784.000.000) 01/22 18:25:50 Job executing on host: <188.185.211.65:9618?addrs=188.185.211.65-9618+[2001-1458-303-16--100-3d]-9618&alias=b9p23p3023.cern.ch&noUDP&sock=startd_7851_b622>
	SlotName: slot1_3@b9p23p3023.cern.ch
	CondorScratchDir = "/pool/condor/dir_890313"
	Cpus = 1
	Disk = 3746
	GPUs = 0
	Memory = 3000
...
006 (9119784.000.000) 01/22 18:26:03 Image size of job updated: 150424
	147  -  MemoryUsage of job (MB)
	150424  -  ResidentSetSize of job (KB)
...
006 (9119784.000.000) 01/22 18:28:13 Image size of job updated: 242900
	147  -  MemoryUsage of job (MB)
	150448  -  ResidentSetSize of job (KB)
...
040 (9119784.000.000) 01/22 18:28:13 Started transferring output files
...
040 (9119784.000.000) 01/22 18:28:13 Finished transferring output files
...
005 (9119784.000.000) 01/22 18:28:13 Job terminated.
	(1) Normal termination (return value 0)
		Usr 0 00:02:00, Sys 0 00:00:03  -  Run Remote Usage
		Usr 0 00:00:00, Sys 0 00:00:00  -  Run Local Usage
		Usr 0 00:02:00, Sys 0 00:00:03  -  Total Remote Usage
		Usr 0 00:00:00, Sys 0 00:00:00  -  Total Local Usage
	9177  -  Run Bytes Sent By Job
	325  -  Run Bytes Received By Job
	9177  -  Total Bytes Sent By Job
	325  -  Total Bytes Received By Job
	Partitionable Resources :    Usage  Request Allocated 
	   Cpus                 :        0        1         1 
	   Disk (KB)            :       33        1      3746 
	   GPUs                 :                           0 
	   Memory (MB)          :      147     3000      3000 
	   TimeExecute (s)      :      143                    
	   TimeSlotBusy (s)     :      146                    

	Job terminated of its own accord at 2026-01-22T17:28:13Z with exit-code 0.
...
