000 (9119778.000.000) 01/22 18:21:25 Job submitted from host: <188.185.6.50:9618?addrs=188.185.6.50-9618+[2001-1458-d00-62--100-2b1]-9618&alias=bigbird25.cern.ch&noUDP&sock=schedd_1627_90ad>
...
040 (9119778.000.000) 01/22 18:25:47 Started transferring input files
	Transferring to host: <188.185.214.92:9618?addrs=188.185.214.92-9618+[2001-1458-303-1c--100-58]-9618&alias=b9p29p3209.cern.ch&noUDP&sock=slot1_22_4722_d379_132664>
...
040 (9119778.000.000) 01/22 18:25:47 Finished transferring input files
...
001 (9119778.000.000) 01/22 18:25:48 Job executing on host: <188.185.214.92:9618?addrs=188.185.214.92-9618+[2001-1458-303-1c--100-58]-9618&alias=b9p29p3209.cern.ch&noUDP&sock=startd_3923_6e1f>
	SlotName: slot1_22@b9p29p3209.cern.ch
	CondorScratchDir = "/pool/condor/dir_3737585"
	Cpus = 1
	Disk = 3777
	GPUs = 0
	Memory = 3000
...
006 (9119778.000.000) 01/22 18:26:01 Image size of job updated: 134960
	132  -  MemoryUsage of job (MB)
	134960  -  ResidentSetSize of job (KB)
...
006 (9119778.000.000) 01/22 18:29:11 Image size of job updated: 248192
	132  -  MemoryUsage of job (MB)
	134960  -  ResidentSetSize of job (KB)
...
040 (9119778.000.000) 01/22 18:29:11 Started transferring output files
...
040 (9119778.000.000) 01/22 18:29:11 Finished transferring output files
...
005 (9119778.000.000) 01/22 18:29:11 Job terminated.
	(1) Normal termination (return value 0)
		Usr 0 00:03:03, Sys 0 00:00:03  -  Run Remote Usage
		Usr 0 00:00:00, Sys 0 00:00:00  -  Run Local Usage
		Usr 0 00:03:03, Sys 0 00:00:03  -  Total Remote Usage
		Usr 0 00:00:00, Sys 0 00:00:00  -  Total Local Usage
	10273  -  Run Bytes Sent By Job
	325  -  Run Bytes Received By Job
	10273  -  Total Bytes Sent By Job
	325  -  Total Bytes Received By Job
	Partitionable Resources :    Usage  Request Allocated 
	   Cpus                 :     0.97        1         1 
	   Disk (KB)            :    34           1      3777 
	   GPUs                 :                           0 
	   Memory (MB)          :   132        3000      3000 
	   TimeExecute (s)      :   203                       
	   TimeSlotBusy (s)     :   205                       

	Job terminated of its own accord at 2026-01-22T17:29:11Z with exit-code 0.
...
