000 (9119780.000.000) 01/22 18:21:26 Job submitted from host: <188.185.6.50:9618?addrs=188.185.6.50-9618+[2001-1458-d00-62--100-2b1]-9618&alias=bigbird25.cern.ch&noUDP&sock=schedd_1627_90ad>
...
040 (9119780.000.000) 01/22 18:25:47 Started transferring input files
	Transferring to host: <188.185.215.15:9618?addrs=188.185.215.15-9618+[2001-1458-303-1e--100-b]-9618&alias=b9p31p2361.cern.ch&noUDP&sock=slot1_19_8454_5b91_133246>
...
040 (9119780.000.000) 01/22 18:25:47 Finished transferring input files
...
001 (9119780.000.000) 01/22 18:25:48 Job executing on host: <188.185.215.15:9618?addrs=188.185.215.15-9618+[2001-1458-303-1e--100-b]-9618&alias=b9p31p2361.cern.ch&noUDP&sock=startd_7360_ed21>
	SlotName: slot1_19@b9p31p2361.cern.ch
	CondorScratchDir = "/pool/condor/dir_463290"
	Cpus = 1
	Disk = 3762
	GPUs = 0
	Memory = 3000
...
006 (9119780.000.000) 01/22 18:26:01 Image size of job updated: 132336
	130  -  MemoryUsage of job (MB)
	132336  -  ResidentSetSize of job (KB)
...
006 (9119780.000.000) 01/22 18:28:11 Image size of job updated: 246892
	130  -  MemoryUsage of job (MB)
	132336  -  ResidentSetSize of job (KB)
...
040 (9119780.000.000) 01/22 18:28:11 Started transferring output files
...
040 (9119780.000.000) 01/22 18:28:11 Finished transferring output files
...
005 (9119780.000.000) 01/22 18:28:11 Job terminated.
	(1) Normal termination (return value 0)
		Usr 0 00:01:44, Sys 0 00:00:03  -  Run Remote Usage
		Usr 0 00:00:00, Sys 0 00:00:00  -  Run Local Usage
		Usr 0 00:01:44, Sys 0 00:00:03  -  Total Remote Usage
		Usr 0 00:00:00, Sys 0 00:00:00  -  Total Local Usage
	8292  -  Run Bytes Sent By Job
	325  -  Run Bytes Received By Job
	8292  -  Total Bytes Sent By Job
	325  -  Total Bytes Received By Job
	Partitionable Resources :    Usage  Request Allocated 
	   Cpus                 :     0.70        1         1 
	   Disk (KB)            :    32           1      3762 
	   GPUs                 :                           0 
	   Memory (MB)          :   130        3000      3000 
	   TimeExecute (s)      :   143                       
	   TimeSlotBusy (s)     :   145                       

	Job terminated of its own accord at 2026-01-22T17:28:11Z with exit-code 0.
...
