000 (9119777.000.000) 01/22 18:21:25 Job submitted from host: <188.185.6.50:9618?addrs=188.185.6.50-9618+[2001-1458-d00-62--100-2b1]-9618&alias=bigbird25.cern.ch&noUDP&sock=schedd_1627_90ad>
...
040 (9119777.000.000) 01/22 18:25:47 Started transferring input files
	Transferring to host: <188.185.205.172:9618?addrs=188.185.205.172-9618+[2001-1458-303-a--100-29]-9618&alias=b9p04p5217.cern.ch&noUDP&sock=slot1_16_4032_a89d_110369>
...
040 (9119777.000.000) 01/22 18:25:47 Finished transferring input files
...
001 (9119777.000.000) 01/22 18:25:48 Job executing on host: <188.185.205.172:9618?addrs=188.185.205.172-9618+[2001-1458-303-a--100-29]-9618&alias=b9p04p5217.cern.ch&noUDP&sock=startd_3573_5bfa>
	SlotName: slot1_16@b9p04p5217.cern.ch
	CondorScratchDir = "/pool/condor/dir_1487234"
	Cpus = 1
	Disk = 3763
	GPUs = 0
	Memory = 3000
...
006 (9119777.000.000) 01/22 18:26:01 Image size of job updated: 166696
	163  -  MemoryUsage of job (MB)
	166696  -  ResidentSetSize of job (KB)
...
006 (9119777.000.000) 01/22 18:28:17 Image size of job updated: 166712
	163  -  MemoryUsage of job (MB)
	166696  -  ResidentSetSize of job (KB)
...
040 (9119777.000.000) 01/22 18:28:17 Started transferring output files
...
040 (9119777.000.000) 01/22 18:28:17 Finished transferring output files
...
005 (9119777.000.000) 01/22 18:28:17 Job terminated.
	(1) Normal termination (return value 0)
		Usr 0 00:01:39, Sys 0 00:00:02  -  Run Remote Usage
		Usr 0 00:00:00, Sys 0 00:00:00  -  Run Local Usage
		Usr 0 00:01:39, Sys 0 00:00:02  -  Total Remote Usage
		Usr 0 00:00:00, Sys 0 00:00:00  -  Total Local Usage
	8572  -  Run Bytes Sent By Job
	325  -  Run Bytes Received By Job
	8572  -  Total Bytes Sent By Job
	325  -  Total Bytes Received By Job
	Partitionable Resources :    Usage  Request Allocated 
	   Cpus                 :                 1         1 
	   Disk (KB)            :       25        1      3763 
	   GPUs                 :                           0 
	   Memory (MB)          :      163     3000      3000 
	   TimeExecute (s)      :      149                    
	   TimeSlotBusy (s)     :      152                    

	Job terminated of its own accord at 2026-01-22T17:28:17Z with exit-code 0.
...
