000 (9119781.000.000) 01/22 18:21:26 Job submitted from host: <188.185.6.50:9618?addrs=188.185.6.50-9618+[2001-1458-d00-62--100-2b1]-9618&alias=bigbird25.cern.ch&noUDP&sock=schedd_1627_90ad>
...
040 (9119781.000.000) 01/22 18:25:47 Started transferring input files
	Transferring to host: <188.185.210.207:9618?addrs=188.185.210.207-9618+[2001-1458-303-15--100-4b]-9618&alias=b9p22p1144.cern.ch&noUDP&sock=slot1_8_3071_8c16_133222>
...
040 (9119781.000.000) 01/22 18:25:47 Finished transferring input files
...
001 (9119781.000.000) 01/22 18:25:48 Job executing on host: <188.185.210.207:9618?addrs=188.185.210.207-9618+[2001-1458-303-15--100-4b]-9618&alias=b9p22p1144.cern.ch&noUDP&sock=startd_2634_488c>
	SlotName: slot1_8@b9p22p1144.cern.ch
	CondorScratchDir = "/pool/condor/dir_499642"
	Cpus = 1
	Disk = 3730
	GPUs = 0
	Memory = 3000
...
006 (9119781.000.000) 01/22 18:26:01 Image size of job updated: 131148
	129  -  MemoryUsage of job (MB)
	131148  -  ResidentSetSize of job (KB)
...
006 (9119781.000.000) 01/22 18:29:29 Image size of job updated: 247120
	129  -  MemoryUsage of job (MB)
	131148  -  ResidentSetSize of job (KB)
...
040 (9119781.000.000) 01/22 18:29:30 Started transferring output files
...
040 (9119781.000.000) 01/22 18:29:30 Finished transferring output files
...
005 (9119781.000.000) 01/22 18:29:30 Job terminated.
	(1) Normal termination (return value 0)
		Usr 0 00:03:12, Sys 0 00:00:04  -  Run Remote Usage
		Usr 0 00:00:00, Sys 0 00:00:00  -  Run Local Usage
		Usr 0 00:03:12, Sys 0 00:00:04  -  Total Remote Usage
		Usr 0 00:00:00, Sys 0 00:00:00  -  Total Local Usage
	10273  -  Run Bytes Sent By Job
	325  -  Run Bytes Received By Job
	10273  -  Total Bytes Sent By Job
	325  -  Total Bytes Received By Job
	Partitionable Resources :    Usage  Request Allocated 
	   Cpus                 :     0.93        1         1 
	   Disk (KB)            :    34           1      3730 
	   GPUs                 :                           0 
	   Memory (MB)          :   129        3000      3000 
	   TimeExecute (s)      :   222                       
	   TimeSlotBusy (s)     :   224                       

	Job terminated of its own accord at 2026-01-22T17:29:29Z with exit-code 0.
...
