000 (9119811.000.000) 01/22 18:21:38 Job submitted from host: <188.185.6.50:9618?addrs=188.185.6.50-9618+[2001-1458-d00-62--100-2b1]-9618&alias=bigbird25.cern.ch&noUDP&sock=schedd_1627_90ad>
...
040 (9119811.000.000) 01/22 18:25:55 Started transferring input files
	Transferring to host: <128.142.132.104:9618?addrs=128.142.132.104-9618+[2001-1458-301-5a--100-5c]-9618&alias=b9g12p5821.cern.ch&noUDP&sock=slot1_26_2825_37cc_123528>
...
040 (9119811.000.000) 01/22 18:25:55 Finished transferring input files
...
001 (9119811.000.000) 01/22 18:25:56 Job executing on host: <128.142.132.104:9618?addrs=128.142.132.104-9618+[2001-1458-301-5a--100-5c]-9618&alias=b9g12p5821.cern.ch&noUDP&sock=startd_2425_ed41>
	SlotName: slot1_26@b9g12p5821.cern.ch
	CondorScratchDir = "/pool/condor/dir_1842375"
	Cpus = 1
	Disk = 2718
	GPUs = 0
	Memory = 3000
...
006 (9119811.000.000) 01/22 18:26:10 Image size of job updated: 129516
	127  -  MemoryUsage of job (MB)
	129516  -  ResidentSetSize of job (KB)
...
006 (9119811.000.000) 01/22 18:27:12 Image size of job updated: 167096
	127  -  MemoryUsage of job (MB)
	129516  -  ResidentSetSize of job (KB)
...
040 (9119811.000.000) 01/22 18:27:12 Started transferring output files
...
040 (9119811.000.000) 01/22 18:27:12 Finished transferring output files
...
005 (9119811.000.000) 01/22 18:27:12 Job terminated.
	(1) Normal termination (return value 0)
		Usr 0 00:00:57, Sys 0 00:00:02  -  Run Remote Usage
		Usr 0 00:00:00, Sys 0 00:00:00  -  Run Local Usage
		Usr 0 00:00:57, Sys 0 00:00:02  -  Total Remote Usage
		Usr 0 00:00:00, Sys 0 00:00:00  -  Total Local Usage
	6759  -  Run Bytes Sent By Job
	322  -  Run Bytes Received By Job
	6759  -  Total Bytes Sent By Job
	322  -  Total Bytes Received By Job
	Partitionable Resources :    Usage  Request Allocated 
	   Cpus                 :        0        1         1 
	   Disk (KB)            :       30        1      2718 
	   GPUs                 :                           0 
	   Memory (MB)          :      127     3000      3000 
	   TimeExecute (s)      :       76                    
	   TimeSlotBusy (s)     :       78                    

	Job terminated of its own accord at 2026-01-22T17:27:12Z with exit-code 0.
...
