000 (9119814.000.000) 01/22 18:21:39 Job submitted from host: <188.185.6.50:9618?addrs=188.185.6.50-9618+[2001-1458-d00-62--100-2b1]-9618&alias=bigbird25.cern.ch&noUDP&sock=schedd_1627_90ad>
...
040 (9119814.000.000) 01/22 18:25:56 Started transferring input files
	Transferring to host: <188.185.208.180:9618?addrs=188.185.208.180-9618+[2001-1458-303-10--100-31]-9618&alias=b9p10p0918.cern.ch&noUDP&sock=slot1_8_5817_5a46_115446>
...
040 (9119814.000.000) 01/22 18:25:56 Finished transferring input files
...
001 (9119814.000.000) 01/22 18:25:57 Job executing on host: <188.185.208.180:9618?addrs=188.185.208.180-9618+[2001-1458-303-10--100-31]-9618&alias=b9p10p0918.cern.ch&noUDP&sock=startd_4871_ade8>
	SlotName: slot1_8@b9p10p0918.cern.ch
	CondorScratchDir = "/pool/condor/dir_3568350"
	Cpus = 1
	Disk = 3742
	GPUs = 0
	Memory = 3000
...
006 (9119814.000.000) 01/22 18:26:10 Image size of job updated: 38660
	38  -  MemoryUsage of job (MB)
	38660  -  ResidentSetSize of job (KB)
...
006 (9119814.000.000) 01/22 18:26:29 Image size of job updated: 152068
	38  -  MemoryUsage of job (MB)
	38784  -  ResidentSetSize of job (KB)
...
040 (9119814.000.000) 01/22 18:26:29 Started transferring output files
...
040 (9119814.000.000) 01/22 18:26:29 Finished transferring output files
...
005 (9119814.000.000) 01/22 18:26:29 Job terminated.
	(1) Normal termination (return value 0)
		Usr 0 00:00:04, Sys 0 00:00:02  -  Run Remote Usage
		Usr 0 00:00:00, Sys 0 00:00:00  -  Run Local Usage
		Usr 0 00:00:04, Sys 0 00:00:02  -  Total Remote Usage
		Usr 0 00:00:00, Sys 0 00:00:00  -  Total Local Usage
	6012  -  Run Bytes Sent By Job
	326  -  Run Bytes Received By Job
	6012  -  Total Bytes Sent By Job
	326  -  Total Bytes Received By Job
	Partitionable Resources :    Usage  Request Allocated 
	   Cpus                 :        0        1         1 
	   Disk (KB)            :       30        1      3742 
	   GPUs                 :                           0 
	   Memory (MB)          :       38     3000      3000 
	   TimeExecute (s)      :       32                    
	   TimeSlotBusy (s)     :       34                    

	Job terminated of its own accord at 2026-01-22T17:26:29Z with exit-code 0.
...
