000 (9119815.000.000) 01/22 18:21:39 Job submitted from host: <188.185.6.50:9618?addrs=188.185.6.50-9618+[2001-1458-d00-62--100-2b1]-9618&alias=bigbird25.cern.ch&noUDP&sock=schedd_1627_90ad>
...
040 (9119815.000.000) 01/22 18:25:57 Started transferring input files
	Transferring to host: <128.142.132.140:9618?addrs=128.142.132.140-9618+[2001-1458-301-5a--100-80]-9618&alias=b9g12p6606.cern.ch&noUDP&sock=slot1_10_2831_720c_120740>
...
040 (9119815.000.000) 01/22 18:25:57 Finished transferring input files
...
001 (9119815.000.000) 01/22 18:25:58 Job executing on host: <128.142.132.140:9618?addrs=128.142.132.140-9618+[2001-1458-301-5a--100-80]-9618&alias=b9g12p6606.cern.ch&noUDP&sock=startd_2433_6a02>
	SlotName: slot1_10@b9g12p6606.cern.ch
	CondorScratchDir = "/pool/condor/dir_1536366"
	Cpus = 1
	Disk = 2660
	GPUs = 0
	Memory = 3000
...
006 (9119815.000.000) 01/22 18:26:12 Image size of job updated: 132168
	130  -  MemoryUsage of job (MB)
	132168  -  ResidentSetSize of job (KB)
...
006 (9119815.000.000) 01/22 18:26:45 Image size of job updated: 166780
	130  -  MemoryUsage of job (MB)
	132168  -  ResidentSetSize of job (KB)
...
040 (9119815.000.000) 01/22 18:26:45 Started transferring output files
...
040 (9119815.000.000) 01/22 18:26:45 Finished transferring output files
...
005 (9119815.000.000) 01/22 18:26:45 Job terminated.
	(1) Normal termination (return value 0)
		Usr 0 00:00:34, Sys 0 00:00:02  -  Run Remote Usage
		Usr 0 00:00:00, Sys 0 00:00:00  -  Run Local Usage
		Usr 0 00:00:34, Sys 0 00:00:02  -  Total Remote Usage
		Usr 0 00:00:00, Sys 0 00:00:00  -  Total Local Usage
	6489  -  Run Bytes Sent By Job
	315  -  Run Bytes Received By Job
	6489  -  Total Bytes Sent By Job
	315  -  Total Bytes Received By Job
	Partitionable Resources :    Usage  Request Allocated 
	   Cpus                 :     0.94        1         1 
	   Disk (KB)            :    30           1      2660 
	   GPUs                 :                           0 
	   Memory (MB)          :   130        3000      3000 
	   TimeExecute (s)      :    47                       
	   TimeSlotBusy (s)     :    49                       

	Job terminated of its own accord at 2026-01-22T17:26:45Z with exit-code 0.
...
