000 (9119813.000.000) 01/22 18:21:39 Job submitted from host: <188.185.6.50:9618?addrs=188.185.6.50-9618+[2001-1458-d00-62--100-2b1]-9618&alias=bigbird25.cern.ch&noUDP&sock=schedd_1627_90ad>
...
040 (9119813.000.000) 01/22 18:25:56 Started transferring input files
	Transferring to host: <188.185.208.168:9618?addrs=188.185.208.168-9618+[2001-1458-303-10--100-25]-9618&alias=b9p10p1412.cern.ch&noUDP&sock=slot1_7_5204_704d_124549>
...
040 (9119813.000.000) 01/22 18:25:56 Finished transferring input files
...
001 (9119813.000.000) 01/22 18:25:57 Job executing on host: <188.185.208.168:9618?addrs=188.185.208.168-9618+[2001-1458-303-10--100-25]-9618&alias=b9p10p1412.cern.ch&noUDP&sock=startd_4359_7d6a>
	SlotName: slot1_7@b9p10p1412.cern.ch
	CondorScratchDir = "/pool/condor/dir_4151460"
	Cpus = 1
	Disk = 3759
	GPUs = 0
	Memory = 3000
...
006 (9119813.000.000) 01/22 18:26:10 Image size of job updated: 136404
	134  -  MemoryUsage of job (MB)
	136404  -  ResidentSetSize of job (KB)
...
006 (9119813.000.000) 01/22 18:26:28 Image size of job updated: 168508
	134  -  MemoryUsage of job (MB)
	136404  -  ResidentSetSize of job (KB)
...
040 (9119813.000.000) 01/22 18:26:28 Started transferring output files
...
040 (9119813.000.000) 01/22 18:26:28 Finished transferring output files
...
005 (9119813.000.000) 01/22 18:26:29 Job terminated.
	(1) Normal termination (return value 0)
		Usr 0 00:00:18, Sys 0 00:00:02  -  Run Remote Usage
		Usr 0 00:00:00, Sys 0 00:00:00  -  Run Local Usage
		Usr 0 00:00:18, Sys 0 00:00:02  -  Total Remote Usage
		Usr 0 00:00:00, Sys 0 00:00:00  -  Total Local Usage
	6522  -  Run Bytes Sent By Job
	326  -  Run Bytes Received By Job
	6522  -  Total Bytes Sent By Job
	326  -  Total Bytes Received By Job
	Partitionable Resources :    Usage  Request Allocated 
	   Cpus                 :        0        1         1 
	   Disk (KB)            :       30        1      3759 
	   GPUs                 :                           0 
	   Memory (MB)          :      134     3000      3000 
	   TimeExecute (s)      :       31                    
	   TimeSlotBusy (s)     :       33                    

	Job terminated of its own accord at 2026-01-22T17:26:28Z with exit-code 0.
...
