000 (9119812.000.000) 01/22 18:21:38 Job submitted from host: <188.185.6.50:9618?addrs=188.185.6.50-9618+[2001-1458-d00-62--100-2b1]-9618&alias=bigbird25.cern.ch&noUDP&sock=schedd_1627_90ad>
...
040 (9119812.000.000) 01/22 18:25:55 Started transferring input files
	Transferring to host: <188.185.208.225:9618?addrs=188.185.208.225-9618+[2001-1458-303-10--100-5e]-9618&alias=b9p10p2513.cern.ch&noUDP&sock=slot1_16_11378_9488_120823>
...
040 (9119812.000.000) 01/22 18:25:55 Finished transferring input files
...
001 (9119812.000.000) 01/22 18:25:56 Job executing on host: <188.185.208.225:9618?addrs=188.185.208.225-9618+[2001-1458-303-10--100-5e]-9618&alias=b9p10p2513.cern.ch&noUDP&sock=startd_10925_3843>
	SlotName: slot1_16@b9p10p2513.cern.ch
	CondorScratchDir = "/pool/condor/dir_2196457"
	Cpus = 1
	Disk = 3681
	GPUs = 0
	Memory = 3000
...
006 (9119812.000.000) 01/22 18:26:09 Image size of job updated: 19224
	7  -  MemoryUsage of job (MB)
	6728  -  ResidentSetSize of job (KB)
...
006 (9119812.000.000) 01/22 18:26:40 Image size of job updated: 131468
	7  -  MemoryUsage of job (MB)
	6728  -  ResidentSetSize of job (KB)
...
040 (9119812.000.000) 01/22 18:26:40 Started transferring output files
...
040 (9119812.000.000) 01/22 18:26:40 Finished transferring output files
...
005 (9119812.000.000) 01/22 18:26:40 Job terminated.
	(1) Normal termination (return value 0)
		Usr 0 00:00:04, Sys 0 00:00:01  -  Run Remote Usage
		Usr 0 00:00:00, Sys 0 00:00:00  -  Run Local Usage
		Usr 0 00:00:04, Sys 0 00:00:01  -  Total Remote Usage
		Usr 0 00:00:00, Sys 0 00:00:00  -  Total Local Usage
	6004  -  Run Bytes Sent By Job
	322  -  Run Bytes Received By Job
	6004  -  Total Bytes Sent By Job
	322  -  Total Bytes Received By Job
	Partitionable Resources :    Usage  Request Allocated 
	   Cpus                 :     0.09        1         1 
	   Disk (KB)            :    30           1      3681 
	   GPUs                 :                           0 
	   Memory (MB)          :     7        3000      3000 
	   TimeExecute (s)      :    44                       
	   TimeSlotBusy (s)     :    45                       

	Job terminated of its own accord at 2026-01-22T17:26:40Z with exit-code 0.
...
