000 (9119816.000.000) 01/22 18:21:40 Job submitted from host: <188.185.6.50:9618?addrs=188.185.6.50-9618+[2001-1458-d00-62--100-2b1]-9618&alias=bigbird25.cern.ch&noUDP&sock=schedd_1627_90ad>
...
040 (9119816.000.000) 01/22 18:25:57 Started transferring input files
	Transferring to host: <188.185.208.9:9618?addrs=188.185.208.9-9618+[2001-1458-303-f--100-6]-9618&alias=b9p09p4155.cern.ch&noUDP&sock=slot1_33_7090_4bd9_115767>
...
040 (9119816.000.000) 01/22 18:25:57 Finished transferring input files
...
001 (9119816.000.000) 01/22 18:25:58 Job executing on host: <188.185.208.9:9618?addrs=188.185.208.9-9618+[2001-1458-303-f--100-6]-9618&alias=b9p09p4155.cern.ch&noUDP&sock=startd_6105_19c6>
	SlotName: slot1_33@b9p09p4155.cern.ch
	CondorScratchDir = "/pool/condor/dir_2510684"
	Cpus = 1
	Disk = 3720
	GPUs = 0
	Memory = 3000
...
006 (9119816.000.000) 01/22 18:26:10 Image size of job updated: 124024
	0  -  MemoryUsage of job (MB)
	0  -  ResidentSetSize of job (KB)
...
040 (9119816.000.000) 01/22 18:26:10 Started transferring output files
...
040 (9119816.000.000) 01/22 18:26:10 Finished transferring output files
...
005 (9119816.000.000) 01/22 18:26:10 Job terminated.
	(1) Normal termination (return value 0)
		Usr 0 00:00:02, Sys 0 00:00:01  -  Run Remote Usage
		Usr 0 00:00:00, Sys 0 00:00:00  -  Run Local Usage
		Usr 0 00:00:02, Sys 0 00:00:01  -  Total Remote Usage
		Usr 0 00:00:00, Sys 0 00:00:00  -  Total Local Usage
	5990  -  Run Bytes Sent By Job
	315  -  Run Bytes Received By Job
	5990  -  Total Bytes Sent By Job
	315  -  Total Bytes Received By Job
	Partitionable Resources :    Usage  Request Allocated 
	   Cpus                 :        0        1         1 
	   Disk (KB)            :       29        1      3720 
	   GPUs                 :                           0 
	   Memory (MB)          :        0     3000      3000 
	   TimeExecute (s)      :       12                    
	   TimeSlotBusy (s)     :       14                    

	Job terminated of its own accord at 2026-01-22T17:26:10Z with exit-code 0.
...
