000 (9119799.000.000) 01/22 18:21:34 Job submitted from host: <188.185.6.50:9618?addrs=188.185.6.50-9618+[2001-1458-d00-62--100-2b1]-9618&alias=bigbird25.cern.ch&noUDP&sock=schedd_1627_90ad>
...
040 (9119799.000.000) 01/22 18:25:56 Started transferring input files
	Transferring to host: <128.142.132.49:9618?addrs=128.142.132.49-9618+[2001-1458-301-5a--100-25]-9618&alias=b9g12p4961.cern.ch&noUDP&sock=slot1_12_2823_cf0c_121738>
...
040 (9119799.000.000) 01/22 18:25:56 Finished transferring input files
...
001 (9119799.000.000) 01/22 18:25:57 Job executing on host: <128.142.132.49:9618?addrs=128.142.132.49-9618+[2001-1458-301-5a--100-25]-9618&alias=b9g12p4961.cern.ch&noUDP&sock=startd_2432_ba6a>
	SlotName: slot1_12@b9g12p4961.cern.ch
	CondorScratchDir = "/pool/condor/dir_917203"
	Cpus = 1
	Disk = 2634
	GPUs = 0
	Memory = 3000
...
006 (9119799.000.000) 01/22 18:26:10 Image size of job updated: 132068
	129  -  MemoryUsage of job (MB)
	132068  -  ResidentSetSize of job (KB)
...
006 (9119799.000.000) 01/22 18:28:26 Image size of job updated: 180180
	129  -  MemoryUsage of job (MB)
	132076  -  ResidentSetSize of job (KB)
...
040 (9119799.000.000) 01/22 18:28:26 Started transferring output files
...
040 (9119799.000.000) 01/22 18:28:26 Finished transferring output files
...
005 (9119799.000.000) 01/22 18:28:27 Job terminated.
	(1) Normal termination (return value 0)
		Usr 0 00:02:10, Sys 0 00:00:02  -  Run Remote Usage
		Usr 0 00:00:00, Sys 0 00:00:00  -  Run Local Usage
		Usr 0 00:02:10, Sys 0 00:00:02  -  Total Remote Usage
		Usr 0 00:00:00, Sys 0 00:00:00  -  Total Local Usage
	7624  -  Run Bytes Sent By Job
	322  -  Run Bytes Received By Job
	7624  -  Total Bytes Sent By Job
	322  -  Total Bytes Received By Job
	Partitionable Resources :    Usage  Request Allocated 
	   Cpus                 :        0        1         1 
	   Disk (KB)            :       31        1      2634 
	   GPUs                 :                           0 
	   Memory (MB)          :      129     3000      3000 
	   TimeExecute (s)      :      149                    
	   TimeSlotBusy (s)     :      154                    

	Job terminated of its own accord at 2026-01-22T17:28:26Z with exit-code 0.
...
