000 (9119795.000.000) 01/22 18:21:31 Job submitted from host: <188.185.6.50:9618?addrs=188.185.6.50-9618+[2001-1458-d00-62--100-2b1]-9618&alias=bigbird25.cern.ch&noUDP&sock=schedd_1627_90ad>
...
040 (9119795.000.000) 01/22 18:25:59 Started transferring input files
	Transferring to host: <188.185.210.183:9618?addrs=188.185.210.183-9618+[2001-1458-303-15--100-33]-9618&alias=b9p22p3291.cern.ch&noUDP&sock=slot1_12_4207_f644_133844>
...
040 (9119795.000.000) 01/22 18:25:59 Finished transferring input files
...
001 (9119795.000.000) 01/22 18:26:00 Job executing on host: <188.185.210.183:9618?addrs=188.185.210.183-9618+[2001-1458-303-15--100-33]-9618&alias=b9p22p3291.cern.ch&noUDP&sock=startd_3597_d240>
	SlotName: slot1_12@b9p22p3291.cern.ch
	CondorScratchDir = "/pool/condor/dir_376718"
	Cpus = 1
	Disk = 3802
	GPUs = 0
	Memory = 3000
...
006 (9119795.000.000) 01/22 18:26:14 Image size of job updated: 76124
	75  -  MemoryUsage of job (MB)
	76124  -  ResidentSetSize of job (KB)
...
006 (9119795.000.000) 01/22 18:27:43 Image size of job updated: 305180
	75  -  MemoryUsage of job (MB)
	76152  -  ResidentSetSize of job (KB)
...
040 (9119795.000.000) 01/22 18:27:43 Started transferring output files
...
040 (9119795.000.000) 01/22 18:27:43 Finished transferring output files
...
005 (9119795.000.000) 01/22 18:27:43 Job terminated.
	(1) Normal termination (return value 0)
		Usr 0 00:01:13, Sys 0 00:00:02  -  Run Remote Usage
		Usr 0 00:00:00, Sys 0 00:00:00  -  Run Local Usage
		Usr 0 00:01:13, Sys 0 00:00:02  -  Total Remote Usage
		Usr 0 00:00:00, Sys 0 00:00:00  -  Total Local Usage
	7603  -  Run Bytes Sent By Job
	315  -  Run Bytes Received By Job
	7603  -  Total Bytes Sent By Job
	315  -  Total Bytes Received By Job
	Partitionable Resources :    Usage  Request Allocated 
	   Cpus                 :        0        1         1 
	   Disk (KB)            :       31        1      3802 
	   GPUs                 :                           0 
	   Memory (MB)          :       75     3000      3000 
	   TimeExecute (s)      :      103                    
	   TimeSlotBusy (s)     :      105                    

	Job terminated of its own accord at 2026-01-22T17:27:43Z with exit-code 0.
...
