000 (9119793.000.000) 01/22 18:21:31 Job submitted from host: <188.185.6.50:9618?addrs=188.185.6.50-9618+[2001-1458-d00-62--100-2b1]-9618&alias=bigbird25.cern.ch&noUDP&sock=schedd_1627_90ad>
...
040 (9119793.000.000) 01/22 18:25:58 Started transferring input files
	Transferring to host: <128.142.161.125:9618?addrs=128.142.161.125-9618+[2001-1458-301-b8--100-3d]-9618&alias=b9g03p2632.cern.ch&noUDP&sock=slot1_26_5860_a667_124013>
...
040 (9119793.000.000) 01/22 18:25:58 Finished transferring input files
...
001 (9119793.000.000) 01/22 18:25:59 Job executing on host: <128.142.161.125:9618?addrs=128.142.161.125-9618+[2001-1458-301-b8--100-3d]-9618&alias=b9g03p2632.cern.ch&noUDP&sock=startd_4408_198e>
	SlotName: slot1_26@b9g03p2632.cern.ch
	CondorScratchDir = "/pool/condor/dir_1460177"
	Cpus = 1
	Disk = 3848
	GPUs = 0
	Memory = 3000
...
006 (9119793.000.000) 01/22 18:26:12 Image size of job updated: 68844
	68  -  MemoryUsage of job (MB)
	68844  -  ResidentSetSize of job (KB)
...
006 (9119793.000.000) 01/22 18:31:12 Image size of job updated: 306764
	300  -  MemoryUsage of job (MB)
	306764  -  ResidentSetSize of job (KB)
...
006 (9119793.000.000) 01/22 18:31:46 Image size of job updated: 412008
	300  -  MemoryUsage of job (MB)
	306764  -  ResidentSetSize of job (KB)
...
040 (9119793.000.000) 01/22 18:31:46 Started transferring output files
...
040 (9119793.000.000) 01/22 18:31:46 Finished transferring output files
...
005 (9119793.000.000) 01/22 18:31:46 Job terminated.
	(1) Normal termination (return value 0)
		Usr 0 00:04:13, Sys 0 00:00:04  -  Run Remote Usage
		Usr 0 00:00:00, Sys 0 00:00:00  -  Run Local Usage
		Usr 0 00:04:13, Sys 0 00:00:04  -  Total Remote Usage
		Usr 0 00:00:00, Sys 0 00:00:00  -  Total Local Usage
	10253  -  Run Bytes Sent By Job
	315  -  Run Bytes Received By Job
	10253  -  Total Bytes Sent By Job
	315  -  Total Bytes Received By Job
	Partitionable Resources :    Usage  Request Allocated 
	   Cpus                 :        0        1         1 
	   Disk (KB)            :       33        1      3848 
	   GPUs                 :                           0 
	   Memory (MB)          :      300     3000      3000 
	   TimeExecute (s)      :      347                    
	   TimeSlotBusy (s)     :      349                    

	Job terminated of its own accord at 2026-01-22T17:31:46Z with exit-code 0.
...
