000 (9119796.000.000) 01/22 18:21:32 Job submitted from host: <188.185.6.50:9618?addrs=188.185.6.50-9618+[2001-1458-d00-62--100-2b1]-9618&alias=bigbird25.cern.ch&noUDP&sock=schedd_1627_90ad>
...
040 (9119796.000.000) 01/22 18:25:52 Started transferring input files
	Transferring to host: <188.185.213.232:9618?addrs=188.185.213.232-9618+[2001-1458-303-1b--100-64]-9618&alias=b9p28p5347.cern.ch&noUDP&sock=slot1_15_4647_fb56_136540>
...
040 (9119796.000.000) 01/22 18:25:52 Finished transferring input files
...
001 (9119796.000.000) 01/22 18:25:53 Job executing on host: <188.185.213.232:9618?addrs=188.185.213.232-9618+[2001-1458-303-1b--100-64]-9618&alias=b9p28p5347.cern.ch&noUDP&sock=startd_3904_65d3>
	SlotName: slot1_15@b9p28p5347.cern.ch
	CondorScratchDir = "/pool/condor/dir_3240403"
	Cpus = 1
	Disk = 3798
	GPUs = 0
	Memory = 3000
...
006 (9119796.000.000) 01/22 18:26:06 Image size of job updated: 150608
	148  -  MemoryUsage of job (MB)
	150608  -  ResidentSetSize of job (KB)
...
006 (9119796.000.000) 01/22 18:26:06 Image size of job updated: 150616
	148  -  MemoryUsage of job (MB)
	150616  -  ResidentSetSize of job (KB)
...
040 (9119796.000.000) 01/22 18:26:07 Started transferring output files
...
040 (9119796.000.000) 01/22 18:26:07 Finished transferring output files
...
005 (9119796.000.000) 01/22 18:26:07 Job terminated.
	(1) Normal termination (return value 0)
		Usr 0 00:00:03, Sys 0 00:00:02  -  Run Remote Usage
		Usr 0 00:00:00, Sys 0 00:00:00  -  Run Local Usage
		Usr 0 00:00:03, Sys 0 00:00:02  -  Total Remote Usage
		Usr 0 00:00:00, Sys 0 00:00:00  -  Total Local Usage
	6004  -  Run Bytes Sent By Job
	315  -  Run Bytes Received By Job
	6004  -  Total Bytes Sent By Job
	315  -  Total Bytes Received By Job
	Partitionable Resources :    Usage  Request Allocated 
	   Cpus                 :        0        1         1 
	   Disk (KB)            :       29        1      3798 
	   GPUs                 :                           0 
	   Memory (MB)          :      148     3000      3000 
	   TimeExecute (s)      :       14                    
	   TimeSlotBusy (s)     :       16                    

	Job terminated of its own accord at 2026-01-22T17:26:06Z with exit-code 0.
...
