000 (9119794.000.000) 01/22 18:21:31 Job submitted from host: <188.185.6.50:9618?addrs=188.185.6.50-9618+[2001-1458-d00-62--100-2b1]-9618&alias=bigbird25.cern.ch&noUDP&sock=schedd_1627_90ad>
...
040 (9119794.000.000) 01/22 18:25:51 Started transferring input files
	Transferring to host: <188.185.211.201:9618?addrs=188.185.211.201-9618+[2001-1458-303-17--100-45]-9618&alias=b9p24p3214.cern.ch&noUDP&sock=slot1_20_8739_2a7c_131143>
...
040 (9119794.000.000) 01/22 18:25:51 Finished transferring input files
...
001 (9119794.000.000) 01/22 18:25:52 Job executing on host: <188.185.211.201:9618?addrs=188.185.211.201-9618+[2001-1458-303-17--100-45]-9618&alias=b9p24p3214.cern.ch&noUDP&sock=startd_7439_1d1d>
	SlotName: slot1_20@b9p24p3214.cern.ch
	CondorScratchDir = "/pool/condor/dir_2655757"
	Cpus = 1
	Disk = 3757
	GPUs = 0
	Memory = 3000
...
006 (9119794.000.000) 01/22 18:26:05 Image size of job updated: 88076
	87  -  MemoryUsage of job (MB)
	88076  -  ResidentSetSize of job (KB)
...
006 (9119794.000.000) 01/22 18:30:22 Image size of job updated: 412280
	87  -  MemoryUsage of job (MB)
	88300  -  ResidentSetSize of job (KB)
...
040 (9119794.000.000) 01/22 18:30:22 Started transferring output files
...
040 (9119794.000.000) 01/22 18:30:22 Finished transferring output files
...
005 (9119794.000.000) 01/22 18:30:22 Job terminated.
	(1) Normal termination (return value 0)
		Usr 0 00:03:34, Sys 0 00:00:04  -  Run Remote Usage
		Usr 0 00:00:00, Sys 0 00:00:00  -  Run Local Usage
		Usr 0 00:03:34, Sys 0 00:00:04  -  Total Remote Usage
		Usr 0 00:00:00, Sys 0 00:00:00  -  Total Local Usage
	10375  -  Run Bytes Sent By Job
	315  -  Run Bytes Received By Job
	10375  -  Total Bytes Sent By Job
	315  -  Total Bytes Received By Job
	Partitionable Resources :    Usage  Request Allocated 
	   Cpus                 :        0        1         1 
	   Disk (KB)            :       34        1      3757 
	   GPUs                 :                           0 
	   Memory (MB)          :       87     3000      3000 
	   TimeExecute (s)      :      270                    
	   TimeSlotBusy (s)     :      272                    

	Job terminated of its own accord at 2026-01-22T17:30:22Z with exit-code 0.
...
