000 (9119791.000.000) 01/22 18:21:30 Job submitted from host: <188.185.6.50:9618?addrs=188.185.6.50-9618+[2001-1458-d00-62--100-2b1]-9618&alias=bigbird25.cern.ch&noUDP&sock=schedd_1627_90ad>
...
040 (9119791.000.000) 01/22 18:25:51 Started transferring input files
	Transferring to host: <188.185.206.165:9618?addrs=188.185.206.165-9618+[2001-1458-303-c--100-22]-9618&alias=b9p06p0079.cern.ch&noUDP&sock=slot1_11_4049_a2fe_108462>
...
040 (9119791.000.000) 01/22 18:25:51 Finished transferring input files
...
001 (9119791.000.000) 01/22 18:25:52 Job executing on host: <188.185.206.165:9618?addrs=188.185.206.165-9618+[2001-1458-303-c--100-22]-9618&alias=b9p06p0079.cern.ch&noUDP&sock=startd_3597_d240>
	SlotName: slot1_11@b9p06p0079.cern.ch
	CondorScratchDir = "/pool/condor/dir_1987727"
	Cpus = 1
	Disk = 3806
	GPUs = 0
	Memory = 3000
...
006 (9119791.000.000) 01/22 18:26:05 Image size of job updated: 166176
	163  -  MemoryUsage of job (MB)
	166176  -  ResidentSetSize of job (KB)
...
006 (9119791.000.000) 01/22 18:26:08 Image size of job updated: 168616
	163  -  MemoryUsage of job (MB)
	166176  -  ResidentSetSize of job (KB)
...
040 (9119791.000.000) 01/22 18:26:08 Started transferring output files
...
040 (9119791.000.000) 01/22 18:26:08 Finished transferring output files
...
005 (9119791.000.000) 01/22 18:26:08 Job terminated.
	(1) Normal termination (return value 0)
		Usr 0 00:00:05, Sys 0 00:00:01  -  Run Remote Usage
		Usr 0 00:00:00, Sys 0 00:00:00  -  Run Local Usage
		Usr 0 00:00:05, Sys 0 00:00:01  -  Total Remote Usage
		Usr 0 00:00:00, Sys 0 00:00:00  -  Total Local Usage
	6264  -  Run Bytes Sent By Job
	316  -  Run Bytes Received By Job
	6264  -  Total Bytes Sent By Job
	316  -  Total Bytes Received By Job
	Partitionable Resources :    Usage  Request Allocated 
	   Cpus                 :        0        1         1 
	   Disk (KB)            :       32        1      3806 
	   GPUs                 :                           0 
	   Memory (MB)          :      163     3000      3000 
	   TimeExecute (s)      :       16                    
	   TimeSlotBusy (s)     :       18                    

	Job terminated of its own accord at 2026-01-22T17:26:08Z with exit-code 0.
...
