000 (9119802.000.000) 01/22 18:21:35 Job submitted from host: <188.185.6.50:9618?addrs=188.185.6.50-9618+[2001-1458-d00-62--100-2b1]-9618&alias=bigbird25.cern.ch&noUDP&sock=schedd_1627_90ad>
...
040 (9119802.000.000) 01/22 18:25:54 Started transferring input files
	Transferring to host: <128.142.132.172:9618?addrs=128.142.132.172-9618+[2001-1458-301-5a--100-a0]-9618&alias=b9g12p7551.cern.ch&noUDP&sock=slot1_21_2746149_2610_47778>
...
040 (9119802.000.000) 01/22 18:25:54 Finished transferring input files
...
001 (9119802.000.000) 01/22 18:25:55 Job executing on host: <128.142.132.172:9618?addrs=128.142.132.172-9618+[2001-1458-301-5a--100-a0]-9618&alias=b9g12p7551.cern.ch&noUDP&sock=startd_2346_bd45>
	SlotName: slot1_21@b9g12p7551.cern.ch
	CondorScratchDir = "/pool/condor/dir_2177745"
	Cpus = 1
	Disk = 2624
	GPUs = 0
	Memory = 3000
...
006 (9119802.000.000) 01/22 18:26:09 Image size of job updated: 132168
	130  -  MemoryUsage of job (MB)
	132168  -  ResidentSetSize of job (KB)
...
006 (9119802.000.000) 01/22 18:26:11 Image size of job updated: 150372
	130  -  MemoryUsage of job (MB)
	132168  -  ResidentSetSize of job (KB)
...
040 (9119802.000.000) 01/22 18:26:11 Started transferring output files
...
040 (9119802.000.000) 01/22 18:26:11 Finished transferring output files
...
005 (9119802.000.000) 01/22 18:26:11 Job terminated.
	(1) Normal termination (return value 0)
		Usr 0 00:00:05, Sys 0 00:00:01  -  Run Remote Usage
		Usr 0 00:00:00, Sys 0 00:00:00  -  Run Local Usage
		Usr 0 00:00:05, Sys 0 00:00:01  -  Total Remote Usage
		Usr 0 00:00:00, Sys 0 00:00:00  -  Total Local Usage
	5990  -  Run Bytes Sent By Job
	315  -  Run Bytes Received By Job
	5990  -  Total Bytes Sent By Job
	315  -  Total Bytes Received By Job
	Partitionable Resources :    Usage  Request Allocated 
	   Cpus                 :        0        1         1 
	   Disk (KB)            :       29        1      2624 
	   GPUs                 :                           0 
	   Memory (MB)          :      130     3000      3000 
	   TimeExecute (s)      :       16                    
	   TimeSlotBusy (s)     :       18                    

	Job terminated of its own accord at 2026-01-22T17:26:11Z with exit-code 0.
...
