000 (9119801.000.000) 01/22 18:21:34 Job submitted from host: <188.185.6.50:9618?addrs=188.185.6.50-9618+[2001-1458-d00-62--100-2b1]-9618&alias=bigbird25.cern.ch&noUDP&sock=schedd_1627_90ad>
...
040 (9119801.000.000) 01/22 18:25:53 Started transferring input files
	Transferring to host: <128.142.132.30:9618?addrs=128.142.132.30-9618+[2001-1458-301-5a--100-12]-9618&alias=b9g12p1169.cern.ch&noUDP&sock=slot1_22_2843_e68d_123443>
...
040 (9119801.000.000) 01/22 18:25:53 Finished transferring input files
...
001 (9119801.000.000) 01/22 18:25:54 Job executing on host: <128.142.132.30:9618?addrs=128.142.132.30-9618+[2001-1458-301-5a--100-12]-9618&alias=b9g12p1169.cern.ch&noUDP&sock=startd_2447_0456>
	SlotName: slot1_22@b9g12p1169.cern.ch
	CondorScratchDir = "/pool/condor/dir_1545843"
	Cpus = 1
	Disk = 2519
	GPUs = 0
	Memory = 3000
...
006 (9119801.000.000) 01/22 18:26:07 Image size of job updated: 42104
	42  -  MemoryUsage of job (MB)
	42104  -  ResidentSetSize of job (KB)
...
006 (9119801.000.000) 01/22 18:27:00 Image size of job updated: 266032
	42  -  MemoryUsage of job (MB)
	42208  -  ResidentSetSize of job (KB)
...
040 (9119801.000.000) 01/22 18:27:00 Started transferring output files
...
040 (9119801.000.000) 01/22 18:27:00 Finished transferring output files
...
005 (9119801.000.000) 01/22 18:27:00 Job terminated.
	(1) Normal termination (return value 0)
		Usr 0 00:00:47, Sys 0 00:00:01  -  Run Remote Usage
		Usr 0 00:00:00, Sys 0 00:00:00  -  Run Local Usage
		Usr 0 00:00:47, Sys 0 00:00:01  -  Total Remote Usage
		Usr 0 00:00:00, Sys 0 00:00:00  -  Total Local Usage
	6618  -  Run Bytes Sent By Job
	315  -  Run Bytes Received By Job
	6618  -  Total Bytes Sent By Job
	315  -  Total Bytes Received By Job
	Partitionable Resources :    Usage  Request Allocated 
	   Cpus                 :        0        1         1 
	   Disk (KB)            :       30        1      2519 
	   GPUs                 :                           0 
	   Memory (MB)          :       42     3000      3000 
	   TimeExecute (s)      :       66                    
	   TimeSlotBusy (s)     :       68                    

	Job terminated of its own accord at 2026-01-22T17:27:00Z with exit-code 0.
...
