000 (9119805.000.000) 01/22 18:21:36 Job submitted from host: <188.185.6.50:9618?addrs=188.185.6.50-9618+[2001-1458-d00-62--100-2b1]-9618&alias=bigbird25.cern.ch&noUDP&sock=schedd_1627_90ad>
...
040 (9119805.000.000) 01/22 18:25:54 Started transferring input files
	Transferring to host: <188.185.204.142:9618?addrs=188.185.204.142-9618+[2001-1458-303-8--100-82]-9618&alias=b9p02p4761.cern.ch&noUDP&sock=slot1_17_4715_e4d9_117504>
...
040 (9119805.000.000) 01/22 18:25:54 Finished transferring input files
...
001 (9119805.000.000) 01/22 18:25:55 Job executing on host: <188.185.204.142:9618?addrs=188.185.204.142-9618+[2001-1458-303-8--100-82]-9618&alias=b9p02p4761.cern.ch&noUDP&sock=startd_3956_10c0>
	SlotName: slot1_17@b9p02p4761.cern.ch
	CondorScratchDir = "/pool/condor/dir_2143206"
	Cpus = 1
	Disk = 3533
	GPUs = 0
	Memory = 3000
...
006 (9119805.000.000) 01/22 18:26:09 Image size of job updated: 16676
	17  -  MemoryUsage of job (MB)
	16676  -  ResidentSetSize of job (KB)
...
006 (9119805.000.000) 01/22 18:26:47 Image size of job updated: 166652
	17  -  MemoryUsage of job (MB)
	16692  -  ResidentSetSize of job (KB)
...
040 (9119805.000.000) 01/22 18:26:47 Started transferring output files
...
040 (9119805.000.000) 01/22 18:26:47 Finished transferring output files
...
005 (9119805.000.000) 01/22 18:26:47 Job terminated.
	(1) Normal termination (return value 0)
		Usr 0 00:00:19, Sys 0 00:00:01  -  Run Remote Usage
		Usr 0 00:00:00, Sys 0 00:00:00  -  Run Local Usage
		Usr 0 00:00:19, Sys 0 00:00:01  -  Total Remote Usage
		Usr 0 00:00:00, Sys 0 00:00:00  -  Total Local Usage
	6448  -  Run Bytes Sent By Job
	314  -  Run Bytes Received By Job
	6448  -  Total Bytes Sent By Job
	314  -  Total Bytes Received By Job
	Partitionable Resources :    Usage  Request Allocated 
	   Cpus                 :        0        1         1 
	   Disk (KB)            :       30        1      3533 
	   GPUs                 :                           0 
	   Memory (MB)          :       17     3000      3000 
	   TimeExecute (s)      :       52                    
	   TimeSlotBusy (s)     :       54                    

	Job terminated of its own accord at 2026-01-22T17:26:47Z with exit-code 0.
...
