000 (9119803.000.000) 01/22 18:21:35 Job submitted from host: <188.185.6.50:9618?addrs=188.185.6.50-9618+[2001-1458-d00-62--100-2b1]-9618&alias=bigbird25.cern.ch&noUDP&sock=schedd_1627_90ad>
...
040 (9119803.000.000) 01/22 18:25:58 Started transferring input files
	Transferring to host: <188.185.209.52:9618?addrs=188.185.209.52-9618+[2001-1458-303-11--100-31]-9618&alias=b9p11p4364.cern.ch&noUDP&sock=slot1_22_1689143_ccea_46187>
...
040 (9119803.000.000) 01/22 18:25:58 Finished transferring input files
...
001 (9119803.000.000) 01/22 18:25:59 Job executing on host: <188.185.209.52:9618?addrs=188.185.209.52-9618+[2001-1458-303-11--100-31]-9618&alias=b9p11p4364.cern.ch&noUDP&sock=startd_1688652_64f9>
	SlotName: slot1_22@b9p11p4364.cern.ch
	CondorScratchDir = "/pool/condor/dir_3542245"
	Cpus = 1
	Disk = 3618
	GPUs = 0
	Memory = 3000
...
006 (9119803.000.000) 01/22 18:26:12 Image size of job updated: 12592
	7  -  MemoryUsage of job (MB)
	6736  -  ResidentSetSize of job (KB)
...
006 (9119803.000.000) 01/22 18:28:18 Image size of job updated: 173552
	7  -  MemoryUsage of job (MB)
	6736  -  ResidentSetSize of job (KB)
...
040 (9119803.000.000) 01/22 18:28:18 Started transferring output files
...
040 (9119803.000.000) 01/22 18:28:18 Finished transferring output files
...
005 (9119803.000.000) 01/22 18:28:18 Job terminated.
	(1) Normal termination (return value 0)
		Usr 0 00:01:06, Sys 0 00:00:02  -  Run Remote Usage
		Usr 0 00:00:00, Sys 0 00:00:00  -  Run Local Usage
		Usr 0 00:01:06, Sys 0 00:00:02  -  Total Remote Usage
		Usr 0 00:00:00, Sys 0 00:00:00  -  Total Local Usage
	7375  -  Run Bytes Sent By Job
	314  -  Run Bytes Received By Job
	7375  -  Total Bytes Sent By Job
	314  -  Total Bytes Received By Job
	Partitionable Resources :    Usage  Request Allocated 
	   Cpus                 :        0        1         1 
	   Disk (KB)            :       31        1      3618 
	   GPUs                 :                           0 
	   Memory (MB)          :        7     3000      3000 
	   TimeExecute (s)      :      139                    
	   TimeSlotBusy (s)     :      141                    

	Job terminated of its own accord at 2026-01-22T17:28:18Z with exit-code 0.
...
