000 (9119804.000.000) 01/22 18:21:35 Job submitted from host: <188.185.6.50:9618?addrs=188.185.6.50-9618+[2001-1458-d00-62--100-2b1]-9618&alias=bigbird25.cern.ch&noUDP&sock=schedd_1627_90ad>
...
040 (9119804.000.000) 01/22 18:26:00 Started transferring input files
	Transferring to host: <188.185.206.135:9618?addrs=188.185.206.135-9618+[2001-1458-303-c--100-4]-9618&alias=b9p06p6909.cern.ch&noUDP&sock=slot1_11_4845_7d9e_122729>
...
040 (9119804.000.000) 01/22 18:26:00 Finished transferring input files
...
001 (9119804.000.000) 01/22 18:26:01 Job executing on host: <188.185.206.135:9618?addrs=188.185.206.135-9618+[2001-1458-303-c--100-4]-9618&alias=b9p06p6909.cern.ch&noUDP&sock=startd_4087_eba8>
	SlotName: slot1_11@b9p06p6909.cern.ch
	CondorScratchDir = "/pool/condor/dir_4064481"
	Cpus = 1
	Disk = 3769
	GPUs = 0
	Memory = 3000
...
006 (9119804.000.000) 01/22 18:26:15 Image size of job updated: 11572
	8  -  MemoryUsage of job (MB)
	7488  -  ResidentSetSize of job (KB)
...
006 (9119804.000.000) 01/22 18:26:37 Image size of job updated: 150056
	8  -  MemoryUsage of job (MB)
	7488  -  ResidentSetSize of job (KB)
...
040 (9119804.000.000) 01/22 18:26:37 Started transferring output files
...
040 (9119804.000.000) 01/22 18:26:37 Finished transferring output files
...
005 (9119804.000.000) 01/22 18:26:37 Job terminated.
	(1) Normal termination (return value 0)
		Usr 0 00:00:04, Sys 0 00:00:01  -  Run Remote Usage
		Usr 0 00:00:00, Sys 0 00:00:00  -  Run Local Usage
		Usr 0 00:00:04, Sys 0 00:00:01  -  Total Remote Usage
		Usr 0 00:00:00, Sys 0 00:00:00  -  Total Local Usage
	5988  -  Run Bytes Sent By Job
	314  -  Run Bytes Received By Job
	5988  -  Total Bytes Sent By Job
	314  -  Total Bytes Received By Job
	Partitionable Resources :    Usage  Request Allocated 
	   Cpus                 :     0.09        1         1 
	   Disk (KB)            :    29           1      3769 
	   GPUs                 :                           0 
	   Memory (MB)          :     8        3000      3000 
	   TimeExecute (s)      :    36                       
	   TimeSlotBusy (s)     :    38                       

	Job terminated of its own accord at 2026-01-22T17:26:37Z with exit-code 0.
...
