000 (9119810.000.000) 01/22 18:21:37 Job submitted from host: <188.185.6.50:9618?addrs=188.185.6.50-9618+[2001-1458-d00-62--100-2b1]-9618&alias=bigbird25.cern.ch&noUDP&sock=schedd_1627_90ad>
...
040 (9119810.000.000) 01/22 18:25:59 Started transferring input files
	Transferring to host: <128.142.137.191:9618?addrs=128.142.137.191-9618+[2001-1458-301-5e--100-b3]-9618&alias=b9g19p6761.cern.ch&noUDP&sock=slot1_4_2700_24e7_120835>
...
040 (9119810.000.000) 01/22 18:25:59 Finished transferring input files
...
001 (9119810.000.000) 01/22 18:26:00 Job executing on host: <128.142.137.191:9618?addrs=128.142.137.191-9618+[2001-1458-301-5e--100-b3]-9618&alias=b9g19p6761.cern.ch&noUDP&sock=startd_2334_8222>
	SlotName: slot1_4@b9g19p6761.cern.ch
	CondorScratchDir = "/pool/condor/dir_2443775"
	Cpus = 1
	Disk = 2624
	GPUs = 0
	Memory = 3000
...
006 (9119810.000.000) 01/22 18:26:14 Image size of job updated: 124332
	122  -  MemoryUsage of job (MB)
	124332  -  ResidentSetSize of job (KB)
...
006 (9119810.000.000) 01/22 18:26:17 Image size of job updated: 131708
	122  -  MemoryUsage of job (MB)
	124332  -  ResidentSetSize of job (KB)
...
040 (9119810.000.000) 01/22 18:26:17 Started transferring output files
...
040 (9119810.000.000) 01/22 18:26:17 Finished transferring output files
...
005 (9119810.000.000) 01/22 18:26:17 Job terminated.
	(1) Normal termination (return value 0)
		Usr 0 00:00:05, Sys 0 00:00:01  -  Run Remote Usage
		Usr 0 00:00:00, Sys 0 00:00:00  -  Run Local Usage
		Usr 0 00:00:05, Sys 0 00:00:01  -  Total Remote Usage
		Usr 0 00:00:00, Sys 0 00:00:00  -  Total Local Usage
	5988  -  Run Bytes Sent By Job
	314  -  Run Bytes Received By Job
	5988  -  Total Bytes Sent By Job
	314  -  Total Bytes Received By Job
	Partitionable Resources :    Usage  Request Allocated 
	   Cpus                 :        0        1         1 
	   Disk (KB)            :       29        1      2624 
	   GPUs                 :                           0 
	   Memory (MB)          :      122     3000      3000 
	   TimeExecute (s)      :       17                    
	   TimeSlotBusy (s)     :       19                    

	Job terminated of its own accord at 2026-01-22T17:26:17Z with exit-code 0.
...
