000 (9119808.000.000) 01/22 18:21:37 Job submitted from host: <188.185.6.50:9618?addrs=188.185.6.50-9618+[2001-1458-d00-62--100-2b1]-9618&alias=bigbird25.cern.ch&noUDP&sock=schedd_1627_90ad>
...
040 (9119808.000.000) 01/22 18:25:55 Started transferring input files
	Transferring to host: <188.185.206.187:9618?addrs=188.185.206.187-9618+[2001-1458-303-c--100-38]-9618&alias=b9p06p6732.cern.ch&noUDP&sock=slot1_21_4257_3106_117933>
...
040 (9119808.000.000) 01/22 18:25:55 Finished transferring input files
...
001 (9119808.000.000) 01/22 18:25:56 Job executing on host: <188.185.206.187:9618?addrs=188.185.206.187-9618+[2001-1458-303-c--100-38]-9618&alias=b9p06p6732.cern.ch&noUDP&sock=startd_3759_f097>
	SlotName: slot1_21@b9p06p6732.cern.ch
	CondorScratchDir = "/pool/condor/dir_1442947"
	Cpus = 1
	Disk = 3722
	GPUs = 0
	Memory = 3000
...
006 (9119808.000.000) 01/22 18:26:07 Image size of job updated: 135468
	0  -  MemoryUsage of job (MB)
	0  -  ResidentSetSize of job (KB)
...
040 (9119808.000.000) 01/22 18:26:07 Started transferring output files
...
040 (9119808.000.000) 01/22 18:26:07 Finished transferring output files
...
005 (9119808.000.000) 01/22 18:26:07 Job terminated.
	(1) Normal termination (return value 0)
		Usr 0 00:00:02, Sys 0 00:00:01  -  Run Remote Usage
		Usr 0 00:00:00, Sys 0 00:00:00  -  Run Local Usage
		Usr 0 00:00:02, Sys 0 00:00:01  -  Total Remote Usage
		Usr 0 00:00:00, Sys 0 00:00:00  -  Total Local Usage
	5990  -  Run Bytes Sent By Job
	315  -  Run Bytes Received By Job
	5990  -  Total Bytes Sent By Job
	315  -  Total Bytes Received By Job
	Partitionable Resources :    Usage  Request Allocated 
	   Cpus                 :        0        1         1 
	   Disk (KB)            :       29        1      3722 
	   GPUs                 :                           0 
	   Memory (MB)          :        0     3000      3000 
	   TimeExecute (s)      :       11                    
	   TimeSlotBusy (s)     :       13                    

	Job terminated of its own accord at 2026-01-22T17:26:07Z with exit-code 0.
...
