000 (9119809.000.000) 01/22 18:21:37 Job submitted from host: <188.185.6.50:9618?addrs=188.185.6.50-9618+[2001-1458-d00-62--100-2b1]-9618&alias=bigbird25.cern.ch&noUDP&sock=schedd_1627_90ad>
...
040 (9119809.000.000) 01/22 18:25:59 Started transferring input files
	Transferring to host: <188.185.204.150:9618?addrs=188.185.204.150-9618+[2001-1458-303-8--100-8a]-9618&alias=b9p02p1082.cern.ch&noUDP&sock=slot1_19_7606_dd6e_117552>
...
040 (9119809.000.000) 01/22 18:25:59 Finished transferring input files
...
001 (9119809.000.000) 01/22 18:26:00 Job executing on host: <188.185.204.150:9618?addrs=188.185.204.150-9618+[2001-1458-303-8--100-8a]-9618&alias=b9p02p1082.cern.ch&noUDP&sock=startd_6862_56f7>
	SlotName: slot1_19@b9p02p1082.cern.ch
	CondorScratchDir = "/pool/condor/dir_371950"
	Cpus = 1
	Disk = 3652
	GPUs = 0
	Memory = 3000
...
006 (9119809.000.000) 01/22 18:26:14 Image size of job updated: 173248
	170  -  MemoryUsage of job (MB)
	173248  -  ResidentSetSize of job (KB)
...
006 (9119809.000.000) 01/22 18:27:38 Image size of job updated: 260208
	170  -  MemoryUsage of job (MB)
	173248  -  ResidentSetSize of job (KB)
...
040 (9119809.000.000) 01/22 18:27:38 Started transferring output files
...
040 (9119809.000.000) 01/22 18:27:38 Finished transferring output files
...
005 (9119809.000.000) 01/22 18:27:38 Job terminated.
	(1) Normal termination (return value 0)
		Usr 0 00:01:09, Sys 0 00:00:02  -  Run Remote Usage
		Usr 0 00:00:00, Sys 0 00:00:00  -  Run Local Usage
		Usr 0 00:01:09, Sys 0 00:00:02  -  Total Remote Usage
		Usr 0 00:00:00, Sys 0 00:00:00  -  Total Local Usage
	7535  -  Run Bytes Sent By Job
	314  -  Run Bytes Received By Job
	7535  -  Total Bytes Sent By Job
	314  -  Total Bytes Received By Job
	Partitionable Resources :    Usage  Request Allocated 
	   Cpus                 :        0        1         1 
	   Disk (KB)            :       31        1      3652 
	   GPUs                 :                           0 
	   Memory (MB)          :      170     3000      3000 
	   TimeExecute (s)      :       98                    
	   TimeSlotBusy (s)     :      100                    

	Job terminated of its own accord at 2026-01-22T17:27:38Z with exit-code 0.
...
