000 (9120241.000.000) 01/22 20:52:01 Job submitted from host: <188.185.6.50:9618?addrs=188.185.6.50-9618+[2001-1458-d00-62--100-2b1]-9618&alias=bigbird25.cern.ch&noUDP&sock=schedd_1627_90ad>
...
040 (9120241.000.000) 01/22 20:53:13 Started transferring input files
	Transferring to host: <128.142.137.183:9618?addrs=128.142.137.183-9618+[2001-1458-301-5e--100-ab]-9618&alias=b9g19p0635.cern.ch&noUDP&sock=slot1_3_2823_cf0c_140838>
...
040 (9120241.000.000) 01/22 20:53:13 Finished transferring input files
...
001 (9120241.000.000) 01/22 20:53:14 Job executing on host: <128.142.137.183:9618?addrs=128.142.137.183-9618+[2001-1458-301-5e--100-ab]-9618&alias=b9g19p0635.cern.ch&noUDP&sock=startd_2436_78cb>
	SlotName: slot1_3@b9g19p0635.cern.ch
	CondorScratchDir = "/pool/condor/dir_3760813"
	Cpus = 1
	Disk = 2656
	GPUs = 0
	Memory = 3000
...
006 (9120241.000.000) 01/22 20:53:28 Image size of job updated: 265324
	260  -  MemoryUsage of job (MB)
	265324  -  ResidentSetSize of job (KB)
...
006 (9120241.000.000) 01/22 20:58:14 Image size of job updated: 445200
	260  -  MemoryUsage of job (MB)
	265324  -  ResidentSetSize of job (KB)
...
040 (9120241.000.000) 01/22 20:58:14 Started transferring output files
...
040 (9120241.000.000) 01/22 20:58:15 Finished transferring output files
...
005 (9120241.000.000) 01/22 20:58:15 Job terminated.
	(1) Normal termination (return value 0)
		Usr 0 00:03:59, Sys 0 00:00:03  -  Run Remote Usage
		Usr 0 00:00:00, Sys 0 00:00:00  -  Run Local Usage
		Usr 0 00:03:59, Sys 0 00:00:03  -  Total Remote Usage
		Usr 0 00:00:00, Sys 0 00:00:00  -  Total Local Usage
	9717  -  Run Bytes Sent By Job
	319  -  Run Bytes Received By Job
	9717  -  Total Bytes Sent By Job
	319  -  Total Bytes Received By Job
	Partitionable Resources :    Usage  Request Allocated 
	   Cpus                 :        0        1         1 
	   Disk (KB)            :       33        1      2656 
	   GPUs                 :                           0 
	   Memory (MB)          :      260     3000      3000 
	   TimeExecute (s)      :      300                    
	   TimeSlotBusy (s)     :      303                    

	Job terminated of its own accord at 2026-01-22T19:58:14Z with exit-code 0.
...
