000 (9120239.000.000) 01/22 20:52:00 Job submitted from host: <188.185.6.50:9618?addrs=188.185.6.50-9618+[2001-1458-d00-62--100-2b1]-9618&alias=bigbird25.cern.ch&noUDP&sock=schedd_1627_90ad>
...
040 (9120239.000.000) 01/22 20:53:13 Started transferring input files
	Transferring to host: <188.185.214.81:9618?addrs=188.185.214.81-9618+[2001-1458-303-1c--100-4d]-9618&alias=b9p29p6095.cern.ch&noUDP&sock=slot1_8_9336_ce75_155949>
...
040 (9120239.000.000) 01/22 20:53:13 Finished transferring input files
...
001 (9120239.000.000) 01/22 20:53:14 Job executing on host: <188.185.214.81:9618?addrs=188.185.214.81-9618+[2001-1458-303-1c--100-4d]-9618&alias=b9p29p6095.cern.ch&noUDP&sock=startd_8692_9148>
	SlotName: slot1_8@b9p29p6095.cern.ch
	CondorScratchDir = "/pool/condor/dir_2204353"
	Cpus = 1
	Disk = 3913
	GPUs = 0
	Memory = 3000
...
006 (9120239.000.000) 01/22 20:53:28 Image size of job updated: 180728
	177  -  MemoryUsage of job (MB)
	180728  -  ResidentSetSize of job (KB)
...
006 (9120239.000.000) 01/22 20:57:16 Image size of job updated: 445156
	177  -  MemoryUsage of job (MB)
	180728  -  ResidentSetSize of job (KB)
...
040 (9120239.000.000) 01/22 20:57:16 Started transferring output files
...
040 (9120239.000.000) 01/22 20:57:16 Finished transferring output files
...
005 (9120239.000.000) 01/22 20:57:16 Job terminated.
	(1) Normal termination (return value 0)
		Usr 0 00:02:31, Sys 0 00:00:04  -  Run Remote Usage
		Usr 0 00:00:00, Sys 0 00:00:00  -  Run Local Usage
		Usr 0 00:02:31, Sys 0 00:00:04  -  Total Remote Usage
		Usr 0 00:00:00, Sys 0 00:00:00  -  Total Local Usage
	10267  -  Run Bytes Sent By Job
	319  -  Run Bytes Received By Job
	10267  -  Total Bytes Sent By Job
	319  -  Total Bytes Received By Job
	Partitionable Resources :    Usage  Request Allocated 
	   Cpus                 :        0        1         1 
	   Disk (KB)            :       33        1      3913 
	   GPUs                 :                           0 
	   Memory (MB)          :      177     3000      3000 
	   TimeExecute (s)      :      242                    
	   TimeSlotBusy (s)     :      244                    

	Job terminated of its own accord at 2026-01-22T19:57:16Z with exit-code 0.
...
