000 (9120240.000.000) 01/22 20:52:01 Job submitted from host: <188.185.6.50:9618?addrs=188.185.6.50-9618+[2001-1458-d00-62--100-2b1]-9618&alias=bigbird25.cern.ch&noUDP&sock=schedd_1627_90ad>
...
040 (9120240.000.000) 01/22 20:53:13 Started transferring input files
	Transferring to host: <188.185.213.209:9618?addrs=188.185.213.209-9618+[2001-1458-303-1b--100-4d]-9618&alias=b9p28p2360.cern.ch&noUDP&sock=slot1_4_9130_a92c_158488>
...
040 (9120240.000.000) 01/22 20:53:13 Finished transferring input files
...
001 (9120240.000.000) 01/22 20:53:14 Job executing on host: <188.185.213.209:9618?addrs=188.185.213.209-9618+[2001-1458-303-1b--100-4d]-9618&alias=b9p28p2360.cern.ch&noUDP&sock=startd_8433_ea40>
	SlotName: slot1_4@b9p28p2360.cern.ch
	CondorScratchDir = "/pool/condor/dir_3703658"
	Cpus = 1
	Disk = 3816
	GPUs = 0
	Memory = 3000
...
006 (9120240.000.000) 01/22 20:53:28 Image size of job updated: 180664
	177  -  MemoryUsage of job (MB)
	180664  -  ResidentSetSize of job (KB)
...
006 (9120240.000.000) 01/22 20:57:30 Image size of job updated: 436576
	177  -  MemoryUsage of job (MB)
	180664  -  ResidentSetSize of job (KB)
...
040 (9120240.000.000) 01/22 20:57:30 Started transferring output files
...
040 (9120240.000.000) 01/22 20:57:30 Finished transferring output files
...
005 (9120240.000.000) 01/22 20:57:30 Job terminated.
	(1) Normal termination (return value 0)
		Usr 0 00:02:28, Sys 0 00:00:03  -  Run Remote Usage
		Usr 0 00:00:00, Sys 0 00:00:00  -  Run Local Usage
		Usr 0 00:02:28, Sys 0 00:00:03  -  Total Remote Usage
		Usr 0 00:00:00, Sys 0 00:00:00  -  Total Local Usage
	10389  -  Run Bytes Sent By Job
	319  -  Run Bytes Received By Job
	10389  -  Total Bytes Sent By Job
	319  -  Total Bytes Received By Job
	Partitionable Resources :    Usage  Request Allocated 
	   Cpus                 :        0        1         1 
	   Disk (KB)            :       34        1      3816 
	   GPUs                 :                           0 
	   Memory (MB)          :      177     3000      3000 
	   TimeExecute (s)      :      256                    
	   TimeSlotBusy (s)     :      258                    

	Job terminated of its own accord at 2026-01-22T19:57:30Z with exit-code 0.
...
