000 (9120236.000.000) 01/22 20:52:00 Job submitted from host: <188.185.6.50:9618?addrs=188.185.6.50-9618+[2001-1458-d00-62--100-2b1]-9618&alias=bigbird25.cern.ch&noUDP&sock=schedd_1627_90ad>
...
040 (9120236.000.000) 01/22 20:53:11 Started transferring input files
	Transferring to host: <128.142.161.93:9618?addrs=128.142.161.93-9618+[2001-1458-301-b8--100-1b]-9618&alias=b9g03p6806.cern.ch&noUDP&sock=slot1_24_3100896_808a_34086>
...
040 (9120236.000.000) 01/22 20:53:11 Finished transferring input files
...
001 (9120236.000.000) 01/22 20:53:12 Job executing on host: <128.142.161.93:9618?addrs=128.142.161.93-9618+[2001-1458-301-b8--100-1b]-9618&alias=b9g03p6806.cern.ch&noUDP&sock=startd_6034_668d>
	SlotName: slot1_24@b9g03p6806.cern.ch
	CondorScratchDir = "/pool/condor/dir_1242614"
	Cpus = 1
	Disk = 3968
	GPUs = 0
	Memory = 3000
...
006 (9120236.000.000) 01/22 20:53:25 Image size of job updated: 145668
	143  -  MemoryUsage of job (MB)
	145668  -  ResidentSetSize of job (KB)
...
006 (9120236.000.000) 01/22 20:55:02 Image size of job updated: 238036
	143  -  MemoryUsage of job (MB)
	146040  -  ResidentSetSize of job (KB)
...
040 (9120236.000.000) 01/22 20:55:02 Started transferring output files
...
040 (9120236.000.000) 01/22 20:55:02 Finished transferring output files
...
005 (9120236.000.000) 01/22 20:55:02 Job terminated.
	(1) Normal termination (return value 0)
		Usr 0 00:01:31, Sys 0 00:00:01  -  Run Remote Usage
		Usr 0 00:00:00, Sys 0 00:00:00  -  Run Local Usage
		Usr 0 00:01:31, Sys 0 00:00:01  -  Total Remote Usage
		Usr 0 00:00:00, Sys 0 00:00:00  -  Total Local Usage
	9175  -  Run Bytes Sent By Job
	323  -  Run Bytes Received By Job
	9175  -  Total Bytes Sent By Job
	323  -  Total Bytes Received By Job
	Partitionable Resources :    Usage  Request Allocated 
	   Cpus                 :        0        1         1 
	   Disk (KB)            :       32        1      3968 
	   GPUs                 :                           0 
	   Memory (MB)          :      143     3000      3000 
	   TimeExecute (s)      :      110                    
	   TimeSlotBusy (s)     :      111                    

	Job terminated of its own accord at 2026-01-22T19:55:02Z with exit-code 0.
...
