000 (9120232.000.000) 01/22 20:51:59 Job submitted from host: <188.185.6.50:9618?addrs=188.185.6.50-9618+[2001-1458-d00-62--100-2b1]-9618&alias=bigbird25.cern.ch&noUDP&sock=schedd_1627_90ad>
...
040 (9120232.000.000) 01/22 20:53:11 Started transferring input files
	Transferring to host: <188.185.214.8:9618?addrs=188.185.214.8-9618+[2001-1458-303-1c--100-4]-9618&alias=b9p29p9409.cern.ch&noUDP&sock=slot1_8_5235_47ee_155872>
...
040 (9120232.000.000) 01/22 20:53:11 Finished transferring input files
...
001 (9120232.000.000) 01/22 20:53:12 Job executing on host: <188.185.214.8:9618?addrs=188.185.214.8-9618+[2001-1458-303-1c--100-4]-9618&alias=b9p29p9409.cern.ch&noUDP&sock=startd_4261_4522>
	SlotName: slot1_8@b9p29p9409.cern.ch
	CondorScratchDir = "/pool/condor/dir_3930931"
	Cpus = 1
	Disk = 3834
	GPUs = 0
	Memory = 3000
...
006 (9120232.000.000) 01/22 20:53:25 Image size of job updated: 170124
	167  -  MemoryUsage of job (MB)
	170124  -  ResidentSetSize of job (KB)
...
006 (9120232.000.000) 01/22 20:55:25 Image size of job updated: 246552
	167  -  MemoryUsage of job (MB)
	170124  -  ResidentSetSize of job (KB)
...
040 (9120232.000.000) 01/22 20:55:25 Started transferring output files
...
040 (9120232.000.000) 01/22 20:55:25 Finished transferring output files
...
005 (9120232.000.000) 01/22 20:55:25 Job terminated.
	(1) Normal termination (return value 0)
		Usr 0 00:01:39, Sys 0 00:00:02  -  Run Remote Usage
		Usr 0 00:00:00, Sys 0 00:00:00  -  Run Local Usage
		Usr 0 00:01:39, Sys 0 00:00:02  -  Total Remote Usage
		Usr 0 00:00:00, Sys 0 00:00:00  -  Total Local Usage
	8290  -  Run Bytes Sent By Job
	323  -  Run Bytes Received By Job
	8290  -  Total Bytes Sent By Job
	323  -  Total Bytes Received By Job
	Partitionable Resources :    Usage  Request Allocated 
	   Cpus                 :        0        1         1 
	   Disk (KB)            :       31        1      3834 
	   GPUs                 :                           0 
	   Memory (MB)          :      167     3000      3000 
	   TimeExecute (s)      :      133                    
	   TimeSlotBusy (s)     :      135                    

	Job terminated of its own accord at 2026-01-22T19:55:25Z with exit-code 0.
...
