000 (9120263.000.000) 01/22 20:52:07 Job submitted from host: <188.185.6.50:9618?addrs=188.185.6.50-9618+[2001-1458-d00-62--100-2b1]-9618&alias=bigbird25.cern.ch&noUDP&sock=schedd_1627_90ad>
...
040 (9120263.000.000) 01/22 20:53:20 Started transferring input files
	Transferring to host: <188.185.213.139:9618?addrs=188.185.213.139-9618+[2001-1458-303-1b--100-7]-9618&alias=b9p28p3597.cern.ch&noUDP&sock=slot1_4_5615_067d_157154>
...
040 (9120263.000.000) 01/22 20:53:20 Finished transferring input files
...
001 (9120263.000.000) 01/22 20:53:21 Job executing on host: <188.185.213.139:9618?addrs=188.185.213.139-9618+[2001-1458-303-1b--100-7]-9618&alias=b9p28p3597.cern.ch&noUDP&sock=startd_4564_1a54>
	SlotName: slot1_4@b9p28p3597.cern.ch
	CondorScratchDir = "/pool/condor/dir_552423"
	Cpus = 1
	Disk = 3884
	GPUs = 0
	Memory = 3000
...
006 (9120263.000.000) 01/22 20:53:35 Image size of job updated: 167092
	164  -  MemoryUsage of job (MB)
	167092  -  ResidentSetSize of job (KB)
...
006 (9120263.000.000) 01/22 20:53:54 Image size of job updated: 167096
	164  -  MemoryUsage of job (MB)
	167092  -  ResidentSetSize of job (KB)
...
040 (9120263.000.000) 01/22 20:53:54 Started transferring output files
...
040 (9120263.000.000) 01/22 20:53:54 Finished transferring output files
...
005 (9120263.000.000) 01/22 20:53:54 Job terminated.
	(1) Normal termination (return value 0)
		Usr 0 00:00:20, Sys 0 00:00:01  -  Run Remote Usage
		Usr 0 00:00:00, Sys 0 00:00:00  -  Run Local Usage
		Usr 0 00:00:20, Sys 0 00:00:01  -  Total Remote Usage
		Usr 0 00:00:00, Sys 0 00:00:00  -  Total Local Usage
	6757  -  Run Bytes Sent By Job
	320  -  Run Bytes Received By Job
	6757  -  Total Bytes Sent By Job
	320  -  Total Bytes Received By Job
	Partitionable Resources :    Usage  Request Allocated 
	   Cpus                 :        0        1         1 
	   Disk (KB)            :       30        1      3884 
	   GPUs                 :                           0 
	   Memory (MB)          :      164     3000      3000 
	   TimeExecute (s)      :       33                    
	   TimeSlotBusy (s)     :       34                    

	Job terminated of its own accord at 2026-01-22T19:53:54Z with exit-code 0.
...
