000 (9120267.000.000) 01/22 20:52:08 Job submitted from host: <188.185.6.50:9618?addrs=188.185.6.50-9618+[2001-1458-d00-62--100-2b1]-9618&alias=bigbird25.cern.ch&noUDP&sock=schedd_1627_90ad>
...
040 (9120267.000.000) 01/22 20:53:21 Started transferring input files
	Transferring to host: <188.185.210.157:9618?addrs=188.185.210.157-9618+[2001-1458-303-15--100-19]-9618&alias=b9p22p6542.cern.ch&noUDP&sock=slot1_7_4450_2d6e_163612>
...
040 (9120267.000.000) 01/22 20:53:21 Finished transferring input files
...
001 (9120267.000.000) 01/22 20:53:22 Job executing on host: <188.185.210.157:9618?addrs=188.185.210.157-9618+[2001-1458-303-15--100-19]-9618&alias=b9p22p6542.cern.ch&noUDP&sock=startd_3759_f097>
	SlotName: slot1_7@b9p22p6542.cern.ch
	CondorScratchDir = "/pool/condor/dir_702782"
	Cpus = 1
	Disk = 3897
	GPUs = 0
	Memory = 3000
...
006 (9120267.000.000) 01/22 20:53:36 Image size of job updated: 166708
	163  -  MemoryUsage of job (MB)
	166708  -  ResidentSetSize of job (KB)
...
040 (9120267.000.000) 01/22 20:53:43 Started transferring output files
...
040 (9120267.000.000) 01/22 20:53:43 Finished transferring output files
...
005 (9120267.000.000) 01/22 20:53:43 Job terminated.
	(1) Normal termination (return value 0)
		Usr 0 00:00:12, Sys 0 00:00:01  -  Run Remote Usage
		Usr 0 00:00:00, Sys 0 00:00:00  -  Run Local Usage
		Usr 0 00:00:12, Sys 0 00:00:01  -  Total Remote Usage
		Usr 0 00:00:00, Sys 0 00:00:00  -  Total Local Usage
	6487  -  Run Bytes Sent By Job
	313  -  Run Bytes Received By Job
	6487  -  Total Bytes Sent By Job
	313  -  Total Bytes Received By Job
	Partitionable Resources :    Usage  Request Allocated 
	   Cpus                 :        0        1         1 
	   Disk (KB)            :       29        1      3897 
	   GPUs                 :                           0 
	   Memory (MB)          :      163     3000      3000 
	   TimeExecute (s)      :       21                    
	   TimeSlotBusy (s)     :       22                    

	Job terminated of its own accord at 2026-01-22T19:53:43Z with exit-code 0.
...
