000 (9120266.000.000) 01/22 20:52:08 Job submitted from host: <188.185.6.50:9618?addrs=188.185.6.50-9618+[2001-1458-d00-62--100-2b1]-9618&alias=bigbird25.cern.ch&noUDP&sock=schedd_1627_90ad>
...
040 (9120266.000.000) 01/22 20:53:27 Started transferring input files
	Transferring to host: <188.185.210.24:9618?addrs=188.185.210.24-9618+[2001-1458-303-1--100-14]-9618&alias=b9p21p2243.cern.ch&noUDP&sock=slot1_9_4360_c3aa_161939>
...
040 (9120266.000.000) 01/22 20:53:27 Finished transferring input files
...
001 (9120266.000.000) 01/22 20:53:28 Job executing on host: <188.185.210.24:9618?addrs=188.185.210.24-9618+[2001-1458-303-1--100-14]-9618&alias=b9p21p2243.cern.ch&noUDP&sock=startd_3719_80cd>
	SlotName: slot1_9@b9p21p2243.cern.ch
	CondorScratchDir = "/pool/condor/dir_2347559"
	Cpus = 1
	Disk = 3789
	GPUs = 0
	Memory = 3000
...
006 (9120266.000.000) 01/22 20:53:40 Image size of job updated: 124100
	0  -  MemoryUsage of job (MB)
	0  -  ResidentSetSize of job (KB)
...
040 (9120266.000.000) 01/22 20:53:40 Started transferring output files
...
040 (9120266.000.000) 01/22 20:53:40 Finished transferring output files
...
005 (9120266.000.000) 01/22 20:53:40 Job terminated.
	(1) Normal termination (return value 0)
		Usr 0 00:00:02, Sys 0 00:00:01  -  Run Remote Usage
		Usr 0 00:00:00, Sys 0 00:00:00  -  Run Local Usage
		Usr 0 00:00:02, Sys 0 00:00:01  -  Total Remote Usage
		Usr 0 00:00:00, Sys 0 00:00:00  -  Total Local Usage
	6012  -  Run Bytes Sent By Job
	324  -  Run Bytes Received By Job
	6012  -  Total Bytes Sent By Job
	324  -  Total Bytes Received By Job
	Partitionable Resources :    Usage  Request Allocated 
	   Cpus                 :        0        1         1 
	   Disk (KB)            :       29        1      3789 
	   GPUs                 :                           0 
	   Memory (MB)          :        0     3000      3000 
	   TimeExecute (s)      :       12                    
	   TimeSlotBusy (s)     :       15                    

	Job terminated of its own accord at 2026-01-22T19:53:40Z with exit-code 0.
...
