000 (9120265.000.000) 01/22 20:52:08 Job submitted from host: <188.185.6.50:9618?addrs=188.185.6.50-9618+[2001-1458-d00-62--100-2b1]-9618&alias=bigbird25.cern.ch&noUDP&sock=schedd_1627_90ad>
...
040 (9120265.000.000) 01/22 20:53:20 Started transferring input files
	Transferring to host: <188.185.214.63:9618?addrs=188.185.214.63-9618+[2001-1458-303-1c--100-3b]-9618&alias=b9p29p3403.cern.ch&noUDP&sock=slot1_6_6531_6e23_156435>
...
040 (9120265.000.000) 01/22 20:53:20 Finished transferring input files
...
001 (9120265.000.000) 01/22 20:53:21 Job executing on host: <188.185.214.63:9618?addrs=188.185.214.63-9618+[2001-1458-303-1c--100-3b]-9618&alias=b9p29p3403.cern.ch&noUDP&sock=startd_5571_d233>
	SlotName: slot1_6@b9p29p3403.cern.ch
	CondorScratchDir = "/pool/condor/dir_44856"
	Cpus = 1
	Disk = 3887
	GPUs = 0
	Memory = 3000
...
006 (9120265.000.000) 01/22 20:53:35 Image size of job updated: 168620
	165  -  MemoryUsage of job (MB)
	168620  -  ResidentSetSize of job (KB)
...
040 (9120265.000.000) 01/22 20:53:44 Started transferring output files
...
040 (9120265.000.000) 01/22 20:53:44 Finished transferring output files
...
005 (9120265.000.000) 01/22 20:53:44 Job terminated.
	(1) Normal termination (return value 0)
		Usr 0 00:00:13, Sys 0 00:00:01  -  Run Remote Usage
		Usr 0 00:00:00, Sys 0 00:00:00  -  Run Local Usage
		Usr 0 00:00:13, Sys 0 00:00:01  -  Total Remote Usage
		Usr 0 00:00:00, Sys 0 00:00:00  -  Total Local Usage
	6520  -  Run Bytes Sent By Job
	324  -  Run Bytes Received By Job
	6520  -  Total Bytes Sent By Job
	324  -  Total Bytes Received By Job
	Partitionable Resources :    Usage  Request Allocated 
	   Cpus                 :        0        1         1 
	   Disk (KB)            :       30        1      3887 
	   GPUs                 :                           0 
	   Memory (MB)          :      165     3000      3000 
	   TimeExecute (s)      :       23                    
	   TimeSlotBusy (s)     :       24                    

	Job terminated of its own accord at 2026-01-22T19:53:44Z with exit-code 0.
...
