000 (9120270.000.000) 01/22 20:52:09 Job submitted from host: <188.185.6.50:9618?addrs=188.185.6.50-9618+[2001-1458-d00-62--100-2b1]-9618&alias=bigbird25.cern.ch&noUDP&sock=schedd_1627_90ad>
...
040 (9120270.000.000) 01/22 20:53:22 Started transferring input files
	Transferring to host: <188.185.201.67:9618?addrs=188.185.201.67-9618+[2001-1458-303-31--100-40]-9618&alias=b9p35p0064.cern.ch&noUDP&sock=slot1_50_188738_beb4_6534>
...
040 (9120270.000.000) 01/22 20:53:22 Finished transferring input files
...
001 (9120270.000.000) 01/22 20:53:23 Job executing on host: <188.185.201.67:9618?addrs=188.185.201.67-9618+[2001-1458-303-31--100-40]-9618&alias=b9p35p0064.cern.ch&noUDP&sock=startd_179507_7321>
	SlotName: slot1_50@b9p35p0064.cern.ch
	CondorScratchDir = "/pool/condor/dir_2450492"
	Cpus = 1
	Disk = 6963
	GPUs = 0
	Memory = 3000
...
006 (9120270.000.000) 01/22 20:53:32 Image size of job updated: 144
	0  -  MemoryUsage of job (MB)
	0  -  ResidentSetSize of job (KB)
...
040 (9120270.000.000) 01/22 20:53:32 Started transferring output files
...
040 (9120270.000.000) 01/22 20:53:32 Finished transferring output files
...
005 (9120270.000.000) 01/22 20:53:32 Job terminated.
	(1) Normal termination (return value 0)
		Usr 0 00:00:02, Sys 0 00:00:00  -  Run Remote Usage
		Usr 0 00:00:00, Sys 0 00:00:00  -  Run Local Usage
		Usr 0 00:00:02, Sys 0 00:00:00  -  Total Remote Usage
		Usr 0 00:00:00, Sys 0 00:00:00  -  Total Local Usage
	5998  -  Run Bytes Sent By Job
	317  -  Run Bytes Received By Job
	5998  -  Total Bytes Sent By Job
	317  -  Total Bytes Received By Job
	Partitionable Resources :    Usage  Request Allocated 
	   Cpus                 :                 1         1 
	   Disk (KB)            :       21        1      6963 
	   GPUs                 :                           0 
	   Memory (MB)          :        0     3000      3000 
	   TimeExecute (s)      :        9                    
	   TimeSlotBusy (s)     :       10                    

	Job terminated of its own accord at 2026-01-22T19:53:32Z with exit-code 0.
...
