000 (9120269.000.000) 01/22 20:52:09 Job submitted from host: <188.185.6.50:9618?addrs=188.185.6.50-9618+[2001-1458-d00-62--100-2b1]-9618&alias=bigbird25.cern.ch&noUDP&sock=schedd_1627_90ad>
...
040 (9120269.000.000) 01/22 20:53:22 Started transferring input files
	Transferring to host: <188.185.210.176:9618?addrs=188.185.210.176-9618+[2001-1458-303-15--100-2c]-9618&alias=b9p22p1329.cern.ch&noUDP&sock=slot1_14_3591_ef2b_159205>
...
040 (9120269.000.000) 01/22 20:53:22 Finished transferring input files
...
001 (9120269.000.000) 01/22 20:53:23 Job executing on host: <188.185.210.176:9618?addrs=188.185.210.176-9618+[2001-1458-303-15--100-2c]-9618&alias=b9p22p1329.cern.ch&noUDP&sock=startd_3014_ee89>
	SlotName: slot1_14@b9p22p1329.cern.ch
	CondorScratchDir = "/pool/condor/dir_3985279"
	Cpus = 1
	Disk = 3842
	GPUs = 0
	Memory = 3000
...
006 (9120269.000.000) 01/22 20:53:37 Image size of job updated: 166744
	163  -  MemoryUsage of job (MB)
	166744  -  ResidentSetSize of job (KB)
...
040 (9120269.000.000) 01/22 20:53:44 Started transferring output files
...
040 (9120269.000.000) 01/22 20:53:44 Finished transferring output files
...
005 (9120269.000.000) 01/22 20:53:44 Job terminated.
	(1) Normal termination (return value 0)
		Usr 0 00:00:12, Sys 0 00:00:01  -  Run Remote Usage
		Usr 0 00:00:00, Sys 0 00:00:00  -  Run Local Usage
		Usr 0 00:00:12, Sys 0 00:00:01  -  Total Remote Usage
		Usr 0 00:00:00, Sys 0 00:00:00  -  Total Local Usage
	6461  -  Run Bytes Sent By Job
	317  -  Run Bytes Received By Job
	6461  -  Total Bytes Sent By Job
	317  -  Total Bytes Received By Job
	Partitionable Resources :    Usage  Request Allocated 
	   Cpus                 :        0        1         1 
	   Disk (KB)            :       29        1      3842 
	   GPUs                 :                           0 
	   Memory (MB)          :      163     3000      3000 
	   TimeExecute (s)      :       21                    
	   TimeSlotBusy (s)     :       22                    

	Job terminated of its own accord at 2026-01-22T19:53:44Z with exit-code 0.
...
