000 (9120268.000.000) 01/22 20:52:08 Job submitted from host: <188.185.6.50:9618?addrs=188.185.6.50-9618+[2001-1458-d00-62--100-2b1]-9618&alias=bigbird25.cern.ch&noUDP&sock=schedd_1627_90ad>
...
040 (9120268.000.000) 01/22 20:53:21 Started transferring input files
	Transferring to host: <188.185.201.41:9618?addrs=188.185.201.41-9618+[2001-1458-303-31--100-26]-9618&alias=b9p35p0063.cern.ch&noUDP&sock=slot1_13_191411_1d81_7693>
...
040 (9120268.000.000) 01/22 20:53:21 Finished transferring input files
...
001 (9120268.000.000) 01/22 20:53:22 Job executing on host: <188.185.201.41:9618?addrs=188.185.201.41-9618+[2001-1458-303-31--100-26]-9618&alias=b9p35p0063.cern.ch&noUDP&sock=startd_180175_a464>
	SlotName: slot1_13@b9p35p0063.cern.ch
	CondorScratchDir = "/pool/condor/dir_1835224"
	Cpus = 1
	Disk = 6855
	GPUs = 0
	Memory = 3000
...
006 (9120268.000.000) 01/22 20:53:31 Image size of job updated: 100
	0  -  MemoryUsage of job (MB)
	0  -  ResidentSetSize of job (KB)
...
040 (9120268.000.000) 01/22 20:53:31 Started transferring output files
...
040 (9120268.000.000) 01/22 20:53:31 Finished transferring output files
...
005 (9120268.000.000) 01/22 20:53:31 Job terminated.
	(1) Normal termination (return value 0)
		Usr 0 00:00:02, Sys 0 00:00:00  -  Run Remote Usage
		Usr 0 00:00:00, Sys 0 00:00:00  -  Run Local Usage
		Usr 0 00:00:02, Sys 0 00:00:00  -  Total Remote Usage
		Usr 0 00:00:00, Sys 0 00:00:00  -  Total Local Usage
	5990  -  Run Bytes Sent By Job
	313  -  Run Bytes Received By Job
	5990  -  Total Bytes Sent By Job
	313  -  Total Bytes Received By Job
	Partitionable Resources :    Usage  Request Allocated 
	   Cpus                 :        0        1         1 
	   Disk (KB)            :       29        1      6855 
	   GPUs                 :                           0 
	   Memory (MB)          :        0     3000      3000 
	   TimeExecute (s)      :        9                    
	   TimeSlotBusy (s)     :       10                    

	Job terminated of its own accord at 2026-01-22T19:53:31Z with exit-code 0.
...
