000 (9120245.000.000) 01/22 20:52:02 Job submitted from host: <188.185.6.50:9618?addrs=188.185.6.50-9618+[2001-1458-d00-62--100-2b1]-9618&alias=bigbird25.cern.ch&noUDP&sock=schedd_1627_90ad>
...
040 (9120245.000.000) 01/22 20:53:15 Started transferring input files
	Transferring to host: <188.185.214.63:9618?addrs=188.185.214.63-9618+[2001-1458-303-1c--100-3b]-9618&alias=b9p29p3403.cern.ch&noUDP&sock=slot1_5_6531_6e23_156434>
...
040 (9120245.000.000) 01/22 20:53:15 Finished transferring input files
...
001 (9120245.000.000) 01/22 20:53:16 Job executing on host: <188.185.214.63:9618?addrs=188.185.214.63-9618+[2001-1458-303-1c--100-3b]-9618&alias=b9p29p3403.cern.ch&noUDP&sock=startd_5571_d233>
	SlotName: slot1_5@b9p29p3403.cern.ch
	CondorScratchDir = "/pool/condor/dir_44709"
	Cpus = 1
	Disk = 3887
	GPUs = 0
	Memory = 3000
...
006 (9120245.000.000) 01/22 20:53:30 Image size of job updated: 302108
	296  -  MemoryUsage of job (MB)
	302108  -  ResidentSetSize of job (KB)
...
006 (9120245.000.000) 01/22 20:56:51 Image size of job updated: 412084
	296  -  MemoryUsage of job (MB)
	302108  -  ResidentSetSize of job (KB)
...
040 (9120245.000.000) 01/22 20:56:51 Started transferring output files
...
040 (9120245.000.000) 01/22 20:56:51 Finished transferring output files
...
005 (9120245.000.000) 01/22 20:56:51 Job terminated.
	(1) Normal termination (return value 0)
		Usr 0 00:02:15, Sys 0 00:00:03  -  Run Remote Usage
		Usr 0 00:00:00, Sys 0 00:00:00  -  Run Local Usage
		Usr 0 00:02:15, Sys 0 00:00:03  -  Total Remote Usage
		Usr 0 00:00:00, Sys 0 00:00:00  -  Total Local Usage
	10251  -  Run Bytes Sent By Job
	313  -  Run Bytes Received By Job
	10251  -  Total Bytes Sent By Job
	313  -  Total Bytes Received By Job
	Partitionable Resources :    Usage  Request Allocated 
	   Cpus                 :        0        1         1 
	   Disk (KB)            :       33        1      3887 
	   GPUs                 :                           0 
	   Memory (MB)          :      296     3000      3000 
	   TimeExecute (s)      :      215                    
	   TimeSlotBusy (s)     :      217                    

	Job terminated of its own accord at 2026-01-22T19:56:51Z with exit-code 0.
...
