000 (9120250.000.000) 01/22 20:52:03 Job submitted from host: <188.185.6.50:9618?addrs=188.185.6.50-9618+[2001-1458-d00-62--100-2b1]-9618&alias=bigbird25.cern.ch&noUDP&sock=schedd_1627_90ad>
...
040 (9120250.000.000) 01/22 20:53:15 Started transferring input files
	Transferring to host: <188.185.201.67:9618?addrs=188.185.201.67-9618+[2001-1458-303-31--100-40]-9618&alias=b9p35p0064.cern.ch&noUDP&sock=slot1_31_188738_beb4_6532>
...
040 (9120250.000.000) 01/22 20:53:15 Finished transferring input files
...
001 (9120250.000.000) 01/22 20:53:16 Job executing on host: <188.185.201.67:9618?addrs=188.185.201.67-9618+[2001-1458-303-31--100-40]-9618&alias=b9p35p0064.cern.ch&noUDP&sock=startd_179507_7321>
	SlotName: slot1_31@b9p35p0064.cern.ch
	CondorScratchDir = "/pool/condor/dir_2449203"
	Cpus = 1
	Disk = 6963
	GPUs = 0
	Memory = 3000
...
006 (9120250.000.000) 01/22 20:53:30 Image size of job updated: 180184
	176  -  MemoryUsage of job (MB)
	180184  -  ResidentSetSize of job (KB)
...
006 (9120250.000.000) 01/22 20:57:00 Image size of job updated: 180196
	176  -  MemoryUsage of job (MB)
	180184  -  ResidentSetSize of job (KB)
...
040 (9120250.000.000) 01/22 20:57:00 Started transferring output files
...
040 (9120250.000.000) 01/22 20:57:00 Finished transferring output files
...
005 (9120250.000.000) 01/22 20:57:00 Job terminated.
	(1) Normal termination (return value 0)
		Usr 0 00:01:51, Sys 0 00:00:01  -  Run Remote Usage
		Usr 0 00:00:00, Sys 0 00:00:00  -  Run Local Usage
		Usr 0 00:01:51, Sys 0 00:00:01  -  Total Remote Usage
		Usr 0 00:00:00, Sys 0 00:00:00  -  Total Local Usage
	10394  -  Run Bytes Sent By Job
	320  -  Run Bytes Received By Job
	10394  -  Total Bytes Sent By Job
	320  -  Total Bytes Received By Job
	Partitionable Resources :    Usage  Request Allocated 
	   Cpus                 :     0.01        1         1 
	   Disk (KB)            :    33           1      6963 
	   GPUs                 :                           0 
	   Memory (MB)          :   176        3000      3000 
	   TimeExecute (s)      :   224                       
	   TimeSlotBusy (s)     :   225                       

	Job terminated of its own accord at 2026-01-22T19:57:00Z with exit-code 0.
...
