000 (9120252.000.000) 01/22 20:52:04 Job submitted from host: <188.185.6.50:9618?addrs=188.185.6.50-9618+[2001-1458-d00-62--100-2b1]-9618&alias=bigbird25.cern.ch&noUDP&sock=schedd_1627_90ad>
...
040 (9120252.000.000) 01/22 20:53:16 Started transferring input files
	Transferring to host: <188.185.203.195:9618?addrs=188.185.203.195-9618+[2001-1458-303-6--100-40]-9618&alias=b9p34p0020.cern.ch&noUDP&sock=slot1_36_192061_195b_5719>
...
040 (9120252.000.000) 01/22 20:53:16 Finished transferring input files
...
001 (9120252.000.000) 01/22 20:53:17 Job executing on host: <188.185.203.195:9618?addrs=188.185.203.195-9618+[2001-1458-303-6--100-40]-9618&alias=b9p34p0020.cern.ch&noUDP&sock=startd_180907_bbb8>
	SlotName: slot1_36@b9p34p0020.cern.ch
	CondorScratchDir = "/pool/condor/dir_1222045"
	Cpus = 1
	Disk = 6875
	GPUs = 0
	Memory = 3000
...
006 (9120252.000.000) 01/22 20:53:25 Image size of job updated: 100
	0  -  MemoryUsage of job (MB)
	0  -  ResidentSetSize of job (KB)
...
040 (9120252.000.000) 01/22 20:53:25 Started transferring output files
...
040 (9120252.000.000) 01/22 20:53:25 Finished transferring output files
...
005 (9120252.000.000) 01/22 20:53:26 Job terminated.
	(1) Normal termination (return value 0)
		Usr 0 00:00:02, Sys 0 00:00:00  -  Run Remote Usage
		Usr 0 00:00:00, Sys 0 00:00:00  -  Run Local Usage
		Usr 0 00:00:02, Sys 0 00:00:00  -  Total Remote Usage
		Usr 0 00:00:00, Sys 0 00:00:00  -  Total Local Usage
	6018  -  Run Bytes Sent By Job
	320  -  Run Bytes Received By Job
	6018  -  Total Bytes Sent By Job
	320  -  Total Bytes Received By Job
	Partitionable Resources :    Usage  Request Allocated 
	   Cpus                 :        0        1         1 
	   Disk (KB)            :       29        1      6875 
	   GPUs                 :                           0 
	   Memory (MB)          :        0     3000      3000 
	   TimeExecute (s)      :        8                    
	   TimeSlotBusy (s)     :        9                    

	Job terminated of its own accord at 2026-01-22T19:53:25Z with exit-code 0.
...
