000 (9120246.000.000) 01/22 20:52:02 Job submitted from host: <188.185.6.50:9618?addrs=188.185.6.50-9618+[2001-1458-d00-62--100-2b1]-9618&alias=bigbird25.cern.ch&noUDP&sock=schedd_1627_90ad>
...
040 (9120246.000.000) 01/22 20:53:27 Started transferring input files
	Transferring to host: <188.185.210.24:9618?addrs=188.185.210.24-9618+[2001-1458-303-1--100-14]-9618&alias=b9p21p2243.cern.ch&noUDP&sock=slot1_8_4360_c3aa_161938>
...
040 (9120246.000.000) 01/22 20:53:27 Finished transferring input files
...
001 (9120246.000.000) 01/22 20:53:28 Job executing on host: <188.185.210.24:9618?addrs=188.185.210.24-9618+[2001-1458-303-1--100-14]-9618&alias=b9p21p2243.cern.ch&noUDP&sock=startd_3719_80cd>
	SlotName: slot1_8@b9p21p2243.cern.ch
	CondorScratchDir = "/pool/condor/dir_2347558"
	Cpus = 1
	Disk = 3789
	GPUs = 0
	Memory = 3000
...
006 (9120246.000.000) 01/22 20:53:42 Image size of job updated: 296856
	290  -  MemoryUsage of job (MB)
	296856  -  ResidentSetSize of job (KB)
...
006 (9120246.000.000) 01/22 20:56:18 Image size of job updated: 411480
	290  -  MemoryUsage of job (MB)
	296856  -  ResidentSetSize of job (KB)
...
040 (9120246.000.000) 01/22 20:56:18 Started transferring output files
...
040 (9120246.000.000) 01/22 20:56:18 Finished transferring output files
...
005 (9120246.000.000) 01/22 20:56:18 Job terminated.
	(1) Normal termination (return value 0)
		Usr 0 00:02:18, Sys 0 00:00:03  -  Run Remote Usage
		Usr 0 00:00:00, Sys 0 00:00:00  -  Run Local Usage
		Usr 0 00:02:18, Sys 0 00:00:03  -  Total Remote Usage
		Usr 0 00:00:00, Sys 0 00:00:00  -  Total Local Usage
	10373  -  Run Bytes Sent By Job
	313  -  Run Bytes Received By Job
	10373  -  Total Bytes Sent By Job
	313  -  Total Bytes Received By Job
	Partitionable Resources :    Usage  Request Allocated 
	   Cpus                 :        0        1         1 
	   Disk (KB)            :       33        1      3789 
	   GPUs                 :                           0 
	   Memory (MB)          :      290     3000      3000 
	   TimeExecute (s)      :      170                    
	   TimeSlotBusy (s)     :      173                    

	Job terminated of its own accord at 2026-01-22T19:56:18Z with exit-code 0.
...
