000 (9120249.000.000) 01/22 20:52:03 Job submitted from host: <188.185.6.50:9618?addrs=188.185.6.50-9618+[2001-1458-d00-62--100-2b1]-9618&alias=bigbird25.cern.ch&noUDP&sock=schedd_1627_90ad>
...
040 (9120249.000.000) 01/22 20:53:15 Started transferring input files
	Transferring to host: <188.185.210.176:9618?addrs=188.185.210.176-9618+[2001-1458-303-15--100-2c]-9618&alias=b9p22p1329.cern.ch&noUDP&sock=slot1_13_3591_ef2b_159204>
...
040 (9120249.000.000) 01/22 20:53:15 Finished transferring input files
...
001 (9120249.000.000) 01/22 20:53:16 Job executing on host: <188.185.210.176:9618?addrs=188.185.210.176-9618+[2001-1458-303-15--100-2c]-9618&alias=b9p22p1329.cern.ch&noUDP&sock=startd_3014_ee89>
	SlotName: slot1_13@b9p22p1329.cern.ch
	CondorScratchDir = "/pool/condor/dir_3984657"
	Cpus = 1
	Disk = 3842
	GPUs = 0
	Memory = 3000
...
006 (9120249.000.000) 01/22 20:53:30 Image size of job updated: 180216
	176  -  MemoryUsage of job (MB)
	180216  -  ResidentSetSize of job (KB)
...
006 (9120249.000.000) 01/22 20:56:15 Image size of job updated: 180224
	176  -  MemoryUsage of job (MB)
	180216  -  ResidentSetSize of job (KB)
...
040 (9120249.000.000) 01/22 20:56:15 Started transferring output files
...
040 (9120249.000.000) 01/22 20:56:15 Finished transferring output files
...
005 (9120249.000.000) 01/22 20:56:15 Job terminated.
	(1) Normal termination (return value 0)
		Usr 0 00:02:12, Sys 0 00:00:03  -  Run Remote Usage
		Usr 0 00:00:00, Sys 0 00:00:00  -  Run Local Usage
		Usr 0 00:02:12, Sys 0 00:00:03  -  Total Remote Usage
		Usr 0 00:00:00, Sys 0 00:00:00  -  Total Local Usage
	10272  -  Run Bytes Sent By Job
	320  -  Run Bytes Received By Job
	10272  -  Total Bytes Sent By Job
	320  -  Total Bytes Received By Job
	Partitionable Resources :    Usage  Request Allocated 
	   Cpus                 :        0        1         1 
	   Disk (KB)            :       33        1      3842 
	   GPUs                 :                           0 
	   Memory (MB)          :      176     3000      3000 
	   TimeExecute (s)      :      179                    
	   TimeSlotBusy (s)     :      180                    

	Job terminated of its own accord at 2026-01-22T19:56:15Z with exit-code 0.
...
