000 (9120247.000.000) 01/22 20:52:02 Job submitted from host: <188.185.6.50:9618?addrs=188.185.6.50-9618+[2001-1458-d00-62--100-2b1]-9618&alias=bigbird25.cern.ch&noUDP&sock=schedd_1627_90ad>
...
040 (9120247.000.000) 01/22 20:53:15 Started transferring input files
	Transferring to host: <188.185.210.157:9618?addrs=188.185.210.157-9618+[2001-1458-303-15--100-19]-9618&alias=b9p22p6542.cern.ch&noUDP&sock=slot1_5_4450_2d6e_163611>
...
040 (9120247.000.000) 01/22 20:53:15 Finished transferring input files
...
001 (9120247.000.000) 01/22 20:53:16 Job executing on host: <188.185.210.157:9618?addrs=188.185.210.157-9618+[2001-1458-303-15--100-19]-9618&alias=b9p22p6542.cern.ch&noUDP&sock=startd_3759_f097>
	SlotName: slot1_5@b9p22p6542.cern.ch
	CondorScratchDir = "/pool/condor/dir_702638"
	Cpus = 1
	Disk = 3897
	GPUs = 0
	Memory = 3000
...
006 (9120247.000.000) 01/22 20:53:30 Image size of job updated: 297156
	291  -  MemoryUsage of job (MB)
	297156  -  ResidentSetSize of job (KB)
...
006 (9120247.000.000) 01/22 20:54:16 Image size of job updated: 305276
	291  -  MemoryUsage of job (MB)
	297156  -  ResidentSetSize of job (KB)
...
040 (9120247.000.000) 01/22 20:54:16 Started transferring output files
...
040 (9120247.000.000) 01/22 20:54:16 Finished transferring output files
...
005 (9120247.000.000) 01/22 20:54:16 Job terminated.
	(1) Normal termination (return value 0)
		Usr 0 00:00:46, Sys 0 00:00:02  -  Run Remote Usage
		Usr 0 00:00:00, Sys 0 00:00:00  -  Run Local Usage
		Usr 0 00:00:46, Sys 0 00:00:02  -  Total Remote Usage
		Usr 0 00:00:00, Sys 0 00:00:00  -  Total Local Usage
	7601  -  Run Bytes Sent By Job
	313  -  Run Bytes Received By Job
	7601  -  Total Bytes Sent By Job
	313  -  Total Bytes Received By Job
	Partitionable Resources :    Usage  Request Allocated 
	   Cpus                 :        0        1         1 
	   Disk (KB)            :       31        1      3897 
	   GPUs                 :                           0 
	   Memory (MB)          :      291     3000      3000 
	   TimeExecute (s)      :       60                    
	   TimeSlotBusy (s)     :       62                    

	Job terminated of its own accord at 2026-01-22T19:54:16Z with exit-code 0.
...
