000 (9120243.000.000) 01/22 20:52:01 Job submitted from host: <188.185.6.50:9618?addrs=188.185.6.50-9618+[2001-1458-d00-62--100-2b1]-9618&alias=bigbird25.cern.ch&noUDP&sock=schedd_1627_90ad>
...
040 (9120243.000.000) 01/22 20:53:13 Started transferring input files
	Transferring to host: <188.185.213.139:9618?addrs=188.185.213.139-9618+[2001-1458-303-1b--100-7]-9618&alias=b9p28p3597.cern.ch&noUDP&sock=slot1_1_5615_067d_157153>
...
040 (9120243.000.000) 01/22 20:53:13 Finished transferring input files
...
001 (9120243.000.000) 01/22 20:53:14 Job executing on host: <188.185.213.139:9618?addrs=188.185.213.139-9618+[2001-1458-303-1b--100-7]-9618&alias=b9p28p3597.cern.ch&noUDP&sock=startd_4564_1a54>
	SlotName: slot1_1@b9p28p3597.cern.ch
	CondorScratchDir = "/pool/condor/dir_551989"
	Cpus = 1
	Disk = 3884
	GPUs = 0
	Memory = 3000
...
006 (9120243.000.000) 01/22 20:53:28 Image size of job updated: 166168
	0  -  MemoryUsage of job (MB)
	0  -  ResidentSetSize of job (KB)
...
040 (9120243.000.000) 01/22 20:53:28 Started transferring output files
...
040 (9120243.000.000) 01/22 20:53:28 Finished transferring output files
...
005 (9120243.000.000) 01/22 20:53:28 Job terminated.
	(1) Normal termination (return value 0)
		Usr 0 00:00:05, Sys 0 00:00:01  -  Run Remote Usage
		Usr 0 00:00:00, Sys 0 00:00:00  -  Run Local Usage
		Usr 0 00:00:05, Sys 0 00:00:01  -  Total Remote Usage
		Usr 0 00:00:00, Sys 0 00:00:00  -  Total Local Usage
	6262  -  Run Bytes Sent By Job
	314  -  Run Bytes Received By Job
	6262  -  Total Bytes Sent By Job
	314  -  Total Bytes Received By Job
	Partitionable Resources :    Usage  Request Allocated 
	   Cpus                 :        0        1         1 
	   Disk (KB)            :       29        1      3884 
	   GPUs                 :                           0 
	   Memory (MB)          :        0     3000      3000 
	   TimeExecute (s)      :       14                    
	   TimeSlotBusy (s)     :       15                    

	Job terminated of its own accord at 2026-01-22T19:53:28Z with exit-code 0.
...
