000 (9120244.000.000) 01/22 20:52:02 Job submitted from host: <188.185.6.50:9618?addrs=188.185.6.50-9618+[2001-1458-d00-62--100-2b1]-9618&alias=bigbird25.cern.ch&noUDP&sock=schedd_1627_90ad>
...
040 (9120244.000.000) 01/22 20:53:14 Started transferring input files
	Transferring to host: <188.185.214.76:9618?addrs=188.185.214.76-9618+[2001-1458-303-1c--100-48]-9618&alias=b9p29p1203.cern.ch&noUDP&sock=slot1_6_6871_fdb0_157414>
...
040 (9120244.000.000) 01/22 20:53:14 Finished transferring input files
...
001 (9120244.000.000) 01/22 20:53:15 Job executing on host: <188.185.214.76:9618?addrs=188.185.214.76-9618+[2001-1458-303-1c--100-48]-9618&alias=b9p29p1203.cern.ch&noUDP&sock=startd_5871_989d>
	SlotName: slot1_6@b9p29p1203.cern.ch
	CondorScratchDir = "/pool/condor/dir_1119831"
	Cpus = 1
	Disk = 3909
	GPUs = 0
	Memory = 3000
...
006 (9120244.000.000) 01/22 20:53:25 Image size of job updated: 159108
	0  -  MemoryUsage of job (MB)
	0  -  ResidentSetSize of job (KB)
...
040 (9120244.000.000) 01/22 20:53:25 Started transferring output files
...
040 (9120244.000.000) 01/22 20:53:25 Finished transferring output files
...
005 (9120244.000.000) 01/22 20:53:25 Job terminated.
	(1) Normal termination (return value 0)
		Usr 0 00:00:02, Sys 0 00:00:01  -  Run Remote Usage
		Usr 0 00:00:00, Sys 0 00:00:00  -  Run Local Usage
		Usr 0 00:00:02, Sys 0 00:00:01  -  Total Remote Usage
		Usr 0 00:00:00, Sys 0 00:00:00  -  Total Local Usage
	5992  -  Run Bytes Sent By Job
	314  -  Run Bytes Received By Job
	5992  -  Total Bytes Sent By Job
	314  -  Total Bytes Received By Job
	Partitionable Resources :    Usage  Request Allocated 
	   Cpus                 :        0        1         1 
	   Disk (KB)            :       29        1      3909 
	   GPUs                 :                           0 
	   Memory (MB)          :        0     3000      3000 
	   TimeExecute (s)      :       10                    
	   TimeSlotBusy (s)     :       12                    

	Job terminated of its own accord at 2026-01-22T19:53:25Z with exit-code 0.
...
