000 (9120253.000.000) 01/22 20:52:04 Job submitted from host: <188.185.6.50:9618?addrs=188.185.6.50-9618+[2001-1458-d00-62--100-2b1]-9618&alias=bigbird25.cern.ch&noUDP&sock=schedd_1627_90ad>
...
040 (9120253.000.000) 01/22 20:53:16 Started transferring input files
	Transferring to host: <188.185.214.8:9618?addrs=188.185.214.8-9618+[2001-1458-303-1c--100-4]-9618&alias=b9p29p9409.cern.ch&noUDP&sock=slot1_10_5235_47ee_155873>
...
040 (9120253.000.000) 01/22 20:53:16 Finished transferring input files
...
001 (9120253.000.000) 01/22 20:53:17 Job executing on host: <188.185.214.8:9618?addrs=188.185.214.8-9618+[2001-1458-303-1c--100-4]-9618&alias=b9p29p9409.cern.ch&noUDP&sock=startd_4261_4522>
	SlotName: slot1_10@b9p29p9409.cern.ch
	CondorScratchDir = "/pool/condor/dir_3931086"
	Cpus = 1
	Disk = 3834
	GPUs = 0
	Memory = 3000
...
006 (9120253.000.000) 01/22 20:53:30 Image size of job updated: 172068
	169  -  MemoryUsage of job (MB)
	172068  -  ResidentSetSize of job (KB)
...
006 (9120253.000.000) 01/22 20:53:53 Image size of job updated: 267688
	169  -  MemoryUsage of job (MB)
	172068  -  ResidentSetSize of job (KB)
...
040 (9120253.000.000) 01/22 20:53:53 Started transferring output files
...
040 (9120253.000.000) 01/22 20:53:53 Finished transferring output files
...
005 (9120253.000.000) 01/22 20:53:53 Job terminated.
	(1) Normal termination (return value 0)
		Usr 0 00:00:25, Sys 0 00:00:02  -  Run Remote Usage
		Usr 0 00:00:00, Sys 0 00:00:00  -  Run Local Usage
		Usr 0 00:00:25, Sys 0 00:00:02  -  Total Remote Usage
		Usr 0 00:00:00, Sys 0 00:00:00  -  Total Local Usage
	6616  -  Run Bytes Sent By Job
	313  -  Run Bytes Received By Job
	6616  -  Total Bytes Sent By Job
	313  -  Total Bytes Received By Job
	Partitionable Resources :    Usage  Request Allocated 
	   Cpus                 :        0        1         1 
	   Disk (KB)            :       29        1      3834 
	   GPUs                 :                           0 
	   Memory (MB)          :      169     3000      3000 
	   TimeExecute (s)      :       36                    
	   TimeSlotBusy (s)     :       37                    

	Job terminated of its own accord at 2026-01-22T19:53:53Z with exit-code 0.
...
