000 (9120254.000.000) 01/22 20:52:04 Job submitted from host: <188.185.6.50:9618?addrs=188.185.6.50-9618+[2001-1458-d00-62--100-2b1]-9618&alias=bigbird25.cern.ch&noUDP&sock=schedd_1627_90ad>
...
040 (9120254.000.000) 01/22 20:53:25 Started transferring input files
	Transferring to host: <128.142.161.80:9618?addrs=128.142.161.80-9618+[2001-1458-301-b8--100-e]-9618&alias=b9g03p6247.cern.ch&noUDP&sock=slot1_29_3288044_32c4_154186>
...
040 (9120254.000.000) 01/22 20:53:25 Finished transferring input files
...
001 (9120254.000.000) 01/22 20:53:26 Job executing on host: <128.142.161.80:9618?addrs=128.142.161.80-9618+[2001-1458-301-b8--100-e]-9618&alias=b9g03p6247.cern.ch&noUDP&sock=startd_6103_ba95>
	SlotName: slot1_29@b9g03p6247.cern.ch
	CondorScratchDir = "/pool/condor/dir_2924354"
	Cpus = 1
	Disk = 4001
	GPUs = 0
	Memory = 3000
...
006 (9120254.000.000) 01/22 20:53:36 Image size of job updated: 154420
	0  -  MemoryUsage of job (MB)
	0  -  ResidentSetSize of job (KB)
...
040 (9120254.000.000) 01/22 20:53:36 Started transferring output files
...
040 (9120254.000.000) 01/22 20:53:36 Finished transferring output files
...
005 (9120254.000.000) 01/22 20:53:37 Job terminated.
	(1) Normal termination (return value 0)
		Usr 0 00:00:03, Sys 0 00:00:01  -  Run Remote Usage
		Usr 0 00:00:00, Sys 0 00:00:00  -  Run Local Usage
		Usr 0 00:00:03, Sys 0 00:00:01  -  Total Remote Usage
		Usr 0 00:00:00, Sys 0 00:00:00  -  Total Local Usage
	5990  -  Run Bytes Sent By Job
	313  -  Run Bytes Received By Job
	5990  -  Total Bytes Sent By Job
	313  -  Total Bytes Received By Job
	Partitionable Resources :    Usage  Request Allocated 
	   Cpus                 :        0        1         1 
	   Disk (KB)            :       29        1      4001 
	   GPUs                 :                           0 
	   Memory (MB)          :        0     3000      3000 
	   TimeExecute (s)      :       10                    
	   TimeSlotBusy (s)     :       12                    

	Job terminated of its own accord at 2026-01-22T19:53:36Z with exit-code 0.
...
