000 (9120257.000.000) 01/22 20:52:06 Job submitted from host: <188.185.6.50:9618?addrs=188.185.6.50-9618+[2001-1458-d00-62--100-2b1]-9618&alias=bigbird25.cern.ch&noUDP&sock=schedd_1627_90ad>
...
040 (9120257.000.000) 01/22 20:53:18 Started transferring input files
	Transferring to host: <188.185.214.45:9618?addrs=188.185.214.45-9618+[2001-1458-303-1c--100-29]-9618&alias=b9p29p0139.cern.ch&noUDP&sock=slot1_15_7860_d4b9_156188>
...
040 (9120257.000.000) 01/22 20:53:18 Finished transferring input files
...
001 (9120257.000.000) 01/22 20:53:19 Job executing on host: <188.185.214.45:9618?addrs=188.185.214.45-9618+[2001-1458-303-1c--100-29]-9618&alias=b9p29p0139.cern.ch&noUDP&sock=startd_7107_63ab>
	SlotName: slot1_15@b9p29p0139.cern.ch
	CondorScratchDir = "/pool/condor/dir_1245551"
	Cpus = 1
	Disk = 3821
	GPUs = 0
	Memory = 3000
...
006 (9120257.000.000) 01/22 20:53:32 Image size of job updated: 166652
	163  -  MemoryUsage of job (MB)
	166652  -  ResidentSetSize of job (KB)
...
006 (9120257.000.000) 01/22 20:53:41 Image size of job updated: 166656
	163  -  MemoryUsage of job (MB)
	166652  -  ResidentSetSize of job (KB)
...
040 (9120257.000.000) 01/22 20:53:41 Started transferring output files
...
040 (9120257.000.000) 01/22 20:53:41 Finished transferring output files
...
005 (9120257.000.000) 01/22 20:53:41 Job terminated.
	(1) Normal termination (return value 0)
		Usr 0 00:00:13, Sys 0 00:00:01  -  Run Remote Usage
		Usr 0 00:00:00, Sys 0 00:00:00  -  Run Local Usage
		Usr 0 00:00:13, Sys 0 00:00:01  -  Total Remote Usage
		Usr 0 00:00:00, Sys 0 00:00:00  -  Total Local Usage
	6446  -  Run Bytes Sent By Job
	312  -  Run Bytes Received By Job
	6446  -  Total Bytes Sent By Job
	312  -  Total Bytes Received By Job
	Partitionable Resources :    Usage  Request Allocated 
	   Cpus                 :        0        1         1 
	   Disk (KB)            :       29        1      3821 
	   GPUs                 :                           0 
	   Memory (MB)          :      163     3000      3000 
	   TimeExecute (s)      :       22                    
	   TimeSlotBusy (s)     :       23                    

	Job terminated of its own accord at 2026-01-22T19:53:41Z with exit-code 0.
...
