000 (9120261.000.000) 01/22 20:52:07 Job submitted from host: <188.185.6.50:9618?addrs=188.185.6.50-9618+[2001-1458-d00-62--100-2b1]-9618&alias=bigbird25.cern.ch&noUDP&sock=schedd_1627_90ad>
...
040 (9120261.000.000) 01/22 20:53:19 Started transferring input files
	Transferring to host: <128.142.137.183:9618?addrs=128.142.137.183-9618+[2001-1458-301-5e--100-ab]-9618&alias=b9g19p0635.cern.ch&noUDP&sock=slot1_7_2823_cf0c_140839>
...
040 (9120261.000.000) 01/22 20:53:19 Finished transferring input files
...
001 (9120261.000.000) 01/22 20:53:20 Job executing on host: <128.142.137.183:9618?addrs=128.142.137.183-9618+[2001-1458-301-5e--100-ab]-9618&alias=b9g19p0635.cern.ch&noUDP&sock=startd_2436_78cb>
	SlotName: slot1_7@b9g19p0635.cern.ch
	CondorScratchDir = "/pool/condor/dir_3761084"
	Cpus = 1
	Disk = 2656
	GPUs = 0
	Memory = 3000
...
006 (9120261.000.000) 01/22 20:53:33 Image size of job updated: 173284
	170  -  MemoryUsage of job (MB)
	173284  -  ResidentSetSize of job (KB)
...
006 (9120261.000.000) 01/22 20:55:33 Image size of job updated: 258516
	170  -  MemoryUsage of job (MB)
	173284  -  ResidentSetSize of job (KB)
...
040 (9120261.000.000) 01/22 20:55:33 Started transferring output files
...
040 (9120261.000.000) 01/22 20:55:33 Finished transferring output files
...
005 (9120261.000.000) 01/22 20:55:33 Job terminated.
	(1) Normal termination (return value 0)
		Usr 0 00:01:39, Sys 0 00:00:01  -  Run Remote Usage
		Usr 0 00:00:00, Sys 0 00:00:00  -  Run Local Usage
		Usr 0 00:01:39, Sys 0 00:00:01  -  Total Remote Usage
		Usr 0 00:00:00, Sys 0 00:00:00  -  Total Local Usage
	7533  -  Run Bytes Sent By Job
	312  -  Run Bytes Received By Job
	7533  -  Total Bytes Sent By Job
	312  -  Total Bytes Received By Job
	Partitionable Resources :    Usage  Request Allocated 
	   Cpus                 :        0        1         1 
	   Disk (KB)            :       30        1      2656 
	   GPUs                 :                           0 
	   Memory (MB)          :      170     3000      3000 
	   TimeExecute (s)      :      133                    
	   TimeSlotBusy (s)     :      134                    

	Job terminated of its own accord at 2026-01-22T19:55:33Z with exit-code 0.
...
