000 (9120262.000.000) 01/22 20:52:07 Job submitted from host: <188.185.6.50:9618?addrs=188.185.6.50-9618+[2001-1458-d00-62--100-2b1]-9618&alias=bigbird25.cern.ch&noUDP&sock=schedd_1627_90ad>
...
040 (9120262.000.000) 01/22 20:53:19 Started transferring input files
	Transferring to host: <188.185.214.84:9618?addrs=188.185.214.84-9618+[2001-1458-303-1c--100-50]-9618&alias=b9p29p0222.cern.ch&noUDP&sock=slot1_19_4144_92a2_155948>
...
040 (9120262.000.000) 01/22 20:53:19 Finished transferring input files
...
001 (9120262.000.000) 01/22 20:53:20 Job executing on host: <188.185.214.84:9618?addrs=188.185.214.84-9618+[2001-1458-303-1c--100-50]-9618&alias=b9p29p0222.cern.ch&noUDP&sock=startd_3504_07f1>
	SlotName: slot1_19@b9p29p0222.cern.ch
	CondorScratchDir = "/pool/condor/dir_2665544"
	Cpus = 1
	Disk = 3834
	GPUs = 0
	Memory = 3000
...
006 (9120262.000.000) 01/22 20:53:30 Image size of job updated: 276
	0  -  MemoryUsage of job (MB)
	0  -  ResidentSetSize of job (KB)
...
040 (9120262.000.000) 01/22 20:53:30 Started transferring output files
...
040 (9120262.000.000) 01/22 20:53:30 Finished transferring output files
...
005 (9120262.000.000) 01/22 20:53:30 Job terminated.
	(1) Normal termination (return value 0)
		Usr 0 00:00:02, Sys 0 00:00:01  -  Run Remote Usage
		Usr 0 00:00:00, Sys 0 00:00:00  -  Run Local Usage
		Usr 0 00:00:02, Sys 0 00:00:01  -  Total Remote Usage
		Usr 0 00:00:00, Sys 0 00:00:00  -  Total Local Usage
	5988  -  Run Bytes Sent By Job
	312  -  Run Bytes Received By Job
	5988  -  Total Bytes Sent By Job
	312  -  Total Bytes Received By Job
	Partitionable Resources :    Usage  Request Allocated 
	   Cpus                 :        0        1         1 
	   Disk (KB)            :       29        1      3834 
	   GPUs                 :                           0 
	   Memory (MB)          :        0     3000      3000 
	   TimeExecute (s)      :       10                    
	   TimeSlotBusy (s)     :       11                    

	Job terminated of its own accord at 2026-01-22T19:53:30Z with exit-code 0.
...
