000 (9120282.000.000) 01/22 21:01:37 Job submitted from host: <188.185.6.50:9618?addrs=188.185.6.50-9618+[2001-1458-d00-62--100-2b1]-9618&alias=bigbird25.cern.ch&noUDP&sock=schedd_1627_90ad>
...
040 (9120282.000.000) 01/22 21:02:07 Started transferring input files
	Transferring to host: <188.185.213.13:9618?addrs=188.185.213.13-9618+[2001-1458-303-1a--100-9]-9618&alias=b9p27p8831.cern.ch&noUDP&sock=slot1_40_6635_b527_133857>
...
040 (9120282.000.000) 01/22 21:02:07 Finished transferring input files
...
001 (9120282.000.000) 01/22 21:02:08 Job executing on host: <188.185.213.13:9618?addrs=188.185.213.13-9618+[2001-1458-303-1a--100-9]-9618&alias=b9p27p8831.cern.ch&noUDP&sock=startd_5632_a97a>
	SlotName: slot1_40@b9p27p8831.cern.ch
	CondorScratchDir = "/pool/condor/dir_2653273"
	Cpus = 1
	Disk = 3931
	GPUs = 0
	Memory = 3000
...
006 (9120282.000.000) 01/22 21:02:20 Image size of job updated: 124104
	0  -  MemoryUsage of job (MB)
	0  -  ResidentSetSize of job (KB)
...
040 (9120282.000.000) 01/22 21:02:20 Started transferring output files
...
040 (9120282.000.000) 01/22 21:02:20 Finished transferring output files
...
005 (9120282.000.000) 01/22 21:02:20 Job terminated.
	(1) Normal termination (return value 0)
		Usr 0 00:00:03, Sys 0 00:00:01  -  Run Remote Usage
		Usr 0 00:00:00, Sys 0 00:00:00  -  Run Local Usage
		Usr 0 00:00:03, Sys 0 00:00:01  -  Total Remote Usage
		Usr 0 00:00:00, Sys 0 00:00:00  -  Total Local Usage
	6023  -  Run Bytes Sent By Job
	325  -  Run Bytes Received By Job
	6023  -  Total Bytes Sent By Job
	325  -  Total Bytes Received By Job
	Partitionable Resources :    Usage  Request Allocated 
	   Cpus                 :        0        1         1 
	   Disk (KB)            :       30        1      3931 
	   GPUs                 :                           0 
	   Memory (MB)          :        0     3000      3000 
	   TimeExecute (s)      :       12                    
	   TimeSlotBusy (s)     :       13                    

	Job terminated of its own accord at 2026-01-22T20:02:20Z with exit-code 0.
...
