000 (9120281.000.000) 01/22 21:01:36 Job submitted from host: <188.185.6.50:9618?addrs=188.185.6.50-9618+[2001-1458-d00-62--100-2b1]-9618&alias=bigbird25.cern.ch&noUDP&sock=schedd_1627_90ad>
...
040 (9120281.000.000) 01/22 21:02:05 Started transferring input files
	Transferring to host: <188.185.214.227:9618?addrs=188.185.214.227-9618+[2001-1458-303-1d--100-5f]-9618&alias=b9p30p4871.cern.ch&noUDP&sock=slot1_28_2296252_0339_53236>
...
040 (9120281.000.000) 01/22 21:02:05 Finished transferring input files
...
001 (9120281.000.000) 01/22 21:02:06 Job executing on host: <188.185.214.227:9618?addrs=188.185.214.227-9618+[2001-1458-303-1d--100-5f]-9618&alias=b9p30p4871.cern.ch&noUDP&sock=startd_5507_ec23>
	SlotName: slot1_28@b9p30p4871.cern.ch
	CondorScratchDir = "/pool/condor/dir_2965794"
	Cpus = 1
	Disk = 3736
	GPUs = 0
	Memory = 3000
...
006 (9120281.000.000) 01/22 21:02:19 Image size of job updated: 164864
	161  -  MemoryUsage of job (MB)
	164864  -  ResidentSetSize of job (KB)
...
040 (9120281.000.000) 01/22 21:02:20 Started transferring output files
...
040 (9120281.000.000) 01/22 21:02:20 Finished transferring output files
...
005 (9120281.000.000) 01/22 21:02:20 Job terminated.
	(1) Normal termination (return value 0)
		Usr 0 00:00:03, Sys 0 00:00:01  -  Run Remote Usage
		Usr 0 00:00:00, Sys 0 00:00:00  -  Run Local Usage
		Usr 0 00:00:03, Sys 0 00:00:01  -  Total Remote Usage
		Usr 0 00:00:00, Sys 0 00:00:00  -  Total Local Usage
	6226  -  Run Bytes Sent By Job
	325  -  Run Bytes Received By Job
	6226  -  Total Bytes Sent By Job
	325  -  Total Bytes Received By Job
	Partitionable Resources :    Usage  Request Allocated 
	   Cpus                 :        0        1         1 
	   Disk (KB)            :       30        1      3736 
	   GPUs                 :                           0 
	   Memory (MB)          :      161     3000      3000 
	   TimeExecute (s)      :       14                    
	   TimeSlotBusy (s)     :       16                    

	Job terminated of its own accord at 2026-01-22T20:02:20Z with exit-code 0.
...
