000 (9120284.000.000) 01/22 21:01:37 Job submitted from host: <188.185.6.50:9618?addrs=188.185.6.50-9618+[2001-1458-d00-62--100-2b1]-9618&alias=bigbird25.cern.ch&noUDP&sock=schedd_1627_90ad>
...
040 (9120284.000.000) 01/22 21:02:06 Started transferring input files
	Transferring to host: <188.185.209.83:9618?addrs=188.185.209.83-9618+[2001-1458-303-11--100-50]-9618&alias=b9p11p6576.cern.ch&noUDP&sock=slot1_9_1110757_8a4a_41735>
...
040 (9120284.000.000) 01/22 21:02:06 Finished transferring input files
...
001 (9120284.000.000) 01/22 21:02:07 Job executing on host: <188.185.209.83:9618?addrs=188.185.209.83-9618+[2001-1458-303-11--100-50]-9618&alias=b9p11p6576.cern.ch&noUDP&sock=startd_3651_dc5d>
	SlotName: slot1_9@b9p11p6576.cern.ch
	CondorScratchDir = "/pool/condor/dir_2088295"
	Cpus = 1
	Disk = 3658
	GPUs = 0
	Memory = 3000
...
006 (9120284.000.000) 01/22 21:02:21 Image size of job updated: 273464
	268  -  MemoryUsage of job (MB)
	273464  -  ResidentSetSize of job (KB)
...
006 (9120284.000.000) 01/22 21:06:14 Image size of job updated: 436584
	268  -  MemoryUsage of job (MB)
	273464  -  ResidentSetSize of job (KB)
...
040 (9120284.000.000) 01/22 21:06:14 Started transferring output files
...
040 (9120284.000.000) 01/22 21:06:14 Finished transferring output files
...
005 (9120284.000.000) 01/22 21:06:14 Job terminated.
	(1) Normal termination (return value 0)
		Usr 0 00:02:23, Sys 0 00:00:03  -  Run Remote Usage
		Usr 0 00:00:00, Sys 0 00:00:00  -  Run Local Usage
		Usr 0 00:02:23, Sys 0 00:00:03  -  Total Remote Usage
		Usr 0 00:00:00, Sys 0 00:00:00  -  Total Local Usage
	10391  -  Run Bytes Sent By Job
	321  -  Run Bytes Received By Job
	10391  -  Total Bytes Sent By Job
	321  -  Total Bytes Received By Job
	Partitionable Resources :    Usage  Request Allocated 
	   Cpus                 :        0        1         1 
	   Disk (KB)            :       36        1      3658 
	   GPUs                 :                           0 
	   Memory (MB)          :      268     3000      3000 
	   TimeExecute (s)      :      247                    
	   TimeSlotBusy (s)     :      249                    

	Job terminated of its own accord at 2026-01-22T20:06:14Z with exit-code 0.
...
