000 (9120285.000.000) 01/22 21:01:37 Job submitted from host: <188.185.6.50:9618?addrs=188.185.6.50-9618+[2001-1458-d00-62--100-2b1]-9618&alias=bigbird25.cern.ch&noUDP&sock=schedd_1627_90ad>
...
040 (9120285.000.000) 01/22 21:02:14 Started transferring input files
	Transferring to host: <188.185.214.52:9618?addrs=188.185.214.52-9618+[2001-1458-303-1c--100-30]-9618&alias=b9p29p8321.cern.ch&noUDP&sock=slot1_12_163493_5bd1_59592>
...
040 (9120285.000.000) 01/22 21:02:14 Finished transferring input files
...
001 (9120285.000.000) 01/22 21:02:15 Job executing on host: <188.185.214.52:9618?addrs=188.185.214.52-9618+[2001-1458-303-1c--100-30]-9618&alias=b9p29p8321.cern.ch&noUDP&sock=startd_3427_3726>
	SlotName: slot1_12@b9p29p8321.cern.ch
	CondorScratchDir = "/pool/condor/dir_3205020"
	Cpus = 1
	Disk = 3778
	GPUs = 0
	Memory = 3000
...
006 (9120285.000.000) 01/22 21:02:28 Image size of job updated: 270520
	265  -  MemoryUsage of job (MB)
	270520  -  ResidentSetSize of job (KB)
...
006 (9120285.000.000) 01/22 21:05:31 Image size of job updated: 445176
	265  -  MemoryUsage of job (MB)
	270520  -  ResidentSetSize of job (KB)
...
040 (9120285.000.000) 01/22 21:05:31 Started transferring output files
...
040 (9120285.000.000) 01/22 21:05:31 Finished transferring output files
...
005 (9120285.000.000) 01/22 21:05:31 Job terminated.
	(1) Normal termination (return value 0)
		Usr 0 00:02:21, Sys 0 00:00:03  -  Run Remote Usage
		Usr 0 00:00:00, Sys 0 00:00:00  -  Run Local Usage
		Usr 0 00:02:21, Sys 0 00:00:03  -  Total Remote Usage
		Usr 0 00:00:00, Sys 0 00:00:00  -  Total Local Usage
	9719  -  Run Bytes Sent By Job
	321  -  Run Bytes Received By Job
	9719  -  Total Bytes Sent By Job
	321  -  Total Bytes Received By Job
	Partitionable Resources :    Usage  Request Allocated 
	   Cpus                 :        0        1         1 
	   Disk (KB)            :       33        1      3778 
	   GPUs                 :                           0 
	   Memory (MB)          :      265     3000      3000 
	   TimeExecute (s)      :      196                    
	   TimeSlotBusy (s)     :      197                    

	Job terminated of its own accord at 2026-01-22T20:05:31Z with exit-code 0.
...
