000 (9120286.000.000) 01/22 21:01:38 Job submitted from host: <188.185.6.50:9618?addrs=188.185.6.50-9618+[2001-1458-d00-62--100-2b1]-9618&alias=bigbird25.cern.ch&noUDP&sock=schedd_1627_90ad>
...
040 (9120286.000.000) 01/22 21:02:06 Started transferring input files
	Transferring to host: <188.185.213.226:9618?addrs=188.185.213.226-9618+[2001-1458-303-1b--100-5e]-9618&alias=b9p28p8143.cern.ch&noUDP&sock=slot1_13_5559_917b_157357>
...
040 (9120286.000.000) 01/22 21:02:06 Finished transferring input files
...
001 (9120286.000.000) 01/22 21:02:07 Job executing on host: <188.185.213.226:9618?addrs=188.185.213.226-9618+[2001-1458-303-1b--100-5e]-9618&alias=b9p28p8143.cern.ch&noUDP&sock=startd_4630_5f95>
	SlotName: slot1_13@b9p28p8143.cern.ch
	CondorScratchDir = "/pool/condor/dir_3484026"
	Cpus = 1
	Disk = 3893
	GPUs = 0
	Memory = 3000
...
006 (9120286.000.000) 01/22 21:02:18 Image size of job updated: 143012
	0  -  MemoryUsage of job (MB)
	0  -  ResidentSetSize of job (KB)
...
040 (9120286.000.000) 01/22 21:02:18 Started transferring output files
...
040 (9120286.000.000) 01/22 21:02:18 Finished transferring output files
...
005 (9120286.000.000) 01/22 21:02:18 Job terminated.
	(1) Normal termination (return value 0)
		Usr 0 00:00:02, Sys 0 00:00:01  -  Run Remote Usage
		Usr 0 00:00:00, Sys 0 00:00:00  -  Run Local Usage
		Usr 0 00:00:02, Sys 0 00:00:01  -  Total Remote Usage
		Usr 0 00:00:00, Sys 0 00:00:00  -  Total Local Usage
	6014  -  Run Bytes Sent By Job
	321  -  Run Bytes Received By Job
	6014  -  Total Bytes Sent By Job
	321  -  Total Bytes Received By Job
	Partitionable Resources :    Usage  Request Allocated 
	   Cpus                 :        0        1         1 
	   Disk (KB)            :       29        1      3893 
	   GPUs                 :                           0 
	   Memory (MB)          :        0     3000      3000 
	   TimeExecute (s)      :       11                    
	   TimeSlotBusy (s)     :       13                    

	Job terminated of its own accord at 2026-01-22T20:02:18Z with exit-code 0.
...
