000 (9120279.000.000) 01/22 21:01:36 Job submitted from host: <188.185.6.50:9618?addrs=188.185.6.50-9618+[2001-1458-d00-62--100-2b1]-9618&alias=bigbird25.cern.ch&noUDP&sock=schedd_1627_90ad>
...
040 (9120279.000.000) 01/22 21:02:04 Started transferring input files
	Transferring to host: <188.185.208.29:9618?addrs=188.185.208.29-9618+[2001-1458-303-f--100-1a]-9618&alias=b9p09p1329.cern.ch&noUDP&sock=slot1_3_4648_afb6_110784>
...
040 (9120279.000.000) 01/22 21:02:04 Finished transferring input files
...
001 (9120279.000.000) 01/22 21:02:05 Job executing on host: <188.185.208.29:9618?addrs=188.185.208.29-9618+[2001-1458-303-f--100-1a]-9618&alias=b9p09p1329.cern.ch&noUDP&sock=startd_3856_7947>
	SlotName: slot1_3@b9p09p1329.cern.ch
	CondorScratchDir = "/pool/condor/dir_2665388"
	Cpus = 1
	Disk = 3685
	GPUs = 0
	Memory = 3000
...
006 (9120279.000.000) 01/22 21:02:18 Image size of job updated: 174188
	171  -  MemoryUsage of job (MB)
	174188  -  ResidentSetSize of job (KB)
...
006 (9120279.000.000) 01/22 21:04:38 Image size of job updated: 243452
	171  -  MemoryUsage of job (MB)
	174188  -  ResidentSetSize of job (KB)
...
040 (9120279.000.000) 01/22 21:04:38 Started transferring output files
...
040 (9120279.000.000) 01/22 21:04:38 Finished transferring output files
...
005 (9120279.000.000) 01/22 21:04:38 Job terminated.
	(1) Normal termination (return value 0)
		Usr 0 00:01:55, Sys 0 00:00:02  -  Run Remote Usage
		Usr 0 00:00:00, Sys 0 00:00:00  -  Run Local Usage
		Usr 0 00:01:55, Sys 0 00:00:02  -  Total Remote Usage
		Usr 0 00:00:00, Sys 0 00:00:00  -  Total Local Usage
	10273  -  Run Bytes Sent By Job
	325  -  Run Bytes Received By Job
	10273  -  Total Bytes Sent By Job
	325  -  Total Bytes Received By Job
	Partitionable Resources :    Usage  Request Allocated 
	   Cpus                 :        0        1         1 
	   Disk (KB)            :       37        1      3685 
	   GPUs                 :                           0 
	   Memory (MB)          :      171     3000      3000 
	   TimeExecute (s)      :      153                    
	   TimeSlotBusy (s)     :      155                    

	Job terminated of its own accord at 2026-01-22T20:04:38Z with exit-code 0.
...
