000 (9120278.000.000) 01/22 21:01:36 Job submitted from host: <188.185.6.50:9618?addrs=188.185.6.50-9618+[2001-1458-d00-62--100-2b1]-9618&alias=bigbird25.cern.ch&noUDP&sock=schedd_1627_90ad>
...
040 (9120278.000.000) 01/22 21:02:04 Started transferring input files
	Transferring to host: <188.185.204.247:9618?addrs=188.185.204.247-9618+[2001-1458-303-8--100-74]-9618&alias=b9p02p9796.cern.ch&noUDP&sock=slot1_5_6022_cb2e_123953>
...
040 (9120278.000.000) 01/22 21:02:04 Finished transferring input files
...
001 (9120278.000.000) 01/22 21:02:05 Job executing on host: <188.185.204.247:9618?addrs=188.185.204.247-9618+[2001-1458-303-8--100-74]-9618&alias=b9p02p9796.cern.ch&noUDP&sock=startd_5016_2323>
	SlotName: slot1_5@b9p02p9796.cern.ch
	CondorScratchDir = "/pool/condor/dir_3409654"
	Cpus = 1
	Disk = 3693
	GPUs = 0
	Memory = 3000
...
006 (9120278.000.000) 01/22 21:02:18 Image size of job updated: 187612
	184  -  MemoryUsage of job (MB)
	187612  -  ResidentSetSize of job (KB)
...
006 (9120278.000.000) 01/22 21:02:34 Image size of job updated: 204668
	184  -  MemoryUsage of job (MB)
	187612  -  ResidentSetSize of job (KB)
...
040 (9120278.000.000) 01/22 21:02:34 Started transferring output files
...
040 (9120278.000.000) 01/22 21:02:34 Finished transferring output files
...
005 (9120278.000.000) 01/22 21:02:34 Job terminated.
	(1) Normal termination (return value 0)
		Usr 0 00:00:19, Sys 0 00:00:01  -  Run Remote Usage
		Usr 0 00:00:00, Sys 0 00:00:00  -  Run Local Usage
		Usr 0 00:00:19, Sys 0 00:00:01  -  Total Remote Usage
		Usr 0 00:00:00, Sys 0 00:00:00  -  Total Local Usage
	6867  -  Run Bytes Sent By Job
	325  -  Run Bytes Received By Job
	6867  -  Total Bytes Sent By Job
	325  -  Total Bytes Received By Job
	Partitionable Resources :    Usage  Request Allocated 
	   Cpus                 :        0        1         1 
	   Disk (KB)            :       30        1      3693 
	   GPUs                 :                           0 
	   Memory (MB)          :      184     3000      3000 
	   TimeExecute (s)      :       29                    
	   TimeSlotBusy (s)     :       31                    

	Job terminated of its own accord at 2026-01-22T20:02:34Z with exit-code 0.
...
