000 (9120273.000.000) 01/22 21:01:35 Job submitted from host: <188.185.6.50:9618?addrs=188.185.6.50-9618+[2001-1458-d00-62--100-2b1]-9618&alias=bigbird25.cern.ch&noUDP&sock=schedd_1627_90ad>
...
040 (9120273.000.000) 01/22 21:02:03 Started transferring input files
	Transferring to host: <188.185.214.52:9618?addrs=188.185.214.52-9618+[2001-1458-303-1c--100-30]-9618&alias=b9p29p8321.cern.ch&noUDP&sock=slot1_2_163493_5bd1_59591>
...
040 (9120273.000.000) 01/22 21:02:03 Finished transferring input files
...
001 (9120273.000.000) 01/22 21:02:04 Job executing on host: <188.185.214.52:9618?addrs=188.185.214.52-9618+[2001-1458-303-1c--100-30]-9618&alias=b9p29p8321.cern.ch&noUDP&sock=startd_3427_3726>
	SlotName: slot1_2@b9p29p8321.cern.ch
	CondorScratchDir = "/pool/condor/dir_3204401"
	Cpus = 1
	Disk = 3778
	GPUs = 0
	Memory = 3000
...
006 (9120273.000.000) 01/22 21:02:18 Image size of job updated: 166688
	163  -  MemoryUsage of job (MB)
	166688  -  ResidentSetSize of job (KB)
...
040 (9120273.000.000) 01/22 21:04:32 Started transferring output files
...
040 (9120273.000.000) 01/22 21:04:32 Finished transferring output files
...
005 (9120273.000.000) 01/22 21:04:32 Job terminated.
	(1) Normal termination (return value 0)
		Usr 0 00:01:32, Sys 0 00:00:02  -  Run Remote Usage
		Usr 0 00:00:00, Sys 0 00:00:00  -  Run Local Usage
		Usr 0 00:01:32, Sys 0 00:00:02  -  Total Remote Usage
		Usr 0 00:00:00, Sys 0 00:00:00  -  Total Local Usage
	8572  -  Run Bytes Sent By Job
	325  -  Run Bytes Received By Job
	8572  -  Total Bytes Sent By Job
	325  -  Total Bytes Received By Job
	Partitionable Resources :    Usage  Request Allocated 
	   Cpus                 :        0        1         1 
	   Disk (KB)            :       32        1      3778 
	   GPUs                 :                           0 
	   Memory (MB)          :      163     3000      3000 
	   TimeExecute (s)      :      148                    
	   TimeSlotBusy (s)     :      150                    

	Job terminated of its own accord at 2026-01-22T20:04:32Z with exit-code 0.
...
