000 (9120277.000.000) 01/22 21:01:36 Job submitted from host: <188.185.6.50:9618?addrs=188.185.6.50-9618+[2001-1458-d00-62--100-2b1]-9618&alias=bigbird25.cern.ch&noUDP&sock=schedd_1627_90ad>
...
040 (9120277.000.000) 01/22 21:02:08 Started transferring input files
	Transferring to host: <188.185.204.158:9618?addrs=188.185.204.158-9618+[2001-1458-303-8--100-92]-9618&alias=b9p02p0813.cern.ch&noUDP&sock=slot1_44_4437_048e_120085>
...
040 (9120277.000.000) 01/22 21:02:08 Finished transferring input files
...
001 (9120277.000.000) 01/22 21:02:09 Job executing on host: <188.185.204.158:9618?addrs=188.185.204.158-9618+[2001-1458-303-8--100-92]-9618&alias=b9p02p0813.cern.ch&noUDP&sock=startd_3727_fd8f>
	SlotName: slot1_44@b9p02p0813.cern.ch
	CondorScratchDir = "/pool/condor/dir_2284082"
	Cpus = 1
	Disk = 3675
	GPUs = 0
	Memory = 3000
...
006 (9120277.000.000) 01/22 21:02:23 Image size of job updated: 198832
	195  -  MemoryUsage of job (MB)
	198832  -  ResidentSetSize of job (KB)
...
006 (9120277.000.000) 01/22 21:03:58 Image size of job updated: 247124
	195  -  MemoryUsage of job (MB)
	198844  -  ResidentSetSize of job (KB)
...
040 (9120277.000.000) 01/22 21:03:58 Started transferring output files
...
040 (9120277.000.000) 01/22 21:03:58 Finished transferring output files
...
005 (9120277.000.000) 01/22 21:03:58 Job terminated.
	(1) Normal termination (return value 0)
		Usr 0 00:01:29, Sys 0 00:00:02  -  Run Remote Usage
		Usr 0 00:00:00, Sys 0 00:00:00  -  Run Local Usage
		Usr 0 00:01:29, Sys 0 00:00:02  -  Total Remote Usage
		Usr 0 00:00:00, Sys 0 00:00:00  -  Total Local Usage
	10273  -  Run Bytes Sent By Job
	325  -  Run Bytes Received By Job
	10273  -  Total Bytes Sent By Job
	325  -  Total Bytes Received By Job
	Partitionable Resources :    Usage  Request Allocated 
	   Cpus                 :        0        1         1 
	   Disk (KB)            :       34        1      3675 
	   GPUs                 :                           0 
	   Memory (MB)          :      195     3000      3000 
	   TimeExecute (s)      :      109                    
	   TimeSlotBusy (s)     :      111                    

	Job terminated of its own accord at 2026-01-22T20:03:58Z with exit-code 0.
...
