000 (9120274.000.000) 01/22 21:01:35 Job submitted from host: <188.185.6.50:9618?addrs=188.185.6.50-9618+[2001-1458-d00-62--100-2b1]-9618&alias=bigbird25.cern.ch&noUDP&sock=schedd_1627_90ad>
...
040 (9120274.000.000) 01/22 21:02:03 Started transferring input files
	Transferring to host: <188.185.210.21:9618?addrs=188.185.210.21-9618+[2001-1458-303-1--100-11]-9618&alias=b9p21p5841.cern.ch&noUDP&sock=slot1_5_4572_2333_161481>
...
040 (9120274.000.000) 01/22 21:02:03 Finished transferring input files
...
001 (9120274.000.000) 01/22 21:02:04 Job executing on host: <188.185.210.21:9618?addrs=188.185.210.21-9618+[2001-1458-303-1--100-11]-9618&alias=b9p21p5841.cern.ch&noUDP&sock=startd_3836_c162>
	SlotName: slot1_5@b9p21p5841.cern.ch
	CondorScratchDir = "/pool/condor/dir_1201782"
	Cpus = 1
	Disk = 3803
	GPUs = 0
	Memory = 3000
...
006 (9120274.000.000) 01/22 21:02:18 Image size of job updated: 172272
	169  -  MemoryUsage of job (MB)
	172272  -  ResidentSetSize of job (KB)
...
006 (9120274.000.000) 01/22 21:04:59 Image size of job updated: 248416
	169  -  MemoryUsage of job (MB)
	172272  -  ResidentSetSize of job (KB)
...
040 (9120274.000.000) 01/22 21:04:59 Started transferring output files
...
040 (9120274.000.000) 01/22 21:04:59 Finished transferring output files
...
005 (9120274.000.000) 01/22 21:04:59 Job terminated.
	(1) Normal termination (return value 0)
		Usr 0 00:02:38, Sys 0 00:00:03  -  Run Remote Usage
		Usr 0 00:00:00, Sys 0 00:00:00  -  Run Local Usage
		Usr 0 00:02:38, Sys 0 00:00:03  -  Total Remote Usage
		Usr 0 00:00:00, Sys 0 00:00:00  -  Total Local Usage
	10273  -  Run Bytes Sent By Job
	325  -  Run Bytes Received By Job
	10273  -  Total Bytes Sent By Job
	325  -  Total Bytes Received By Job
	Partitionable Resources :    Usage  Request Allocated 
	   Cpus                 :                 1         1 
	   Disk (KB)            :       25        1      3803 
	   GPUs                 :                           0 
	   Memory (MB)          :      169     3000      3000 
	   TimeExecute (s)      :      175                    
	   TimeSlotBusy (s)     :      177                    

	Job terminated of its own accord at 2026-01-22T20:04:59Z with exit-code 0.
...
