000 (9120275.000.000) 01/22 21:01:35 Job submitted from host: <188.185.6.50:9618?addrs=188.185.6.50-9618+[2001-1458-d00-62--100-2b1]-9618&alias=bigbird25.cern.ch&noUDP&sock=schedd_1627_90ad>
...
040 (9120275.000.000) 01/22 21:02:03 Started transferring input files
	Transferring to host: <188.185.214.88:9618?addrs=188.185.214.88-9618+[2001-1458-303-1c--100-54]-9618&alias=b9p29p9797.cern.ch&noUDP&sock=slot1_10_5885_43c8_155354>
...
040 (9120275.000.000) 01/22 21:02:03 Finished transferring input files
...
001 (9120275.000.000) 01/22 21:02:04 Job executing on host: <188.185.214.88:9618?addrs=188.185.214.88-9618+[2001-1458-303-1c--100-54]-9618&alias=b9p29p9797.cern.ch&noUDP&sock=startd_5060_514e>
	SlotName: slot1_10@b9p29p9797.cern.ch
	CondorScratchDir = "/pool/condor/dir_2402201"
	Cpus = 1
	Disk = 3839
	GPUs = 0
	Memory = 3000
...
006 (9120275.000.000) 01/22 21:02:18 Image size of job updated: 184788
	181  -  MemoryUsage of job (MB)
	184788  -  ResidentSetSize of job (KB)
...
006 (9120275.000.000) 01/22 21:02:40 Image size of job updated: 240628
	181  -  MemoryUsage of job (MB)
	185052  -  ResidentSetSize of job (KB)
...
040 (9120275.000.000) 01/22 21:02:40 Started transferring output files
...
040 (9120275.000.000) 01/22 21:02:40 Finished transferring output files
...
005 (9120275.000.000) 01/22 21:02:40 Job terminated.
	(1) Normal termination (return value 0)
		Usr 0 00:00:25, Sys 0 00:00:01  -  Run Remote Usage
		Usr 0 00:00:00, Sys 0 00:00:00  -  Run Local Usage
		Usr 0 00:00:25, Sys 0 00:00:01  -  Total Remote Usage
		Usr 0 00:00:00, Sys 0 00:00:00  -  Total Local Usage
	6993  -  Run Bytes Sent By Job
	325  -  Run Bytes Received By Job
	6993  -  Total Bytes Sent By Job
	325  -  Total Bytes Received By Job
	Partitionable Resources :    Usage  Request Allocated 
	   Cpus                 :        0        1         1 
	   Disk (KB)            :       30        1      3839 
	   GPUs                 :                           0 
	   Memory (MB)          :      181     3000      3000 
	   TimeExecute (s)      :       36                    
	   TimeSlotBusy (s)     :       38                    

	Job terminated of its own accord at 2026-01-22T20:02:40Z with exit-code 0.
...
