000 (9120280.000.000) 01/22 21:01:36 Job submitted from host: <188.185.6.50:9618?addrs=188.185.6.50-9618+[2001-1458-d00-62--100-2b1]-9618&alias=bigbird25.cern.ch&noUDP&sock=schedd_1627_90ad>
...
040 (9120280.000.000) 01/22 21:02:05 Started transferring input files
	Transferring to host: <188.185.211.166:9618?addrs=188.185.211.166-9618+[2001-1458-303-17--100-22]-9618&alias=b9p24p5937.cern.ch&noUDP&sock=slot1_14_5610_809d_128640>
...
040 (9120280.000.000) 01/22 21:02:05 Finished transferring input files
...
001 (9120280.000.000) 01/22 21:02:06 Job executing on host: <188.185.211.166:9618?addrs=188.185.211.166-9618+[2001-1458-303-17--100-22]-9618&alias=b9p24p5937.cern.ch&noUDP&sock=startd_4604_8a1e>
	SlotName: slot1_14@b9p24p5937.cern.ch
	CondorScratchDir = "/pool/condor/dir_2393469"
	Cpus = 1
	Disk = 3777
	GPUs = 0
	Memory = 3000
...
006 (9120280.000.000) 01/22 21:02:19 Image size of job updated: 174496
	171  -  MemoryUsage of job (MB)
	174496  -  ResidentSetSize of job (KB)
...
006 (9120280.000.000) 01/22 21:03:53 Image size of job updated: 229872
	171  -  MemoryUsage of job (MB)
	174496  -  ResidentSetSize of job (KB)
...
040 (9120280.000.000) 01/22 21:03:53 Started transferring output files
...
040 (9120280.000.000) 01/22 21:03:53 Finished transferring output files
...
005 (9120280.000.000) 01/22 21:03:54 Job terminated.
	(1) Normal termination (return value 0)
		Usr 0 00:01:29, Sys 0 00:00:02  -  Run Remote Usage
		Usr 0 00:00:00, Sys 0 00:00:00  -  Run Local Usage
		Usr 0 00:01:29, Sys 0 00:00:02  -  Total Remote Usage
		Usr 0 00:00:00, Sys 0 00:00:00  -  Total Local Usage
	9177  -  Run Bytes Sent By Job
	325  -  Run Bytes Received By Job
	9177  -  Total Bytes Sent By Job
	325  -  Total Bytes Received By Job
	Partitionable Resources :    Usage  Request Allocated 
	   Cpus                 :        0        1         1 
	   Disk (KB)            :       33        1      3777 
	   GPUs                 :                           0 
	   Memory (MB)          :      171     3000      3000 
	   TimeExecute (s)      :      107                    
	   TimeSlotBusy (s)     :      109                    

	Job terminated of its own accord at 2026-01-22T20:03:53Z with exit-code 0.
...
