000 (9120276.000.000) 01/22 21:01:35 Job submitted from host: <188.185.6.50:9618?addrs=188.185.6.50-9618+[2001-1458-d00-62--100-2b1]-9618&alias=bigbird25.cern.ch&noUDP&sock=schedd_1627_90ad>
...
040 (9120276.000.000) 01/22 21:02:03 Started transferring input files
	Transferring to host: <188.185.203.195:9618?addrs=188.185.203.195-9618+[2001-1458-303-6--100-40]-9618&alias=b9p34p0020.cern.ch&noUDP&sock=slot1_6_192061_195b_5731>
...
040 (9120276.000.000) 01/22 21:02:03 Finished transferring input files
...
001 (9120276.000.000) 01/22 21:02:04 Job executing on host: <188.185.203.195:9618?addrs=188.185.203.195-9618+[2001-1458-303-6--100-40]-9618&alias=b9p34p0020.cern.ch&noUDP&sock=startd_180907_bbb8>
	SlotName: slot1_6@b9p34p0020.cern.ch
	CondorScratchDir = "/pool/condor/dir_1441415"
	Cpus = 1
	Disk = 6909
	GPUs = 0
	Memory = 3000
...
006 (9120276.000.000) 01/22 21:02:17 Image size of job updated: 170068
	167  -  MemoryUsage of job (MB)
	170068  -  ResidentSetSize of job (KB)
...
006 (9120276.000.000) 01/22 21:03:33 Image size of job updated: 246944
	167  -  MemoryUsage of job (MB)
	170068  -  ResidentSetSize of job (KB)
...
040 (9120276.000.000) 01/22 21:03:33 Started transferring output files
...
040 (9120276.000.000) 01/22 21:03:33 Finished transferring output files
...
005 (9120276.000.000) 01/22 21:03:33 Job terminated.
	(1) Normal termination (return value 0)
		Usr 0 00:00:57, Sys 0 00:00:01  -  Run Remote Usage
		Usr 0 00:00:00, Sys 0 00:00:00  -  Run Local Usage
		Usr 0 00:00:57, Sys 0 00:00:01  -  Total Remote Usage
		Usr 0 00:00:00, Sys 0 00:00:00  -  Total Local Usage
	8292  -  Run Bytes Sent By Job
	325  -  Run Bytes Received By Job
	8292  -  Total Bytes Sent By Job
	325  -  Total Bytes Received By Job
	Partitionable Resources :    Usage  Request Allocated 
	   Cpus                 :        0        1         1 
	   Disk (KB)            :       31        1      6909 
	   GPUs                 :                           0 
	   Memory (MB)          :      167     3000      3000 
	   TimeExecute (s)      :       89                    
	   TimeSlotBusy (s)     :       90                    

	Job terminated of its own accord at 2026-01-22T20:03:33Z with exit-code 0.
...
