000 (9120312.000.000) 01/22 21:01:44 Job submitted from host: <188.185.6.50:9618?addrs=188.185.6.50-9618+[2001-1458-d00-62--100-2b1]-9618&alias=bigbird25.cern.ch&noUDP&sock=schedd_1627_90ad>
...
040 (9120312.000.000) 01/22 21:02:16 Started transferring input files
	Transferring to host: <188.185.207.27:9618?addrs=188.185.207.27-9618+[2001-1458-303-d--100-18]-9618&alias=b9p07p3688.cern.ch&noUDP&sock=slot1_10_5503_1c79_111474>
...
040 (9120312.000.000) 01/22 21:02:16 Finished transferring input files
...
001 (9120312.000.000) 01/22 21:02:17 Job executing on host: <188.185.207.27:9618?addrs=188.185.207.27-9618+[2001-1458-303-d--100-18]-9618&alias=b9p07p3688.cern.ch&noUDP&sock=startd_4538_44de>
	SlotName: slot1_10@b9p07p3688.cern.ch
	CondorScratchDir = "/pool/condor/dir_2038560"
	Cpus = 1
	Disk = 3727
	GPUs = 0
	Memory = 3000
...
006 (9120312.000.000) 01/22 21:02:28 Image size of job updated: 129496
	0  -  MemoryUsage of job (MB)
	0  -  ResidentSetSize of job (KB)
...
040 (9120312.000.000) 01/22 21:02:28 Started transferring output files
...
040 (9120312.000.000) 01/22 21:02:28 Finished transferring output files
...
005 (9120312.000.000) 01/22 21:02:28 Job terminated.
	(1) Normal termination (return value 0)
		Usr 0 00:00:02, Sys 0 00:00:01  -  Run Remote Usage
		Usr 0 00:00:00, Sys 0 00:00:00  -  Run Local Usage
		Usr 0 00:00:02, Sys 0 00:00:01  -  Total Remote Usage
		Usr 0 00:00:00, Sys 0 00:00:00  -  Total Local Usage
	5990  -  Run Bytes Sent By Job
	315  -  Run Bytes Received By Job
	5990  -  Total Bytes Sent By Job
	315  -  Total Bytes Received By Job
	Partitionable Resources :    Usage  Request Allocated 
	   Cpus                 :     0.07        1         1 
	   Disk (KB)            :    31           1      3727 
	   GPUs                 :                           0 
	   Memory (MB)          :     0        3000      3000 
	   TimeExecute (s)      :    11                       
	   TimeSlotBusy (s)     :    13                       

	Job terminated of its own accord at 2026-01-22T20:02:28Z with exit-code 0.
...
