000 (9120308.000.000) 01/22 21:01:43 Job submitted from host: <188.185.6.50:9618?addrs=188.185.6.50-9618+[2001-1458-d00-62--100-2b1]-9618&alias=bigbird25.cern.ch&noUDP&sock=schedd_1627_90ad>
...
040 (9120308.000.000) 01/22 21:02:07 Started transferring input files
	Transferring to host: <188.185.203.166:9618?addrs=188.185.203.166-9618+[2001-1458-303-6--100-23]-9618&alias=b9p34p1005.cern.ch&noUDP&sock=slot1_22_9084_3fea_326>
...
040 (9120308.000.000) 01/22 21:02:07 Finished transferring input files
...
001 (9120308.000.000) 01/22 21:02:08 Job executing on host: <188.185.203.166:9618?addrs=188.185.203.166-9618+[2001-1458-303-6--100-23]-9618&alias=b9p34p1005.cern.ch&noUDP&sock=startd_8123_47e4>
	SlotName: slot1_22@b9p34p1005.cern.ch
	CondorScratchDir = "/pool/condor/dir_117337"
	Cpus = 1
	Disk = 13628
	GPUs = 0
	Memory = 3000
...
006 (9120308.000.000) 01/22 21:02:22 Image size of job updated: 27576
	27  -  MemoryUsage of job (MB)
	27576  -  ResidentSetSize of job (KB)
...
006 (9120308.000.000) 01/22 21:02:35 Image size of job updated: 135504
	28  -  MemoryUsage of job (MB)
	28200  -  ResidentSetSize of job (KB)
...
040 (9120308.000.000) 01/22 21:02:35 Started transferring output files
...
040 (9120308.000.000) 01/22 21:02:35 Finished transferring output files
...
005 (9120308.000.000) 01/22 21:02:35 Job terminated.
	(1) Normal termination (return value 0)
		Usr 0 00:00:03, Sys 0 00:00:01  -  Run Remote Usage
		Usr 0 00:00:00, Sys 0 00:00:00  -  Run Local Usage
		Usr 0 00:00:03, Sys 0 00:00:01  -  Total Remote Usage
		Usr 0 00:00:00, Sys 0 00:00:00  -  Total Local Usage
	6004  -  Run Bytes Sent By Job
	322  -  Run Bytes Received By Job
	6004  -  Total Bytes Sent By Job
	322  -  Total Bytes Received By Job
	Partitionable Resources :    Usage  Request Allocated 
	   Cpus                 :        0        1         1 
	   Disk (KB)            :       34        1     13628 
	   GPUs                 :                           0 
	   Memory (MB)          :       28     3000      3000 
	   TimeExecute (s)      :       27                    
	   TimeSlotBusy (s)     :       29                    

	Job terminated of its own accord at 2026-01-22T20:02:35Z with exit-code 0.
...
