000 (9120311.000.000) 01/22 21:01:44 Job submitted from host: <188.185.6.50:9618?addrs=188.185.6.50-9618+[2001-1458-d00-62--100-2b1]-9618&alias=bigbird25.cern.ch&noUDP&sock=schedd_1627_90ad>
...
040 (9120311.000.000) 01/22 21:02:08 Started transferring input files
	Transferring to host: <188.185.208.149:9618?addrs=188.185.208.149-9618+[2001-1458-303-10--100-12]-9618&alias=b9p10p3984.cern.ch&noUDP&sock=slot1_21_9323_a594_111080>
...
040 (9120311.000.000) 01/22 21:02:08 Finished transferring input files
...
001 (9120311.000.000) 01/22 21:02:09 Job executing on host: <188.185.208.149:9618?addrs=188.185.208.149-9618+[2001-1458-303-10--100-12]-9618&alias=b9p10p3984.cern.ch&noUDP&sock=startd_7572_5735>
	SlotName: slot1_21@b9p10p3984.cern.ch
	CondorScratchDir = "/pool/condor/dir_458868"
	Cpus = 1
	Disk = 3672
	GPUs = 0
	Memory = 3000
...
006 (9120311.000.000) 01/22 21:02:23 Image size of job updated: 166740
	163  -  MemoryUsage of job (MB)
	166740  -  ResidentSetSize of job (KB)
...
040 (9120311.000.000) 01/22 21:02:40 Started transferring output files
...
040 (9120311.000.000) 01/22 21:02:40 Finished transferring output files
...
005 (9120311.000.000) 01/22 21:02:40 Job terminated.
	(1) Normal termination (return value 0)
		Usr 0 00:00:19, Sys 0 00:00:02  -  Run Remote Usage
		Usr 0 00:00:00, Sys 0 00:00:00  -  Run Local Usage
		Usr 0 00:00:19, Sys 0 00:00:02  -  Total Remote Usage
		Usr 0 00:00:00, Sys 0 00:00:00  -  Total Local Usage
	6489  -  Run Bytes Sent By Job
	315  -  Run Bytes Received By Job
	6489  -  Total Bytes Sent By Job
	315  -  Total Bytes Received By Job
	Partitionable Resources :    Usage  Request Allocated 
	   Cpus                 :        0        1         1 
	   Disk (KB)            :       32        1      3672 
	   GPUs                 :                           0 
	   Memory (MB)          :      163     3000      3000 
	   TimeExecute (s)      :       31                    
	   TimeSlotBusy (s)     :       33                    

	Job terminated of its own accord at 2026-01-22T20:02:40Z with exit-code 0.
...
