000 (9120307.000.000) 01/22 21:01:43 Job submitted from host: <188.185.6.50:9618?addrs=188.185.6.50-9618+[2001-1458-d00-62--100-2b1]-9618&alias=bigbird25.cern.ch&noUDP&sock=schedd_1627_90ad>
...
040 (9120307.000.000) 01/22 21:02:13 Started transferring input files
	Transferring to host: <188.185.206.146:9618?addrs=188.185.206.146-9618+[2001-1458-303-c--100-f]-9618&alias=b9p06p2855.cern.ch&noUDP&sock=slot1_4_8512_3953_44783>
...
040 (9120307.000.000) 01/22 21:02:13 Finished transferring input files
...
001 (9120307.000.000) 01/22 21:02:14 Job executing on host: <188.185.206.146:9618?addrs=188.185.206.146-9618+[2001-1458-303-c--100-f]-9618&alias=b9p06p2855.cern.ch&noUDP&sock=startd_7774_e557>
	SlotName: slot1_4@b9p06p2855.cern.ch
	CondorScratchDir = "/pool/condor/dir_2009426"
	Cpus = 1
	Disk = 3748
	GPUs = 0
	Memory = 3000
...
006 (9120307.000.000) 01/22 21:02:28 Image size of job updated: 167100
	164  -  MemoryUsage of job (MB)
	167100  -  ResidentSetSize of job (KB)
...
006 (9120307.000.000) 01/22 21:02:44 Image size of job updated: 167472
	164  -  MemoryUsage of job (MB)
	167100  -  ResidentSetSize of job (KB)
...
040 (9120307.000.000) 01/22 21:02:44 Started transferring output files
...
040 (9120307.000.000) 01/22 21:02:44 Finished transferring output files
...
005 (9120307.000.000) 01/22 21:02:44 Job terminated.
	(1) Normal termination (return value 0)
		Usr 0 00:00:15, Sys 0 00:00:01  -  Run Remote Usage
		Usr 0 00:00:00, Sys 0 00:00:00  -  Run Local Usage
		Usr 0 00:00:15, Sys 0 00:00:01  -  Total Remote Usage
		Usr 0 00:00:00, Sys 0 00:00:00  -  Total Local Usage
	6759  -  Run Bytes Sent By Job
	322  -  Run Bytes Received By Job
	6759  -  Total Bytes Sent By Job
	322  -  Total Bytes Received By Job
	Partitionable Resources :    Usage  Request Allocated 
	   Cpus                 :        0        1         1 
	   Disk (KB)            :       30        1      3748 
	   GPUs                 :                           0 
	   Memory (MB)          :      164     3000      3000 
	   TimeExecute (s)      :       30                    
	   TimeSlotBusy (s)     :       32                    

	Job terminated of its own accord at 2026-01-22T20:02:44Z with exit-code 0.
...
