000 (9120314.000.000) 01/22 21:01:44 Job submitted from host: <188.185.6.50:9618?addrs=188.185.6.50-9618+[2001-1458-d00-62--100-2b1]-9618&alias=bigbird25.cern.ch&noUDP&sock=schedd_1627_90ad>
...
040 (9120314.000.000) 01/22 21:02:15 Started transferring input files
	Transferring to host: <188.185.207.47:9618?addrs=188.185.207.47-9618+[2001-1458-303-d--100-2c]-9618&alias=b9p07p0819.cern.ch&noUDP&sock=slot1_32_4035283_ac17_112157>
...
040 (9120314.000.000) 01/22 21:02:15 Finished transferring input files
...
001 (9120314.000.000) 01/22 21:02:16 Job executing on host: <188.185.207.47:9618?addrs=188.185.207.47-9618+[2001-1458-303-d--100-2c]-9618&alias=b9p07p0819.cern.ch&noUDP&sock=startd_3746_05dc>
	SlotName: slot1_32@b9p07p0819.cern.ch
	CondorScratchDir = "/pool/condor/dir_3917042"
	Cpus = 1
	Disk = 3704
	GPUs = 0
	Memory = 3000
...
006 (9120314.000.000) 01/22 21:02:29 Image size of job updated: 75448
	0  -  MemoryUsage of job (MB)
	0  -  ResidentSetSize of job (KB)
...
040 (9120314.000.000) 01/22 21:02:29 Started transferring output files
...
040 (9120314.000.000) 01/22 21:02:29 Finished transferring output files
...
005 (9120314.000.000) 01/22 21:02:29 Job terminated.
	(1) Normal termination (return value 0)
		Usr 0 00:00:02, Sys 0 00:00:02  -  Run Remote Usage
		Usr 0 00:00:00, Sys 0 00:00:00  -  Run Local Usage
		Usr 0 00:00:02, Sys 0 00:00:02  -  Total Remote Usage
		Usr 0 00:00:00, Sys 0 00:00:00  -  Total Local Usage
	5998  -  Run Bytes Sent By Job
	319  -  Run Bytes Received By Job
	5998  -  Total Bytes Sent By Job
	319  -  Total Bytes Received By Job
	Partitionable Resources :    Usage  Request Allocated 
	   Cpus                 :        0        1         1 
	   Disk (KB)            :       33        1      3704 
	   GPUs                 :                           0 
	   Memory (MB)          :        0     3000      3000 
	   TimeExecute (s)      :       13                    
	   TimeSlotBusy (s)     :       15                    

	Job terminated of its own accord at 2026-01-22T20:02:29Z with exit-code 0.
...
