000 (9120313.000.000) 01/22 21:01:44 Job submitted from host: <188.185.6.50:9618?addrs=188.185.6.50-9618+[2001-1458-d00-62--100-2b1]-9618&alias=bigbird25.cern.ch&noUDP&sock=schedd_1627_90ad>
...
040 (9120313.000.000) 01/22 21:02:09 Started transferring input files
	Transferring to host: <188.185.205.140:9618?addrs=188.185.205.140-9618+[2001-1458-303-a--100-9]-9618&alias=b9p04p6865.cern.ch&noUDP&sock=slot1_6_5035_5ce6_122155>
...
040 (9120313.000.000) 01/22 21:02:09 Finished transferring input files
...
001 (9120313.000.000) 01/22 21:02:10 Job executing on host: <188.185.205.140:9618?addrs=188.185.205.140-9618+[2001-1458-303-a--100-9]-9618&alias=b9p04p6865.cern.ch&noUDP&sock=startd_4203_7ca4>
	SlotName: slot1_6@b9p04p6865.cern.ch
	CondorScratchDir = "/pool/condor/dir_4147160"
	Cpus = 1
	Disk = 3793
	GPUs = 0
	Memory = 3000
...
006 (9120313.000.000) 01/22 21:02:24 Image size of job updated: 166716
	163  -  MemoryUsage of job (MB)
	166716  -  ResidentSetSize of job (KB)
...
040 (9120313.000.000) 01/22 21:02:32 Started transferring output files
...
040 (9120313.000.000) 01/22 21:02:32 Finished transferring output files
...
005 (9120313.000.000) 01/22 21:02:32 Job terminated.
	(1) Normal termination (return value 0)
		Usr 0 00:00:10, Sys 0 00:00:01  -  Run Remote Usage
		Usr 0 00:00:00, Sys 0 00:00:00  -  Run Local Usage
		Usr 0 00:00:10, Sys 0 00:00:01  -  Total Remote Usage
		Usr 0 00:00:00, Sys 0 00:00:00  -  Total Local Usage
	6463  -  Run Bytes Sent By Job
	319  -  Run Bytes Received By Job
	6463  -  Total Bytes Sent By Job
	319  -  Total Bytes Received By Job
	Partitionable Resources :    Usage  Request Allocated 
	   Cpus                 :        0        1         1 
	   Disk (KB)            :       30        1      3793 
	   GPUs                 :                           0 
	   Memory (MB)          :      163     3000      3000 
	   TimeExecute (s)      :       22                    
	   TimeSlotBusy (s)     :       24                    

	Job terminated of its own accord at 2026-01-22T20:02:32Z with exit-code 0.
...
