000 (9120293.000.000) 01/22 21:01:39 Job submitted from host: <188.185.6.50:9618?addrs=188.185.6.50-9618+[2001-1458-d00-62--100-2b1]-9618&alias=bigbird25.cern.ch&noUDP&sock=schedd_1627_90ad>
...
040 (9120293.000.000) 01/22 21:02:14 Started transferring input files
	Transferring to host: <188.185.210.161:9618?addrs=188.185.210.161-9618+[2001-1458-303-15--100-1d]-9618&alias=b9p22p1905.cern.ch&noUDP&sock=slot1_6_1765665_78d1_50691>
...
040 (9120293.000.000) 01/22 21:02:14 Finished transferring input files
...
001 (9120293.000.000) 01/22 21:02:15 Job executing on host: <188.185.210.161:9618?addrs=188.185.210.161-9618+[2001-1458-303-15--100-1d]-9618&alias=b9p22p1905.cern.ch&noUDP&sock=startd_6329_befd>
	SlotName: slot1_6@b9p22p1905.cern.ch
	CondorScratchDir = "/pool/condor/dir_2598875"
	Cpus = 1
	Disk = 3739
	GPUs = 0
	Memory = 3000
...
006 (9120293.000.000) 01/22 21:02:29 Image size of job updated: 180196
	176  -  MemoryUsage of job (MB)
	180196  -  ResidentSetSize of job (KB)
...
006 (9120293.000.000) 01/22 21:05:41 Image size of job updated: 180208
	176  -  MemoryUsage of job (MB)
	180196  -  ResidentSetSize of job (KB)
...
040 (9120293.000.000) 01/22 21:05:41 Started transferring output files
...
040 (9120293.000.000) 01/22 21:05:41 Finished transferring output files
...
005 (9120293.000.000) 01/22 21:05:41 Job terminated.
	(1) Normal termination (return value 0)
		Usr 0 00:02:43, Sys 0 00:00:03  -  Run Remote Usage
		Usr 0 00:00:00, Sys 0 00:00:00  -  Run Local Usage
		Usr 0 00:02:43, Sys 0 00:00:03  -  Total Remote Usage
		Usr 0 00:00:00, Sys 0 00:00:00  -  Total Local Usage
	10274  -  Run Bytes Sent By Job
	322  -  Run Bytes Received By Job
	10274  -  Total Bytes Sent By Job
	322  -  Total Bytes Received By Job
	Partitionable Resources :    Usage  Request Allocated 
	   Cpus                 :        0        1         1 
	   Disk (KB)            :       34        1      3739 
	   GPUs                 :                           0 
	   Memory (MB)          :      176     3000      3000 
	   TimeExecute (s)      :      206                    
	   TimeSlotBusy (s)     :      208                    

	Job terminated of its own accord at 2026-01-22T20:05:41Z with exit-code 0.
...
