000 (9120292.000.000) 01/22 21:01:39 Job submitted from host: <188.185.6.50:9618?addrs=188.185.6.50-9618+[2001-1458-d00-62--100-2b1]-9618&alias=bigbird25.cern.ch&noUDP&sock=schedd_1627_90ad>
...
040 (9120292.000.000) 01/22 21:02:14 Started transferring input files
	Transferring to host: <188.185.210.21:9618?addrs=188.185.210.21-9618+[2001-1458-303-1--100-11]-9618&alias=b9p21p5841.cern.ch&noUDP&sock=slot1_11_4572_2333_161482>
...
040 (9120292.000.000) 01/22 21:02:14 Finished transferring input files
...
001 (9120292.000.000) 01/22 21:02:15 Job executing on host: <188.185.210.21:9618?addrs=188.185.210.21-9618+[2001-1458-303-1--100-11]-9618&alias=b9p21p5841.cern.ch&noUDP&sock=startd_3836_c162>
	SlotName: slot1_11@b9p21p5841.cern.ch
	CondorScratchDir = "/pool/condor/dir_1208021"
	Cpus = 1
	Disk = 3803
	GPUs = 0
	Memory = 3000
...
006 (9120292.000.000) 01/22 21:02:25 Image size of job updated: 157284
	0  -  MemoryUsage of job (MB)
	0  -  ResidentSetSize of job (KB)
...
040 (9120292.000.000) 01/22 21:02:25 Started transferring output files
...
040 (9120292.000.000) 01/22 21:02:25 Finished transferring output files
...
005 (9120292.000.000) 01/22 21:02:25 Job terminated.
	(1) Normal termination (return value 0)
		Usr 0 00:00:02, Sys 0 00:00:01  -  Run Remote Usage
		Usr 0 00:00:00, Sys 0 00:00:00  -  Run Local Usage
		Usr 0 00:00:02, Sys 0 00:00:01  -  Total Remote Usage
		Usr 0 00:00:00, Sys 0 00:00:00  -  Total Local Usage
	6004  -  Run Bytes Sent By Job
	315  -  Run Bytes Received By Job
	6004  -  Total Bytes Sent By Job
	315  -  Total Bytes Received By Job
	Partitionable Resources :    Usage  Request Allocated 
	   Cpus                 :        0        1         1 
	   Disk (KB)            :       29        1      3803 
	   GPUs                 :                           0 
	   Memory (MB)          :        0     3000      3000 
	   TimeExecute (s)      :       10                    
	   TimeSlotBusy (s)     :       11                    

	Job terminated of its own accord at 2026-01-22T20:02:25Z with exit-code 0.
...
