000 (9120291.000.000) 01/22 21:01:39 Job submitted from host: <188.185.6.50:9618?addrs=188.185.6.50-9618+[2001-1458-d00-62--100-2b1]-9618&alias=bigbird25.cern.ch&noUDP&sock=schedd_1627_90ad>
...
040 (9120291.000.000) 01/22 21:02:09 Started transferring input files
	Transferring to host: <188.185.212.90:9618?addrs=188.185.212.90-9618+[2001-1458-303-18--100-56]-9618&alias=b9p25p6987.cern.ch&noUDP&sock=slot1_8_6363_0f1c_130394>
...
040 (9120291.000.000) 01/22 21:02:09 Finished transferring input files
...
001 (9120291.000.000) 01/22 21:02:10 Job executing on host: <188.185.212.90:9618?addrs=188.185.212.90-9618+[2001-1458-303-18--100-56]-9618&alias=b9p25p6987.cern.ch&noUDP&sock=startd_5537_7ffb>
	SlotName: slot1_8@b9p25p6987.cern.ch
	CondorScratchDir = "/pool/condor/dir_3879543"
	Cpus = 1
	Disk = 3766
	GPUs = 0
	Memory = 3000
...
006 (9120291.000.000) 01/22 21:02:24 Image size of job updated: 201808
	198  -  MemoryUsage of job (MB)
	201808  -  ResidentSetSize of job (KB)
...
006 (9120291.000.000) 01/22 21:03:31 Image size of job updated: 305280
	198  -  MemoryUsage of job (MB)
	201808  -  ResidentSetSize of job (KB)
...
040 (9120291.000.000) 01/22 21:03:32 Started transferring output files
...
040 (9120291.000.000) 01/22 21:03:32 Finished transferring output files
...
005 (9120291.000.000) 01/22 21:03:32 Job terminated.
	(1) Normal termination (return value 0)
		Usr 0 00:01:05, Sys 0 00:00:02  -  Run Remote Usage
		Usr 0 00:00:00, Sys 0 00:00:00  -  Run Local Usage
		Usr 0 00:01:05, Sys 0 00:00:02  -  Total Remote Usage
		Usr 0 00:00:00, Sys 0 00:00:00  -  Total Local Usage
	7603  -  Run Bytes Sent By Job
	315  -  Run Bytes Received By Job
	7603  -  Total Bytes Sent By Job
	315  -  Total Bytes Received By Job
	Partitionable Resources :    Usage  Request Allocated 
	   Cpus                 :        0        1         1 
	   Disk (KB)            :       31        1      3766 
	   GPUs                 :                           0 
	   Memory (MB)          :      198     3000      3000 
	   TimeExecute (s)      :       81                    
	   TimeSlotBusy (s)     :       84                    

	Job terminated of its own accord at 2026-01-22T20:03:31Z with exit-code 0.
...
