000 (9120290.000.000) 01/22 21:01:39 Job submitted from host: <188.185.6.50:9618?addrs=188.185.6.50-9618+[2001-1458-d00-62--100-2b1]-9618&alias=bigbird25.cern.ch&noUDP&sock=schedd_1627_90ad>
...
040 (9120290.000.000) 01/22 21:02:09 Started transferring input files
	Transferring to host: <188.185.213.192:9618?addrs=188.185.213.192-9618+[2001-1458-303-1b--100-3c]-9618&alias=b9p28p2228.cern.ch&noUDP&sock=slot1_1_9267_3092_132435>
...
040 (9120290.000.000) 01/22 21:02:09 Finished transferring input files
...
001 (9120290.000.000) 01/22 21:02:10 Job executing on host: <188.185.213.192:9618?addrs=188.185.213.192-9618+[2001-1458-303-1b--100-3c]-9618&alias=b9p28p2228.cern.ch&noUDP&sock=startd_8169_d540>
	SlotName: slot1_1@b9p28p2228.cern.ch
	CondorScratchDir = "/pool/condor/dir_2735800"
	Cpus = 1
	Disk = 3891
	GPUs = 0
	Memory = 3000
...
006 (9120290.000.000) 01/22 21:02:24 Image size of job updated: 180124
	176  -  MemoryUsage of job (MB)
	180124  -  ResidentSetSize of job (KB)
...
006 (9120290.000.000) 01/22 21:05:40 Image size of job updated: 412228
	176  -  MemoryUsage of job (MB)
	180124  -  ResidentSetSize of job (KB)
...
040 (9120290.000.000) 01/22 21:05:40 Started transferring output files
...
040 (9120290.000.000) 01/22 21:05:40 Finished transferring output files
...
005 (9120290.000.000) 01/22 21:05:41 Job terminated.
	(1) Normal termination (return value 0)
		Usr 0 00:02:54, Sys 0 00:00:04  -  Run Remote Usage
		Usr 0 00:00:00, Sys 0 00:00:00  -  Run Local Usage
		Usr 0 00:02:54, Sys 0 00:00:04  -  Total Remote Usage
		Usr 0 00:00:00, Sys 0 00:00:00  -  Total Local Usage
	10375  -  Run Bytes Sent By Job
	315  -  Run Bytes Received By Job
	10375  -  Total Bytes Sent By Job
	315  -  Total Bytes Received By Job
	Partitionable Resources :    Usage  Request Allocated 
	   Cpus                 :        0        1         1 
	   Disk (KB)            :       34        1      3891 
	   GPUs                 :                           0 
	   Memory (MB)          :      176     3000      3000 
	   TimeExecute (s)      :      210                    
	   TimeSlotBusy (s)     :      212                    

	Job terminated of its own accord at 2026-01-22T20:05:40Z with exit-code 0.
...
