000 (9120295.000.000) 01/22 21:01:40 Job submitted from host: <188.185.6.50:9618?addrs=188.185.6.50-9618+[2001-1458-d00-62--100-2b1]-9618&alias=bigbird25.cern.ch&noUDP&sock=schedd_1627_90ad>
...
040 (9120295.000.000) 01/22 21:02:07 Started transferring input files
	Transferring to host: <188.185.210.154:9618?addrs=188.185.210.154-9618+[2001-1458-303-15--100-16]-9618&alias=b9p22p0702.cern.ch&noUDP&sock=slot1_3_9847_da2a_164616>
...
040 (9120295.000.000) 01/22 21:02:07 Finished transferring input files
...
001 (9120295.000.000) 01/22 21:02:08 Job executing on host: <188.185.210.154:9618?addrs=188.185.210.154-9618+[2001-1458-303-15--100-16]-9618&alias=b9p22p0702.cern.ch&noUDP&sock=startd_8876_c6b5>
	SlotName: slot1_3@b9p22p0702.cern.ch
	CondorScratchDir = "/pool/condor/dir_2254096"
	Cpus = 1
	Disk = 3806
	GPUs = 0
	Memory = 3000
...
006 (9120295.000.000) 01/22 21:02:22 Image size of job updated: 180172
	176  -  MemoryUsage of job (MB)
	180172  -  ResidentSetSize of job (KB)
...
006 (9120295.000.000) 01/22 21:03:14 Image size of job updated: 180176
	176  -  MemoryUsage of job (MB)
	180172  -  ResidentSetSize of job (KB)
...
040 (9120295.000.000) 01/22 21:03:14 Started transferring output files
...
040 (9120295.000.000) 01/22 21:03:14 Finished transferring output files
...
005 (9120295.000.000) 01/22 21:03:14 Job terminated.
	(1) Normal termination (return value 0)
		Usr 0 00:00:48, Sys 0 00:00:02  -  Run Remote Usage
		Usr 0 00:00:00, Sys 0 00:00:00  -  Run Local Usage
		Usr 0 00:00:48, Sys 0 00:00:02  -  Total Remote Usage
		Usr 0 00:00:00, Sys 0 00:00:00  -  Total Local Usage
	7624  -  Run Bytes Sent By Job
	322  -  Run Bytes Received By Job
	7624  -  Total Bytes Sent By Job
	322  -  Total Bytes Received By Job
	Partitionable Resources :    Usage  Request Allocated 
	   Cpus                 :        0        1         1 
	   Disk (KB)            :       31        1      3806 
	   GPUs                 :                           0 
	   Memory (MB)          :      176     3000      3000 
	   TimeExecute (s)      :       66                    
	   TimeSlotBusy (s)     :       68                    

	Job terminated of its own accord at 2026-01-22T20:03:14Z with exit-code 0.
...
