000 (9120296.000.000) 01/22 21:01:40 Job submitted from host: <188.185.6.50:9618?addrs=188.185.6.50-9618+[2001-1458-d00-62--100-2b1]-9618&alias=bigbird25.cern.ch&noUDP&sock=schedd_1627_90ad>
...
040 (9120296.000.000) 01/22 21:02:10 Started transferring input files
	Transferring to host: <188.185.204.240:9618?addrs=188.185.204.240-9618+[2001-1458-303-8--100-6d]-9618&alias=b9p02p3606.cern.ch&noUDP&sock=slot1_30_5863_c387_113066>
...
040 (9120296.000.000) 01/22 21:02:10 Finished transferring input files
...
001 (9120296.000.000) 01/22 21:02:11 Job executing on host: <188.185.204.240:9618?addrs=188.185.204.240-9618+[2001-1458-303-8--100-6d]-9618&alias=b9p02p3606.cern.ch&noUDP&sock=startd_4763_99ad>
	SlotName: slot1_30@b9p02p3606.cern.ch
	CondorScratchDir = "/pool/condor/dir_2417995"
	Cpus = 1
	Disk = 3778
	GPUs = 0
	Memory = 3000
...
006 (9120296.000.000) 01/22 21:02:23 Image size of job updated: 108988
	0  -  MemoryUsage of job (MB)
	0  -  ResidentSetSize of job (KB)
...
040 (9120296.000.000) 01/22 21:02:23 Started transferring output files
...
040 (9120296.000.000) 01/22 21:02:23 Finished transferring output files
...
005 (9120296.000.000) 01/22 21:02:23 Job terminated.
	(1) Normal termination (return value 0)
		Usr 0 00:00:02, Sys 0 00:00:01  -  Run Remote Usage
		Usr 0 00:00:00, Sys 0 00:00:00  -  Run Local Usage
		Usr 0 00:00:02, Sys 0 00:00:01  -  Total Remote Usage
		Usr 0 00:00:00, Sys 0 00:00:00  -  Total Local Usage
	6018  -  Run Bytes Sent By Job
	322  -  Run Bytes Received By Job
	6018  -  Total Bytes Sent By Job
	322  -  Total Bytes Received By Job
	Partitionable Resources :    Usage  Request Allocated 
	   Cpus                 :        0        1         1 
	   Disk (KB)            :       32        1      3778 
	   GPUs                 :                           0 
	   Memory (MB)          :        0     3000      3000 
	   TimeExecute (s)      :       12                    
	   TimeSlotBusy (s)     :       14                    

	Job terminated of its own accord at 2026-01-22T20:02:23Z with exit-code 0.
...
