000 (9120289.000.000) 01/22 21:01:38 Job submitted from host: <188.185.6.50:9618?addrs=188.185.6.50-9618+[2001-1458-d00-62--100-2b1]-9618&alias=bigbird25.cern.ch&noUDP&sock=schedd_1627_90ad>
...
040 (9120289.000.000) 01/22 21:02:07 Started transferring input files
	Transferring to host: <188.185.214.91:9618?addrs=188.185.214.91-9618+[2001-1458-303-1c--100-57]-9618&alias=b9p29p7382.cern.ch&noUDP&sock=slot1_7_1897326_8e9b_53255>
...
040 (9120289.000.000) 01/22 21:02:07 Finished transferring input files
...
001 (9120289.000.000) 01/22 21:02:08 Job executing on host: <188.185.214.91:9618?addrs=188.185.214.91-9618+[2001-1458-303-1c--100-57]-9618&alias=b9p29p7382.cern.ch&noUDP&sock=startd_1894702_8e51>
	SlotName: slot1_7@b9p29p7382.cern.ch
	CondorScratchDir = "/pool/condor/dir_577319"
	Cpus = 1
	Disk = 3819
	GPUs = 0
	Memory = 3000
...
006 (9120289.000.000) 01/22 21:02:22 Image size of job updated: 188720
	185  -  MemoryUsage of job (MB)
	188720  -  ResidentSetSize of job (KB)
...
006 (9120289.000.000) 01/22 21:05:59 Image size of job updated: 412100
	185  -  MemoryUsage of job (MB)
	188844  -  ResidentSetSize of job (KB)
...
040 (9120289.000.000) 01/22 21:05:59 Started transferring output files
...
040 (9120289.000.000) 01/22 21:05:59 Finished transferring output files
...
005 (9120289.000.000) 01/22 21:05:59 Job terminated.
	(1) Normal termination (return value 0)
		Usr 0 00:02:28, Sys 0 00:00:03  -  Run Remote Usage
		Usr 0 00:00:00, Sys 0 00:00:00  -  Run Local Usage
		Usr 0 00:02:28, Sys 0 00:00:03  -  Total Remote Usage
		Usr 0 00:00:00, Sys 0 00:00:00  -  Total Local Usage
	10253  -  Run Bytes Sent By Job
	315  -  Run Bytes Received By Job
	10253  -  Total Bytes Sent By Job
	315  -  Total Bytes Received By Job
	Partitionable Resources :    Usage  Request Allocated 
	   Cpus                 :        0        1         1 
	   Disk (KB)            :       34        1      3819 
	   GPUs                 :                           0 
	   Memory (MB)          :      185     3000      3000 
	   TimeExecute (s)      :      231                    
	   TimeSlotBusy (s)     :      233                    

	Job terminated of its own accord at 2026-01-22T20:05:59Z with exit-code 0.
...
