000 (9120288.000.000) 01/22 21:01:38 Job submitted from host: <188.185.6.50:9618?addrs=188.185.6.50-9618+[2001-1458-d00-62--100-2b1]-9618&alias=bigbird25.cern.ch&noUDP&sock=schedd_1627_90ad>
...
040 (9120288.000.000) 01/22 21:02:14 Started transferring input files
	Transferring to host: <188.185.192.102:9618?addrs=188.185.192.102-9618+[2001-1458-303-1f--100-62]-9618&alias=b9p13p6178.cern.ch&noUDP&sock=slot1_10_6784_b10d_127702>
...
040 (9120288.000.000) 01/22 21:02:14 Finished transferring input files
...
001 (9120288.000.000) 01/22 21:02:15 Job executing on host: <188.185.192.102:9618?addrs=188.185.192.102-9618+[2001-1458-303-1f--100-62]-9618&alias=b9p13p6178.cern.ch&noUDP&sock=startd_5089_358d>
	SlotName: slot1_10@b9p13p6178.cern.ch
	CondorScratchDir = "/pool/condor/dir_1199739"
	Cpus = 1
	Disk = 3857
	GPUs = 0
	Memory = 3000
...
006 (9120288.000.000) 01/22 21:02:29 Image size of job updated: 148848
	146  -  MemoryUsage of job (MB)
	148848  -  ResidentSetSize of job (KB)
...
006 (9120288.000.000) 01/22 21:02:30 Image size of job updated: 159112
	146  -  MemoryUsage of job (MB)
	148848  -  ResidentSetSize of job (KB)
...
040 (9120288.000.000) 01/22 21:02:30 Started transferring output files
...
040 (9120288.000.000) 01/22 21:02:30 Finished transferring output files
...
005 (9120288.000.000) 01/22 21:02:30 Job terminated.
	(1) Normal termination (return value 0)
		Usr 0 00:00:04, Sys 0 00:00:01  -  Run Remote Usage
		Usr 0 00:00:00, Sys 0 00:00:00  -  Run Local Usage
		Usr 0 00:00:04, Sys 0 00:00:01  -  Total Remote Usage
		Usr 0 00:00:00, Sys 0 00:00:00  -  Total Local Usage
	5992  -  Run Bytes Sent By Job
	316  -  Run Bytes Received By Job
	5992  -  Total Bytes Sent By Job
	316  -  Total Bytes Received By Job
	Partitionable Resources :    Usage  Request Allocated 
	   Cpus                 :        0        1         1 
	   Disk (KB)            :       29        1      3857 
	   GPUs                 :                           0 
	   Memory (MB)          :      146     3000      3000 
	   TimeExecute (s)      :       15                    
	   TimeSlotBusy (s)     :       17                    

	Job terminated of its own accord at 2026-01-22T20:02:30Z with exit-code 0.
...
