000 (9120287.000.000) 01/22 21:01:38 Job submitted from host: <188.185.6.50:9618?addrs=188.185.6.50-9618+[2001-1458-d00-62--100-2b1]-9618&alias=bigbird25.cern.ch&noUDP&sock=schedd_1627_90ad>
...
040 (9120287.000.000) 01/22 21:02:06 Started transferring input files
	Transferring to host: <188.185.204.146:9618?addrs=188.185.204.146-9618+[2001-1458-303-8--100-86]-9618&alias=b9p02p8097.cern.ch&noUDP&sock=slot1_13_4207_f644_113658>
...
040 (9120287.000.000) 01/22 21:02:06 Finished transferring input files
...
001 (9120287.000.000) 01/22 21:02:07 Job executing on host: <188.185.204.146:9618?addrs=188.185.204.146-9618+[2001-1458-303-8--100-86]-9618&alias=b9p02p8097.cern.ch&noUDP&sock=startd_3655_9abe>
	SlotName: slot1_13@b9p02p8097.cern.ch
	CondorScratchDir = "/pool/condor/dir_805756"
	Cpus = 1
	Disk = 3525
	GPUs = 0
	Memory = 3000
...
006 (9120287.000.000) 01/22 21:02:21 Image size of job updated: 155760
	153  -  MemoryUsage of job (MB)
	155760  -  ResidentSetSize of job (KB)
...
006 (9120287.000.000) 01/22 21:02:27 Image size of job updated: 168536
	153  -  MemoryUsage of job (MB)
	155760  -  ResidentSetSize of job (KB)
...
040 (9120287.000.000) 01/22 21:02:27 Started transferring output files
...
040 (9120287.000.000) 01/22 21:02:27 Finished transferring output files
...
005 (9120287.000.000) 01/22 21:02:27 Job terminated.
	(1) Normal termination (return value 0)
		Usr 0 00:00:07, Sys 0 00:00:02  -  Run Remote Usage
		Usr 0 00:00:00, Sys 0 00:00:00  -  Run Local Usage
		Usr 0 00:00:07, Sys 0 00:00:02  -  Total Remote Usage
		Usr 0 00:00:00, Sys 0 00:00:00  -  Total Local Usage
	6264  -  Run Bytes Sent By Job
	316  -  Run Bytes Received By Job
	6264  -  Total Bytes Sent By Job
	316  -  Total Bytes Received By Job
	Partitionable Resources :    Usage  Request Allocated 
	   Cpus                 :        0        1         1 
	   Disk (KB)            :       32        1      3525 
	   GPUs                 :                           0 
	   Memory (MB)          :      153     3000      3000 
	   TimeExecute (s)      :       20                    
	   TimeSlotBusy (s)     :       22                    

	Job terminated of its own accord at 2026-01-22T20:02:27Z with exit-code 0.
...
