000 (9120297.000.000) 01/22 21:01:40 Job submitted from host: <188.185.6.50:9618?addrs=188.185.6.50-9618+[2001-1458-d00-62--100-2b1]-9618&alias=bigbird25.cern.ch&noUDP&sock=schedd_1627_90ad>
...
040 (9120297.000.000) 01/22 21:02:09 Started transferring input files
	Transferring to host: <188.185.211.11:9618?addrs=188.185.211.11-9618+[2001-1458-303-16--100-7]-9618&alias=b9p23p6649.cern.ch&noUDP&sock=slot1_31_5170_7b8b_133630>
...
040 (9120297.000.000) 01/22 21:02:09 Finished transferring input files
...
001 (9120297.000.000) 01/22 21:02:10 Job executing on host: <188.185.211.11:9618?addrs=188.185.211.11-9618+[2001-1458-303-16--100-7]-9618&alias=b9p23p6649.cern.ch&noUDP&sock=startd_4258_365a>
	SlotName: slot1_31@b9p23p6649.cern.ch
	CondorScratchDir = "/pool/condor/dir_3922275"
	Cpus = 1
	Disk = 3745
	GPUs = 0
	Memory = 3000
...
006 (9120297.000.000) 01/22 21:02:23 Image size of job updated: 149228
	146  -  MemoryUsage of job (MB)
	149228  -  ResidentSetSize of job (KB)
...
006 (9120297.000.000) 01/22 21:02:49 Image size of job updated: 264576
	146  -  MemoryUsage of job (MB)
	149228  -  ResidentSetSize of job (KB)
...
040 (9120297.000.000) 01/22 21:02:49 Started transferring output files
...
040 (9120297.000.000) 01/22 21:02:49 Finished transferring output files
...
005 (9120297.000.000) 01/22 21:02:49 Job terminated.
	(1) Normal termination (return value 0)
		Usr 0 00:00:26, Sys 0 00:00:01  -  Run Remote Usage
		Usr 0 00:00:00, Sys 0 00:00:00  -  Run Local Usage
		Usr 0 00:00:26, Sys 0 00:00:01  -  Total Remote Usage
		Usr 0 00:00:00, Sys 0 00:00:00  -  Total Local Usage
	6618  -  Run Bytes Sent By Job
	315  -  Run Bytes Received By Job
	6618  -  Total Bytes Sent By Job
	315  -  Total Bytes Received By Job
	Partitionable Resources :    Usage  Request Allocated 
	   Cpus                 :        0        1         1 
	   Disk (KB)            :       30        1      3745 
	   GPUs                 :                           0 
	   Memory (MB)          :      146     3000      3000 
	   TimeExecute (s)      :       39                    
	   TimeSlotBusy (s)     :       40                    

	Job terminated of its own accord at 2026-01-22T20:02:49Z with exit-code 0.
...
