000 (9120298.000.000) 01/22 21:01:41 Job submitted from host: <188.185.6.50:9618?addrs=188.185.6.50-9618+[2001-1458-d00-62--100-2b1]-9618&alias=bigbird25.cern.ch&noUDP&sock=schedd_1627_90ad>
...
040 (9120298.000.000) 01/22 21:02:11 Started transferring input files
	Transferring to host: <188.185.213.67:9618?addrs=188.185.213.67-9618+[2001-1458-303-1a--100-3f]-9618&alias=b9p27p8127.cern.ch&noUDP&sock=slot1_2_7159_e9bc_134641>
...
040 (9120298.000.000) 01/22 21:02:11 Finished transferring input files
...
001 (9120298.000.000) 01/22 21:02:12 Job executing on host: <188.185.213.67:9618?addrs=188.185.213.67-9618+[2001-1458-303-1a--100-3f]-9618&alias=b9p27p8127.cern.ch&noUDP&sock=startd_6597_925e>
	SlotName: slot1_2@b9p27p8127.cern.ch
	CondorScratchDir = "/pool/condor/dir_4004671"
	Cpus = 1
	Disk = 3870
	GPUs = 0
	Memory = 3000
...
006 (9120298.000.000) 01/22 21:02:23 Image size of job updated: 132160
	0  -  MemoryUsage of job (MB)
	0  -  ResidentSetSize of job (KB)
...
040 (9120298.000.000) 01/22 21:02:23 Started transferring output files
...
040 (9120298.000.000) 01/22 21:02:23 Finished transferring output files
...
005 (9120298.000.000) 01/22 21:02:23 Job terminated.
	(1) Normal termination (return value 0)
		Usr 0 00:00:02, Sys 0 00:00:01  -  Run Remote Usage
		Usr 0 00:00:00, Sys 0 00:00:00  -  Run Local Usage
		Usr 0 00:00:02, Sys 0 00:00:01  -  Total Remote Usage
		Usr 0 00:00:00, Sys 0 00:00:00  -  Total Local Usage
	5990  -  Run Bytes Sent By Job
	315  -  Run Bytes Received By Job
	5990  -  Total Bytes Sent By Job
	315  -  Total Bytes Received By Job
	Partitionable Resources :    Usage  Request Allocated 
	   Cpus                 :        0        1         1 
	   Disk (KB)            :       29        1      3870 
	   GPUs                 :                           0 
	   Memory (MB)          :        0     3000      3000 
	   TimeExecute (s)      :       11                    
	   TimeSlotBusy (s)     :       13                    

	Job terminated of its own accord at 2026-01-22T20:02:23Z with exit-code 0.
...
