000 (9120300.000.000) 01/22 21:01:41 Job submitted from host: <188.185.6.50:9618?addrs=188.185.6.50-9618+[2001-1458-d00-62--100-2b1]-9618&alias=bigbird25.cern.ch&noUDP&sock=schedd_1627_90ad>
...
040 (9120300.000.000) 01/22 21:02:15 Started transferring input files
	Transferring to host: <188.185.203.195:9618?addrs=188.185.203.195-9618+[2001-1458-303-6--100-40]-9618&alias=b9p34p0020.cern.ch&noUDP&sock=slot1_41_192061_195b_5732>
...
040 (9120300.000.000) 01/22 21:02:15 Finished transferring input files
...
001 (9120300.000.000) 01/22 21:02:16 Job executing on host: <188.185.203.195:9618?addrs=188.185.203.195-9618+[2001-1458-303-6--100-40]-9618&alias=b9p34p0020.cern.ch&noUDP&sock=startd_180907_bbb8>
	SlotName: slot1_41@b9p34p0020.cern.ch
	CondorScratchDir = "/pool/condor/dir_1442956"
	Cpus = 1
	Disk = 6908
	GPUs = 0
	Memory = 3000
...
006 (9120300.000.000) 01/22 21:02:27 Image size of job updated: 145800
	0  -  MemoryUsage of job (MB)
	0  -  ResidentSetSize of job (KB)
...
040 (9120300.000.000) 01/22 21:02:27 Started transferring output files
...
040 (9120300.000.000) 01/22 21:02:27 Finished transferring output files
...
005 (9120300.000.000) 01/22 21:02:27 Job terminated.
	(1) Normal termination (return value 0)
		Usr 0 00:00:02, Sys 0 00:00:00  -  Run Remote Usage
		Usr 0 00:00:00, Sys 0 00:00:00  -  Run Local Usage
		Usr 0 00:00:02, Sys 0 00:00:00  -  Total Remote Usage
		Usr 0 00:00:00, Sys 0 00:00:00  -  Total Local Usage
	5988  -  Run Bytes Sent By Job
	314  -  Run Bytes Received By Job
	5988  -  Total Bytes Sent By Job
	314  -  Total Bytes Received By Job
	Partitionable Resources :    Usage  Request Allocated 
	   Cpus                 :        0        1         1 
	   Disk (KB)            :       29        1      6908 
	   GPUs                 :                           0 
	   Memory (MB)          :        0     3000      3000 
	   TimeExecute (s)      :       11                    
	   TimeSlotBusy (s)     :       12                    

	Job terminated of its own accord at 2026-01-22T20:02:27Z with exit-code 0.
...
