000 (9120302.000.000) 01/22 21:01:41 Job submitted from host: <188.185.6.50:9618?addrs=188.185.6.50-9618+[2001-1458-d00-62--100-2b1]-9618&alias=bigbird25.cern.ch&noUDP&sock=schedd_1627_90ad>
...
040 (9120302.000.000) 01/22 21:02:12 Started transferring input files
	Transferring to host: <188.185.211.202:9618?addrs=188.185.211.202-9618+[2001-1458-303-17--100-46]-9618&alias=b9p24p7937.cern.ch&noUDP&sock=slot1_9_9194_c12f_135330>
...
040 (9120302.000.000) 01/22 21:02:12 Finished transferring input files
...
001 (9120302.000.000) 01/22 21:02:13 Job executing on host: <188.185.211.202:9618?addrs=188.185.211.202-9618+[2001-1458-303-17--100-46]-9618&alias=b9p24p7937.cern.ch&noUDP&sock=startd_8521_4696>
	SlotName: slot1_9@b9p24p7937.cern.ch
	CondorScratchDir = "/pool/condor/dir_3071817"
	Cpus = 1
	Disk = 3801
	GPUs = 0
	Memory = 3000
...
006 (9120302.000.000) 01/22 21:02:25 Image size of job updated: 81800
	0  -  MemoryUsage of job (MB)
	0  -  ResidentSetSize of job (KB)
...
040 (9120302.000.000) 01/22 21:02:25 Started transferring output files
...
040 (9120302.000.000) 01/22 21:02:25 Finished transferring output files
...
005 (9120302.000.000) 01/22 21:02:25 Job terminated.
	(1) Normal termination (return value 0)
		Usr 0 00:00:02, Sys 0 00:00:01  -  Run Remote Usage
		Usr 0 00:00:00, Sys 0 00:00:00  -  Run Local Usage
		Usr 0 00:00:02, Sys 0 00:00:01  -  Total Remote Usage
		Usr 0 00:00:00, Sys 0 00:00:00  -  Total Local Usage
	5988  -  Run Bytes Sent By Job
	314  -  Run Bytes Received By Job
	5988  -  Total Bytes Sent By Job
	314  -  Total Bytes Received By Job
	Partitionable Resources :    Usage  Request Allocated 
	   Cpus                 :        0        1         1 
	   Disk (KB)            :       29        1      3801 
	   GPUs                 :                           0 
	   Memory (MB)          :        0     3000      3000 
	   TimeExecute (s)      :       12                    
	   TimeSlotBusy (s)     :       14                    

	Job terminated of its own accord at 2026-01-22T20:02:25Z with exit-code 0.
...
