000 (9120301.000.000) 01/22 21:01:41 Job submitted from host: <188.185.6.50:9618?addrs=188.185.6.50-9618+[2001-1458-d00-62--100-2b1]-9618&alias=bigbird25.cern.ch&noUDP&sock=schedd_1627_90ad>
...
040 (9120301.000.000) 01/22 21:02:11 Started transferring input files
	Transferring to host: <188.185.209.200:9618?addrs=188.185.209.200-9618+[2001-1458-303-12--100-45]-9618&alias=b9p12p8228.cern.ch&noUDP&sock=slot1_8_2050914_3281_43475>
...
040 (9120301.000.000) 01/22 21:02:11 Finished transferring input files
...
001 (9120301.000.000) 01/22 21:02:12 Job executing on host: <188.185.209.200:9618?addrs=188.185.209.200-9618+[2001-1458-303-12--100-45]-9618&alias=b9p12p8228.cern.ch&noUDP&sock=startd_2050658_666a>
	SlotName: slot1_8@b9p12p8228.cern.ch
	CondorScratchDir = "/pool/condor/dir_390347"
	Cpus = 1
	Disk = 3668
	GPUs = 0
	Memory = 3000
...
006 (9120301.000.000) 01/22 21:02:26 Image size of job updated: 166664
	163  -  MemoryUsage of job (MB)
	166664  -  ResidentSetSize of job (KB)
...
040 (9120301.000.000) 01/22 21:02:34 Started transferring output files
...
040 (9120301.000.000) 01/22 21:02:34 Finished transferring output files
...
005 (9120301.000.000) 01/22 21:02:34 Job terminated.
	(1) Normal termination (return value 0)
		Usr 0 00:00:11, Sys 0 00:00:01  -  Run Remote Usage
		Usr 0 00:00:00, Sys 0 00:00:00  -  Run Local Usage
		Usr 0 00:00:11, Sys 0 00:00:01  -  Total Remote Usage
		Usr 0 00:00:00, Sys 0 00:00:00  -  Total Local Usage
	6448  -  Run Bytes Sent By Job
	314  -  Run Bytes Received By Job
	6448  -  Total Bytes Sent By Job
	314  -  Total Bytes Received By Job
	Partitionable Resources :    Usage  Request Allocated 
	   Cpus                 :        0        1         1 
	   Disk (KB)            :       32        1      3668 
	   GPUs                 :                           0 
	   Memory (MB)          :      163     3000      3000 
	   TimeExecute (s)      :       22                    
	   TimeSlotBusy (s)     :       24                    

	Job terminated of its own accord at 2026-01-22T20:02:34Z with exit-code 0.
...
