000 (9120305.000.000) 01/22 21:01:42 Job submitted from host: <188.185.6.50:9618?addrs=188.185.6.50-9618+[2001-1458-d00-62--100-2b1]-9618&alias=bigbird25.cern.ch&noUDP&sock=schedd_1627_90ad>
...
040 (9120305.000.000) 01/22 21:02:13 Started transferring input files
	Transferring to host: <188.185.206.182:9618?addrs=188.185.206.182-9618+[2001-1458-303-c--100-33]-9618&alias=b9p06p7293.cern.ch&noUDP&sock=slot1_1_7649_2990_122727>
...
040 (9120305.000.000) 01/22 21:02:13 Finished transferring input files
...
001 (9120305.000.000) 01/22 21:02:14 Job executing on host: <188.185.206.182:9618?addrs=188.185.206.182-9618+[2001-1458-303-c--100-33]-9618&alias=b9p06p7293.cern.ch&noUDP&sock=startd_6778_b903>
	SlotName: slot1_1@b9p06p7293.cern.ch
	CondorScratchDir = "/pool/condor/dir_2771239"
	Cpus = 1
	Disk = 3674
	GPUs = 0
	Memory = 3000
...
006 (9120305.000.000) 01/22 21:02:28 Image size of job updated: 173184
	170  -  MemoryUsage of job (MB)
	173184  -  ResidentSetSize of job (KB)
...
006 (9120305.000.000) 01/22 21:03:35 Image size of job updated: 252020
	170  -  MemoryUsage of job (MB)
	173184  -  ResidentSetSize of job (KB)
...
040 (9120305.000.000) 01/22 21:03:35 Started transferring output files
...
040 (9120305.000.000) 01/22 21:03:35 Finished transferring output files
...
005 (9120305.000.000) 01/22 21:03:35 Job terminated.
	(1) Normal termination (return value 0)
		Usr 0 00:00:54, Sys 0 00:00:02  -  Run Remote Usage
		Usr 0 00:00:00, Sys 0 00:00:00  -  Run Local Usage
		Usr 0 00:00:54, Sys 0 00:00:02  -  Total Remote Usage
		Usr 0 00:00:00, Sys 0 00:00:00  -  Total Local Usage
	7535  -  Run Bytes Sent By Job
	314  -  Run Bytes Received By Job
	7535  -  Total Bytes Sent By Job
	314  -  Total Bytes Received By Job
	Partitionable Resources :    Usage  Request Allocated 
	   Cpus                 :        0        1         1 
	   Disk (KB)            :       31        1      3674 
	   GPUs                 :                           0 
	   Memory (MB)          :      170     3000      3000 
	   TimeExecute (s)      :       81                    
	   TimeSlotBusy (s)     :       83                    

	Job terminated of its own accord at 2026-01-22T20:03:35Z with exit-code 0.
...
