000 (9120304.000.000) 01/22 21:01:42 Job submitted from host: <188.185.6.50:9618?addrs=188.185.6.50-9618+[2001-1458-d00-62--100-2b1]-9618&alias=bigbird25.cern.ch&noUDP&sock=schedd_1627_90ad>
...
040 (9120304.000.000) 01/22 21:02:12 Started transferring input files
	Transferring to host: <188.185.204.243:9618?addrs=188.185.204.243-9618+[2001-1458-303-8--100-70]-9618&alias=b9p02p9109.cern.ch&noUDP&sock=slot1_2_3608711_1bd4_104304>
...
040 (9120304.000.000) 01/22 21:02:12 Finished transferring input files
...
001 (9120304.000.000) 01/22 21:02:13 Job executing on host: <188.185.204.243:9618?addrs=188.185.204.243-9618+[2001-1458-303-8--100-70]-9618&alias=b9p02p9109.cern.ch&noUDP&sock=startd_3336_cc08>
	SlotName: slot1_2@b9p02p9109.cern.ch
	CondorScratchDir = "/pool/condor/dir_1802185"
	Cpus = 1
	Disk = 3702
	GPUs = 0
	Memory = 3000
...
006 (9120304.000.000) 01/22 21:02:24 Image size of job updated: 131968
	0  -  MemoryUsage of job (MB)
	0  -  ResidentSetSize of job (KB)
...
040 (9120304.000.000) 01/22 21:02:24 Started transferring output files
...
040 (9120304.000.000) 01/22 21:02:24 Finished transferring output files
...
005 (9120304.000.000) 01/22 21:02:24 Job terminated.
	(1) Normal termination (return value 0)
		Usr 0 00:00:02, Sys 0 00:00:01  -  Run Remote Usage
		Usr 0 00:00:00, Sys 0 00:00:00  -  Run Local Usage
		Usr 0 00:00:02, Sys 0 00:00:01  -  Total Remote Usage
		Usr 0 00:00:00, Sys 0 00:00:00  -  Total Local Usage
	5990  -  Run Bytes Sent By Job
	315  -  Run Bytes Received By Job
	5990  -  Total Bytes Sent By Job
	315  -  Total Bytes Received By Job
	Partitionable Resources :    Usage  Request Allocated 
	   Cpus                 :        0        1         1 
	   Disk (KB)            :       32        1      3702 
	   GPUs                 :                           0 
	   Memory (MB)          :        0     3000      3000 
	   TimeExecute (s)      :       11                    
	   TimeSlotBusy (s)     :       13                    

	Job terminated of its own accord at 2026-01-22T20:02:24Z with exit-code 0.
...
