000 (9120306.000.000) 01/22 21:01:42 Job submitted from host: <188.185.6.50:9618?addrs=188.185.6.50-9618+[2001-1458-d00-62--100-2b1]-9618&alias=bigbird25.cern.ch&noUDP&sock=schedd_1627_90ad>
...
040 (9120306.000.000) 01/22 21:02:15 Started transferring input files
	Transferring to host: <188.185.204.247:9618?addrs=188.185.204.247-9618+[2001-1458-303-8--100-74]-9618&alias=b9p02p9796.cern.ch&noUDP&sock=slot1_30_6022_cb2e_123954>
...
040 (9120306.000.000) 01/22 21:02:15 Finished transferring input files
...
001 (9120306.000.000) 01/22 21:02:16 Job executing on host: <188.185.204.247:9618?addrs=188.185.204.247-9618+[2001-1458-303-8--100-74]-9618&alias=b9p02p9796.cern.ch&noUDP&sock=startd_5016_2323>
	SlotName: slot1_30@b9p02p9796.cern.ch
	CondorScratchDir = "/pool/condor/dir_3410924"
	Cpus = 1
	Disk = 3693
	GPUs = 0
	Memory = 3000
...
006 (9120306.000.000) 01/22 21:02:26 Image size of job updated: 304
	0  -  MemoryUsage of job (MB)
	0  -  ResidentSetSize of job (KB)
...
040 (9120306.000.000) 01/22 21:02:26 Started transferring output files
...
040 (9120306.000.000) 01/22 21:02:26 Finished transferring output files
...
005 (9120306.000.000) 01/22 21:02:26 Job terminated.
	(1) Normal termination (return value 0)
		Usr 0 00:00:02, Sys 0 00:00:01  -  Run Remote Usage
		Usr 0 00:00:00, Sys 0 00:00:00  -  Run Local Usage
		Usr 0 00:00:02, Sys 0 00:00:01  -  Total Remote Usage
		Usr 0 00:00:00, Sys 0 00:00:00  -  Total Local Usage
	5988  -  Run Bytes Sent By Job
	314  -  Run Bytes Received By Job
	5988  -  Total Bytes Sent By Job
	314  -  Total Bytes Received By Job
	Partitionable Resources :    Usage  Request Allocated 
	   Cpus                 :        0        1         1 
	   Disk (KB)            :       29        1      3693 
	   GPUs                 :                           0 
	   Memory (MB)          :        0     3000      3000 
	   TimeExecute (s)      :       10                    
	   TimeSlotBusy (s)     :       11                    

	Job terminated of its own accord at 2026-01-22T20:02:26Z with exit-code 0.
...
