000 (9120303.000.000) 01/22 21:01:42 Job submitted from host: <188.185.6.50:9618?addrs=188.185.6.50-9618+[2001-1458-d00-62--100-2b1]-9618&alias=bigbird25.cern.ch&noUDP&sock=schedd_1627_90ad>
...
040 (9120303.000.000) 01/22 21:02:12 Started transferring input files
	Transferring to host: <188.185.210.43:9618?addrs=188.185.210.43-9618+[2001-1458-303-1--100-27]-9618&alias=b9p21p4088.cern.ch&noUDP&sock=slot1_8_7271_d3c1_132320>
...
040 (9120303.000.000) 01/22 21:02:12 Finished transferring input files
...
001 (9120303.000.000) 01/22 21:02:13 Job executing on host: <188.185.210.43:9618?addrs=188.185.210.43-9618+[2001-1458-303-1--100-27]-9618&alias=b9p21p4088.cern.ch&noUDP&sock=startd_6573_1c19>
	SlotName: slot1_8@b9p21p4088.cern.ch
	CondorScratchDir = "/pool/condor/dir_2731870"
	Cpus = 1
	Disk = 3798
	GPUs = 0
	Memory = 3000
...
006 (9120303.000.000) 01/22 21:02:27 Image size of job updated: 180368
	177  -  MemoryUsage of job (MB)
	180368  -  ResidentSetSize of job (KB)
...
006 (9120303.000.000) 01/22 21:03:42 Image size of job updated: 245200
	177  -  MemoryUsage of job (MB)
	180368  -  ResidentSetSize of job (KB)
...
040 (9120303.000.000) 01/22 21:03:42 Started transferring output files
...
040 (9120303.000.000) 01/22 21:03:42 Finished transferring output files
...
005 (9120303.000.000) 01/22 21:03:42 Job terminated.
	(1) Normal termination (return value 0)
		Usr 0 00:00:58, Sys 0 00:00:02  -  Run Remote Usage
		Usr 0 00:00:00, Sys 0 00:00:00  -  Run Local Usage
		Usr 0 00:00:58, Sys 0 00:00:02  -  Total Remote Usage
		Usr 0 00:00:00, Sys 0 00:00:00  -  Total Local Usage
	8018  -  Run Bytes Sent By Job
	315  -  Run Bytes Received By Job
	8018  -  Total Bytes Sent By Job
	315  -  Total Bytes Received By Job
	Partitionable Resources :    Usage  Request Allocated 
	   Cpus                 :        0        1         1 
	   Disk (KB)            :       31        1      3798 
	   GPUs                 :                           0 
	   Memory (MB)          :      177     3000      3000 
	   TimeExecute (s)      :       89                    
	   TimeSlotBusy (s)     :       91                    

	Job terminated of its own accord at 2026-01-22T20:03:42Z with exit-code 0.
...
