000 (9112906.000.000) 01/21 18:44:52 Job submitted from host: <188.185.6.50:9618?addrs=188.185.6.50-9618+[2001-1458-d00-62--100-2b1]-9618&alias=bigbird25.cern.ch&noUDP&sock=schedd_1627_90ad>
...
040 (9112906.000.000) 01/21 18:45:32 Started transferring input files
	Transferring to host: <188.185.214.10:9618?addrs=188.185.214.10-9618+[2001-1458-303-1c--100-6]-9618&alias=b9p29p1341.cern.ch&noUDP&sock=slot1_19_5054_c007_154557>
...
040 (9112906.000.000) 01/21 18:45:32 Finished transferring input files
...
001 (9112906.000.000) 01/21 18:45:33 Job executing on host: <188.185.214.10:9618?addrs=188.185.214.10-9618+[2001-1458-303-1c--100-6]-9618&alias=b9p29p1341.cern.ch&noUDP&sock=startd_4065_d492>
	SlotName: slot1_19@b9p29p1341.cern.ch
	CondorScratchDir = "/pool/condor/dir_3282351"
	Cpus = 1
	Disk = 3784
	GPUs = 0
	Memory = 3000
...
006 (9112906.000.000) 01/21 18:45:47 Image size of job updated: 129820
	127  -  MemoryUsage of job (MB)
	129820  -  ResidentSetSize of job (KB)
...
006 (9112906.000.000) 01/21 18:50:48 Image size of job updated: 423492
	306  -  MemoryUsage of job (MB)
	312652  -  ResidentSetSize of job (KB)
...
006 (9112906.000.000) 01/21 18:52:10 Image size of job updated: 436736
	306  -  MemoryUsage of job (MB)
	312652  -  ResidentSetSize of job (KB)
...
040 (9112906.000.000) 01/21 18:52:10 Started transferring output files
...
040 (9112906.000.000) 01/21 18:52:10 Finished transferring output files
...
005 (9112906.000.000) 01/21 18:52:10 Job terminated.
	(1) Normal termination (return value 0)
		Usr 0 00:03:36, Sys 0 00:00:05  -  Run Remote Usage
		Usr 0 00:00:00, Sys 0 00:00:00  -  Run Local Usage
		Usr 0 00:03:36, Sys 0 00:00:05  -  Total Remote Usage
		Usr 0 00:00:00, Sys 0 00:00:00  -  Total Local Usage
	10374  -  Run Bytes Sent By Job
	320  -  Run Bytes Received By Job
	10374  -  Total Bytes Sent By Job
	320  -  Total Bytes Received By Job
	Partitionable Resources :    Usage  Request Allocated 
	   Cpus                 :        0        1         1 
	   Disk (KB)            :       34        1      3784 
	   GPUs                 :                           0 
	   Memory (MB)          :      306     3000      3000 
	   TimeExecute (s)      :      397                    
	   TimeSlotBusy (s)     :      399                    

	Job terminated of its own accord at 2026-01-21T17:52:10Z with exit-code 0.
...
