000 (9112904.000.000) 01/21 18:44:51 Job submitted from host: <188.185.6.50:9618?addrs=188.185.6.50-9618+[2001-1458-d00-62--100-2b1]-9618&alias=bigbird25.cern.ch&noUDP&sock=schedd_1627_90ad>
...
040 (9112904.000.000) 01/21 18:45:31 Started transferring input files
	Transferring to host: <128.142.192.161:9618?addrs=128.142.192.161-9618+[2001-1458-301-56--100-1d]-9618&alias=b9g18p0292.cern.ch&noUDP&sock=slot1_22_4368_66ab_151243>
...
040 (9112904.000.000) 01/21 18:45:31 Finished transferring input files
...
001 (9112904.000.000) 01/21 18:45:32 Job executing on host: <128.142.192.161:9618?addrs=128.142.192.161-9618+[2001-1458-301-56--100-1d]-9618&alias=b9g18p0292.cern.ch&noUDP&sock=startd_3514_e3e3>
	SlotName: slot1_22@b9g18p0292.cern.ch
	CondorScratchDir = "/pool/condor/dir_4022695"
	Cpus = 1
	Disk = 3860
	GPUs = 0
	Memory = 3000
...
006 (9112904.000.000) 01/21 18:45:45 Image size of job updated: 123504
	0  -  MemoryUsage of job (MB)
	0  -  ResidentSetSize of job (KB)
...
040 (9112904.000.000) 01/21 18:45:45 Started transferring output files
...
040 (9112904.000.000) 01/21 18:45:45 Finished transferring output files
...
005 (9112904.000.000) 01/21 18:45:45 Job terminated.
	(1) Normal termination (return value 0)
		Usr 0 00:00:03, Sys 0 00:00:01  -  Run Remote Usage
		Usr 0 00:00:00, Sys 0 00:00:00  -  Run Local Usage
		Usr 0 00:00:03, Sys 0 00:00:01  -  Total Remote Usage
		Usr 0 00:00:00, Sys 0 00:00:00  -  Total Local Usage
	6007  -  Run Bytes Sent By Job
	324  -  Run Bytes Received By Job
	6007  -  Total Bytes Sent By Job
	324  -  Total Bytes Received By Job
	Partitionable Resources :    Usage  Request Allocated 
	   Cpus                 :        0        1         1 
	   Disk (KB)            :       29        1      3860 
	   GPUs                 :                           0 
	   Memory (MB)          :        0     3000      3000 
	   TimeExecute (s)      :       13                    
	   TimeSlotBusy (s)     :       15                    

	Job terminated of its own accord at 2026-01-21T17:45:45Z with exit-code 0.
...
