000 (9112907.000.000) 01/21 18:44:53 Job submitted from host: <188.185.6.50:9618?addrs=188.185.6.50-9618+[2001-1458-d00-62--100-2b1]-9618&alias=bigbird25.cern.ch&noUDP&sock=schedd_1627_90ad>
...
040 (9112907.000.000) 01/21 18:45:32 Started transferring input files
	Transferring to host: <128.142.132.63:9618?addrs=128.142.132.63-9618+[2001-1458-301-5a--100-33]-9618&alias=b9g12p0821.cern.ch&noUDP&sock=slot1_9_2844_9aed_141856>
...
040 (9112907.000.000) 01/21 18:45:32 Finished transferring input files
...
001 (9112907.000.000) 01/21 18:45:33 Job executing on host: <128.142.132.63:9618?addrs=128.142.132.63-9618+[2001-1458-301-5a--100-33]-9618&alias=b9g12p0821.cern.ch&noUDP&sock=startd_2762_14ab>
	SlotName: slot1_9@b9g12p0821.cern.ch
	CondorScratchDir = "/pool/condor/dir_751196"
	Cpus = 1
	Disk = 2772
	GPUs = 0
	Memory = 3000
...
006 (9112907.000.000) 01/21 18:45:47 Image size of job updated: 200388
	196  -  MemoryUsage of job (MB)
	200388  -  ResidentSetSize of job (KB)
...
006 (9112907.000.000) 01/21 18:50:16 Image size of job updated: 445116
	196  -  MemoryUsage of job (MB)
	200516  -  ResidentSetSize of job (KB)
...
040 (9112907.000.000) 01/21 18:50:16 Started transferring output files
...
040 (9112907.000.000) 01/21 18:50:16 Finished transferring output files
...
005 (9112907.000.000) 01/21 18:50:16 Job terminated.
	(1) Normal termination (return value 0)
		Usr 0 00:03:52, Sys 0 00:00:02  -  Run Remote Usage
		Usr 0 00:00:00, Sys 0 00:00:00  -  Run Local Usage
		Usr 0 00:03:52, Sys 0 00:00:02  -  Total Remote Usage
		Usr 0 00:00:00, Sys 0 00:00:00  -  Total Local Usage
	9702  -  Run Bytes Sent By Job
	320  -  Run Bytes Received By Job
	9702  -  Total Bytes Sent By Job
	320  -  Total Bytes Received By Job
	Partitionable Resources :    Usage  Request Allocated 
	   Cpus                 :        0        1         1 
	   Disk (KB)            :       33        1      2772 
	   GPUs                 :                           0 
	   Memory (MB)          :      196     3000      3000 
	   TimeExecute (s)      :      283                    
	   TimeSlotBusy (s)     :      285                    

	Job terminated of its own accord at 2026-01-21T17:50:16Z with exit-code 0.
...
