000 (9112897.000.000) 01/21 18:44:49 Job submitted from host: <188.185.6.50:9618?addrs=188.185.6.50-9618+[2001-1458-d00-62--100-2b1]-9618&alias=bigbird25.cern.ch&noUDP&sock=schedd_1627_90ad>
...
040 (9112897.000.000) 01/21 18:45:41 Started transferring input files
	Transferring to host: <188.185.213.170:9618?addrs=188.185.213.170-9618+[2001-1458-303-1b--100-26]-9618&alias=b9p28p2120.cern.ch&noUDP&sock=slot1_13_5140_584a_155220>
...
040 (9112897.000.000) 01/21 18:45:41 Finished transferring input files
...
001 (9112897.000.000) 01/21 18:45:42 Job executing on host: <188.185.213.170:9618?addrs=188.185.213.170-9618+[2001-1458-303-1b--100-26]-9618&alias=b9p28p2120.cern.ch&noUDP&sock=startd_4234_c014>
	SlotName: slot1_13@b9p28p2120.cern.ch
	CondorScratchDir = "/pool/condor/dir_3762154"
	Cpus = 1
	Disk = 3742
	GPUs = 0
	Memory = 3000
...
006 (9112897.000.000) 01/21 18:45:55 Image size of job updated: 124000
	122  -  MemoryUsage of job (MB)
	124000  -  ResidentSetSize of job (KB)
...
006 (9112897.000.000) 01/21 18:46:36 Image size of job updated: 238136
	122  -  MemoryUsage of job (MB)
	124008  -  ResidentSetSize of job (KB)
...
040 (9112897.000.000) 01/21 18:46:36 Started transferring output files
...
040 (9112897.000.000) 01/21 18:46:36 Finished transferring output files
...
005 (9112897.000.000) 01/21 18:46:36 Job terminated.
	(1) Normal termination (return value 0)
		Usr 0 00:00:35, Sys 0 00:00:02  -  Run Remote Usage
		Usr 0 00:00:00, Sys 0 00:00:00  -  Run Local Usage
		Usr 0 00:00:35, Sys 0 00:00:02  -  Total Remote Usage
		Usr 0 00:00:00, Sys 0 00:00:00  -  Total Local Usage
	6976  -  Run Bytes Sent By Job
	324  -  Run Bytes Received By Job
	6976  -  Total Bytes Sent By Job
	324  -  Total Bytes Received By Job
	Partitionable Resources :    Usage  Request Allocated 
	   Cpus                 :        0        1         1 
	   Disk (KB)            :       30        1      3742 
	   GPUs                 :                           0 
	   Memory (MB)          :      122     3000      3000 
	   TimeExecute (s)      :       54                    
	   TimeSlotBusy (s)     :       56                    

	Job terminated of its own accord at 2026-01-21T17:46:36Z with exit-code 0.
...
