000 (9112899.000.000) 01/21 18:44:50 Job submitted from host: <188.185.6.50:9618?addrs=188.185.6.50-9618+[2001-1458-d00-62--100-2b1]-9618&alias=bigbird25.cern.ch&noUDP&sock=schedd_1627_90ad>
...
040 (9112899.000.000) 01/21 18:45:32 Started transferring input files
	Transferring to host: <188.185.214.60:9618?addrs=188.185.214.60-9618+[2001-1458-303-1c--100-38]-9618&alias=b9p29p6166.cern.ch&noUDP&sock=slot1_9_5771_f104_155026>
...
040 (9112899.000.000) 01/21 18:45:32 Finished transferring input files
...
001 (9112899.000.000) 01/21 18:45:33 Job executing on host: <188.185.214.60:9618?addrs=188.185.214.60-9618+[2001-1458-303-1c--100-38]-9618&alias=b9p29p6166.cern.ch&noUDP&sock=startd_4933_34c7>
	SlotName: slot1_9@b9p29p6166.cern.ch
	CondorScratchDir = "/pool/condor/dir_3568423"
	Cpus = 1
	Disk = 3740
	GPUs = 0
	Memory = 3000
...
006 (9112899.000.000) 01/21 18:45:46 Image size of job updated: 172248
	169  -  MemoryUsage of job (MB)
	172248  -  ResidentSetSize of job (KB)
...
006 (9112899.000.000) 01/21 18:48:14 Image size of job updated: 246748
	169  -  MemoryUsage of job (MB)
	172248  -  ResidentSetSize of job (KB)
...
040 (9112899.000.000) 01/21 18:48:14 Started transferring output files
...
040 (9112899.000.000) 01/21 18:48:14 Finished transferring output files
...
005 (9112899.000.000) 01/21 18:48:14 Job terminated.
	(1) Normal termination (return value 0)
		Usr 0 00:02:17, Sys 0 00:00:02  -  Run Remote Usage
		Usr 0 00:00:00, Sys 0 00:00:00  -  Run Local Usage
		Usr 0 00:02:17, Sys 0 00:00:02  -  Total Remote Usage
		Usr 0 00:00:00, Sys 0 00:00:00  -  Total Local Usage
	10256  -  Run Bytes Sent By Job
	324  -  Run Bytes Received By Job
	10256  -  Total Bytes Sent By Job
	324  -  Total Bytes Received By Job
	Partitionable Resources :    Usage  Request Allocated 
	   Cpus                 :        0        1         1 
	   Disk (KB)            :       33        1      3740 
	   GPUs                 :                           0 
	   Memory (MB)          :      169     3000      3000 
	   TimeExecute (s)      :      161                    
	   TimeSlotBusy (s)     :      165                    

	Job terminated of its own accord at 2026-01-21T17:48:14Z with exit-code 0.
...
