000 (9112895.000.000) 01/21 18:44:48 Job submitted from host: <188.185.6.50:9618?addrs=188.185.6.50-9618+[2001-1458-d00-62--100-2b1]-9618&alias=bigbird25.cern.ch&noUDP&sock=schedd_1627_90ad>
...
040 (9112895.000.000) 01/21 18:45:29 Started transferring input files
	Transferring to host: <188.185.213.193:9618?addrs=188.185.213.193-9618+[2001-1458-303-1b--100-3d]-9618&alias=b9p28p6761.cern.ch&noUDP&sock=slot1_11_7044_e298_155746>
...
040 (9112895.000.000) 01/21 18:45:29 Finished transferring input files
...
001 (9112895.000.000) 01/21 18:45:30 Job executing on host: <188.185.213.193:9618?addrs=188.185.213.193-9618+[2001-1458-303-1b--100-3d]-9618&alias=b9p28p6761.cern.ch&noUDP&sock=startd_6222_5a5b>
	SlotName: slot1_11@b9p28p6761.cern.ch
	CondorScratchDir = "/pool/condor/dir_2196309"
	Cpus = 1
	Disk = 3857
	GPUs = 0
	Memory = 3000
...
006 (9112895.000.000) 01/21 18:45:44 Image size of job updated: 148588
	146  -  MemoryUsage of job (MB)
	148588  -  ResidentSetSize of job (KB)
...
006 (9112895.000.000) 01/21 18:48:22 Image size of job updated: 166676
	146  -  MemoryUsage of job (MB)
	148600  -  ResidentSetSize of job (KB)
...
040 (9112895.000.000) 01/21 18:48:22 Started transferring output files
...
040 (9112895.000.000) 01/21 18:48:22 Finished transferring output files
...
005 (9112895.000.000) 01/21 18:48:22 Job terminated.
	(1) Normal termination (return value 0)
		Usr 0 00:01:59, Sys 0 00:00:03  -  Run Remote Usage
		Usr 0 00:00:00, Sys 0 00:00:00  -  Run Local Usage
		Usr 0 00:01:59, Sys 0 00:00:03  -  Total Remote Usage
		Usr 0 00:00:00, Sys 0 00:00:00  -  Total Local Usage
	8555  -  Run Bytes Sent By Job
	324  -  Run Bytes Received By Job
	8555  -  Total Bytes Sent By Job
	324  -  Total Bytes Received By Job
	Partitionable Resources :    Usage  Request Allocated 
	   Cpus                 :        0        1         1 
	   Disk (KB)            :       32        1      3857 
	   GPUs                 :                           0 
	   Memory (MB)          :      146     3000      3000 
	   TimeExecute (s)      :      172                    
	   TimeSlotBusy (s)     :      174                    

	Job terminated of its own accord at 2026-01-21T17:48:22Z with exit-code 0.
...
