000 (9112898.000.000) 01/21 18:44:49 Job submitted from host: <188.185.6.50:9618?addrs=188.185.6.50-9618+[2001-1458-d00-62--100-2b1]-9618&alias=bigbird25.cern.ch&noUDP&sock=schedd_1627_90ad>
...
040 (9112898.000.000) 01/21 18:45:29 Started transferring input files
	Transferring to host: <188.185.214.57:9618?addrs=188.185.214.57-9618+[2001-1458-303-1c--100-35]-9618&alias=b9p29p2773.cern.ch&noUDP&sock=slot1_12_5352_b7d3_158713>
...
040 (9112898.000.000) 01/21 18:45:29 Finished transferring input files
...
001 (9112898.000.000) 01/21 18:45:30 Job executing on host: <188.185.214.57:9618?addrs=188.185.214.57-9618+[2001-1458-303-1c--100-35]-9618&alias=b9p29p2773.cern.ch&noUDP&sock=startd_4287_1a99>
	SlotName: slot1_12@b9p29p2773.cern.ch
	CondorScratchDir = "/pool/condor/dir_19473"
	Cpus = 1
	Disk = 3763
	GPUs = 0
	Memory = 3000
...
006 (9112898.000.000) 01/21 18:45:43 Image size of job updated: 170128
	167  -  MemoryUsage of job (MB)
	170128  -  ResidentSetSize of job (KB)
...
006 (9112898.000.000) 01/21 18:47:23 Image size of job updated: 246836
	167  -  MemoryUsage of job (MB)
	170128  -  ResidentSetSize of job (KB)
...
040 (9112898.000.000) 01/21 18:47:23 Started transferring output files
...
040 (9112898.000.000) 01/21 18:47:23 Finished transferring output files
...
005 (9112898.000.000) 01/21 18:47:23 Job terminated.
	(1) Normal termination (return value 0)
		Usr 0 00:01:17, Sys 0 00:00:02  -  Run Remote Usage
		Usr 0 00:00:00, Sys 0 00:00:00  -  Run Local Usage
		Usr 0 00:01:17, Sys 0 00:00:02  -  Total Remote Usage
		Usr 0 00:00:00, Sys 0 00:00:00  -  Total Local Usage
	8275  -  Run Bytes Sent By Job
	324  -  Run Bytes Received By Job
	8275  -  Total Bytes Sent By Job
	324  -  Total Bytes Received By Job
	Partitionable Resources :    Usage  Request Allocated 
	   Cpus                 :        0        1         1 
	   Disk (KB)            :       31        1      3763 
	   GPUs                 :                           0 
	   Memory (MB)          :      167     3000      3000 
	   TimeExecute (s)      :      113                    
	   TimeSlotBusy (s)     :      115                    

	Job terminated of its own accord at 2026-01-21T17:47:23Z with exit-code 0.
...
