000 (9112896.000.000) 01/21 18:44:48 Job submitted from host: <188.185.6.50:9618?addrs=188.185.6.50-9618+[2001-1458-d00-62--100-2b1]-9618&alias=bigbird25.cern.ch&noUDP&sock=schedd_1627_90ad>
...
040 (9112896.000.000) 01/21 18:45:30 Started transferring input files
	Transferring to host: <188.185.214.102:9618?addrs=188.185.214.102-9618+[2001-1458-303-1c--100-62]-9618&alias=b9p29p3838.cern.ch&noUDP&sock=slot1_20_6523_cb22_154077>
...
040 (9112896.000.000) 01/21 18:45:30 Finished transferring input files
...
001 (9112896.000.000) 01/21 18:45:31 Job executing on host: <188.185.214.102:9618?addrs=188.185.214.102-9618+[2001-1458-303-1c--100-62]-9618&alias=b9p29p3838.cern.ch&noUDP&sock=startd_5762_d4ca>
	SlotName: slot1_20@b9p29p3838.cern.ch
	CondorScratchDir = "/pool/condor/dir_641338"
	Cpus = 1
	Disk = 3904
	GPUs = 0
	Memory = 3000
...
006 (9112896.000.000) 01/21 18:45:44 Image size of job updated: 172248
	169  -  MemoryUsage of job (MB)
	172248  -  ResidentSetSize of job (KB)
...
006 (9112896.000.000) 01/21 18:48:34 Image size of job updated: 248480
	169  -  MemoryUsage of job (MB)
	172248  -  ResidentSetSize of job (KB)
...
040 (9112896.000.000) 01/21 18:48:34 Started transferring output files
...
040 (9112896.000.000) 01/21 18:48:34 Finished transferring output files
...
005 (9112896.000.000) 01/21 18:48:34 Job terminated.
	(1) Normal termination (return value 0)
		Usr 0 00:02:33, Sys 0 00:00:03  -  Run Remote Usage
		Usr 0 00:00:00, Sys 0 00:00:00  -  Run Local Usage
		Usr 0 00:02:33, Sys 0 00:00:03  -  Total Remote Usage
		Usr 0 00:00:00, Sys 0 00:00:00  -  Total Local Usage
	10256  -  Run Bytes Sent By Job
	324  -  Run Bytes Received By Job
	10256  -  Total Bytes Sent By Job
	324  -  Total Bytes Received By Job
	Partitionable Resources :    Usage  Request Allocated 
	   Cpus                 :        0        1         1 
	   Disk (KB)            :       33        1      3904 
	   GPUs                 :                           0 
	   Memory (MB)          :      169     3000      3000 
	   TimeExecute (s)      :      183                    
	   TimeSlotBusy (s)     :      185                    

	Job terminated of its own accord at 2026-01-21T17:48:34Z with exit-code 0.
...
