000 (9112902.000.000) 01/21 18:44:50 Job submitted from host: <188.185.6.50:9618?addrs=188.185.6.50-9618+[2001-1458-d00-62--100-2b1]-9618&alias=bigbird25.cern.ch&noUDP&sock=schedd_1627_90ad>
...
040 (9112902.000.000) 01/21 18:45:29 Started transferring input files
	Transferring to host: <128.142.192.208:9618?addrs=128.142.192.208-9618+[2001-1458-301-56--100-4c]-9618&alias=b9g18p2076.cern.ch&noUDP&sock=slot1_22_4143_de42_150327>
...
040 (9112902.000.000) 01/21 18:45:29 Finished transferring input files
...
001 (9112902.000.000) 01/21 18:45:30 Job executing on host: <128.142.192.208:9618?addrs=128.142.192.208-9618+[2001-1458-301-56--100-4c]-9618&alias=b9g18p2076.cern.ch&noUDP&sock=startd_3129_cfed>
	SlotName: slot1_22@b9g18p2076.cern.ch
	CondorScratchDir = "/pool/condor/dir_1837230"
	Cpus = 1
	Disk = 3849
	GPUs = 0
	Memory = 3000
...
006 (9112902.000.000) 01/21 18:45:43 Image size of job updated: 174400
	171  -  MemoryUsage of job (MB)
	174400  -  ResidentSetSize of job (KB)
...
006 (9112902.000.000) 01/21 18:47:52 Image size of job updated: 229876
	171  -  MemoryUsage of job (MB)
	174400  -  ResidentSetSize of job (KB)
...
040 (9112902.000.000) 01/21 18:47:52 Started transferring output files
...
040 (9112902.000.000) 01/21 18:47:52 Finished transferring output files
...
005 (9112902.000.000) 01/21 18:47:52 Job terminated.
	(1) Normal termination (return value 0)
		Usr 0 00:01:53, Sys 0 00:00:01  -  Run Remote Usage
		Usr 0 00:00:00, Sys 0 00:00:00  -  Run Local Usage
		Usr 0 00:01:53, Sys 0 00:00:01  -  Total Remote Usage
		Usr 0 00:00:00, Sys 0 00:00:00  -  Total Local Usage
	9160  -  Run Bytes Sent By Job
	324  -  Run Bytes Received By Job
	9160  -  Total Bytes Sent By Job
	324  -  Total Bytes Received By Job
	Partitionable Resources :    Usage  Request Allocated 
	   Cpus                 :        0        1         1 
	   Disk (KB)            :       32        1      3849 
	   GPUs                 :                           0 
	   Memory (MB)          :      171     3000      3000 
	   TimeExecute (s)      :      142                    
	   TimeSlotBusy (s)     :      144                    

	Job terminated of its own accord at 2026-01-21T17:47:52Z with exit-code 0.
...
