000 (9112900.000.000) 01/21 18:44:50 Job submitted from host: <188.185.6.50:9618?addrs=188.185.6.50-9618+[2001-1458-d00-62--100-2b1]-9618&alias=bigbird25.cern.ch&noUDP&sock=schedd_1627_90ad>
...
040 (9112900.000.000) 01/21 18:45:30 Started transferring input files
	Transferring to host: <188.185.214.84:9618?addrs=188.185.214.84-9618+[2001-1458-303-1c--100-50]-9618&alias=b9p29p0222.cern.ch&noUDP&sock=slot1_24_4144_92a2_153844>
...
040 (9112900.000.000) 01/21 18:45:30 Finished transferring input files
...
001 (9112900.000.000) 01/21 18:45:31 Job executing on host: <188.185.214.84:9618?addrs=188.185.214.84-9618+[2001-1458-303-1c--100-50]-9618&alias=b9p29p0222.cern.ch&noUDP&sock=startd_3504_07f1>
	SlotName: slot1_24@b9p29p0222.cern.ch
	CondorScratchDir = "/pool/condor/dir_1564757"
	Cpus = 1
	Disk = 3810
	GPUs = 0
	Memory = 3000
...
006 (9112900.000.000) 01/21 18:45:45 Image size of job updated: 187260
	183  -  MemoryUsage of job (MB)
	187260  -  ResidentSetSize of job (KB)
...
006 (9112900.000.000) 01/21 18:46:13 Image size of job updated: 206888
	183  -  MemoryUsage of job (MB)
	187260  -  ResidentSetSize of job (KB)
...
040 (9112900.000.000) 01/21 18:46:13 Started transferring output files
...
040 (9112900.000.000) 01/21 18:46:13 Finished transferring output files
...
005 (9112900.000.000) 01/21 18:46:13 Job terminated.
	(1) Normal termination (return value 0)
		Usr 0 00:00:29, Sys 0 00:00:02  -  Run Remote Usage
		Usr 0 00:00:00, Sys 0 00:00:00  -  Run Local Usage
		Usr 0 00:00:29, Sys 0 00:00:02  -  Total Remote Usage
		Usr 0 00:00:00, Sys 0 00:00:00  -  Total Local Usage
	6850  -  Run Bytes Sent By Job
	324  -  Run Bytes Received By Job
	6850  -  Total Bytes Sent By Job
	324  -  Total Bytes Received By Job
	Partitionable Resources :    Usage  Request Allocated 
	   Cpus                 :        0        1         1 
	   Disk (KB)            :       30        1      3810 
	   GPUs                 :                           0 
	   Memory (MB)          :      183     3000      3000 
	   TimeExecute (s)      :       42                    
	   TimeSlotBusy (s)     :       44                    

	Job terminated of its own accord at 2026-01-21T17:46:13Z with exit-code 0.
...
