000 (9112935.000.000) 01/21 18:45:03 Job submitted from host: <188.185.6.50:9618?addrs=188.185.6.50-9618+[2001-1458-d00-62--100-2b1]-9618&alias=bigbird25.cern.ch&noUDP&sock=schedd_1627_90ad>
...
040 (9112935.000.000) 01/21 18:45:37 Started transferring input files
	Transferring to host: <188.185.206.212:9618?addrs=188.185.206.212-9618+[2001-1458-303-c--100-51]-9618&alias=b9p06p2007.cern.ch&noUDP&sock=slot1_8_4682_a477_107923>
...
040 (9112935.000.000) 01/21 18:45:37 Finished transferring input files
...
001 (9112935.000.000) 01/21 18:45:38 Job executing on host: <188.185.206.212:9618?addrs=188.185.206.212-9618+[2001-1458-303-c--100-51]-9618&alias=b9p06p2007.cern.ch&noUDP&sock=startd_3942_766c>
	SlotName: slot1_8@b9p06p2007.cern.ch
	CondorScratchDir = "/pool/condor/dir_3763246"
	Cpus = 1
	Disk = 3588
	GPUs = 0
	Memory = 3000
...
006 (9112935.000.000) 01/21 18:45:51 Image size of job updated: 166724
	163  -  MemoryUsage of job (MB)
	166724  -  ResidentSetSize of job (KB)
...
006 (9112935.000.000) 01/21 18:46:04 Image size of job updated: 166728
	163  -  MemoryUsage of job (MB)
	166724  -  ResidentSetSize of job (KB)
...
040 (9112935.000.000) 01/21 18:46:04 Started transferring output files
...
040 (9112935.000.000) 01/21 18:46:04 Finished transferring output files
...
005 (9112935.000.000) 01/21 18:46:04 Job terminated.
	(1) Normal termination (return value 0)
		Usr 0 00:00:16, Sys 0 00:00:01  -  Run Remote Usage
		Usr 0 00:00:00, Sys 0 00:00:00  -  Run Local Usage
		Usr 0 00:00:16, Sys 0 00:00:01  -  Total Remote Usage
		Usr 0 00:00:00, Sys 0 00:00:00  -  Total Local Usage
	6446  -  Run Bytes Sent By Job
	318  -  Run Bytes Received By Job
	6446  -  Total Bytes Sent By Job
	318  -  Total Bytes Received By Job
	Partitionable Resources :    Usage  Request Allocated 
	   Cpus                 :        0        1         1 
	   Disk (KB)            :       34        1      3588 
	   GPUs                 :                           0 
	   Memory (MB)          :      163     3000      3000 
	   TimeExecute (s)      :       26                    
	   TimeSlotBusy (s)     :       28                    

	Job terminated of its own accord at 2026-01-21T17:46:04Z with exit-code 0.
...
