000 (9112936.000.000) 01/21 18:45:04 Job submitted from host: <188.185.6.50:9618?addrs=188.185.6.50-9618+[2001-1458-d00-62--100-2b1]-9618&alias=bigbird25.cern.ch&noUDP&sock=schedd_1627_90ad>
...
040 (9112936.000.000) 01/21 18:45:43 Started transferring input files
	Transferring to host: <188.185.210.99:9618?addrs=188.185.210.99-9618+[2001-1458-303-1--100-5f]-9618&alias=b9p21p4631.cern.ch&noUDP&sock=slot1_9_7140_869b_129606>
...
040 (9112936.000.000) 01/21 18:45:43 Finished transferring input files
...
001 (9112936.000.000) 01/21 18:45:44 Job executing on host: <188.185.210.99:9618?addrs=188.185.210.99-9618+[2001-1458-303-1--100-5f]-9618&alias=b9p21p4631.cern.ch&noUDP&sock=startd_6450_bdf2>
	SlotName: slot1_9@b9p21p4631.cern.ch
	CondorScratchDir = "/pool/condor/dir_2410863"
	Cpus = 1
	Disk = 3778
	GPUs = 0
	Memory = 3000
...
006 (9112936.000.000) 01/21 18:45:55 Image size of job updated: 130980
	0  -  MemoryUsage of job (MB)
	0  -  ResidentSetSize of job (KB)
...
040 (9112936.000.000) 01/21 18:45:55 Started transferring output files
...
040 (9112936.000.000) 01/21 18:45:55 Finished transferring output files
...
005 (9112936.000.000) 01/21 18:45:55 Job terminated.
	(1) Normal termination (return value 0)
		Usr 0 00:00:02, Sys 0 00:00:01  -  Run Remote Usage
		Usr 0 00:00:00, Sys 0 00:00:00  -  Run Local Usage
		Usr 0 00:00:02, Sys 0 00:00:01  -  Total Remote Usage
		Usr 0 00:00:00, Sys 0 00:00:00  -  Total Local Usage
	5982  -  Run Bytes Sent By Job
	318  -  Run Bytes Received By Job
	5982  -  Total Bytes Sent By Job
	318  -  Total Bytes Received By Job
	Partitionable Resources :    Usage  Request Allocated 
	   Cpus                 :        0        1         1 
	   Disk (KB)            :       29        1      3778 
	   GPUs                 :                           0 
	   Memory (MB)          :        0     3000      3000 
	   TimeExecute (s)      :       11                    
	   TimeSlotBusy (s)     :       14                    

	Job terminated of its own accord at 2026-01-21T17:45:55Z with exit-code 0.
...
