000 (9112933.000.000) 01/21 18:45:02 Job submitted from host: <188.185.6.50:9618?addrs=188.185.6.50-9618+[2001-1458-d00-62--100-2b1]-9618&alias=bigbird25.cern.ch&noUDP&sock=schedd_1627_90ad>
...
040 (9112933.000.000) 01/21 18:45:41 Started transferring input files
	Transferring to host: <188.185.213.175:9618?addrs=188.185.213.175-9618+[2001-1458-303-1b--100-2b]-9618&alias=b9p28p0795.cern.ch&noUDP&sock=slot1_31_5100_2948_153169>
...
040 (9112933.000.000) 01/21 18:45:41 Finished transferring input files
...
001 (9112933.000.000) 01/21 18:45:42 Job executing on host: <188.185.213.175:9618?addrs=188.185.213.175-9618+[2001-1458-303-1b--100-2b]-9618&alias=b9p28p0795.cern.ch&noUDP&sock=startd_4149_7287>
	SlotName: slot1_31@b9p28p0795.cern.ch
	CondorScratchDir = "/pool/condor/dir_1771196"
	Cpus = 1
	Disk = 3901
	GPUs = 0
	Memory = 3000
...
006 (9112933.000.000) 01/21 18:45:55 Image size of job updated: 166720
	163  -  MemoryUsage of job (MB)
	166720  -  ResidentSetSize of job (KB)
...
040 (9112933.000.000) 01/21 18:46:05 Started transferring output files
...
040 (9112933.000.000) 01/21 18:46:05 Finished transferring output files
...
005 (9112933.000.000) 01/21 18:46:05 Job terminated.
	(1) Normal termination (return value 0)
		Usr 0 00:00:13, Sys 0 00:00:01  -  Run Remote Usage
		Usr 0 00:00:00, Sys 0 00:00:00  -  Run Local Usage
		Usr 0 00:00:13, Sys 0 00:00:01  -  Total Remote Usage
		Usr 0 00:00:00, Sys 0 00:00:00  -  Total Local Usage
	6472  -  Run Bytes Sent By Job
	314  -  Run Bytes Received By Job
	6472  -  Total Bytes Sent By Job
	314  -  Total Bytes Received By Job
	Partitionable Resources :    Usage  Request Allocated 
	   Cpus                 :        0        1         1 
	   Disk (KB)            :       30        1      3901 
	   GPUs                 :                           0 
	   Memory (MB)          :      163     3000      3000 
	   TimeExecute (s)      :       23                    
	   TimeSlotBusy (s)     :       25                    

	Job terminated of its own accord at 2026-01-21T17:46:05Z with exit-code 0.
...
