000 (9112932.000.000) 01/21 18:45:02 Job submitted from host: <188.185.6.50:9618?addrs=188.185.6.50-9618+[2001-1458-d00-62--100-2b1]-9618&alias=bigbird25.cern.ch&noUDP&sock=schedd_1627_90ad>
...
040 (9112932.000.000) 01/21 18:45:40 Started transferring input files
	Transferring to host: <188.185.210.206:9618?addrs=188.185.210.206-9618+[2001-1458-303-15--100-4a]-9618&alias=b9p22p3505.cern.ch&noUDP&sock=slot1_21_7251_bc40_162990>
...
040 (9112932.000.000) 01/21 18:45:40 Finished transferring input files
...
001 (9112932.000.000) 01/21 18:45:41 Job executing on host: <188.185.210.206:9618?addrs=188.185.210.206-9618+[2001-1458-303-15--100-4a]-9618&alias=b9p22p3505.cern.ch&noUDP&sock=startd_6429_5675>
	SlotName: slot1_21@b9p22p3505.cern.ch
	CondorScratchDir = "/pool/condor/dir_64745"
	Cpus = 1
	Disk = 3810
	GPUs = 0
	Memory = 3000
...
006 (9112932.000.000) 01/21 18:45:54 Image size of job updated: 108592
	0  -  MemoryUsage of job (MB)
	0  -  ResidentSetSize of job (KB)
...
040 (9112932.000.000) 01/21 18:45:54 Started transferring output files
...
040 (9112932.000.000) 01/21 18:45:54 Finished transferring output files
...
005 (9112932.000.000) 01/21 18:45:54 Job terminated.
	(1) Normal termination (return value 0)
		Usr 0 00:00:02, Sys 0 00:00:01  -  Run Remote Usage
		Usr 0 00:00:00, Sys 0 00:00:00  -  Run Local Usage
		Usr 0 00:00:02, Sys 0 00:00:01  -  Total Remote Usage
		Usr 0 00:00:00, Sys 0 00:00:00  -  Total Local Usage
	5996  -  Run Bytes Sent By Job
	325  -  Run Bytes Received By Job
	5996  -  Total Bytes Sent By Job
	325  -  Total Bytes Received By Job
	Partitionable Resources :    Usage  Request Allocated 
	   Cpus                 :        0        1         1 
	   Disk (KB)            :       29        1      3810 
	   GPUs                 :                           0 
	   Memory (MB)          :        0     3000      3000 
	   TimeExecute (s)      :       13                    
	   TimeSlotBusy (s)     :       15                    

	Job terminated of its own accord at 2026-01-21T17:45:54Z with exit-code 0.
...
