000 (9112929.000.000) 01/21 18:45:01 Job submitted from host: <188.185.6.50:9618?addrs=188.185.6.50-9618+[2001-1458-d00-62--100-2b1]-9618&alias=bigbird25.cern.ch&noUDP&sock=schedd_1627_90ad>
...
040 (9112929.000.000) 01/21 18:45:39 Started transferring input files
	Transferring to host: <188.185.205.153:9618?addrs=188.185.205.153-9618+[2001-1458-303-a--100-16]-9618&alias=b9p04p2708.cern.ch&noUDP&sock=slot1_38_4021_e87d_109060>
...
040 (9112929.000.000) 01/21 18:45:39 Finished transferring input files
...
001 (9112929.000.000) 01/21 18:45:40 Job executing on host: <188.185.205.153:9618?addrs=188.185.205.153-9618+[2001-1458-303-a--100-16]-9618&alias=b9p04p2708.cern.ch&noUDP&sock=startd_3585_971d>
	SlotName: slot1_38@b9p04p2708.cern.ch
	CondorScratchDir = "/pool/condor/dir_2153617"
	Cpus = 1
	Disk = 3689
	GPUs = 0
	Memory = 3000
...
006 (9112929.000.000) 01/21 18:45:54 Image size of job updated: 167096
	164  -  MemoryUsage of job (MB)
	167096  -  ResidentSetSize of job (KB)
...
006 (9112929.000.000) 01/21 18:46:23 Image size of job updated: 167100
	164  -  MemoryUsage of job (MB)
	167096  -  ResidentSetSize of job (KB)
...
040 (9112929.000.000) 01/21 18:46:23 Started transferring output files
...
040 (9112929.000.000) 01/21 18:46:23 Finished transferring output files
...
005 (9112929.000.000) 01/21 18:46:23 Job terminated.
	(1) Normal termination (return value 0)
		Usr 0 00:00:26, Sys 0 00:00:02  -  Run Remote Usage
		Usr 0 00:00:00, Sys 0 00:00:00  -  Run Local Usage
		Usr 0 00:00:26, Sys 0 00:00:02  -  Total Remote Usage
		Usr 0 00:00:00, Sys 0 00:00:00  -  Total Local Usage
	6742  -  Run Bytes Sent By Job
	321  -  Run Bytes Received By Job
	6742  -  Total Bytes Sent By Job
	321  -  Total Bytes Received By Job
	Partitionable Resources :    Usage  Request Allocated 
	   Cpus                 :        0        1         1 
	   Disk (KB)            :       34        1      3689 
	   GPUs                 :                           0 
	   Memory (MB)          :      164     3000      3000 
	   TimeExecute (s)      :       43                    
	   TimeSlotBusy (s)     :       45                    

	Job terminated of its own accord at 2026-01-21T17:46:23Z with exit-code 0.
...
