000 (9112930.000.000) 01/21 18:45:01 Job submitted from host: <188.185.6.50:9618?addrs=188.185.6.50-9618+[2001-1458-d00-62--100-2b1]-9618&alias=bigbird25.cern.ch&noUDP&sock=schedd_1627_90ad>
...
040 (9112930.000.000) 01/21 18:45:40 Started transferring input files
	Transferring to host: <188.185.214.63:9618?addrs=188.185.214.63-9618+[2001-1458-303-1c--100-3b]-9618&alias=b9p29p3403.cern.ch&noUDP&sock=slot1_36_6531_6e23_154322>
...
040 (9112930.000.000) 01/21 18:45:40 Finished transferring input files
...
001 (9112930.000.000) 01/21 18:45:41 Job executing on host: <188.185.214.63:9618?addrs=188.185.214.63-9618+[2001-1458-303-1c--100-3b]-9618&alias=b9p29p3403.cern.ch&noUDP&sock=startd_5571_d233>
	SlotName: slot1_36@b9p29p3403.cern.ch
	CondorScratchDir = "/pool/condor/dir_401614"
	Cpus = 1
	Disk = 3896
	GPUs = 0
	Memory = 3000
...
006 (9112930.000.000) 01/21 18:45:52 Image size of job updated: 130964
	0  -  MemoryUsage of job (MB)
	0  -  ResidentSetSize of job (KB)
...
040 (9112930.000.000) 01/21 18:45:52 Started transferring output files
...
040 (9112930.000.000) 01/21 18:45:52 Finished transferring output files
...
005 (9112930.000.000) 01/21 18:45:52 Job terminated.
	(1) Normal termination (return value 0)
		Usr 0 00:00:02, Sys 0 00:00:01  -  Run Remote Usage
		Usr 0 00:00:00, Sys 0 00:00:00  -  Run Local Usage
		Usr 0 00:00:02, Sys 0 00:00:01  -  Total Remote Usage
		Usr 0 00:00:00, Sys 0 00:00:00  -  Total Local Usage
	5988  -  Run Bytes Sent By Job
	321  -  Run Bytes Received By Job
	5988  -  Total Bytes Sent By Job
	321  -  Total Bytes Received By Job
	Partitionable Resources :    Usage  Request Allocated 
	   Cpus                 :                 1         1 
	   Disk (KB)            :       21        1      3896 
	   GPUs                 :                           0 
	   Memory (MB)          :        0     3000      3000 
	   TimeExecute (s)      :       11                    
	   TimeSlotBusy (s)     :       13                    

	Job terminated of its own accord at 2026-01-21T17:45:52Z with exit-code 0.
...
