000 (9112934.000.000) 01/21 18:45:02 Job submitted from host: <188.185.6.50:9618?addrs=188.185.6.50-9618+[2001-1458-d00-62--100-2b1]-9618&alias=bigbird25.cern.ch&noUDP&sock=schedd_1627_90ad>
...
040 (9112934.000.000) 01/21 18:45:42 Started transferring input files
	Transferring to host: <188.185.209.87:9618?addrs=188.185.209.87-9618+[2001-1458-303-11--100-54]-9618&alias=b9p11p2849.cern.ch&noUDP&sock=slot1_24_1514764_0516_40992>
...
040 (9112934.000.000) 01/21 18:45:42 Finished transferring input files
...
001 (9112934.000.000) 01/21 18:45:43 Job executing on host: <188.185.209.87:9618?addrs=188.185.209.87-9618+[2001-1458-303-11--100-54]-9618&alias=b9p11p2849.cern.ch&noUDP&sock=startd_1511208_91d0>
	SlotName: slot1_24@b9p11p2849.cern.ch
	CondorScratchDir = "/pool/condor/dir_622932"
	Cpus = 1
	Disk = 3711
	GPUs = 0
	Memory = 3000
...
006 (9112934.000.000) 01/21 18:45:57 Image size of job updated: 154208
	151  -  MemoryUsage of job (MB)
	154208  -  ResidentSetSize of job (KB)
...
040 (9112934.000.000) 01/21 18:45:58 Started transferring output files
...
040 (9112934.000.000) 01/21 18:45:58 Finished transferring output files
...
005 (9112934.000.000) 01/21 18:45:58 Job terminated.
	(1) Normal termination (return value 0)
		Usr 0 00:00:03, Sys 0 00:00:02  -  Run Remote Usage
		Usr 0 00:00:00, Sys 0 00:00:00  -  Run Local Usage
		Usr 0 00:00:03, Sys 0 00:00:02  -  Total Remote Usage
		Usr 0 00:00:00, Sys 0 00:00:00  -  Total Local Usage
	5974  -  Run Bytes Sent By Job
	314  -  Run Bytes Received By Job
	5974  -  Total Bytes Sent By Job
	314  -  Total Bytes Received By Job
	Partitionable Resources :    Usage  Request Allocated 
	   Cpus                 :     0.07        1         1 
	   Disk (KB)            :    34           1      3711 
	   GPUs                 :                           0 
	   Memory (MB)          :   151        3000      3000 
	   TimeExecute (s)      :    15                       
	   TimeSlotBusy (s)     :    17                       

	Job terminated of its own accord at 2026-01-21T17:45:58Z with exit-code 0.
...
