000 (9112918.000.000) 01/21 18:44:57 Job submitted from host: <188.185.6.50:9618?addrs=188.185.6.50-9618+[2001-1458-d00-62--100-2b1]-9618&alias=bigbird25.cern.ch&noUDP&sock=schedd_1627_90ad>
...
040 (9112918.000.000) 01/21 18:45:38 Started transferring input files
	Transferring to host: <128.142.132.174:9618?addrs=128.142.132.174-9618+[2001-1458-301-5a--100-a2]-9618&alias=b9g12p1875.cern.ch&noUDP&sock=slot1_27_2858_782d_119934>
...
040 (9112918.000.000) 01/21 18:45:38 Finished transferring input files
...
001 (9112918.000.000) 01/21 18:45:39 Job executing on host: <128.142.132.174:9618?addrs=128.142.132.174-9618+[2001-1458-301-5a--100-a2]-9618&alias=b9g12p1875.cern.ch&noUDP&sock=startd_2453_21e7>
	SlotName: slot1_27@b9g12p1875.cern.ch
	CondorScratchDir = "/pool/condor/dir_3579519"
	Cpus = 1
	Disk = 2681
	GPUs = 0
	Memory = 3000
...
006 (9112918.000.000) 01/21 18:45:53 Image size of job updated: 129644
	127  -  MemoryUsage of job (MB)
	129644  -  ResidentSetSize of job (KB)
...
006 (9112918.000.000) 01/21 18:45:56 Image size of job updated: 141752
	127  -  MemoryUsage of job (MB)
	129644  -  ResidentSetSize of job (KB)
...
040 (9112918.000.000) 01/21 18:45:56 Started transferring output files
...
040 (9112918.000.000) 01/21 18:45:56 Finished transferring output files
...
005 (9112918.000.000) 01/21 18:45:56 Job terminated.
	(1) Normal termination (return value 0)
		Usr 0 00:00:05, Sys 0 00:00:01  -  Run Remote Usage
		Usr 0 00:00:00, Sys 0 00:00:00  -  Run Local Usage
		Usr 0 00:00:05, Sys 0 00:00:01  -  Total Remote Usage
		Usr 0 00:00:00, Sys 0 00:00:00  -  Total Local Usage
	6002  -  Run Bytes Sent By Job
	321  -  Run Bytes Received By Job
	6002  -  Total Bytes Sent By Job
	321  -  Total Bytes Received By Job
	Partitionable Resources :    Usage  Request Allocated 
	   Cpus                 :        0        1         1 
	   Disk (KB)            :       29        1      2681 
	   GPUs                 :                           0 
	   Memory (MB)          :      127     3000      3000 
	   TimeExecute (s)      :       17                    
	   TimeSlotBusy (s)     :       19                    

	Job terminated of its own accord at 2026-01-21T17:45:56Z with exit-code 0.
...
