000 (9112913.000.000) 01/21 18:44:55 Job submitted from host: <188.185.6.50:9618?addrs=188.185.6.50-9618+[2001-1458-d00-62--100-2b1]-9618&alias=bigbird25.cern.ch&noUDP&sock=schedd_1627_90ad>
...
040 (9112913.000.000) 01/21 18:45:35 Started transferring input files
	Transferring to host: <128.142.132.140:9618?addrs=128.142.132.140-9618+[2001-1458-301-5a--100-80]-9618&alias=b9g12p6606.cern.ch&noUDP&sock=slot1_8_2831_720c_119753>
...
040 (9112913.000.000) 01/21 18:45:35 Finished transferring input files
...
001 (9112913.000.000) 01/21 18:45:36 Job executing on host: <128.142.132.140:9618?addrs=128.142.132.140-9618+[2001-1458-301-5a--100-80]-9618&alias=b9g12p6606.cern.ch&noUDP&sock=startd_2433_6a02>
	SlotName: slot1_8@b9g12p6606.cern.ch
	CondorScratchDir = "/pool/condor/dir_16127"
	Cpus = 1
	Disk = 2699
	GPUs = 0
	Memory = 3000
...
006 (9112913.000.000) 01/21 18:45:49 Image size of job updated: 123496
	121  -  MemoryUsage of job (MB)
	123496  -  ResidentSetSize of job (KB)
...
006 (9112913.000.000) 01/21 18:48:09 Image size of job updated: 305212
	121  -  MemoryUsage of job (MB)
	123496  -  ResidentSetSize of job (KB)
...
040 (9112913.000.000) 01/21 18:48:09 Started transferring output files
...
040 (9112913.000.000) 01/21 18:48:09 Finished transferring output files
...
005 (9112913.000.000) 01/21 18:48:09 Job terminated.
	(1) Normal termination (return value 0)
		Usr 0 00:02:10, Sys 0 00:00:02  -  Run Remote Usage
		Usr 0 00:00:00, Sys 0 00:00:00  -  Run Local Usage
		Usr 0 00:02:10, Sys 0 00:00:02  -  Total Remote Usage
		Usr 0 00:00:00, Sys 0 00:00:00  -  Total Local Usage
	7586  -  Run Bytes Sent By Job
	314  -  Run Bytes Received By Job
	7586  -  Total Bytes Sent By Job
	314  -  Total Bytes Received By Job
	Partitionable Resources :    Usage  Request Allocated 
	   Cpus                 :        0        1         1 
	   Disk (KB)            :       31        1      2699 
	   GPUs                 :                           0 
	   Memory (MB)          :      121     3000      3000 
	   TimeExecute (s)      :      153                    
	   TimeSlotBusy (s)     :      155                    

	Job terminated of its own accord at 2026-01-21T17:48:09Z with exit-code 0.
...
