000 (9112912.000.000) 01/21 18:44:55 Job submitted from host: <188.185.6.50:9618?addrs=188.185.6.50-9618+[2001-1458-d00-62--100-2b1]-9618&alias=bigbird25.cern.ch&noUDP&sock=schedd_1627_90ad>
...
040 (9112912.000.000) 01/21 18:45:36 Started transferring input files
	Transferring to host: <128.142.192.168:9618?addrs=128.142.192.168-9618+[2001-1458-301-56--100-24]-9618&alias=b9g18p7138.cern.ch&noUDP&sock=slot1_21_3329311_8872_50003>
...
040 (9112912.000.000) 01/21 18:45:36 Finished transferring input files
...
001 (9112912.000.000) 01/21 18:45:37 Job executing on host: <128.142.192.168:9618?addrs=128.142.192.168-9618+[2001-1458-301-56--100-24]-9618&alias=b9g18p7138.cern.ch&noUDP&sock=startd_3551_44e4>
	SlotName: slot1_21@b9g18p7138.cern.ch
	CondorScratchDir = "/pool/condor/dir_3711586"
	Cpus = 1
	Disk = 3866
	GPUs = 0
	Memory = 3000
...
006 (9112912.000.000) 01/21 18:45:51 Image size of job updated: 155460
	152  -  MemoryUsage of job (MB)
	155460  -  ResidentSetSize of job (KB)
...
006 (9112912.000.000) 01/21 18:50:52 Image size of job updated: 412272
	300  -  MemoryUsage of job (MB)
	306360  -  ResidentSetSize of job (KB)
...
040 (9112912.000.000) 01/21 18:52:37 Started transferring output files
...
040 (9112912.000.000) 01/21 18:52:37 Finished transferring output files
...
005 (9112912.000.000) 01/21 18:52:37 Job terminated.
	(1) Normal termination (return value 0)
		Usr 0 00:05:52, Sys 0 00:00:03  -  Run Remote Usage
		Usr 0 00:00:00, Sys 0 00:00:00  -  Run Local Usage
		Usr 0 00:05:52, Sys 0 00:00:03  -  Total Remote Usage
		Usr 0 00:00:00, Sys 0 00:00:00  -  Total Local Usage
	10358  -  Run Bytes Sent By Job
	314  -  Run Bytes Received By Job
	10358  -  Total Bytes Sent By Job
	314  -  Total Bytes Received By Job
	Partitionable Resources :    Usage  Request Allocated 
	   Cpus                 :     0.73        1         1 
	   Disk (KB)            :    33           1      3866 
	   GPUs                 :                           0 
	   Memory (MB)          :   300        3000      3000 
	   TimeExecute (s)      :   420                       
	   TimeSlotBusy (s)     :   422                       

	Job terminated of its own accord at 2026-01-21T17:52:37Z with exit-code 0.
...
