/afs/cern.ch/user/s/svashish/CMSSW_14_1_0_pre4/src/TauFW/Fitter/MuTauFR

UL2017 : TT : TTTo2L2Nu : norm = 0.03459540
baseNames :  ['TTT', 'TTL', 'TTJ']   split :  True

Setting config for sample TTTo2L2Nu ->
Setting cuts for Z->tau(mu)tau(h) selection
muonPtCut 26.0
muonEtaCut 2.4
muonIsoCut 0.15
tauPtCut 22.0
tauEtaCut 2.5
mtCut 40.0
drCut 0.5
antiJet 4
antiMu 4
antiE 2
momScale 0.03

starting entry 20000000
ending entry 23304942

processes 20000000 out of 23304942 events
processes 20100000 out of 23304942 events
processes 20200000 out of 23304942 events
processes 20300000 out of 23304942 events
processes 20400000 out of 23304942 events
processes 20500000 out of 23304942 events
processes 20600000 out of 23304942 events
processes 20700000 out of 23304942 events
processes 20800000 out of 23304942 events
processes 20900000 out of 23304942 events
processes 21000000 out of 23304942 events
processes 21100000 out of 23304942 events
processes 21200000 out of 23304942 events
processes 21300000 out of 23304942 events
processes 21400000 out of 23304942 events
processes 21500000 out of 23304942 events
processes 21600000 out of 23304942 events
processes 21700000 out of 23304942 events
processes 21800000 out of 23304942 events
processes 21900000 out of 23304942 events
processes 22000000 out of 23304942 events
processes 22100000 out of 23304942 events
processes 22200000 out of 23304942 events
processes 22300000 out of 23304942 events
processes 22400000 out of 23304942 events
processes 22500000 out of 23304942 events
processes 22600000 out of 23304942 events
processes 22700000 out of 23304942 events
processes 22800000 out of 23304942 events
processes 22900000 out of 23304942 events
processes 23000000 out of 23304942 events
processes 23100000 out of 23304942 events
processes 23200000 out of 23304942 events
processes 23300000 out of 23304942 events
opening file /afs/cern.ch/user/s/svashish/MuTauFR/selection/mutau_UL2017_LooseVsJet_TightVsMu_VVLooseVsE/TTTo2L2Nu_2.root
