000 (9112910.000.000) 01/21 18:44:54 Job submitted from host: <188.185.6.50:9618?addrs=188.185.6.50-9618+[2001-1458-d00-62--100-2b1]-9618&alias=bigbird25.cern.ch&noUDP&sock=schedd_1627_90ad>
...
040 (9112910.000.000) 01/21 18:45:33 Started transferring input files
	Transferring to host: <128.142.137.145:9618?addrs=128.142.137.145-9618+[2001-1458-301-5e--100-85]-9618&alias=b9g19p7857.cern.ch&noUDP&sock=slot1_1_2861_954d_122371>
...
040 (9112910.000.000) 01/21 18:45:33 Finished transferring input files
...
001 (9112910.000.000) 01/21 18:45:34 Job executing on host: <128.142.137.145:9618?addrs=128.142.137.145-9618+[2001-1458-301-5e--100-85]-9618&alias=b9g19p7857.cern.ch&noUDP&sock=startd_2477_982d>
	SlotName: slot1_1@b9g19p7857.cern.ch
	CondorScratchDir = "/pool/condor/dir_3841747"
	Cpus = 1
	Disk = 2726
	GPUs = 0
	Memory = 3000
...
006 (9112910.000.000) 01/21 18:45:48 Image size of job updated: 124096
	122  -  MemoryUsage of job (MB)
	124096  -  ResidentSetSize of job (KB)
...
006 (9112910.000.000) 01/21 18:45:52 Image size of job updated: 130984
	122  -  MemoryUsage of job (MB)
	124096  -  ResidentSetSize of job (KB)
...
040 (9112910.000.000) 01/21 18:45:52 Started transferring output files
...
040 (9112910.000.000) 01/21 18:45:52 Finished transferring output files
...
005 (9112910.000.000) 01/21 18:45:52 Job terminated.
	(1) Normal termination (return value 0)
		Usr 0 00:00:05, Sys 0 00:00:01  -  Run Remote Usage
		Usr 0 00:00:00, Sys 0 00:00:00  -  Run Local Usage
		Usr 0 00:00:05, Sys 0 00:00:01  -  Total Remote Usage
		Usr 0 00:00:00, Sys 0 00:00:00  -  Total Local Usage
	5976  -  Run Bytes Sent By Job
	315  -  Run Bytes Received By Job
	5976  -  Total Bytes Sent By Job
	315  -  Total Bytes Received By Job
	Partitionable Resources :    Usage  Request Allocated 
	   Cpus                 :        0        1         1 
	   Disk (KB)            :       29        1      2726 
	   GPUs                 :                           0 
	   Memory (MB)          :      122     3000      3000 
	   TimeExecute (s)      :       18                    
	   TimeSlotBusy (s)     :       20                    

	Job terminated of its own accord at 2026-01-21T17:45:52Z with exit-code 0.
...
