000 (9112919.000.000) 01/21 18:44:57 Job submitted from host: <188.185.6.50:9618?addrs=188.185.6.50-9618+[2001-1458-d00-62--100-2b1]-9618&alias=bigbird25.cern.ch&noUDP&sock=schedd_1627_90ad>
...
040 (9112919.000.000) 01/21 18:45:34 Started transferring input files
	Transferring to host: <128.142.132.149:9618?addrs=128.142.132.149-9618+[2001-1458-301-5a--100-89]-9618&alias=b9g12p2095.cern.ch&noUDP&sock=slot1_27_4272_c2a7_119378>
...
040 (9112919.000.000) 01/21 18:45:34 Finished transferring input files
...
001 (9112919.000.000) 01/21 18:45:35 Job executing on host: <128.142.132.149:9618?addrs=128.142.132.149-9618+[2001-1458-301-5a--100-89]-9618&alias=b9g12p2095.cern.ch&noUDP&sock=startd_3439_7249>
	SlotName: slot1_27@b9g12p2095.cern.ch
	CondorScratchDir = "/pool/condor/dir_462081"
	Cpus = 1
	Disk = 2641
	GPUs = 0
	Memory = 3000
...
006 (9112919.000.000) 01/21 18:45:48 Image size of job updated: 124316
	122  -  MemoryUsage of job (MB)
	124316  -  ResidentSetSize of job (KB)
...
006 (9112919.000.000) 01/21 18:46:35 Image size of job updated: 264128
	122  -  MemoryUsage of job (MB)
	124316  -  ResidentSetSize of job (KB)
...
040 (9112919.000.000) 01/21 18:46:35 Started transferring output files
...
040 (9112919.000.000) 01/21 18:46:35 Finished transferring output files
...
005 (9112919.000.000) 01/21 18:46:35 Job terminated.
	(1) Normal termination (return value 0)
		Usr 0 00:00:47, Sys 0 00:00:02  -  Run Remote Usage
		Usr 0 00:00:00, Sys 0 00:00:00  -  Run Local Usage
		Usr 0 00:00:47, Sys 0 00:00:02  -  Total Remote Usage
		Usr 0 00:00:00, Sys 0 00:00:00  -  Total Local Usage
	6601  -  Run Bytes Sent By Job
	314  -  Run Bytes Received By Job
	6601  -  Total Bytes Sent By Job
	314  -  Total Bytes Received By Job
	Partitionable Resources :    Usage  Request Allocated 
	   Cpus                 :        0        1         1 
	   Disk (KB)            :       30        1      2641 
	   GPUs                 :                           0 
	   Memory (MB)          :      122     3000      3000 
	   TimeExecute (s)      :       60                    
	   TimeSlotBusy (s)     :       62                    

	Job terminated of its own accord at 2026-01-21T17:46:35Z with exit-code 0.
...
