000 (9112920.000.000) 01/21 18:44:57 Job submitted from host: <188.185.6.50:9618?addrs=188.185.6.50-9618+[2001-1458-d00-62--100-2b1]-9618&alias=bigbird25.cern.ch&noUDP&sock=schedd_1627_90ad>
...
040 (9112920.000.000) 01/21 18:45:36 Started transferring input files
	Transferring to host: <128.142.132.86:9618?addrs=128.142.132.86-9618+[2001-1458-301-5a--100-4a]-9618&alias=b9g12p2749.cern.ch&noUDP&sock=slot1_5_2781_374a_122870>
...
040 (9112920.000.000) 01/21 18:45:36 Finished transferring input files
...
001 (9112920.000.000) 01/21 18:45:37 Job executing on host: <128.142.132.86:9618?addrs=128.142.132.86-9618+[2001-1458-301-5a--100-4a]-9618&alias=b9g12p2749.cern.ch&noUDP&sock=startd_2437_2863>
	SlotName: slot1_5@b9g12p2749.cern.ch
	CondorScratchDir = "/pool/condor/dir_1011062"
	Cpus = 1
	Disk = 2693
	GPUs = 0
	Memory = 3000
...
006 (9112920.000.000) 01/21 18:45:51 Image size of job updated: 130716
	128  -  MemoryUsage of job (MB)
	130716  -  ResidentSetSize of job (KB)
...
006 (9112920.000.000) 01/21 18:45:54 Image size of job updated: 134628
	128  -  MemoryUsage of job (MB)
	130728  -  ResidentSetSize of job (KB)
...
040 (9112920.000.000) 01/21 18:45:54 Started transferring output files
...
040 (9112920.000.000) 01/21 18:45:54 Finished transferring output files
...
005 (9112920.000.000) 01/21 18:45:54 Job terminated.
	(1) Normal termination (return value 0)
		Usr 0 00:00:05, Sys 0 00:00:01  -  Run Remote Usage
		Usr 0 00:00:00, Sys 0 00:00:00  -  Run Local Usage
		Usr 0 00:00:05, Sys 0 00:00:01  -  Total Remote Usage
		Usr 0 00:00:00, Sys 0 00:00:00  -  Total Local Usage
	5974  -  Run Bytes Sent By Job
	314  -  Run Bytes Received By Job
	5974  -  Total Bytes Sent By Job
	314  -  Total Bytes Received By Job
	Partitionable Resources :    Usage  Request Allocated 
	   Cpus                 :        0        1         1 
	   Disk (KB)            :       29        1      2693 
	   GPUs                 :                           0 
	   Memory (MB)          :      128     3000      3000 
	   TimeExecute (s)      :       17                    
	   TimeSlotBusy (s)     :       19                    

	Job terminated of its own accord at 2026-01-21T17:45:54Z with exit-code 0.
...
