000 (9112923.000.000) 01/21 18:44:58 Job submitted from host: <188.185.6.50:9618?addrs=188.185.6.50-9618+[2001-1458-d00-62--100-2b1]-9618&alias=bigbird25.cern.ch&noUDP&sock=schedd_1627_90ad>
...
040 (9112923.000.000) 01/21 18:45:38 Started transferring input files
	Transferring to host: <188.185.207.135:9618?addrs=188.185.207.135-9618+[2001-1458-303-e--100-4]-9618&alias=b9p08p2684.cern.ch&noUDP&sock=slot1_51_196859_b95e_41069>
...
040 (9112923.000.000) 01/21 18:45:38 Finished transferring input files
...
001 (9112923.000.000) 01/21 18:45:39 Job executing on host: <188.185.207.135:9618?addrs=188.185.207.135-9618+[2001-1458-303-e--100-4]-9618&alias=b9p08p2684.cern.ch&noUDP&sock=startd_194556_cfdf>
	SlotName: slot1_51@b9p08p2684.cern.ch
	CondorScratchDir = "/pool/condor/dir_1471692"
	Cpus = 1
	Disk = 3761
	GPUs = 0
	Memory = 3000
...
006 (9112923.000.000) 01/21 18:45:53 Image size of job updated: 129148
	127  -  MemoryUsage of job (MB)
	129148  -  ResidentSetSize of job (KB)
...
006 (9112923.000.000) 01/21 18:46:12 Image size of job updated: 166628
	127  -  MemoryUsage of job (MB)
	129148  -  ResidentSetSize of job (KB)
...
040 (9112923.000.000) 01/21 18:46:12 Started transferring output files
...
040 (9112923.000.000) 01/21 18:46:12 Finished transferring output files
...
005 (9112923.000.000) 01/21 18:46:12 Job terminated.
	(1) Normal termination (return value 0)
		Usr 0 00:00:18, Sys 0 00:00:02  -  Run Remote Usage
		Usr 0 00:00:00, Sys 0 00:00:00  -  Run Local Usage
		Usr 0 00:00:18, Sys 0 00:00:02  -  Total Remote Usage
		Usr 0 00:00:00, Sys 0 00:00:00  -  Total Local Usage
	6431  -  Run Bytes Sent By Job
	313  -  Run Bytes Received By Job
	6431  -  Total Bytes Sent By Job
	313  -  Total Bytes Received By Job
	Partitionable Resources :    Usage  Request Allocated 
	   Cpus                 :        0        1         1 
	   Disk (KB)            :       34        1      3761 
	   GPUs                 :                           0 
	   Memory (MB)          :      127     3000      3000 
	   TimeExecute (s)      :       33                    
	   TimeSlotBusy (s)     :       35                    

	Job terminated of its own accord at 2026-01-21T17:46:12Z with exit-code 0.
...
