000 (9112922.000.000) 01/21 18:44:58 Job submitted from host: <188.185.6.50:9618?addrs=188.185.6.50-9618+[2001-1458-d00-62--100-2b1]-9618&alias=bigbird25.cern.ch&noUDP&sock=schedd_1627_90ad>
...
040 (9112922.000.000) 01/21 18:45:36 Started transferring input files
	Transferring to host: <188.185.208.160:9618?addrs=188.185.208.160-9618+[2001-1458-303-10--100-1d]-9618&alias=b9p10p7215.cern.ch&noUDP&sock=slot1_13_5255_5f6f_110850>
...
040 (9112922.000.000) 01/21 18:45:36 Finished transferring input files
...
001 (9112922.000.000) 01/21 18:45:37 Job executing on host: <188.185.208.160:9618?addrs=188.185.208.160-9618+[2001-1458-303-10--100-1d]-9618&alias=b9p10p7215.cern.ch&noUDP&sock=startd_4444_caf7>
	SlotName: slot1_13@b9p10p7215.cern.ch
	CondorScratchDir = "/pool/condor/dir_3714671"
	Cpus = 1
	Disk = 3616
	GPUs = 0
	Memory = 3000
...
006 (9112922.000.000) 01/21 18:45:49 Image size of job updated: 124096
	0  -  MemoryUsage of job (MB)
	0  -  ResidentSetSize of job (KB)
...
040 (9112922.000.000) 01/21 18:45:49 Started transferring output files
...
040 (9112922.000.000) 01/21 18:45:49 Finished transferring output files
...
005 (9112922.000.000) 01/21 18:45:49 Job terminated.
	(1) Normal termination (return value 0)
		Usr 0 00:00:02, Sys 0 00:00:01  -  Run Remote Usage
		Usr 0 00:00:00, Sys 0 00:00:00  -  Run Local Usage
		Usr 0 00:00:02, Sys 0 00:00:01  -  Total Remote Usage
		Usr 0 00:00:00, Sys 0 00:00:00  -  Total Local Usage
	5972  -  Run Bytes Sent By Job
	313  -  Run Bytes Received By Job
	5972  -  Total Bytes Sent By Job
	313  -  Total Bytes Received By Job
	Partitionable Resources :    Usage  Request Allocated 
	   Cpus                 :        0        1         1 
	   Disk (KB)            :       32        1      3616 
	   GPUs                 :                           0 
	   Memory (MB)          :        0     3000      3000 
	   TimeExecute (s)      :       12                    
	   TimeSlotBusy (s)     :       15                    

	Job terminated of its own accord at 2026-01-21T17:45:49Z with exit-code 0.
...
