000 (9112921.000.000) 01/21 18:44:58 Job submitted from host: <188.185.6.50:9618?addrs=188.185.6.50-9618+[2001-1458-d00-62--100-2b1]-9618&alias=bigbird25.cern.ch&noUDP&sock=schedd_1627_90ad>
...
040 (9112921.000.000) 01/21 18:45:38 Started transferring input files
	Transferring to host: <188.185.205.202:9618?addrs=188.185.205.202-9618+[2001-1458-303-a--100-47]-9618&alias=b9p04p1577.cern.ch&noUDP&sock=slot1_46_4053_747e_110841>
...
040 (9112921.000.000) 01/21 18:45:38 Finished transferring input files
...
001 (9112921.000.000) 01/21 18:45:39 Job executing on host: <188.185.205.202:9618?addrs=188.185.205.202-9618+[2001-1458-303-a--100-47]-9618&alias=b9p04p1577.cern.ch&noUDP&sock=startd_3603_efd1>
	SlotName: slot1_46@b9p04p1577.cern.ch
	CondorScratchDir = "/pool/condor/dir_1390896"
	Cpus = 1
	Disk = 3699
	GPUs = 0
	Memory = 3000
...
006 (9112921.000.000) 01/21 18:45:53 Image size of job updated: 173252
	170  -  MemoryUsage of job (MB)
	173252  -  ResidentSetSize of job (KB)
...
006 (9112921.000.000) 01/21 18:47:08 Image size of job updated: 173620
	170  -  MemoryUsage of job (MB)
	173252  -  ResidentSetSize of job (KB)
...
040 (9112921.000.000) 01/21 18:47:08 Started transferring output files
...
040 (9112921.000.000) 01/21 18:47:08 Finished transferring output files
...
005 (9112921.000.000) 01/21 18:47:08 Job terminated.
	(1) Normal termination (return value 0)
		Usr 0 00:00:58, Sys 0 00:00:02  -  Run Remote Usage
		Usr 0 00:00:00, Sys 0 00:00:00  -  Run Local Usage
		Usr 0 00:00:58, Sys 0 00:00:02  -  Total Remote Usage
		Usr 0 00:00:00, Sys 0 00:00:00  -  Total Local Usage
	7358  -  Run Bytes Sent By Job
	313  -  Run Bytes Received By Job
	7358  -  Total Bytes Sent By Job
	313  -  Total Bytes Received By Job
	Partitionable Resources :    Usage  Request Allocated 
	   Cpus                 :        0        1         1 
	   Disk (KB)            :       36        1      3699 
	   GPUs                 :                           0 
	   Memory (MB)          :      170     3000      3000 
	   TimeExecute (s)      :       89                    
	   TimeSlotBusy (s)     :       91                    

	Job terminated of its own accord at 2026-01-21T17:47:08Z with exit-code 0.
...
