000 (9112924.000.000) 01/21 18:44:59 Job submitted from host: <188.185.6.50:9618?addrs=188.185.6.50-9618+[2001-1458-d00-62--100-2b1]-9618&alias=bigbird25.cern.ch&noUDP&sock=schedd_1627_90ad>
...
040 (9112924.000.000) 01/21 18:45:42 Started transferring input files
	Transferring to host: <188.185.205.216:9618?addrs=188.185.205.216-9618+[2001-1458-303-a--100-55]-9618&alias=b9p04p2069.cern.ch&noUDP&sock=slot1_13_6364_c37c_107259>
...
040 (9112924.000.000) 01/21 18:45:42 Finished transferring input files
...
001 (9112924.000.000) 01/21 18:45:43 Job executing on host: <188.185.205.216:9618?addrs=188.185.205.216-9618+[2001-1458-303-a--100-55]-9618&alias=b9p04p2069.cern.ch&noUDP&sock=startd_5470_8b22>
	SlotName: slot1_13@b9p04p2069.cern.ch
	CondorScratchDir = "/pool/condor/dir_891848"
	Cpus = 1
	Disk = 3617
	GPUs = 0
	Memory = 3000
...
006 (9112924.000.000) 01/21 18:45:55 Image size of job updated: 94712
	0  -  MemoryUsage of job (MB)
	0  -  ResidentSetSize of job (KB)
...
040 (9112924.000.000) 01/21 18:45:55 Started transferring output files
...
040 (9112924.000.000) 01/21 18:45:55 Finished transferring output files
...
005 (9112924.000.000) 01/21 18:45:55 Job terminated.
	(1) Normal termination (return value 0)
		Usr 0 00:00:03, Sys 0 00:00:02  -  Run Remote Usage
		Usr 0 00:00:00, Sys 0 00:00:00  -  Run Local Usage
		Usr 0 00:00:03, Sys 0 00:00:02  -  Total Remote Usage
		Usr 0 00:00:00, Sys 0 00:00:00  -  Total Local Usage
	5972  -  Run Bytes Sent By Job
	313  -  Run Bytes Received By Job
	5972  -  Total Bytes Sent By Job
	313  -  Total Bytes Received By Job
	Partitionable Resources :    Usage  Request Allocated 
	   Cpus                 :        0        1         1 
	   Disk (KB)            :       33        1      3617 
	   GPUs                 :                           0 
	   Memory (MB)          :        0     3000      3000 
	   TimeExecute (s)      :       12                    
	   TimeSlotBusy (s)     :       15                    

	Job terminated of its own accord at 2026-01-21T17:45:55Z with exit-code 0.
...
