000 (9112926.000.000) 01/21 18:45:00 Job submitted from host: <188.185.6.50:9618?addrs=188.185.6.50-9618+[2001-1458-d00-62--100-2b1]-9618&alias=bigbird25.cern.ch&noUDP&sock=schedd_1627_90ad>
...
040 (9112926.000.000) 01/21 18:45:42 Started transferring input files
	Transferring to host: <188.185.208.221:9618?addrs=188.185.208.221-9618+[2001-1458-303-10--100-5a]-9618&alias=b9p10p9087.cern.ch&noUDP&sock=slot1_15_6525_33e2_115017>
...
040 (9112926.000.000) 01/21 18:45:42 Finished transferring input files
...
001 (9112926.000.000) 01/21 18:45:43 Job executing on host: <188.185.208.221:9618?addrs=188.185.208.221-9618+[2001-1458-303-10--100-5a]-9618&alias=b9p10p9087.cern.ch&noUDP&sock=startd_5647_f366>
	SlotName: slot1_15@b9p10p9087.cern.ch
	CondorScratchDir = "/pool/condor/dir_3682853"
	Cpus = 1
	Disk = 3765
	GPUs = 0
	Memory = 3000
...
006 (9112926.000.000) 01/21 18:45:57 Image size of job updated: 56036
	55  -  MemoryUsage of job (MB)
	56036  -  ResidentSetSize of job (KB)
...
006 (9112926.000.000) 01/21 18:46:05 Image size of job updated: 131120
	55  -  MemoryUsage of job (MB)
	56036  -  ResidentSetSize of job (KB)
...
040 (9112926.000.000) 01/21 18:46:05 Started transferring output files
...
040 (9112926.000.000) 01/21 18:46:05 Finished transferring output files
...
005 (9112926.000.000) 01/21 18:46:05 Job terminated.
	(1) Normal termination (return value 0)
		Usr 0 00:00:03, Sys 0 00:00:02  -  Run Remote Usage
		Usr 0 00:00:00, Sys 0 00:00:00  -  Run Local Usage
		Usr 0 00:00:03, Sys 0 00:00:02  -  Total Remote Usage
		Usr 0 00:00:00, Sys 0 00:00:00  -  Total Local Usage
	5974  -  Run Bytes Sent By Job
	314  -  Run Bytes Received By Job
	5974  -  Total Bytes Sent By Job
	314  -  Total Bytes Received By Job
	Partitionable Resources :    Usage  Request Allocated 
	   Cpus                 :        0        1         1 
	   Disk (KB)            :       33        1      3765 
	   GPUs                 :                           0 
	   Memory (MB)          :       55     3000      3000 
	   TimeExecute (s)      :       22                    
	   TimeSlotBusy (s)     :       24                    

	Job terminated of its own accord at 2026-01-21T17:46:05Z with exit-code 0.
...
