000 (9112925.000.000) 01/21 18:44:59 Job submitted from host: <188.185.6.50:9618?addrs=188.185.6.50-9618+[2001-1458-d00-62--100-2b1]-9618&alias=bigbird25.cern.ch&noUDP&sock=schedd_1627_90ad>
...
040 (9112925.000.000) 01/21 18:45:35 Started transferring input files
	Transferring to host: <188.185.209.16:9618?addrs=188.185.209.16-9618+[2001-1458-303-11--100-d]-9618&alias=b9p11p3843.cern.ch&noUDP&sock=slot1_28_9162_352e_108933>
...
040 (9112925.000.000) 01/21 18:45:35 Finished transferring input files
...
001 (9112925.000.000) 01/21 18:45:36 Job executing on host: <188.185.209.16:9618?addrs=188.185.209.16-9618+[2001-1458-303-11--100-d]-9618&alias=b9p11p3843.cern.ch&noUDP&sock=startd_7636_3d45>
	SlotName: slot1_28@b9p11p3843.cern.ch
	CondorScratchDir = "/pool/condor/dir_1036550"
	Cpus = 1
	Disk = 3612
	GPUs = 0
	Memory = 3000
...
006 (9112925.000.000) 01/21 18:45:49 Image size of job updated: 173476
	170  -  MemoryUsage of job (MB)
	173476  -  ResidentSetSize of job (KB)
...
006 (9112925.000.000) 01/21 18:47:26 Image size of job updated: 232960
	170  -  MemoryUsage of job (MB)
	173476  -  ResidentSetSize of job (KB)
...
040 (9112925.000.000) 01/21 18:47:26 Started transferring output files
...
040 (9112925.000.000) 01/21 18:47:26 Finished transferring output files
...
005 (9112925.000.000) 01/21 18:47:26 Job terminated.
	(1) Normal termination (return value 0)
		Usr 0 00:01:16, Sys 0 00:00:02  -  Run Remote Usage
		Usr 0 00:00:00, Sys 0 00:00:00  -  Run Local Usage
		Usr 0 00:01:16, Sys 0 00:00:02  -  Total Remote Usage
		Usr 0 00:00:00, Sys 0 00:00:00  -  Total Local Usage
	8001  -  Run Bytes Sent By Job
	314  -  Run Bytes Received By Job
	8001  -  Total Bytes Sent By Job
	314  -  Total Bytes Received By Job
	Partitionable Resources :    Usage  Request Allocated 
	   Cpus                 :     0.77        1         1 
	   Disk (KB)            :    36           1      3612 
	   GPUs                 :                           0 
	   Memory (MB)          :   170        3000      3000 
	   TimeExecute (s)      :   110                       
	   TimeSlotBusy (s)     :   112                       

	Job terminated of its own accord at 2026-01-21T17:47:26Z with exit-code 0.
...
