000 (9112927.000.000) 01/21 18:45:00 Job submitted from host: <188.185.6.50:9618?addrs=188.185.6.50-9618+[2001-1458-d00-62--100-2b1]-9618&alias=bigbird25.cern.ch&noUDP&sock=schedd_1627_90ad>
...
040 (9112927.000.000) 01/21 18:45:39 Started transferring input files
	Transferring to host: <188.185.210.144:9618?addrs=188.185.210.144-9618+[2001-1458-303-15--100-c]-9618&alias=b9p22p6646.cern.ch&noUDP&sock=slot1_13_4281_1a07_131193>
...
040 (9112927.000.000) 01/21 18:45:39 Finished transferring input files
...
001 (9112927.000.000) 01/21 18:45:40 Job executing on host: <188.185.210.144:9618?addrs=188.185.210.144-9618+[2001-1458-303-15--100-c]-9618&alias=b9p22p6646.cern.ch&noUDP&sock=startd_3580_2923>
	SlotName: slot1_13@b9p22p6646.cern.ch
	CondorScratchDir = "/pool/condor/dir_3766443"
	Cpus = 1
	Disk = 3837
	GPUs = 0
	Memory = 3000
...
006 (9112927.000.000) 01/21 18:45:54 Image size of job updated: 163328
	160  -  MemoryUsage of job (MB)
	163328  -  ResidentSetSize of job (KB)
...
006 (9112927.000.000) 01/21 18:47:42 Image size of job updated: 254236
	160  -  MemoryUsage of job (MB)
	163328  -  ResidentSetSize of job (KB)
...
040 (9112927.000.000) 01/21 18:47:42 Started transferring output files
...
040 (9112927.000.000) 01/21 18:47:42 Finished transferring output files
...
005 (9112927.000.000) 01/21 18:47:42 Job terminated.
	(1) Normal termination (return value 0)
		Usr 0 00:01:26, Sys 0 00:00:03  -  Run Remote Usage
		Usr 0 00:00:00, Sys 0 00:00:00  -  Run Local Usage
		Usr 0 00:01:26, Sys 0 00:00:03  -  Total Remote Usage
		Usr 0 00:00:00, Sys 0 00:00:00  -  Total Local Usage
	7518  -  Run Bytes Sent By Job
	313  -  Run Bytes Received By Job
	7518  -  Total Bytes Sent By Job
	313  -  Total Bytes Received By Job
	Partitionable Resources :    Usage  Request Allocated 
	   Cpus                 :        0        1         1 
	   Disk (KB)            :       31        1      3837 
	   GPUs                 :                           0 
	   Memory (MB)          :      160     3000      3000 
	   TimeExecute (s)      :      122                    
	   TimeSlotBusy (s)     :      124                    

	Job terminated of its own accord at 2026-01-21T17:47:42Z with exit-code 0.
...
