000 (9119746.000.000) 01/22 18:08:25 Job submitted from host: <188.185.6.50:9618?addrs=188.185.6.50-9618+[2001-1458-d00-62--100-2b1]-9618&alias=bigbird25.cern.ch&noUDP&sock=schedd_1627_90ad>
...
040 (9119746.000.000) 01/22 18:09:50 Started transferring input files
	Transferring to host: <188.185.215.78:9618?addrs=188.185.215.78-9618+[2001-1458-303-1e--100-4a]-9618&alias=b9p31p8056.cern.ch&noUDP&sock=slot1_16_5239_196e_90311>
...
040 (9119746.000.000) 01/22 18:09:50 Finished transferring input files
...
001 (9119746.000.000) 01/22 18:09:51 Job executing on host: <188.185.215.78:9618?addrs=188.185.215.78-9618+[2001-1458-303-1e--100-4a]-9618&alias=b9p31p8056.cern.ch&noUDP&sock=startd_4252_18c8>
	SlotName: slot1_16@b9p31p8056.cern.ch
	CondorScratchDir = "/pool/condor/dir_3446150"
	Cpus = 1
	Disk = 3778
	GPUs = 0
	Memory = 3000
...
006 (9119746.000.000) 01/22 18:10:04 Image size of job updated: 163516
	160  -  MemoryUsage of job (MB)
	163516  -  ResidentSetSize of job (KB)
...
006 (9119746.000.000) 01/22 18:13:56 Image size of job updated: 436936
	160  -  MemoryUsage of job (MB)
	163516  -  ResidentSetSize of job (KB)
...
040 (9119746.000.000) 01/22 18:13:56 Started transferring output files
...
040 (9119746.000.000) 01/22 18:13:56 Finished transferring output files
...
005 (9119746.000.000) 01/22 18:13:56 Job terminated.
	(1) Normal termination (return value 0)
		Usr 0 00:03:25, Sys 0 00:00:04  -  Run Remote Usage
		Usr 0 00:00:00, Sys 0 00:00:00  -  Run Local Usage
		Usr 0 00:03:25, Sys 0 00:00:04  -  Total Remote Usage
		Usr 0 00:00:00, Sys 0 00:00:00  -  Total Local Usage
	10389  -  Run Bytes Sent By Job
	319  -  Run Bytes Received By Job
	10389  -  Total Bytes Sent By Job
	319  -  Total Bytes Received By Job
	Partitionable Resources :    Usage  Request Allocated 
	   Cpus                 :        0        1         1 
	   Disk (KB)            :       34        1      3778 
	   GPUs                 :                           0 
	   Memory (MB)          :      160     3000      3000 
	   TimeExecute (s)      :      245                    
	   TimeSlotBusy (s)     :      247                    

	Job terminated of its own accord at 2026-01-22T17:13:56Z with exit-code 0.
...
