000 (9119743.000.000) 01/22 18:08:24 Job submitted from host: <188.185.6.50:9618?addrs=188.185.6.50-9618+[2001-1458-d00-62--100-2b1]-9618&alias=bigbird25.cern.ch&noUDP&sock=schedd_1627_90ad>
...
040 (9119743.000.000) 01/22 18:09:51 Started transferring input files
	Transferring to host: <188.185.206.157:9618?addrs=188.185.206.157-9618+[2001-1458-303-c--100-1a]-9618&alias=b9p06p7146.cern.ch&noUDP&sock=slot1_3_5138_ef8a_114074>
...
040 (9119743.000.000) 01/22 18:09:51 Finished transferring input files
...
001 (9119743.000.000) 01/22 18:09:52 Job executing on host: <188.185.206.157:9618?addrs=188.185.206.157-9618+[2001-1458-303-c--100-1a]-9618&alias=b9p06p7146.cern.ch&noUDP&sock=startd_4388_61a9>
	SlotName: slot1_3@b9p06p7146.cern.ch
	CondorScratchDir = "/pool/condor/dir_2337459"
	Cpus = 1
	Disk = 3781
	GPUs = 0
	Memory = 3000
...
006 (9119743.000.000) 01/22 18:10:06 Image size of job updated: 6724
	7  -  MemoryUsage of job (MB)
	6724  -  ResidentSetSize of job (KB)
...
006 (9119743.000.000) 01/22 18:10:19 Image size of job updated: 137964
	7  -  MemoryUsage of job (MB)
	6724  -  ResidentSetSize of job (KB)
...
040 (9119743.000.000) 01/22 18:10:19 Started transferring output files
...
040 (9119743.000.000) 01/22 18:10:19 Finished transferring output files
...
005 (9119743.000.000) 01/22 18:10:19 Job terminated.
	(1) Normal termination (return value 0)
		Usr 0 00:00:04, Sys 0 00:00:02  -  Run Remote Usage
		Usr 0 00:00:00, Sys 0 00:00:00  -  Run Local Usage
		Usr 0 00:00:04, Sys 0 00:00:02  -  Total Remote Usage
		Usr 0 00:00:00, Sys 0 00:00:00  -  Total Local Usage
	6224  -  Run Bytes Sent By Job
	323  -  Run Bytes Received By Job
	6224  -  Total Bytes Sent By Job
	323  -  Total Bytes Received By Job
	Partitionable Resources :    Usage  Request Allocated 
	   Cpus                 :        0        1         1 
	   Disk (KB)            :       33        1      3781 
	   GPUs                 :                           0 
	   Memory (MB)          :        7     3000      3000 
	   TimeExecute (s)      :       27                    
	   TimeSlotBusy (s)     :       31                    

	Job terminated of its own accord at 2026-01-22T17:10:19Z with exit-code 0.
...
