000 (9119744.000.000) 01/22 18:08:25 Job submitted from host: <188.185.6.50:9618?addrs=188.185.6.50-9618+[2001-1458-d00-62--100-2b1]-9618&alias=bigbird25.cern.ch&noUDP&sock=schedd_1627_90ad>
...
040 (9119744.000.000) 01/22 18:09:50 Started transferring input files
	Transferring to host: <188.185.214.13:9618?addrs=188.185.214.13-9618+[2001-1458-303-1c--100-9]-9618&alias=b9p29p5951.cern.ch&noUDP&sock=slot1_6_8500_c4d3_154380>
...
040 (9119744.000.000) 01/22 18:09:50 Finished transferring input files
...
001 (9119744.000.000) 01/22 18:09:51 Job executing on host: <188.185.214.13:9618?addrs=188.185.214.13-9618+[2001-1458-303-1c--100-9]-9618&alias=b9p29p5951.cern.ch&noUDP&sock=startd_7268_d26b>
	SlotName: slot1_6@b9p29p5951.cern.ch
	CondorScratchDir = "/pool/condor/dir_1324875"
	Cpus = 1
	Disk = 3887
	GPUs = 0
	Memory = 3000
...
006 (9119744.000.000) 01/22 18:10:03 Image size of job updated: 114512
	0  -  MemoryUsage of job (MB)
	0  -  ResidentSetSize of job (KB)
...
040 (9119744.000.000) 01/22 18:10:03 Started transferring output files
...
040 (9119744.000.000) 01/22 18:10:03 Finished transferring output files
...
005 (9119744.000.000) 01/22 18:10:03 Job terminated.
	(1) Normal termination (return value 0)
		Usr 0 00:00:02, Sys 0 00:00:01  -  Run Remote Usage
		Usr 0 00:00:00, Sys 0 00:00:00  -  Run Local Usage
		Usr 0 00:00:02, Sys 0 00:00:01  -  Total Remote Usage
		Usr 0 00:00:00, Sys 0 00:00:00  -  Total Local Usage
	6023  -  Run Bytes Sent By Job
	323  -  Run Bytes Received By Job
	6023  -  Total Bytes Sent By Job
	323  -  Total Bytes Received By Job
	Partitionable Resources :    Usage  Request Allocated 
	   Cpus                 :        0        1         1 
	   Disk (KB)            :       29        1      3887 
	   GPUs                 :                           0 
	   Memory (MB)          :        0     3000      3000 
	   TimeExecute (s)      :       12                    
	   TimeSlotBusy (s)     :       14                    

	Job terminated of its own accord at 2026-01-22T17:10:03Z with exit-code 0.
...
