000 (9119748.000.000) 01/22 18:08:26 Job submitted from host: <188.185.6.50:9618?addrs=188.185.6.50-9618+[2001-1458-d00-62--100-2b1]-9618&alias=bigbird25.cern.ch&noUDP&sock=schedd_1627_90ad>
...
040 (9119748.000.000) 01/22 18:09:47 Started transferring input files
	Transferring to host: <188.185.212.22:9618?addrs=188.185.212.22-9618+[2001-1458-303-18--100-12]-9618&alias=b9p25p1647.cern.ch&noUDP&sock=slot1_5_4722_d379_133416>
...
040 (9119748.000.000) 01/22 18:09:47 Finished transferring input files
...
001 (9119748.000.000) 01/22 18:09:48 Job executing on host: <188.185.212.22:9618?addrs=188.185.212.22-9618+[2001-1458-303-18--100-12]-9618&alias=b9p25p1647.cern.ch&noUDP&sock=startd_3905_156b>
	SlotName: slot1_5@b9p25p1647.cern.ch
	CondorScratchDir = "/pool/condor/dir_3037957"
	Cpus = 1
	Disk = 3822
	GPUs = 0
	Memory = 3000
...
006 (9119748.000.000) 01/22 18:10:00 Image size of job updated: 81728
	0  -  MemoryUsage of job (MB)
	0  -  ResidentSetSize of job (KB)
...
040 (9119748.000.000) 01/22 18:10:00 Started transferring output files
...
040 (9119748.000.000) 01/22 18:10:00 Finished transferring output files
...
005 (9119748.000.000) 01/22 18:10:00 Job terminated.
	(1) Normal termination (return value 0)
		Usr 0 00:00:03, Sys 0 00:00:01  -  Run Remote Usage
		Usr 0 00:00:00, Sys 0 00:00:00  -  Run Local Usage
		Usr 0 00:00:03, Sys 0 00:00:01  -  Total Remote Usage
		Usr 0 00:00:00, Sys 0 00:00:00  -  Total Local Usage
	6014  -  Run Bytes Sent By Job
	319  -  Run Bytes Received By Job
	6014  -  Total Bytes Sent By Job
	319  -  Total Bytes Received By Job
	Partitionable Resources :    Usage  Request Allocated 
	   Cpus                 :                 1         1 
	   Disk (KB)            :       21        1      3822 
	   GPUs                 :                           0 
	   Memory (MB)          :        0     3000      3000 
	   TimeExecute (s)      :       12                    
	   TimeSlotBusy (s)     :       14                    

	Job terminated of its own accord at 2026-01-22T17:10:00Z with exit-code 0.
...
