000 (9119747.000.000) 01/22 18:08:25 Job submitted from host: <188.185.6.50:9618?addrs=188.185.6.50-9618+[2001-1458-d00-62--100-2b1]-9618&alias=bigbird25.cern.ch&noUDP&sock=schedd_1627_90ad>
...
040 (9119747.000.000) 01/22 18:09:51 Started transferring input files
	Transferring to host: <188.185.212.174:9618?addrs=188.185.212.174-9618+[2001-1458-303-19--100-2a]-9618&alias=b9p26p1194.cern.ch&noUDP&sock=slot1_13_6820_0e8e_136011>
...
040 (9119747.000.000) 01/22 18:09:51 Finished transferring input files
...
001 (9119747.000.000) 01/22 18:09:52 Job executing on host: <188.185.212.174:9618?addrs=188.185.212.174-9618+[2001-1458-303-19--100-2a]-9618&alias=b9p26p1194.cern.ch&noUDP&sock=startd_5867_da3c>
	SlotName: slot1_13@b9p26p1194.cern.ch
	CondorScratchDir = "/pool/condor/dir_1180366"
	Cpus = 1
	Disk = 3819
	GPUs = 0
	Memory = 3000
...
006 (9119747.000.000) 01/22 18:10:06 Image size of job updated: 151904
	149  -  MemoryUsage of job (MB)
	151904  -  ResidentSetSize of job (KB)
...
006 (9119747.000.000) 01/22 18:14:09 Image size of job updated: 445124
	149  -  MemoryUsage of job (MB)
	151904  -  ResidentSetSize of job (KB)
...
040 (9119747.000.000) 01/22 18:14:09 Started transferring output files
...
040 (9119747.000.000) 01/22 18:14:09 Finished transferring output files
...
005 (9119747.000.000) 01/22 18:14:09 Job terminated.
	(1) Normal termination (return value 0)
		Usr 0 00:03:11, Sys 0 00:00:04  -  Run Remote Usage
		Usr 0 00:00:00, Sys 0 00:00:00  -  Run Local Usage
		Usr 0 00:03:11, Sys 0 00:00:04  -  Total Remote Usage
		Usr 0 00:00:00, Sys 0 00:00:00  -  Total Local Usage
	9717  -  Run Bytes Sent By Job
	319  -  Run Bytes Received By Job
	9717  -  Total Bytes Sent By Job
	319  -  Total Bytes Received By Job
	Partitionable Resources :    Usage  Request Allocated 
	   Cpus                 :        0        1         1 
	   Disk (KB)            :       33        1      3819 
	   GPUs                 :                           0 
	   Memory (MB)          :      149     3000      3000 
	   TimeExecute (s)      :      257                    
	   TimeSlotBusy (s)     :      259                    

	Job terminated of its own accord at 2026-01-22T17:14:09Z with exit-code 0.
...
