000 (9119739.000.000) 01/22 18:08:23 Job submitted from host: <188.185.6.50:9618?addrs=188.185.6.50-9618+[2001-1458-d00-62--100-2b1]-9618&alias=bigbird25.cern.ch&noUDP&sock=schedd_1627_90ad>
...
040 (9119739.000.000) 01/22 18:09:48 Started transferring input files
	Transferring to host: <188.185.213.83:9618?addrs=188.185.213.83-9618+[2001-1458-303-1a--100-4f]-9618&alias=b9p27p4214.cern.ch&noUDP&sock=slot1_10_5619_d7fe_134092>
...
040 (9119739.000.000) 01/22 18:09:48 Finished transferring input files
...
001 (9119739.000.000) 01/22 18:09:49 Job executing on host: <188.185.213.83:9618?addrs=188.185.213.83-9618+[2001-1458-303-1a--100-4f]-9618&alias=b9p27p4214.cern.ch&noUDP&sock=startd_4725_8914>
	SlotName: slot1_10@b9p27p4214.cern.ch
	CondorScratchDir = "/pool/condor/dir_1892813"
	Cpus = 1
	Disk = 3887
	GPUs = 0
	Memory = 3000
...
006 (9119739.000.000) 01/22 18:10:02 Image size of job updated: 124184
	122  -  MemoryUsage of job (MB)
	124184  -  ResidentSetSize of job (KB)
...
006 (9119739.000.000) 01/22 18:14:01 Image size of job updated: 247092
	122  -  MemoryUsage of job (MB)
	124204  -  ResidentSetSize of job (KB)
...
040 (9119739.000.000) 01/22 18:14:01 Started transferring output files
...
040 (9119739.000.000) 01/22 18:14:01 Finished transferring output files
...
005 (9119739.000.000) 01/22 18:14:01 Job terminated.
	(1) Normal termination (return value 0)
		Usr 0 00:03:08, Sys 0 00:00:03  -  Run Remote Usage
		Usr 0 00:00:00, Sys 0 00:00:00  -  Run Local Usage
		Usr 0 00:03:08, Sys 0 00:00:03  -  Total Remote Usage
		Usr 0 00:00:00, Sys 0 00:00:00  -  Total Local Usage
	10271  -  Run Bytes Sent By Job
	323  -  Run Bytes Received By Job
	10271  -  Total Bytes Sent By Job
	323  -  Total Bytes Received By Job
	Partitionable Resources :    Usage  Request Allocated 
	   Cpus                 :     0.85        1         1 
	   Disk (KB)            :    34           1      3887 
	   GPUs                 :                           0 
	   Memory (MB)          :   122        3000      3000 
	   TimeExecute (s)      :   252                       
	   TimeSlotBusy (s)     :   253                       

	Job terminated of its own accord at 2026-01-22T17:14:01Z with exit-code 0.
...
