000 (9119741.000.000) 01/22 18:08:24 Job submitted from host: <188.185.6.50:9618?addrs=188.185.6.50-9618+[2001-1458-d00-62--100-2b1]-9618&alias=bigbird25.cern.ch&noUDP&sock=schedd_1627_90ad>
...
040 (9119741.000.000) 01/22 18:09:49 Started transferring input files
	Transferring to host: <188.185.212.97:9618?addrs=188.185.212.97-9618+[2001-1458-303-18--100-5d]-9618&alias=b9p25p1985.cern.ch&noUDP&sock=slot1_6_3125_9858_131217>
...
040 (9119741.000.000) 01/22 18:09:49 Finished transferring input files
...
001 (9119741.000.000) 01/22 18:09:50 Job executing on host: <188.185.212.97:9618?addrs=188.185.212.97-9618+[2001-1458-303-18--100-5d]-9618&alias=b9p25p1985.cern.ch&noUDP&sock=startd_2675_67ee>
	SlotName: slot1_6@b9p25p1985.cern.ch
	CondorScratchDir = "/pool/condor/dir_234537"
	Cpus = 1
	Disk = 3856
	GPUs = 0
	Memory = 3000
...
006 (9119741.000.000) 01/22 18:10:03 Image size of job updated: 168712
	165  -  MemoryUsage of job (MB)
	168712  -  ResidentSetSize of job (KB)
...
006 (9119741.000.000) 01/22 18:12:53 Image size of job updated: 243344
	165  -  MemoryUsage of job (MB)
	168924  -  ResidentSetSize of job (KB)
...
040 (9119741.000.000) 01/22 18:12:53 Started transferring output files
...
040 (9119741.000.000) 01/22 18:12:53 Finished transferring output files
...
005 (9119741.000.000) 01/22 18:12:53 Job terminated.
	(1) Normal termination (return value 0)
		Usr 0 00:02:20, Sys 0 00:00:02  -  Run Remote Usage
		Usr 0 00:00:00, Sys 0 00:00:00  -  Run Local Usage
		Usr 0 00:02:20, Sys 0 00:00:02  -  Total Remote Usage
		Usr 0 00:00:00, Sys 0 00:00:00  -  Total Local Usage
	10271  -  Run Bytes Sent By Job
	323  -  Run Bytes Received By Job
	10271  -  Total Bytes Sent By Job
	323  -  Total Bytes Received By Job
	Partitionable Resources :    Usage  Request Allocated 
	   Cpus                 :     0.39        1         1 
	   Disk (KB)            :    34           1      3856 
	   GPUs                 :                           0 
	   Memory (MB)          :   165        3000      3000 
	   TimeExecute (s)      :   183                       
	   TimeSlotBusy (s)     :   185                       

	Job terminated of its own accord at 2026-01-22T17:12:53Z with exit-code 0.
...
