000 (9119737.000.000) 01/22 18:08:23 Job submitted from host: <188.185.6.50:9618?addrs=188.185.6.50-9618+[2001-1458-d00-62--100-2b1]-9618&alias=bigbird25.cern.ch&noUDP&sock=schedd_1627_90ad>
...
040 (9119737.000.000) 01/22 18:09:48 Started transferring input files
	Transferring to host: <188.185.194.116:9618?addrs=188.185.194.116-9618+[2001-1458-303-21--100-70]-9618&alias=b9p20p7873.cern.ch&noUDP&sock=slot1_6_5407_7875_120112>
...
040 (9119737.000.000) 01/22 18:09:48 Finished transferring input files
...
001 (9119737.000.000) 01/22 18:09:49 Job executing on host: <188.185.194.116:9618?addrs=188.185.194.116-9618+[2001-1458-303-21--100-70]-9618&alias=b9p20p7873.cern.ch&noUDP&sock=startd_4289_79c9>
	SlotName: slot1_6@b9p20p7873.cern.ch
	CondorScratchDir = "/pool/condor/dir_3377679"
	Cpus = 1
	Disk = 3785
	GPUs = 0
	Memory = 3000
...
006 (9119737.000.000) 01/22 18:10:02 Image size of job updated: 129492
	127  -  MemoryUsage of job (MB)
	129492  -  ResidentSetSize of job (KB)
...
006 (9119737.000.000) 01/22 18:10:49 Image size of job updated: 240332
	127  -  MemoryUsage of job (MB)
	129500  -  ResidentSetSize of job (KB)
...
040 (9119737.000.000) 01/22 18:10:49 Started transferring output files
...
040 (9119737.000.000) 01/22 18:10:49 Finished transferring output files
...
005 (9119737.000.000) 01/22 18:10:49 Job terminated.
	(1) Normal termination (return value 0)
		Usr 0 00:00:47, Sys 0 00:00:02  -  Run Remote Usage
		Usr 0 00:00:00, Sys 0 00:00:00  -  Run Local Usage
		Usr 0 00:00:47, Sys 0 00:00:02  -  Total Remote Usage
		Usr 0 00:00:00, Sys 0 00:00:00  -  Total Local Usage
	6991  -  Run Bytes Sent By Job
	323  -  Run Bytes Received By Job
	6991  -  Total Bytes Sent By Job
	323  -  Total Bytes Received By Job
	Partitionable Resources :    Usage  Request Allocated 
	   Cpus                 :        0        1         1 
	   Disk (KB)            :       30        1      3785 
	   GPUs                 :                           0 
	   Memory (MB)          :      127     3000      3000 
	   TimeExecute (s)      :       60                    
	   TimeSlotBusy (s)     :       62                    

	Job terminated of its own accord at 2026-01-22T17:10:49Z with exit-code 0.
...
