000 (9119736.000.000) 01/22 18:08:23 Job submitted from host: <188.185.6.50:9618?addrs=188.185.6.50-9618+[2001-1458-d00-62--100-2b1]-9618&alias=bigbird25.cern.ch&noUDP&sock=schedd_1627_90ad>
...
040 (9119736.000.000) 01/22 18:09:48 Started transferring input files
	Transferring to host: <188.185.211.96:9618?addrs=188.185.211.96-9618+[2001-1458-303-16--100-5c]-9618&alias=b9p23p1882.cern.ch&noUDP&sock=slot1_8_3719763_49f8_51647>
...
040 (9119736.000.000) 01/22 18:09:48 Finished transferring input files
...
001 (9119736.000.000) 01/22 18:09:49 Job executing on host: <188.185.211.96:9618?addrs=188.185.211.96-9618+[2001-1458-303-16--100-5c]-9618&alias=b9p23p1882.cern.ch&noUDP&sock=startd_5983_6b38>
	SlotName: slot1_8@b9p23p1882.cern.ch
	CondorScratchDir = "/pool/condor/dir_2689540"
	Cpus = 1
	Disk = 3898
	GPUs = 0
	Memory = 3000
...
006 (9119736.000.000) 01/22 18:10:02 Image size of job updated: 150280
	147  -  MemoryUsage of job (MB)
	150280  -  ResidentSetSize of job (KB)
...
006 (9119736.000.000) 01/22 18:13:00 Image size of job updated: 248464
	147  -  MemoryUsage of job (MB)
	150324  -  ResidentSetSize of job (KB)
...
040 (9119736.000.000) 01/22 18:13:00 Started transferring output files
...
040 (9119736.000.000) 01/22 18:13:00 Finished transferring output files
...
005 (9119736.000.000) 01/22 18:13:00 Job terminated.
	(1) Normal termination (return value 0)
		Usr 0 00:02:48, Sys 0 00:00:03  -  Run Remote Usage
		Usr 0 00:00:00, Sys 0 00:00:00  -  Run Local Usage
		Usr 0 00:02:48, Sys 0 00:00:03  -  Total Remote Usage
		Usr 0 00:00:00, Sys 0 00:00:00  -  Total Local Usage
	10271  -  Run Bytes Sent By Job
	323  -  Run Bytes Received By Job
	10271  -  Total Bytes Sent By Job
	323  -  Total Bytes Received By Job
	Partitionable Resources :    Usage  Request Allocated 
	   Cpus                 :        0        1         1 
	   Disk (KB)            :       34        1      3898 
	   GPUs                 :                           0 
	   Memory (MB)          :      147     3000      3000 
	   TimeExecute (s)      :      191                    
	   TimeSlotBusy (s)     :      193                    

	Job terminated of its own accord at 2026-01-22T17:13:00Z with exit-code 0.
...
