000 (9119740.000.000) 01/22 18:08:24 Job submitted from host: <188.185.6.50:9618?addrs=188.185.6.50-9618+[2001-1458-d00-62--100-2b1]-9618&alias=bigbird25.cern.ch&noUDP&sock=schedd_1627_90ad>
...
040 (9119740.000.000) 01/22 18:09:47 Started transferring input files
	Transferring to host: <188.185.214.93:9618?addrs=188.185.214.93-9618+[2001-1458-303-1c--100-59]-9618&alias=b9p29p1911.cern.ch&noUDP&sock=slot1_10_5521_cb3a_134532>
...
040 (9119740.000.000) 01/22 18:09:47 Finished transferring input files
...
001 (9119740.000.000) 01/22 18:09:48 Job executing on host: <188.185.214.93:9618?addrs=188.185.214.93-9618+[2001-1458-303-1c--100-59]-9618&alias=b9p29p1911.cern.ch&noUDP&sock=startd_4590_efcb>
	SlotName: slot1_10@b9p29p1911.cern.ch
	CondorScratchDir = "/pool/condor/dir_2280517"
	Cpus = 1
	Disk = 3768
	GPUs = 0
	Memory = 3000
...
006 (9119740.000.000) 01/22 18:10:01 Image size of job updated: 187616
	184  -  MemoryUsage of job (MB)
	187616  -  ResidentSetSize of job (KB)
...
006 (9119740.000.000) 01/22 18:10:24 Image size of job updated: 204768
	184  -  MemoryUsage of job (MB)
	187616  -  ResidentSetSize of job (KB)
...
040 (9119740.000.000) 01/22 18:10:24 Started transferring output files
...
040 (9119740.000.000) 01/22 18:10:24 Finished transferring output files
...
005 (9119740.000.000) 01/22 18:10:24 Job terminated.
	(1) Normal termination (return value 0)
		Usr 0 00:00:25, Sys 0 00:00:01  -  Run Remote Usage
		Usr 0 00:00:00, Sys 0 00:00:00  -  Run Local Usage
		Usr 0 00:00:25, Sys 0 00:00:01  -  Total Remote Usage
		Usr 0 00:00:00, Sys 0 00:00:00  -  Total Local Usage
	6865  -  Run Bytes Sent By Job
	323  -  Run Bytes Received By Job
	6865  -  Total Bytes Sent By Job
	323  -  Total Bytes Received By Job
	Partitionable Resources :    Usage  Request Allocated 
	   Cpus                 :        0        1         1 
	   Disk (KB)            :       30        1      3768 
	   GPUs                 :                           0 
	   Memory (MB)          :      184     3000      3000 
	   TimeExecute (s)      :       36                    
	   TimeSlotBusy (s)     :       39                    

	Job terminated of its own accord at 2026-01-22T17:10:24Z with exit-code 0.
...
