000 (9119742.000.000) 01/22 18:08:24 Job submitted from host: <188.185.6.50:9618?addrs=188.185.6.50-9618+[2001-1458-d00-62--100-2b1]-9618&alias=bigbird25.cern.ch&noUDP&sock=schedd_1627_90ad>
...
040 (9119742.000.000) 01/22 18:09:46 Started transferring input files
	Transferring to host: <188.185.213.170:9618?addrs=188.185.213.170-9618+[2001-1458-303-1b--100-26]-9618&alias=b9p28p2120.cern.ch&noUDP&sock=slot1_7_5140_584a_156925>
...
040 (9119742.000.000) 01/22 18:09:46 Finished transferring input files
...
001 (9119742.000.000) 01/22 18:09:47 Job executing on host: <188.185.213.170:9618?addrs=188.185.213.170-9618+[2001-1458-303-1b--100-26]-9618&alias=b9p28p2120.cern.ch&noUDP&sock=startd_4234_c014>
	SlotName: slot1_7@b9p28p2120.cern.ch
	CondorScratchDir = "/pool/condor/dir_3206895"
	Cpus = 1
	Disk = 3813
	GPUs = 0
	Memory = 3000
...
006 (9119742.000.000) 01/22 18:10:00 Image size of job updated: 174440
	171  -  MemoryUsage of job (MB)
	174440  -  ResidentSetSize of job (KB)
...
006 (9119742.000.000) 01/22 18:11:35 Image size of job updated: 236500
	171  -  MemoryUsage of job (MB)
	174440  -  ResidentSetSize of job (KB)
...
040 (9119742.000.000) 01/22 18:11:35 Started transferring output files
...
040 (9119742.000.000) 01/22 18:11:35 Finished transferring output files
...
005 (9119742.000.000) 01/22 18:11:35 Job terminated.
	(1) Normal termination (return value 0)
		Usr 0 00:01:30, Sys 0 00:00:02  -  Run Remote Usage
		Usr 0 00:00:00, Sys 0 00:00:00  -  Run Local Usage
		Usr 0 00:01:30, Sys 0 00:00:02  -  Total Remote Usage
		Usr 0 00:00:00, Sys 0 00:00:00  -  Total Local Usage
	9175  -  Run Bytes Sent By Job
	323  -  Run Bytes Received By Job
	9175  -  Total Bytes Sent By Job
	323  -  Total Bytes Received By Job
	Partitionable Resources :    Usage  Request Allocated 
	   Cpus                 :        0        1         1 
	   Disk (KB)            :       32        1      3813 
	   GPUs                 :                           0 
	   Memory (MB)          :      171     3000      3000 
	   TimeExecute (s)      :      108                    
	   TimeSlotBusy (s)     :      109                    

	Job terminated of its own accord at 2026-01-22T17:11:35Z with exit-code 0.
...
