000 (9119738.000.000) 01/22 18:08:23 Job submitted from host: <188.185.6.50:9618?addrs=188.185.6.50-9618+[2001-1458-d00-62--100-2b1]-9618&alias=bigbird25.cern.ch&noUDP&sock=schedd_1627_90ad>
...
040 (9119738.000.000) 01/22 18:09:47 Started transferring input files
	Transferring to host: <188.185.193.177:9618?addrs=188.185.193.177-9618+[2001-1458-303-20--100-ad]-9618&alias=b9p19p2243.cern.ch&noUDP&sock=slot1_3_8825_c2c0_119654>
...
040 (9119738.000.000) 01/22 18:09:47 Finished transferring input files
...
001 (9119738.000.000) 01/22 18:09:48 Job executing on host: <188.185.193.177:9618?addrs=188.185.193.177-9618+[2001-1458-303-20--100-ad]-9618&alias=b9p19p2243.cern.ch&noUDP&sock=startd_7781_b280>
	SlotName: slot1_3@b9p19p2243.cern.ch
	CondorScratchDir = "/pool/condor/dir_3403967"
	Cpus = 1
	Disk = 3869
	GPUs = 0
	Memory = 3000
...
006 (9119738.000.000) 01/22 18:10:01 Image size of job updated: 137896
	135  -  MemoryUsage of job (MB)
	137896  -  ResidentSetSize of job (KB)
...
006 (9119738.000.000) 01/22 18:12:27 Image size of job updated: 246712
	136  -  MemoryUsage of job (MB)
	138260  -  ResidentSetSize of job (KB)
...
040 (9119738.000.000) 01/22 18:12:27 Started transferring output files
...
040 (9119738.000.000) 01/22 18:12:27 Finished transferring output files
...
005 (9119738.000.000) 01/22 18:12:27 Job terminated.
	(1) Normal termination (return value 0)
		Usr 0 00:02:03, Sys 0 00:00:02  -  Run Remote Usage
		Usr 0 00:00:00, Sys 0 00:00:00  -  Run Local Usage
		Usr 0 00:02:03, Sys 0 00:00:02  -  Total Remote Usage
		Usr 0 00:00:00, Sys 0 00:00:00  -  Total Local Usage
	8290  -  Run Bytes Sent By Job
	323  -  Run Bytes Received By Job
	8290  -  Total Bytes Sent By Job
	323  -  Total Bytes Received By Job
	Partitionable Resources :    Usage  Request Allocated 
	   Cpus                 :        0        1         1 
	   Disk (KB)            :       31        1      3869 
	   GPUs                 :                           0 
	   Memory (MB)          :      136     3000      3000 
	   TimeExecute (s)      :      159                    
	   TimeSlotBusy (s)     :      160                    

	Job terminated of its own accord at 2026-01-22T17:12:27Z with exit-code 0.
...
