000 (9119773.000.000) 01/22 18:08:33 Job submitted from host: <188.185.6.50:9618?addrs=188.185.6.50-9618+[2001-1458-d00-62--100-2b1]-9618&alias=bigbird25.cern.ch&noUDP&sock=schedd_1627_90ad>
...
040 (9119773.000.000) 01/22 18:09:58 Started transferring input files
	Transferring to host: <188.185.209.29:9618?addrs=188.185.209.29-9618+[2001-1458-303-11--100-1a]-9618&alias=b9p11p8407.cern.ch&noUDP&sock=slot1_16_6695_fba9_115100>
...
040 (9119773.000.000) 01/22 18:09:58 Finished transferring input files
...
001 (9119773.000.000) 01/22 18:09:59 Job executing on host: <188.185.209.29:9618?addrs=188.185.209.29-9618+[2001-1458-303-11--100-1a]-9618&alias=b9p11p8407.cern.ch&noUDP&sock=startd_5784_ebdf>
	SlotName: slot1_16@b9p11p8407.cern.ch
	CondorScratchDir = "/pool/condor/dir_913578"
	Cpus = 1
	Disk = 3680
	GPUs = 0
	Memory = 3000
...
006 (9119773.000.000) 01/22 18:10:13 Image size of job updated: 55968
	55  -  MemoryUsage of job (MB)
	55968  -  ResidentSetSize of job (KB)
...
006 (9119773.000.000) 01/22 18:10:39 Image size of job updated: 166732
	55  -  MemoryUsage of job (MB)
	55968  -  ResidentSetSize of job (KB)
...
040 (9119773.000.000) 01/22 18:10:39 Started transferring output files
...
040 (9119773.000.000) 01/22 18:10:39 Finished transferring output files
...
005 (9119773.000.000) 01/22 18:10:39 Job terminated.
	(1) Normal termination (return value 0)
		Usr 0 00:00:18, Sys 0 00:00:02  -  Run Remote Usage
		Usr 0 00:00:00, Sys 0 00:00:00  -  Run Local Usage
		Usr 0 00:00:18, Sys 0 00:00:02  -  Total Remote Usage
		Usr 0 00:00:00, Sys 0 00:00:00  -  Total Local Usage
	6487  -  Run Bytes Sent By Job
	313  -  Run Bytes Received By Job
	6487  -  Total Bytes Sent By Job
	313  -  Total Bytes Received By Job
	Partitionable Resources :    Usage  Request Allocated 
	   Cpus                 :        0        1         1 
	   Disk (KB)            :       30        1      3680 
	   GPUs                 :                           0 
	   Memory (MB)          :       55     3000      3000 
	   TimeExecute (s)      :       40                    
	   TimeSlotBusy (s)     :       42                    

	Job terminated of its own accord at 2026-01-22T17:10:39Z with exit-code 0.
...
