000 (9119772.000.000) 01/22 18:08:32 Job submitted from host: <188.185.6.50:9618?addrs=188.185.6.50-9618+[2001-1458-d00-62--100-2b1]-9618&alias=bigbird25.cern.ch&noUDP&sock=schedd_1627_90ad>
...
040 (9119772.000.000) 01/22 18:09:58 Started transferring input files
	Transferring to host: <188.185.208.205:9618?addrs=188.185.208.205-9618+[2001-1458-303-10--100-4a]-9618&alias=b9p10p8826.cern.ch&noUDP&sock=slot1_13_6711_41aa_114453>
...
040 (9119772.000.000) 01/22 18:09:58 Finished transferring input files
...
001 (9119772.000.000) 01/22 18:09:59 Job executing on host: <188.185.208.205:9618?addrs=188.185.208.205-9618+[2001-1458-303-10--100-4a]-9618&alias=b9p10p8826.cern.ch&noUDP&sock=startd_5670_ba13>
	SlotName: slot1_13@b9p10p8826.cern.ch
	CondorScratchDir = "/pool/condor/dir_4029884"
	Cpus = 1
	Disk = 3442
	GPUs = 0
	Memory = 3000
...
006 (9119772.000.000) 01/22 18:10:12 Image size of job updated: 17876
	18  -  MemoryUsage of job (MB)
	17876  -  ResidentSetSize of job (KB)
...
006 (9119772.000.000) 01/22 18:10:17 Image size of job updated: 87856
	18  -  MemoryUsage of job (MB)
	17936  -  ResidentSetSize of job (KB)
...
040 (9119772.000.000) 01/22 18:10:17 Started transferring output files
...
040 (9119772.000.000) 01/22 18:10:17 Finished transferring output files
...
005 (9119772.000.000) 01/22 18:10:17 Job terminated.
	(1) Normal termination (return value 0)
		Usr 0 00:00:03, Sys 0 00:00:01  -  Run Remote Usage
		Usr 0 00:00:00, Sys 0 00:00:00  -  Run Local Usage
		Usr 0 00:00:03, Sys 0 00:00:01  -  Total Remote Usage
		Usr 0 00:00:00, Sys 0 00:00:00  -  Total Local Usage
	6012  -  Run Bytes Sent By Job
	324  -  Run Bytes Received By Job
	6012  -  Total Bytes Sent By Job
	324  -  Total Bytes Received By Job
	Partitionable Resources :    Usage  Request Allocated 
	   Cpus                 :        0        1         1 
	   Disk (KB)            :       33        1      3442 
	   GPUs                 :                           0 
	   Memory (MB)          :       18     3000      3000 
	   TimeExecute (s)      :       18                    
	   TimeSlotBusy (s)     :       20                    

	Job terminated of its own accord at 2026-01-22T17:10:17Z with exit-code 0.
...
