000 (9119769.000.000) 01/22 18:08:32 Job submitted from host: <188.185.6.50:9618?addrs=188.185.6.50-9618+[2001-1458-d00-62--100-2b1]-9618&alias=bigbird25.cern.ch&noUDP&sock=schedd_1627_90ad>
...
040 (9119769.000.000) 01/22 18:09:57 Started transferring input files
	Transferring to host: <188.185.208.225:9618?addrs=188.185.208.225-9618+[2001-1458-303-10--100-5e]-9618&alias=b9p10p2513.cern.ch&noUDP&sock=slot1_12_11378_9488_120810>
...
040 (9119769.000.000) 01/22 18:09:57 Finished transferring input files
...
001 (9119769.000.000) 01/22 18:09:58 Job executing on host: <188.185.208.225:9618?addrs=188.185.208.225-9618+[2001-1458-303-10--100-5e]-9618&alias=b9p10p2513.cern.ch&noUDP&sock=startd_10925_3843>
	SlotName: slot1_12@b9p10p2513.cern.ch
	CondorScratchDir = "/pool/condor/dir_2148799"
	Cpus = 1
	Disk = 3679
	GPUs = 0
	Memory = 3000
...
006 (9119769.000.000) 01/22 18:10:12 Image size of job updated: 7632
	8  -  MemoryUsage of job (MB)
	7632  -  ResidentSetSize of job (KB)
...
006 (9119769.000.000) 01/22 18:11:03 Image size of job updated: 167448
	8  -  MemoryUsage of job (MB)
	7636  -  ResidentSetSize of job (KB)
...
040 (9119769.000.000) 01/22 18:11:03 Started transferring output files
...
040 (9119769.000.000) 01/22 18:11:03 Finished transferring output files
...
005 (9119769.000.000) 01/22 18:11:03 Job terminated.
	(1) Normal termination (return value 0)
		Usr 0 00:00:31, Sys 0 00:00:02  -  Run Remote Usage
		Usr 0 00:00:00, Sys 0 00:00:00  -  Run Local Usage
		Usr 0 00:00:31, Sys 0 00:00:02  -  Total Remote Usage
		Usr 0 00:00:00, Sys 0 00:00:00  -  Total Local Usage
	6757  -  Run Bytes Sent By Job
	320  -  Run Bytes Received By Job
	6757  -  Total Bytes Sent By Job
	320  -  Total Bytes Received By Job
	Partitionable Resources :    Usage  Request Allocated 
	   Cpus                 :        0        1         1 
	   Disk (KB)            :       30        1      3679 
	   GPUs                 :                           0 
	   Memory (MB)          :        8     3000      3000 
	   TimeExecute (s)      :       65                    
	   TimeSlotBusy (s)     :       67                    

	Job terminated of its own accord at 2026-01-22T17:11:03Z with exit-code 0.
...
