000 (9119775.000.000) 01/22 18:08:33 Job submitted from host: <188.185.6.50:9618?addrs=188.185.6.50-9618+[2001-1458-d00-62--100-2b1]-9618&alias=bigbird25.cern.ch&noUDP&sock=schedd_1627_90ad>
...
040 (9119775.000.000) 01/22 18:10:00 Started transferring input files
	Transferring to host: <188.185.204.177:9618?addrs=188.185.204.177-9618+[2001-1458-303-8--100-a5]-9618&alias=b9p02p5143.cern.ch&noUDP&sock=slot1_2_6019_ae0e_121599>
...
040 (9119775.000.000) 01/22 18:10:00 Finished transferring input files
...
001 (9119775.000.000) 01/22 18:10:01 Job executing on host: <188.185.204.177:9618?addrs=188.185.204.177-9618+[2001-1458-303-8--100-a5]-9618&alias=b9p02p5143.cern.ch&noUDP&sock=startd_4987_3ee4>
	SlotName: slot1_2@b9p02p5143.cern.ch
	CondorScratchDir = "/pool/condor/dir_2755157"
	Cpus = 1
	Disk = 3693
	GPUs = 0
	Memory = 3000
...
006 (9119775.000.000) 01/22 18:10:15 Image size of job updated: 166748
	163  -  MemoryUsage of job (MB)
	166748  -  ResidentSetSize of job (KB)
...
006 (9119775.000.000) 01/22 18:10:29 Image size of job updated: 166752
	163  -  MemoryUsage of job (MB)
	166748  -  ResidentSetSize of job (KB)
...
040 (9119775.000.000) 01/22 18:10:29 Started transferring output files
...
040 (9119775.000.000) 01/22 18:10:29 Finished transferring output files
...
005 (9119775.000.000) 01/22 18:10:29 Job terminated.
	(1) Normal termination (return value 0)
		Usr 0 00:00:17, Sys 0 00:00:02  -  Run Remote Usage
		Usr 0 00:00:00, Sys 0 00:00:00  -  Run Local Usage
		Usr 0 00:00:17, Sys 0 00:00:02  -  Total Remote Usage
		Usr 0 00:00:00, Sys 0 00:00:00  -  Total Local Usage
	6461  -  Run Bytes Sent By Job
	317  -  Run Bytes Received By Job
	6461  -  Total Bytes Sent By Job
	317  -  Total Bytes Received By Job
	Partitionable Resources :    Usage  Request Allocated 
	   Cpus                 :        0        1         1 
	   Disk (KB)            :       30        1      3693 
	   GPUs                 :                           0 
	   Memory (MB)          :      163     3000      3000 
	   TimeExecute (s)      :       28                    
	   TimeSlotBusy (s)     :       31                    

	Job terminated of its own accord at 2026-01-22T17:10:29Z with exit-code 0.
...
