000 (9119774.000.000) 01/22 18:08:33 Job submitted from host: <188.185.6.50:9618?addrs=188.185.6.50-9618+[2001-1458-d00-62--100-2b1]-9618&alias=bigbird25.cern.ch&noUDP&sock=schedd_1627_90ad>
...
040 (9119774.000.000) 01/22 18:09:59 Started transferring input files
	Transferring to host: <188.185.209.16:9618?addrs=188.185.209.16-9618+[2001-1458-303-11--100-d]-9618&alias=b9p11p3843.cern.ch&noUDP&sock=slot1_11_9162_352e_110138>
...
040 (9119774.000.000) 01/22 18:09:59 Finished transferring input files
...
001 (9119774.000.000) 01/22 18:10:00 Job executing on host: <188.185.209.16:9618?addrs=188.185.209.16-9618+[2001-1458-303-11--100-d]-9618&alias=b9p11p3843.cern.ch&noUDP&sock=startd_7636_3d45>
	SlotName: slot1_11@b9p11p3843.cern.ch
	CondorScratchDir = "/pool/condor/dir_10842"
	Cpus = 1
	Disk = 3639
	GPUs = 0
	Memory = 3000
...
006 (9119774.000.000) 01/22 18:10:12 Image size of job updated: 128520
	0  -  MemoryUsage of job (MB)
	0  -  ResidentSetSize of job (KB)
...
040 (9119774.000.000) 01/22 18:10:12 Started transferring output files
...
040 (9119774.000.000) 01/22 18:10:12 Finished transferring output files
...
005 (9119774.000.000) 01/22 18:10:12 Job terminated.
	(1) Normal termination (return value 0)
		Usr 0 00:00:02, Sys 0 00:00:01  -  Run Remote Usage
		Usr 0 00:00:00, Sys 0 00:00:00  -  Run Local Usage
		Usr 0 00:00:02, Sys 0 00:00:01  -  Total Remote Usage
		Usr 0 00:00:00, Sys 0 00:00:00  -  Total Local Usage
	5990  -  Run Bytes Sent By Job
	313  -  Run Bytes Received By Job
	5990  -  Total Bytes Sent By Job
	313  -  Total Bytes Received By Job
	Partitionable Resources :    Usage  Request Allocated 
	   Cpus                 :        0        1         1 
	   Disk (KB)            :       33        1      3639 
	   GPUs                 :                           0 
	   Memory (MB)          :        0     3000      3000 
	   TimeExecute (s)      :       12                    
	   TimeSlotBusy (s)     :       14                    

	Job terminated of its own accord at 2026-01-22T17:10:12Z with exit-code 0.
...
