000 (9119770.000.000) 01/22 18:08:32 Job submitted from host: <188.185.6.50:9618?addrs=188.185.6.50-9618+[2001-1458-d00-62--100-2b1]-9618&alias=bigbird25.cern.ch&noUDP&sock=schedd_1627_90ad>
...
040 (9119770.000.000) 01/22 18:09:51 Started transferring input files
	Transferring to host: <188.185.204.174:9618?addrs=188.185.204.174-9618+[2001-1458-303-8--100-a2]-9618&alias=b9p02p2167.cern.ch&noUDP&sock=slot1_31_5444_8a56_120065>
...
040 (9119770.000.000) 01/22 18:09:51 Finished transferring input files
...
001 (9119770.000.000) 01/22 18:09:52 Job executing on host: <188.185.204.174:9618?addrs=188.185.204.174-9618+[2001-1458-303-8--100-a2]-9618&alias=b9p02p2167.cern.ch&noUDP&sock=startd_4618_2472>
	SlotName: slot1_31@b9p02p2167.cern.ch
	CondorScratchDir = "/pool/condor/dir_628982"
	Cpus = 1
	Disk = 3728
	GPUs = 0
	Memory = 3000
...
006 (9119770.000.000) 01/22 18:10:05 Image size of job updated: 81788
	0  -  MemoryUsage of job (MB)
	0  -  ResidentSetSize of job (KB)
...
040 (9119770.000.000) 01/22 18:10:05 Started transferring output files
...
040 (9119770.000.000) 01/22 18:10:05 Finished transferring output files
...
005 (9119770.000.000) 01/22 18:10:05 Job terminated.
	(1) Normal termination (return value 0)
		Usr 0 00:00:03, Sys 0 00:00:01  -  Run Remote Usage
		Usr 0 00:00:00, Sys 0 00:00:00  -  Run Local Usage
		Usr 0 00:00:03, Sys 0 00:00:01  -  Total Remote Usage
		Usr 0 00:00:00, Sys 0 00:00:00  -  Total Local Usage
	6004  -  Run Bytes Sent By Job
	320  -  Run Bytes Received By Job
	6004  -  Total Bytes Sent By Job
	320  -  Total Bytes Received By Job
	Partitionable Resources :    Usage  Request Allocated 
	   Cpus                 :     0.31        1         1 
	   Disk (KB)            :    29           1      3728 
	   GPUs                 :                           0 
	   Memory (MB)          :     0        3000      3000 
	   TimeExecute (s)      :    13                       
	   TimeSlotBusy (s)     :    15                       

	Job terminated of its own accord at 2026-01-22T17:10:05Z with exit-code 0.
...
