000 (9119776.000.000) 01/22 18:08:34 Job submitted from host: <188.185.6.50:9618?addrs=188.185.6.50-9618+[2001-1458-d00-62--100-2b1]-9618&alias=bigbird25.cern.ch&noUDP&sock=schedd_1627_90ad>
...
040 (9119776.000.000) 01/22 18:09:59 Started transferring input files
	Transferring to host: <188.185.205.138:9618?addrs=188.185.205.138-9618+[2001-1458-303-a--100-7]-9618&alias=b9p04p5793.cern.ch&noUDP&sock=slot1_23_4032_a89d_122032>
...
040 (9119776.000.000) 01/22 18:09:59 Finished transferring input files
...
001 (9119776.000.000) 01/22 18:10:00 Job executing on host: <188.185.205.138:9618?addrs=188.185.205.138-9618+[2001-1458-303-a--100-7]-9618&alias=b9p04p5793.cern.ch&noUDP&sock=startd_3589_557e>
	SlotName: slot1_23@b9p04p5793.cern.ch
	CondorScratchDir = "/pool/condor/dir_2725468"
	Cpus = 1
	Disk = 3660
	GPUs = 0
	Memory = 3000
...
006 (9119776.000.000) 01/22 18:10:13 Image size of job updated: 129172
	127  -  MemoryUsage of job (MB)
	129172  -  ResidentSetSize of job (KB)
...
006 (9119776.000.000) 01/22 18:10:15 Image size of job updated: 154300
	127  -  MemoryUsage of job (MB)
	129172  -  ResidentSetSize of job (KB)
...
040 (9119776.000.000) 01/22 18:10:15 Started transferring output files
...
040 (9119776.000.000) 01/22 18:10:15 Finished transferring output files
...
005 (9119776.000.000) 01/22 18:10:15 Job terminated.
	(1) Normal termination (return value 0)
		Usr 0 00:00:03, Sys 0 00:00:02  -  Run Remote Usage
		Usr 0 00:00:00, Sys 0 00:00:00  -  Run Local Usage
		Usr 0 00:00:03, Sys 0 00:00:02  -  Total Remote Usage
		Usr 0 00:00:00, Sys 0 00:00:00  -  Total Local Usage
	5998  -  Run Bytes Sent By Job
	317  -  Run Bytes Received By Job
	5998  -  Total Bytes Sent By Job
	317  -  Total Bytes Received By Job
	Partitionable Resources :    Usage  Request Allocated 
	   Cpus                 :        0        1         1 
	   Disk (KB)            :       29        1      3660 
	   GPUs                 :                           0 
	   Memory (MB)          :      127     3000      3000 
	   TimeExecute (s)      :       15                    
	   TimeSlotBusy (s)     :       17                    

	Job terminated of its own accord at 2026-01-22T17:10:15Z with exit-code 0.
...
