000 (9119771.000.000) 01/22 18:08:32 Job submitted from host: <188.185.6.50:9618?addrs=188.185.6.50-9618+[2001-1458-d00-62--100-2b1]-9618&alias=bigbird25.cern.ch&noUDP&sock=schedd_1627_90ad>
...
040 (9119771.000.000) 01/22 18:09:58 Started transferring input files
	Transferring to host: <188.185.209.222:9618?addrs=188.185.209.222-9618+[2001-1458-303-12--100-5b]-9618&alias=b9p12p3106.cern.ch&noUDP&sock=slot1_16_6021_16ce_119441>
...
040 (9119771.000.000) 01/22 18:09:58 Finished transferring input files
...
001 (9119771.000.000) 01/22 18:09:59 Job executing on host: <188.185.209.222:9618?addrs=188.185.209.222-9618+[2001-1458-303-12--100-5b]-9618&alias=b9p12p3106.cern.ch&noUDP&sock=startd_5067_1e78>
	SlotName: slot1_16@b9p12p3106.cern.ch
	CondorScratchDir = "/pool/condor/dir_2195551"
	Cpus = 1
	Disk = 3641
	GPUs = 0
	Memory = 3000
...
006 (9119771.000.000) 01/22 18:10:12 Image size of job updated: 33488
	33  -  MemoryUsage of job (MB)
	33488  -  ResidentSetSize of job (KB)
...
006 (9119771.000.000) 01/22 18:10:38 Image size of job updated: 168544
	33  -  MemoryUsage of job (MB)
	33488  -  ResidentSetSize of job (KB)
...
040 (9119771.000.000) 01/22 18:10:38 Started transferring output files
...
040 (9119771.000.000) 01/22 18:10:38 Finished transferring output files
...
005 (9119771.000.000) 01/22 18:10:38 Job terminated.
	(1) Normal termination (return value 0)
		Usr 0 00:00:18, Sys 0 00:00:02  -  Run Remote Usage
		Usr 0 00:00:00, Sys 0 00:00:00  -  Run Local Usage
		Usr 0 00:00:18, Sys 0 00:00:02  -  Total Remote Usage
		Usr 0 00:00:00, Sys 0 00:00:00  -  Total Local Usage
	6520  -  Run Bytes Sent By Job
	324  -  Run Bytes Received By Job
	6520  -  Total Bytes Sent By Job
	324  -  Total Bytes Received By Job
	Partitionable Resources :    Usage  Request Allocated 
	   Cpus                 :        0        1         1 
	   Disk (KB)            :       30        1      3641 
	   GPUs                 :                           0 
	   Memory (MB)          :       33     3000      3000 
	   TimeExecute (s)      :       39                    
	   TimeSlotBusy (s)     :       41                    

	Job terminated of its own accord at 2026-01-22T17:10:38Z with exit-code 0.
...
