000 (9119751.000.000) 01/22 18:08:26 Job submitted from host: <188.185.6.50:9618?addrs=188.185.6.50-9618+[2001-1458-d00-62--100-2b1]-9618&alias=bigbird25.cern.ch&noUDP&sock=schedd_1627_90ad>
...
040 (9119751.000.000) 01/22 18:09:52 Started transferring input files
	Transferring to host: <188.185.194.135:9618?addrs=188.185.194.135-9618+[2001-1458-303-21--100-83]-9618&alias=b9p20p5089.cern.ch&noUDP&sock=slot1_8_7889_439a_120516>
...
040 (9119751.000.000) 01/22 18:09:52 Finished transferring input files
...
001 (9119751.000.000) 01/22 18:09:53 Job executing on host: <188.185.194.135:9618?addrs=188.185.194.135-9618+[2001-1458-303-21--100-83]-9618&alias=b9p20p5089.cern.ch&noUDP&sock=startd_6592_2465>
	SlotName: slot1_8@b9p20p5089.cern.ch
	CondorScratchDir = "/pool/condor/dir_99337"
	Cpus = 1
	Disk = 3811
	GPUs = 0
	Memory = 3000
...
006 (9119751.000.000) 01/22 18:10:07 Image size of job updated: 92612
	91  -  MemoryUsage of job (MB)
	92612  -  ResidentSetSize of job (KB)
...
006 (9119751.000.000) 01/22 18:15:08 Image size of job updated: 306752
	300  -  MemoryUsage of job (MB)
	306752  -  ResidentSetSize of job (KB)
...
006 (9119751.000.000) 01/22 18:15:36 Image size of job updated: 411992
	300  -  MemoryUsage of job (MB)
	306752  -  ResidentSetSize of job (KB)
...
040 (9119751.000.000) 01/22 18:15:36 Started transferring output files
...
040 (9119751.000.000) 01/22 18:15:36 Finished transferring output files
...
005 (9119751.000.000) 01/22 18:15:36 Job terminated.
	(1) Normal termination (return value 0)
		Usr 0 00:04:12, Sys 0 00:00:04  -  Run Remote Usage
		Usr 0 00:00:00, Sys 0 00:00:00  -  Run Local Usage
		Usr 0 00:04:12, Sys 0 00:00:04  -  Total Remote Usage
		Usr 0 00:00:00, Sys 0 00:00:00  -  Total Local Usage
	10251  -  Run Bytes Sent By Job
	313  -  Run Bytes Received By Job
	10251  -  Total Bytes Sent By Job
	313  -  Total Bytes Received By Job
	Partitionable Resources :    Usage  Request Allocated 
	   Cpus                 :        0        1         1 
	   Disk (KB)            :       33        1      3811 
	   GPUs                 :                           0 
	   Memory (MB)          :      300     3000      3000 
	   TimeExecute (s)      :      343                    
	   TimeSlotBusy (s)     :      345                    

	Job terminated of its own accord at 2026-01-22T17:15:36Z with exit-code 0.
...
