000 (9119754.000.000) 01/22 18:08:27 Job submitted from host: <188.185.6.50:9618?addrs=188.185.6.50-9618+[2001-1458-d00-62--100-2b1]-9618&alias=bigbird25.cern.ch&noUDP&sock=schedd_1627_90ad>
...
040 (9119754.000.000) 01/22 18:09:53 Started transferring input files
	Transferring to host: <128.142.132.27:9618?addrs=128.142.132.27-9618+[2001-1458-301-5a--100-f]-9618&alias=b9g12p7126.cern.ch&noUDP&sock=slot1_1_610436_2270_125932>
...
040 (9119754.000.000) 01/22 18:09:53 Finished transferring input files
...
001 (9119754.000.000) 01/22 18:09:54 Job executing on host: <128.142.132.27:9618?addrs=128.142.132.27-9618+[2001-1458-301-5a--100-f]-9618&alias=b9g12p7126.cern.ch&noUDP&sock=startd_2445_a525>
	SlotName: slot1_1@b9g12p7126.cern.ch
	CondorScratchDir = "/pool/condor/dir_2595410"
	Cpus = 1
	Disk = 2702
	GPUs = 0
	Memory = 3000
...
006 (9119754.000.000) 01/22 18:10:08 Image size of job updated: 150456
	147  -  MemoryUsage of job (MB)
	150456  -  ResidentSetSize of job (KB)
...
006 (9119754.000.000) 01/22 18:10:09 Image size of job updated: 150496
	147  -  MemoryUsage of job (MB)
	150496  -  ResidentSetSize of job (KB)
...
040 (9119754.000.000) 01/22 18:10:09 Started transferring output files
...
040 (9119754.000.000) 01/22 18:10:09 Finished transferring output files
...
005 (9119754.000.000) 01/22 18:10:09 Job terminated.
	(1) Normal termination (return value 0)
		Usr 0 00:00:04, Sys 0 00:00:01  -  Run Remote Usage
		Usr 0 00:00:00, Sys 0 00:00:00  -  Run Local Usage
		Usr 0 00:00:04, Sys 0 00:00:01  -  Total Remote Usage
		Usr 0 00:00:00, Sys 0 00:00:00  -  Total Local Usage
	6004  -  Run Bytes Sent By Job
	313  -  Run Bytes Received By Job
	6004  -  Total Bytes Sent By Job
	313  -  Total Bytes Received By Job
	Partitionable Resources :    Usage  Request Allocated 
	   Cpus                 :        0        1         1 
	   Disk (KB)            :       29        1      2702 
	   GPUs                 :                           0 
	   Memory (MB)          :      147     3000      3000 
	   TimeExecute (s)      :       15                    
	   TimeSlotBusy (s)     :       17                    

	Job terminated of its own accord at 2026-01-22T17:10:09Z with exit-code 0.
...
