000 (9119752.000.000) 01/22 18:08:27 Job submitted from host: <188.185.6.50:9618?addrs=188.185.6.50-9618+[2001-1458-d00-62--100-2b1]-9618&alias=bigbird25.cern.ch&noUDP&sock=schedd_1627_90ad>
...
040 (9119752.000.000) 01/22 18:09:52 Started transferring input files
	Transferring to host: <188.185.206.200:9618?addrs=188.185.206.200-9618+[2001-1458-303-c--100-45]-9618&alias=b9p06p1686.cern.ch&noUDP&sock=slot1_11_5807_4e85_112315>
...
040 (9119752.000.000) 01/22 18:09:52 Finished transferring input files
...
001 (9119752.000.000) 01/22 18:09:53 Job executing on host: <188.185.206.200:9618?addrs=188.185.206.200-9618+[2001-1458-303-c--100-45]-9618&alias=b9p06p1686.cern.ch&noUDP&sock=startd_4924_086d>
	SlotName: slot1_11@b9p06p1686.cern.ch
	CondorScratchDir = "/pool/condor/dir_2911618"
	Cpus = 1
	Disk = 3667
	GPUs = 0
	Memory = 3000
...
006 (9119752.000.000) 01/22 18:10:07 Image size of job updated: 180104
	176  -  MemoryUsage of job (MB)
	180104  -  ResidentSetSize of job (KB)
...
006 (9119752.000.000) 01/22 18:13:36 Image size of job updated: 411460
	176  -  MemoryUsage of job (MB)
	180104  -  ResidentSetSize of job (KB)
...
040 (9119752.000.000) 01/22 18:13:36 Started transferring output files
...
040 (9119752.000.000) 01/22 18:13:36 Finished transferring output files
...
005 (9119752.000.000) 01/22 18:13:36 Job terminated.
	(1) Normal termination (return value 0)
		Usr 0 00:03:06, Sys 0 00:00:04  -  Run Remote Usage
		Usr 0 00:00:00, Sys 0 00:00:00  -  Run Local Usage
		Usr 0 00:03:06, Sys 0 00:00:04  -  Total Remote Usage
		Usr 0 00:00:00, Sys 0 00:00:00  -  Total Local Usage
	10373  -  Run Bytes Sent By Job
	313  -  Run Bytes Received By Job
	10373  -  Total Bytes Sent By Job
	313  -  Total Bytes Received By Job
	Partitionable Resources :    Usage  Request Allocated 
	   Cpus                 :        0        1         1 
	   Disk (KB)            :       36        1      3667 
	   GPUs                 :                           0 
	   Memory (MB)          :      176     3000      3000 
	   TimeExecute (s)      :      223                    
	   TimeSlotBusy (s)     :      225                    

	Job terminated of its own accord at 2026-01-22T17:13:36Z with exit-code 0.
...
