000 (9119756.000.000) 01/22 18:08:28 Job submitted from host: <188.185.6.50:9618?addrs=188.185.6.50-9618+[2001-1458-d00-62--100-2b1]-9618&alias=bigbird25.cern.ch&noUDP&sock=schedd_1627_90ad>
...
040 (9119756.000.000) 01/22 18:09:53 Started transferring input files
	Transferring to host: <188.185.209.87:9618?addrs=188.185.209.87-9618+[2001-1458-303-11--100-54]-9618&alias=b9p11p2849.cern.ch&noUDP&sock=slot1_11_1514764_0516_42124>
...
040 (9119756.000.000) 01/22 18:09:53 Finished transferring input files
...
001 (9119756.000.000) 01/22 18:09:54 Job executing on host: <188.185.209.87:9618?addrs=188.185.209.87-9618+[2001-1458-303-11--100-54]-9618&alias=b9p11p2849.cern.ch&noUDP&sock=startd_1511208_91d0>
	SlotName: slot1_11@b9p11p2849.cern.ch
	CondorScratchDir = "/pool/condor/dir_1209027"
	Cpus = 1
	Disk = 3647
	GPUs = 0
	Memory = 3000
...
006 (9119756.000.000) 01/22 18:10:08 Image size of job updated: 180208
	176  -  MemoryUsage of job (MB)
	180208  -  ResidentSetSize of job (KB)
...
006 (9119756.000.000) 01/22 18:14:26 Image size of job updated: 180224
	176  -  MemoryUsage of job (MB)
	180208  -  ResidentSetSize of job (KB)
...
040 (9119756.000.000) 01/22 18:14:26 Started transferring output files
...
040 (9119756.000.000) 01/22 18:14:26 Finished transferring output files
...
005 (9119756.000.000) 01/22 18:14:26 Job terminated.
	(1) Normal termination (return value 0)
		Usr 0 00:03:04, Sys 0 00:00:04  -  Run Remote Usage
		Usr 0 00:00:00, Sys 0 00:00:00  -  Run Local Usage
		Usr 0 00:03:04, Sys 0 00:00:04  -  Total Remote Usage
		Usr 0 00:00:00, Sys 0 00:00:00  -  Total Local Usage
	10394  -  Run Bytes Sent By Job
	320  -  Run Bytes Received By Job
	10394  -  Total Bytes Sent By Job
	320  -  Total Bytes Received By Job
	Partitionable Resources :    Usage  Request Allocated 
	   Cpus                 :        0        1         1 
	   Disk (KB)            :       37        1      3647 
	   GPUs                 :                           0 
	   Memory (MB)          :      176     3000      3000 
	   TimeExecute (s)      :      272                    
	   TimeSlotBusy (s)     :      274                    

	Job terminated of its own accord at 2026-01-22T17:14:26Z with exit-code 0.
...
