000 (9119753.000.000) 01/22 18:08:27 Job submitted from host: <188.185.6.50:9618?addrs=188.185.6.50-9618+[2001-1458-d00-62--100-2b1]-9618&alias=bigbird25.cern.ch&noUDP&sock=schedd_1627_90ad>
...
040 (9119753.000.000) 01/22 18:09:52 Started transferring input files
	Transferring to host: <188.185.206.161:9618?addrs=188.185.206.161-9618+[2001-1458-303-c--100-1e]-9618&alias=b9p06p4981.cern.ch&noUDP&sock=slot1_20_5550_3a1b_114002>
...
040 (9119753.000.000) 01/22 18:09:52 Finished transferring input files
...
001 (9119753.000.000) 01/22 18:09:53 Job executing on host: <188.185.206.161:9618?addrs=188.185.206.161-9618+[2001-1458-303-c--100-1e]-9618&alias=b9p06p4981.cern.ch&noUDP&sock=startd_4633_6e5d>
	SlotName: slot1_20@b9p06p4981.cern.ch
	CondorScratchDir = "/pool/condor/dir_525985"
	Cpus = 1
	Disk = 3554
	GPUs = 0
	Memory = 3000
...
006 (9119753.000.000) 01/22 18:10:07 Image size of job updated: 237152
	232  -  MemoryUsage of job (MB)
	237152  -  ResidentSetSize of job (KB)
...
006 (9119753.000.000) 01/22 18:10:55 Image size of job updated: 305108
	232  -  MemoryUsage of job (MB)
	237352  -  ResidentSetSize of job (KB)
...
040 (9119753.000.000) 01/22 18:10:55 Started transferring output files
...
040 (9119753.000.000) 01/22 18:10:55 Finished transferring output files
...
005 (9119753.000.000) 01/22 18:10:55 Job terminated.
	(1) Normal termination (return value 0)
		Usr 0 00:00:47, Sys 0 00:00:02  -  Run Remote Usage
		Usr 0 00:00:00, Sys 0 00:00:00  -  Run Local Usage
		Usr 0 00:00:47, Sys 0 00:00:02  -  Total Remote Usage
		Usr 0 00:00:00, Sys 0 00:00:00  -  Total Local Usage
	7601  -  Run Bytes Sent By Job
	313  -  Run Bytes Received By Job
	7601  -  Total Bytes Sent By Job
	313  -  Total Bytes Received By Job
	Partitionable Resources :    Usage  Request Allocated 
	   Cpus                 :        0        1         1 
	   Disk (KB)            :       33        1      3554 
	   GPUs                 :                           0 
	   Memory (MB)          :      232     3000      3000 
	   TimeExecute (s)      :       62                    
	   TimeSlotBusy (s)     :       64                    

	Job terminated of its own accord at 2026-01-22T17:10:55Z with exit-code 0.
...
