000 (9119749.000.000) 01/22 18:08:26 Job submitted from host: <188.185.6.50:9618?addrs=188.185.6.50-9618+[2001-1458-d00-62--100-2b1]-9618&alias=bigbird25.cern.ch&noUDP&sock=schedd_1627_90ad>
...
040 (9119749.000.000) 01/22 18:09:51 Started transferring input files
	Transferring to host: <188.185.212.184:9618?addrs=188.185.212.184-9618+[2001-1458-303-19--100-34]-9618&alias=b9p26p5657.cern.ch&noUDP&sock=slot1_1_254473_ffc5_51590>
...
040 (9119749.000.000) 01/22 18:09:51 Finished transferring input files
...
001 (9119749.000.000) 01/22 18:09:52 Job executing on host: <188.185.212.184:9618?addrs=188.185.212.184-9618+[2001-1458-303-19--100-34]-9618&alias=b9p26p5657.cern.ch&noUDP&sock=startd_254313_24c4>
	SlotName: slot1_1@b9p26p5657.cern.ch
	CondorScratchDir = "/pool/condor/dir_2383077"
	Cpus = 1
	Disk = 3771
	GPUs = 0
	Memory = 3000
...
006 (9119749.000.000) 01/22 18:10:06 Image size of job updated: 168540
	165  -  MemoryUsage of job (MB)
	168540  -  ResidentSetSize of job (KB)
...
006 (9119749.000.000) 01/22 18:10:11 Image size of job updated: 168572
	165  -  MemoryUsage of job (MB)
	168540  -  ResidentSetSize of job (KB)
...
040 (9119749.000.000) 01/22 18:10:11 Started transferring output files
...
040 (9119749.000.000) 01/22 18:10:11 Finished transferring output files
...
005 (9119749.000.000) 01/22 18:10:11 Job terminated.
	(1) Normal termination (return value 0)
		Usr 0 00:00:07, Sys 0 00:00:02  -  Run Remote Usage
		Usr 0 00:00:00, Sys 0 00:00:00  -  Run Local Usage
		Usr 0 00:00:07, Sys 0 00:00:02  -  Total Remote Usage
		Usr 0 00:00:00, Sys 0 00:00:00  -  Total Local Usage
	6262  -  Run Bytes Sent By Job
	314  -  Run Bytes Received By Job
	6262  -  Total Bytes Sent By Job
	314  -  Total Bytes Received By Job
	Partitionable Resources :    Usage  Request Allocated 
	   Cpus                 :                 1         1 
	   Disk (KB)            :       22        1      3771 
	   GPUs                 :                           0 
	   Memory (MB)          :      165     3000      3000 
	   TimeExecute (s)      :       19                    
	   TimeSlotBusy (s)     :       21                    

	Job terminated of its own accord at 2026-01-22T17:10:11Z with exit-code 0.
...
