000 (9119750.000.000) 01/22 18:08:26 Job submitted from host: <188.185.6.50:9618?addrs=188.185.6.50-9618+[2001-1458-d00-62--100-2b1]-9618&alias=bigbird25.cern.ch&noUDP&sock=schedd_1627_90ad>
...
040 (9119750.000.000) 01/22 18:09:59 Started transferring input files
	Transferring to host: <188.185.214.93:9618?addrs=188.185.214.93-9618+[2001-1458-303-1c--100-59]-9618&alias=b9p29p1911.cern.ch&noUDP&sock=slot1_26_5521_cb3a_134533>
...
040 (9119750.000.000) 01/22 18:09:59 Finished transferring input files
...
001 (9119750.000.000) 01/22 18:10:00 Job executing on host: <188.185.214.93:9618?addrs=188.185.214.93-9618+[2001-1458-303-1c--100-59]-9618&alias=b9p29p1911.cern.ch&noUDP&sock=startd_4590_efcb>
	SlotName: slot1_26@b9p29p1911.cern.ch
	CondorScratchDir = "/pool/condor/dir_2281080"
	Cpus = 1
	Disk = 3768
	GPUs = 0
	Memory = 3000
...
006 (9119750.000.000) 01/22 18:10:10 Image size of job updated: 284
	0  -  MemoryUsage of job (MB)
	0  -  ResidentSetSize of job (KB)
...
040 (9119750.000.000) 01/22 18:10:10 Started transferring output files
...
040 (9119750.000.000) 01/22 18:10:10 Finished transferring output files
...
005 (9119750.000.000) 01/22 18:10:10 Job terminated.
	(1) Normal termination (return value 0)
		Usr 0 00:00:02, Sys 0 00:00:01  -  Run Remote Usage
		Usr 0 00:00:00, Sys 0 00:00:00  -  Run Local Usage
		Usr 0 00:00:02, Sys 0 00:00:01  -  Total Remote Usage
		Usr 0 00:00:00, Sys 0 00:00:00  -  Total Local Usage
	5992  -  Run Bytes Sent By Job
	314  -  Run Bytes Received By Job
	5992  -  Total Bytes Sent By Job
	314  -  Total Bytes Received By Job
	Partitionable Resources :    Usage  Request Allocated 
	   Cpus                 :        0        1         1 
	   Disk (KB)            :       29        1      3768 
	   GPUs                 :                           0 
	   Memory (MB)          :        0     3000      3000 
	   TimeExecute (s)      :       10                    
	   TimeSlotBusy (s)     :       11                    

	Job terminated of its own accord at 2026-01-22T17:10:10Z with exit-code 0.
...
