000 (9119759.000.000) 01/22 18:08:29 Job submitted from host: <188.185.6.50:9618?addrs=188.185.6.50-9618+[2001-1458-d00-62--100-2b1]-9618&alias=bigbird25.cern.ch&noUDP&sock=schedd_1627_90ad>
...
040 (9119759.000.000) 01/22 18:09:55 Started transferring input files
	Transferring to host: <188.185.204.158:9618?addrs=188.185.204.158-9618+[2001-1458-303-8--100-92]-9618&alias=b9p02p0813.cern.ch&noUDP&sock=slot1_27_4437_048e_119738>
...
040 (9119759.000.000) 01/22 18:09:55 Finished transferring input files
...
001 (9119759.000.000) 01/22 18:09:56 Job executing on host: <188.185.204.158:9618?addrs=188.185.204.158-9618+[2001-1458-303-8--100-92]-9618&alias=b9p02p0813.cern.ch&noUDP&sock=startd_3727_fd8f>
	SlotName: slot1_27@b9p02p0813.cern.ch
	CondorScratchDir = "/pool/condor/dir_1197124"
	Cpus = 1
	Disk = 3577
	GPUs = 0
	Memory = 3000
...
006 (9119759.000.000) 01/22 18:10:09 Image size of job updated: 171772
	168  -  MemoryUsage of job (MB)
	171772  -  ResidentSetSize of job (KB)
...
006 (9119759.000.000) 01/22 18:10:29 Image size of job updated: 264620
	168  -  MemoryUsage of job (MB)
	171772  -  ResidentSetSize of job (KB)
...
040 (9119759.000.000) 01/22 18:10:29 Started transferring output files
...
040 (9119759.000.000) 01/22 18:10:29 Finished transferring output files
...
005 (9119759.000.000) 01/22 18:10:29 Job terminated.
	(1) Normal termination (return value 0)
		Usr 0 00:00:22, Sys 0 00:00:02  -  Run Remote Usage
		Usr 0 00:00:00, Sys 0 00:00:00  -  Run Local Usage
		Usr 0 00:00:22, Sys 0 00:00:02  -  Total Remote Usage
		Usr 0 00:00:00, Sys 0 00:00:00  -  Total Local Usage
	6616  -  Run Bytes Sent By Job
	313  -  Run Bytes Received By Job
	6616  -  Total Bytes Sent By Job
	313  -  Total Bytes Received By Job
	Partitionable Resources :    Usage  Request Allocated 
	   Cpus                 :        0        1         1 
	   Disk (KB)            :       30        1      3577 
	   GPUs                 :                           0 
	   Memory (MB)          :      168     3000      3000 
	   TimeExecute (s)      :       33                    
	   TimeSlotBusy (s)     :       36                    

	Job terminated of its own accord at 2026-01-22T17:10:29Z with exit-code 0.
...
