000 (9119760.000.000) 01/22 18:08:29 Job submitted from host: <188.185.6.50:9618?addrs=188.185.6.50-9618+[2001-1458-d00-62--100-2b1]-9618&alias=bigbird25.cern.ch&noUDP&sock=schedd_1627_90ad>
...
040 (9119760.000.000) 01/22 18:09:54 Started transferring input files
	Transferring to host: <128.142.132.129:9618?addrs=128.142.132.129-9618+[2001-1458-301-5a--100-75]-9618&alias=b9g12p8048.cern.ch&noUDP&sock=slot1_33_2824_836c_121044>
...
040 (9119760.000.000) 01/22 18:09:54 Finished transferring input files
...
001 (9119760.000.000) 01/22 18:09:55 Job executing on host: <128.142.132.129:9618?addrs=128.142.132.129-9618+[2001-1458-301-5a--100-75]-9618&alias=b9g12p8048.cern.ch&noUDP&sock=startd_2358_f868>
	SlotName: slot1_33@b9g12p8048.cern.ch
	CondorScratchDir = "/pool/condor/dir_3722051"
	Cpus = 1
	Disk = 2653
	GPUs = 0
	Memory = 3000
...
006 (9119760.000.000) 01/22 18:10:09 Image size of job updated: 130748
	128  -  MemoryUsage of job (MB)
	130748  -  ResidentSetSize of job (KB)
...
006 (9119760.000.000) 01/22 18:10:12 Image size of job updated: 142920
	128  -  MemoryUsage of job (MB)
	130788  -  ResidentSetSize of job (KB)
...
040 (9119760.000.000) 01/22 18:10:12 Started transferring output files
...
040 (9119760.000.000) 01/22 18:10:12 Finished transferring output files
...
005 (9119760.000.000) 01/22 18:10:12 Job terminated.
	(1) Normal termination (return value 0)
		Usr 0 00:00:05, Sys 0 00:00:01  -  Run Remote Usage
		Usr 0 00:00:00, Sys 0 00:00:00  -  Run Local Usage
		Usr 0 00:00:05, Sys 0 00:00:01  -  Total Remote Usage
		Usr 0 00:00:00, Sys 0 00:00:00  -  Total Local Usage
	5990  -  Run Bytes Sent By Job
	313  -  Run Bytes Received By Job
	5990  -  Total Bytes Sent By Job
	313  -  Total Bytes Received By Job
	Partitionable Resources :    Usage  Request Allocated 
	   Cpus                 :        0        1         1 
	   Disk (KB)            :       29        1      2653 
	   GPUs                 :                           0 
	   Memory (MB)          :      128     3000      3000 
	   TimeExecute (s)      :       17                    
	   TimeSlotBusy (s)     :       19                    

	Job terminated of its own accord at 2026-01-22T17:10:12Z with exit-code 0.
...
