000 (9119764.000.000) 01/22 18:08:30 Job submitted from host: <188.185.6.50:9618?addrs=188.185.6.50-9618+[2001-1458-d00-62--100-2b1]-9618&alias=bigbird25.cern.ch&noUDP&sock=schedd_1627_90ad>
...
040 (9119764.000.000) 01/22 18:09:56 Started transferring input files
	Transferring to host: <188.185.209.163:9618?addrs=188.185.209.163-9618+[2001-1458-303-12--100-20]-9618&alias=b9p12p5876.cern.ch&noUDP&sock=slot1_34_10961_c417_119398>
...
040 (9119764.000.000) 01/22 18:09:56 Finished transferring input files
...
001 (9119764.000.000) 01/22 18:09:57 Job executing on host: <188.185.209.163:9618?addrs=188.185.209.163-9618+[2001-1458-303-12--100-20]-9618&alias=b9p12p5876.cern.ch&noUDP&sock=startd_10479_4d05>
	SlotName: slot1_34@b9p12p5876.cern.ch
	CondorScratchDir = "/pool/condor/dir_1397821"
	Cpus = 1
	Disk = 3683
	GPUs = 0
	Memory = 3000
...
006 (9119764.000.000) 01/22 18:10:08 Image size of job updated: 128720
	0  -  MemoryUsage of job (MB)
	0  -  ResidentSetSize of job (KB)
...
040 (9119764.000.000) 01/22 18:10:08 Started transferring output files
...
040 (9119764.000.000) 01/22 18:10:08 Finished transferring output files
...
005 (9119764.000.000) 01/22 18:10:08 Job terminated.
	(1) Normal termination (return value 0)
		Usr 0 00:00:03, Sys 0 00:00:01  -  Run Remote Usage
		Usr 0 00:00:00, Sys 0 00:00:00  -  Run Local Usage
		Usr 0 00:00:03, Sys 0 00:00:01  -  Total Remote Usage
		Usr 0 00:00:00, Sys 0 00:00:00  -  Total Local Usage
	5988  -  Run Bytes Sent By Job
	312  -  Run Bytes Received By Job
	5988  -  Total Bytes Sent By Job
	312  -  Total Bytes Received By Job
	Partitionable Resources :    Usage  Request Allocated 
	   Cpus                 :        0        1         1 
	   Disk (KB)            :       29        1      3683 
	   GPUs                 :                           0 
	   Memory (MB)          :        0     3000      3000 
	   TimeExecute (s)      :       11                    
	   TimeSlotBusy (s)     :       13                    

	Job terminated of its own accord at 2026-01-22T17:10:08Z with exit-code 0.
...
