000 (9119761.000.000) 01/22 18:08:29 Job submitted from host: <188.185.6.50:9618?addrs=188.185.6.50-9618+[2001-1458-d00-62--100-2b1]-9618&alias=bigbird25.cern.ch&noUDP&sock=schedd_1627_90ad>
...
040 (9119761.000.000) 01/22 18:09:55 Started transferring input files
	Transferring to host: <188.185.207.7:9618?addrs=188.185.207.7-9618+[2001-1458-303-d--100-4]-9618&alias=b9p07p4996.cern.ch&noUDP&sock=slot1_16_2630385_f02d_45401>
...
040 (9119761.000.000) 01/22 18:09:55 Finished transferring input files
...
001 (9119761.000.000) 01/22 18:09:56 Job executing on host: <188.185.207.7:9618?addrs=188.185.207.7-9618+[2001-1458-303-d--100-4]-9618&alias=b9p07p4996.cern.ch&noUDP&sock=startd_9180_4b7f>
	SlotName: slot1_16@b9p07p4996.cern.ch
	CondorScratchDir = "/pool/condor/dir_4065278"
	Cpus = 1
	Disk = 3810
	GPUs = 0
	Memory = 3000
...
006 (9119761.000.000) 01/22 18:10:09 Image size of job updated: 159444
	156  -  MemoryUsage of job (MB)
	159444  -  ResidentSetSize of job (KB)
...
006 (9119761.000.000) 01/22 18:11:24 Image size of job updated: 173552
	157  -  MemoryUsage of job (MB)
	159820  -  ResidentSetSize of job (KB)
...
040 (9119761.000.000) 01/22 18:11:24 Started transferring output files
...
040 (9119761.000.000) 01/22 18:11:24 Finished transferring output files
...
005 (9119761.000.000) 01/22 18:11:24 Job terminated.
	(1) Normal termination (return value 0)
		Usr 0 00:01:00, Sys 0 00:00:02  -  Run Remote Usage
		Usr 0 00:00:00, Sys 0 00:00:00  -  Run Local Usage
		Usr 0 00:01:00, Sys 0 00:00:02  -  Total Remote Usage
		Usr 0 00:00:00, Sys 0 00:00:00  -  Total Local Usage
	7373  -  Run Bytes Sent By Job
	312  -  Run Bytes Received By Job
	7373  -  Total Bytes Sent By Job
	312  -  Total Bytes Received By Job
	Partitionable Resources :    Usage  Request Allocated 
	   Cpus                 :        0        1         1 
	   Disk (KB)            :       31        1      3810 
	   GPUs                 :                           0 
	   Memory (MB)          :      157     3000      3000 
	   TimeExecute (s)      :       88                    
	   TimeSlotBusy (s)     :       90                    

	Job terminated of its own accord at 2026-01-22T17:11:24Z with exit-code 0.
...
