000 (9119763.000.000) 01/22 18:08:30 Job submitted from host: <188.185.6.50:9618?addrs=188.185.6.50-9618+[2001-1458-d00-62--100-2b1]-9618&alias=bigbird25.cern.ch&noUDP&sock=schedd_1627_90ad>
...
040 (9119763.000.000) 01/22 18:09:55 Started transferring input files
	Transferring to host: <188.185.208.197:9618?addrs=188.185.208.197-9618+[2001-1458-303-10--100-42]-9618&alias=b9p10p5710.cern.ch&noUDP&sock=slot1_31_6647_29a7_118310>
...
040 (9119763.000.000) 01/22 18:09:55 Finished transferring input files
...
001 (9119763.000.000) 01/22 18:09:56 Job executing on host: <188.185.208.197:9618?addrs=188.185.208.197-9618+[2001-1458-303-10--100-42]-9618&alias=b9p10p5710.cern.ch&noUDP&sock=startd_5932_6fe4>
	SlotName: slot1_31@b9p10p5710.cern.ch
	CondorScratchDir = "/pool/condor/dir_2025643"
	Cpus = 1
	Disk = 3633
	GPUs = 0
	Memory = 3000
...
006 (9119763.000.000) 01/22 18:10:10 Image size of job updated: 166636
	163  -  MemoryUsage of job (MB)
	166636  -  ResidentSetSize of job (KB)
...
006 (9119763.000.000) 01/22 18:10:25 Image size of job updated: 166644
	163  -  MemoryUsage of job (MB)
	166636  -  ResidentSetSize of job (KB)
...
040 (9119763.000.000) 01/22 18:10:25 Started transferring output files
...
040 (9119763.000.000) 01/22 18:10:25 Finished transferring output files
...
005 (9119763.000.000) 01/22 18:10:25 Job terminated.
	(1) Normal termination (return value 0)
		Usr 0 00:00:18, Sys 0 00:00:02  -  Run Remote Usage
		Usr 0 00:00:00, Sys 0 00:00:00  -  Run Local Usage
		Usr 0 00:00:18, Sys 0 00:00:02  -  Total Remote Usage
		Usr 0 00:00:00, Sys 0 00:00:00  -  Total Local Usage
	6446  -  Run Bytes Sent By Job
	312  -  Run Bytes Received By Job
	6446  -  Total Bytes Sent By Job
	312  -  Total Bytes Received By Job
	Partitionable Resources :    Usage  Request Allocated 
	   Cpus                 :        0        1         1 
	   Disk (KB)            :       30        1      3633 
	   GPUs                 :                           0 
	   Memory (MB)          :      163     3000      3000 
	   TimeExecute (s)      :       29                    
	   TimeSlotBusy (s)     :       31                    

	Job terminated of its own accord at 2026-01-22T17:10:25Z with exit-code 0.
...
