000 (9119762.000.000) 01/22 18:08:30 Job submitted from host: <188.185.6.50:9618?addrs=188.185.6.50-9618+[2001-1458-d00-62--100-2b1]-9618&alias=bigbird25.cern.ch&noUDP&sock=schedd_1627_90ad>
...
040 (9119762.000.000) 01/22 18:09:55 Started transferring input files
	Transferring to host: <188.185.205.180:9618?addrs=188.185.205.180-9618+[2001-1458-303-a--100-31]-9618&alias=b9p04p8901.cern.ch&noUDP&sock=slot1_5_5493_10b8_120091>
...
040 (9119762.000.000) 01/22 18:09:55 Finished transferring input files
...
001 (9119762.000.000) 01/22 18:09:56 Job executing on host: <188.185.205.180:9618?addrs=188.185.205.180-9618+[2001-1458-303-a--100-31]-9618&alias=b9p04p8901.cern.ch&noUDP&sock=startd_4642_9ab8>
	SlotName: slot1_5@b9p04p8901.cern.ch
	CondorScratchDir = "/pool/condor/dir_3322586"
	Cpus = 1
	Disk = 3672
	GPUs = 0
	Memory = 3000
...
006 (9119762.000.000) 01/22 18:10:08 Image size of job updated: 115164
	0  -  MemoryUsage of job (MB)
	0  -  ResidentSetSize of job (KB)
...
040 (9119762.000.000) 01/22 18:10:08 Started transferring output files
...
040 (9119762.000.000) 01/22 18:10:08 Finished transferring output files
...
005 (9119762.000.000) 01/22 18:10:08 Job terminated.
	(1) Normal termination (return value 0)
		Usr 0 00:00:03, Sys 0 00:00:01  -  Run Remote Usage
		Usr 0 00:00:00, Sys 0 00:00:00  -  Run Local Usage
		Usr 0 00:00:03, Sys 0 00:00:01  -  Total Remote Usage
		Usr 0 00:00:00, Sys 0 00:00:00  -  Total Local Usage
	5988  -  Run Bytes Sent By Job
	312  -  Run Bytes Received By Job
	5988  -  Total Bytes Sent By Job
	312  -  Total Bytes Received By Job
	Partitionable Resources :    Usage  Request Allocated 
	   Cpus                 :        0        1         1 
	   Disk (KB)            :       29        1      3672 
	   GPUs                 :                           0 
	   Memory (MB)          :        0     3000      3000 
	   TimeExecute (s)      :       12                    
	   TimeSlotBusy (s)     :       14                    

	Job terminated of its own accord at 2026-01-22T17:10:08Z with exit-code 0.
...
