000 (9119767.000.000) 01/22 18:08:31 Job submitted from host: <188.185.6.50:9618?addrs=188.185.6.50-9618+[2001-1458-d00-62--100-2b1]-9618&alias=bigbird25.cern.ch&noUDP&sock=schedd_1627_90ad>
...
040 (9119767.000.000) 01/22 18:09:57 Started transferring input files
	Transferring to host: <188.185.204.201:9618?addrs=188.185.204.201-9618+[2001-1458-303-8--100-bd]-9618&alias=b9p02p9613.cern.ch&noUDP&sock=slot1_11_9370_c336_122079>
...
040 (9119767.000.000) 01/22 18:09:57 Finished transferring input files
...
001 (9119767.000.000) 01/22 18:09:58 Job executing on host: <188.185.204.201:9618?addrs=188.185.204.201-9618+[2001-1458-303-8--100-bd]-9618&alias=b9p02p9613.cern.ch&noUDP&sock=startd_8397_38d7>
	SlotName: slot1_11@b9p02p9613.cern.ch
	CondorScratchDir = "/pool/condor/dir_3571413"
	Cpus = 1
	Disk = 3578
	GPUs = 0
	Memory = 3000
...
006 (9119767.000.000) 01/22 18:10:11 Image size of job updated: 58156
	57  -  MemoryUsage of job (MB)
	58156  -  ResidentSetSize of job (KB)
...
006 (9119767.000.000) 01/22 18:11:57 Image size of job updated: 259160
	57  -  MemoryUsage of job (MB)
	58156  -  ResidentSetSize of job (KB)
...
040 (9119767.000.000) 01/22 18:11:57 Started transferring output files
...
040 (9119767.000.000) 01/22 18:11:57 Finished transferring output files
...
005 (9119767.000.000) 01/22 18:11:57 Job terminated.
	(1) Normal termination (return value 0)
		Usr 0 00:01:15, Sys 0 00:00:02  -  Run Remote Usage
		Usr 0 00:00:00, Sys 0 00:00:00  -  Run Local Usage
		Usr 0 00:01:15, Sys 0 00:00:02  -  Total Remote Usage
		Usr 0 00:00:00, Sys 0 00:00:00  -  Total Local Usage
	7533  -  Run Bytes Sent By Job
	312  -  Run Bytes Received By Job
	7533  -  Total Bytes Sent By Job
	312  -  Total Bytes Received By Job
	Partitionable Resources :    Usage  Request Allocated 
	   Cpus                 :        0        1         1 
	   Disk (KB)            :       31        1      3578 
	   GPUs                 :                           0 
	   Memory (MB)          :       57     3000      3000 
	   TimeExecute (s)      :      119                    
	   TimeSlotBusy (s)     :      121                    

	Job terminated of its own accord at 2026-01-22T17:11:57Z with exit-code 0.
...
