000 (9119765.000.000) 01/22 18:08:31 Job submitted from host: <188.185.6.50:9618?addrs=188.185.6.50-9618+[2001-1458-d00-62--100-2b1]-9618&alias=bigbird25.cern.ch&noUDP&sock=schedd_1627_90ad>
...
040 (9119765.000.000) 01/22 18:09:56 Started transferring input files
	Transferring to host: <188.185.205.186:9618?addrs=188.185.205.186-9618+[2001-1458-303-a--100-37]-9618&alias=b9p04p9140.cern.ch&noUDP&sock=slot1_10_4030_3fdd_121378>
...
040 (9119765.000.000) 01/22 18:09:56 Finished transferring input files
...
001 (9119765.000.000) 01/22 18:09:57 Job executing on host: <188.185.205.186:9618?addrs=188.185.205.186-9618+[2001-1458-303-a--100-37]-9618&alias=b9p04p9140.cern.ch&noUDP&sock=startd_3576_6ac2>
	SlotName: slot1_10@b9p04p9140.cern.ch
	CondorScratchDir = "/pool/condor/dir_1456198"
	Cpus = 1
	Disk = 3699
	GPUs = 0
	Memory = 3000
...
006 (9119765.000.000) 01/22 18:10:10 Image size of job updated: 173636
	170  -  MemoryUsage of job (MB)
	173636  -  ResidentSetSize of job (KB)
...
006 (9119765.000.000) 01/22 18:11:51 Image size of job updated: 228360
	170  -  MemoryUsage of job (MB)
	173636  -  ResidentSetSize of job (KB)
...
040 (9119765.000.000) 01/22 18:11:51 Started transferring output files
...
040 (9119765.000.000) 01/22 18:11:51 Finished transferring output files
...
005 (9119765.000.000) 01/22 18:11:51 Job terminated.
	(1) Normal termination (return value 0)
		Usr 0 00:01:20, Sys 0 00:00:02  -  Run Remote Usage
		Usr 0 00:00:00, Sys 0 00:00:00  -  Run Local Usage
		Usr 0 00:01:20, Sys 0 00:00:02  -  Total Remote Usage
		Usr 0 00:00:00, Sys 0 00:00:00  -  Total Local Usage
	8016  -  Run Bytes Sent By Job
	313  -  Run Bytes Received By Job
	8016  -  Total Bytes Sent By Job
	313  -  Total Bytes Received By Job
	Partitionable Resources :    Usage  Request Allocated 
	   Cpus                 :        0        1         1 
	   Disk (KB)            :       31        1      3699 
	   GPUs                 :                           0 
	   Memory (MB)          :      170     3000      3000 
	   TimeExecute (s)      :      114                    
	   TimeSlotBusy (s)     :      116                    

	Job terminated of its own accord at 2026-01-22T17:11:51Z with exit-code 0.
...
