000 (9119768.000.000) 01/22 18:08:31 Job submitted from host: <188.185.6.50:9618?addrs=188.185.6.50-9618+[2001-1458-d00-62--100-2b1]-9618&alias=bigbird25.cern.ch&noUDP&sock=schedd_1627_90ad>
...
040 (9119768.000.000) 01/22 18:09:57 Started transferring input files
	Transferring to host: <188.185.209.94:9618?addrs=188.185.209.94-9618+[2001-1458-303-11--100-5b]-9618&alias=b9p11p6418.cern.ch&noUDP&sock=slot1_13_4183169_bcd4_44400>
...
040 (9119768.000.000) 01/22 18:09:57 Finished transferring input files
...
001 (9119768.000.000) 01/22 18:09:58 Job executing on host: <188.185.209.94:9618?addrs=188.185.209.94-9618+[2001-1458-303-11--100-5b]-9618&alias=b9p11p6418.cern.ch&noUDP&sock=startd_4183004_6527>
	SlotName: slot1_13@b9p11p6418.cern.ch
	CondorScratchDir = "/pool/condor/dir_1658701"
	Cpus = 1
	Disk = 3674
	GPUs = 0
	Memory = 3000
...
006 (9119768.000.000) 01/22 18:10:10 Image size of job updated: 124128
	0  -  MemoryUsage of job (MB)
	0  -  ResidentSetSize of job (KB)
...
040 (9119768.000.000) 01/22 18:10:10 Started transferring output files
...
040 (9119768.000.000) 01/22 18:10:10 Finished transferring output files
...
005 (9119768.000.000) 01/22 18:10:10 Job terminated.
	(1) Normal termination (return value 0)
		Usr 0 00:00:02, Sys 0 00:00:01  -  Run Remote Usage
		Usr 0 00:00:00, Sys 0 00:00:00  -  Run Local Usage
		Usr 0 00:00:02, Sys 0 00:00:01  -  Total Remote Usage
		Usr 0 00:00:00, Sys 0 00:00:00  -  Total Local Usage
	5988  -  Run Bytes Sent By Job
	312  -  Run Bytes Received By Job
	5988  -  Total Bytes Sent By Job
	312  -  Total Bytes Received By Job
	Partitionable Resources :    Usage  Request Allocated 
	   Cpus                 :        0        1         1 
	   Disk (KB)            :       29        1      3674 
	   GPUs                 :                           0 
	   Memory (MB)          :        0     3000      3000 
	   TimeExecute (s)      :       12                    
	   TimeSlotBusy (s)     :       14                    

	Job terminated of its own accord at 2026-01-22T17:10:10Z with exit-code 0.
...
