000 (9119955.000.000) 01/22 19:16:41 Job submitted from host: <188.185.6.50:9618?addrs=188.185.6.50-9618+[2001-1458-d00-62--100-2b1]-9618&alias=bigbird25.cern.ch&noUDP&sock=schedd_1627_90ad>
...
040 (9119955.000.000) 01/22 19:18:58 Started transferring input files
	Transferring to host: <188.185.214.75:9618?addrs=188.185.214.75-9618+[2001-1458-303-1c--100-47]-9618&alias=b9p29p5305.cern.ch&noUDP&sock=slot1_37_4073_8bff_158438>
...
040 (9119955.000.000) 01/22 19:18:58 Finished transferring input files
...
001 (9119955.000.000) 01/22 19:18:59 Job executing on host: <188.185.214.75:9618?addrs=188.185.214.75-9618+[2001-1458-303-1c--100-47]-9618&alias=b9p29p5305.cern.ch&noUDP&sock=startd_3460_d9c6>
	SlotName: slot1_37@b9p29p5305.cern.ch
	CondorScratchDir = "/pool/condor/dir_3559736"
	Cpus = 1
	Disk = 3913
	GPUs = 0
	Memory = 3000
...
006 (9119955.000.000) 01/22 19:19:11 Image size of job updated: 131160
	0  -  MemoryUsage of job (MB)
	0  -  ResidentSetSize of job (KB)
...
040 (9119955.000.000) 01/22 19:19:11 Started transferring output files
...
040 (9119955.000.000) 01/22 19:19:11 Finished transferring output files
...
005 (9119955.000.000) 01/22 19:19:11 Job terminated.
	(1) Normal termination (return value 0)
		Usr 0 00:00:02, Sys 0 00:00:01  -  Run Remote Usage
		Usr 0 00:00:00, Sys 0 00:00:00  -  Run Local Usage
		Usr 0 00:00:02, Sys 0 00:00:01  -  Total Remote Usage
		Usr 0 00:00:00, Sys 0 00:00:00  -  Total Local Usage
	6226  -  Run Bytes Sent By Job
	325  -  Run Bytes Received By Job
	6226  -  Total Bytes Sent By Job
	325  -  Total Bytes Received By Job
	Partitionable Resources :    Usage  Request Allocated 
	   Cpus                 :        0        1         1 
	   Disk (KB)            :       29        1      3913 
	   GPUs                 :                           0 
	   Memory (MB)          :        0     3000      3000 
	   TimeExecute (s)      :       12                    
	   TimeSlotBusy (s)     :       14                    

	Job terminated of its own accord at 2026-01-22T18:19:11Z with exit-code 0.
...
