000 (9119956.000.000) 01/22 19:16:41 Job submitted from host: <188.185.6.50:9618?addrs=188.185.6.50-9618+[2001-1458-d00-62--100-2b1]-9618&alias=bigbird25.cern.ch&noUDP&sock=schedd_1627_90ad>
...
040 (9119956.000.000) 01/22 19:18:59 Started transferring input files
	Transferring to host: <188.185.214.82:9618?addrs=188.185.214.82-9618+[2001-1458-303-1c--100-4e]-9618&alias=b9p29p5269.cern.ch&noUDP&sock=slot1_20_3098_9237_153786>
...
040 (9119956.000.000) 01/22 19:18:59 Finished transferring input files
...
001 (9119956.000.000) 01/22 19:19:00 Job executing on host: <188.185.214.82:9618?addrs=188.185.214.82-9618+[2001-1458-303-1c--100-4e]-9618&alias=b9p29p5269.cern.ch&noUDP&sock=startd_2640_661d>
	SlotName: slot1_20@b9p29p5269.cern.ch
	CondorScratchDir = "/pool/condor/dir_2382874"
	Cpus = 1
	Disk = 3781
	GPUs = 0
	Memory = 3000
...
006 (9119956.000.000) 01/22 19:19:14 Image size of job updated: 66880
	0  -  MemoryUsage of job (MB)
	0  -  ResidentSetSize of job (KB)
...
040 (9119956.000.000) 01/22 19:19:14 Started transferring output files
...
040 (9119956.000.000) 01/22 19:19:14 Finished transferring output files
...
005 (9119956.000.000) 01/22 19:19:14 Job terminated.
	(1) Normal termination (return value 0)
		Usr 0 00:00:03, Sys 0 00:00:02  -  Run Remote Usage
		Usr 0 00:00:00, Sys 0 00:00:00  -  Run Local Usage
		Usr 0 00:00:03, Sys 0 00:00:02  -  Total Remote Usage
		Usr 0 00:00:00, Sys 0 00:00:00  -  Total Local Usage
	6023  -  Run Bytes Sent By Job
	325  -  Run Bytes Received By Job
	6023  -  Total Bytes Sent By Job
	325  -  Total Bytes Received By Job
	Partitionable Resources :    Usage  Request Allocated 
	   Cpus                 :        0        1         1 
	   Disk (KB)            :       29        1      3781 
	   GPUs                 :                           0 
	   Memory (MB)          :        0     3000      3000 
	   TimeExecute (s)      :       14                    
	   TimeSlotBusy (s)     :       15                    

	Job terminated of its own accord at 2026-01-22T18:19:14Z with exit-code 0.
...
