000 (9119959.000.000) 01/22 19:16:41 Job submitted from host: <188.185.6.50:9618?addrs=188.185.6.50-9618+[2001-1458-d00-62--100-2b1]-9618&alias=bigbird25.cern.ch&noUDP&sock=schedd_1627_90ad>
...
040 (9119959.000.000) 01/22 19:19:03 Started transferring input files
	Transferring to host: <188.185.210.206:9618?addrs=188.185.210.206-9618+[2001-1458-303-15--100-4a]-9618&alias=b9p22p3505.cern.ch&noUDP&sock=slot1_9_7251_bc40_165125>
...
040 (9119959.000.000) 01/22 19:19:03 Finished transferring input files
...
001 (9119959.000.000) 01/22 19:19:04 Job executing on host: <188.185.210.206:9618?addrs=188.185.210.206-9618+[2001-1458-303-15--100-4a]-9618&alias=b9p22p3505.cern.ch&noUDP&sock=startd_6429_5675>
	SlotName: slot1_9@b9p22p3505.cern.ch
	CondorScratchDir = "/pool/condor/dir_3840082"
	Cpus = 1
	Disk = 3819
	GPUs = 0
	Memory = 3000
...
006 (9119959.000.000) 01/22 19:19:17 Image size of job updated: 144644
	142  -  MemoryUsage of job (MB)
	144644  -  ResidentSetSize of job (KB)
...
006 (9119959.000.000) 01/22 19:22:39 Image size of job updated: 445100
	142  -  MemoryUsage of job (MB)
	144660  -  ResidentSetSize of job (KB)
...
040 (9119959.000.000) 01/22 19:22:39 Started transferring output files
...
040 (9119959.000.000) 01/22 19:22:39 Finished transferring output files
...
005 (9119959.000.000) 01/22 19:22:39 Job terminated.
	(1) Normal termination (return value 0)
		Usr 0 00:02:40, Sys 0 00:00:04  -  Run Remote Usage
		Usr 0 00:00:00, Sys 0 00:00:00  -  Run Local Usage
		Usr 0 00:02:40, Sys 0 00:00:04  -  Total Remote Usage
		Usr 0 00:00:00, Sys 0 00:00:00  -  Total Local Usage
	9719  -  Run Bytes Sent By Job
	321  -  Run Bytes Received By Job
	9719  -  Total Bytes Sent By Job
	321  -  Total Bytes Received By Job
	Partitionable Resources :    Usage  Request Allocated 
	   Cpus                 :     0.01        1         1 
	   Disk (KB)            :    33           1      3819 
	   GPUs                 :                           0 
	   Memory (MB)          :   142        3000      3000 
	   TimeExecute (s)      :   215                       
	   TimeSlotBusy (s)     :   217                       

	Job terminated of its own accord at 2026-01-22T18:22:39Z with exit-code 0.
...
