000 (9119960.000.000) 01/22 19:16:42 Job submitted from host: <188.185.6.50:9618?addrs=188.185.6.50-9618+[2001-1458-d00-62--100-2b1]-9618&alias=bigbird25.cern.ch&noUDP&sock=schedd_1627_90ad>
...
040 (9119960.000.000) 01/22 19:19:03 Started transferring input files
	Transferring to host: <188.185.213.160:9618?addrs=188.185.213.160-9618+[2001-1458-303-1b--100-1c]-9618&alias=b9p28p3499.cern.ch&noUDP&sock=slot1_15_9204_ccef_156629>
...
040 (9119960.000.000) 01/22 19:19:03 Finished transferring input files
...
001 (9119960.000.000) 01/22 19:19:04 Job executing on host: <188.185.213.160:9618?addrs=188.185.213.160-9618+[2001-1458-303-1b--100-1c]-9618&alias=b9p28p3499.cern.ch&noUDP&sock=startd_8170_84d8>
	SlotName: slot1_15@b9p28p3499.cern.ch
	CondorScratchDir = "/pool/condor/dir_3130084"
	Cpus = 1
	Disk = 3771
	GPUs = 0
	Memory = 3000
...
006 (9119960.000.000) 01/22 19:19:17 Image size of job updated: 157416
	154  -  MemoryUsage of job (MB)
	157416  -  ResidentSetSize of job (KB)
...
040 (9119960.000.000) 01/22 19:19:17 Started transferring output files
...
040 (9119960.000.000) 01/22 19:19:17 Finished transferring output files
...
005 (9119960.000.000) 01/22 19:19:17 Job terminated.
	(1) Normal termination (return value 0)
		Usr 0 00:00:02, Sys 0 00:00:01  -  Run Remote Usage
		Usr 0 00:00:00, Sys 0 00:00:00  -  Run Local Usage
		Usr 0 00:00:02, Sys 0 00:00:01  -  Total Remote Usage
		Usr 0 00:00:00, Sys 0 00:00:00  -  Total Local Usage
	6014  -  Run Bytes Sent By Job
	321  -  Run Bytes Received By Job
	6014  -  Total Bytes Sent By Job
	321  -  Total Bytes Received By Job
	Partitionable Resources :    Usage  Request Allocated 
	   Cpus                 :        0        1         1 
	   Disk (KB)            :       29        1      3771 
	   GPUs                 :                           0 
	   Memory (MB)          :      154     3000      3000 
	   TimeExecute (s)      :       13                    
	   TimeSlotBusy (s)     :       15                    

	Job terminated of its own accord at 2026-01-22T18:19:17Z with exit-code 0.
...
