000 (9119958.000.000) 01/22 19:16:41 Job submitted from host: <188.185.6.50:9618?addrs=188.185.6.50-9618+[2001-1458-d00-62--100-2b1]-9618&alias=bigbird25.cern.ch&noUDP&sock=schedd_1627_90ad>
...
040 (9119958.000.000) 01/22 19:19:00 Started transferring input files
	Transferring to host: <188.185.213.155:9618?addrs=188.185.213.155-9618+[2001-1458-303-1b--100-17]-9618&alias=b9p28p9598.cern.ch&noUDP&sock=slot1_11_3894_6cd7_155820>
...
040 (9119958.000.000) 01/22 19:19:00 Finished transferring input files
...
001 (9119958.000.000) 01/22 19:19:01 Job executing on host: <188.185.213.155:9618?addrs=188.185.213.155-9618+[2001-1458-303-1b--100-17]-9618&alias=b9p28p9598.cern.ch&noUDP&sock=startd_3184_89a2>
	SlotName: slot1_11@b9p28p9598.cern.ch
	CondorScratchDir = "/pool/condor/dir_1752437"
	Cpus = 1
	Disk = 3876
	GPUs = 0
	Memory = 3000
...
006 (9119958.000.000) 01/22 19:19:14 Image size of job updated: 180968
	177  -  MemoryUsage of job (MB)
	180968  -  ResidentSetSize of job (KB)
...
006 (9119958.000.000) 01/22 19:23:28 Image size of job updated: 436420
	177  -  MemoryUsage of job (MB)
	180968  -  ResidentSetSize of job (KB)
...
040 (9119958.000.000) 01/22 19:23:28 Started transferring output files
...
040 (9119958.000.000) 01/22 19:23:28 Finished transferring output files
...
005 (9119958.000.000) 01/22 19:23:28 Job terminated.
	(1) Normal termination (return value 0)
		Usr 0 00:02:36, Sys 0 00:00:03  -  Run Remote Usage
		Usr 0 00:00:00, Sys 0 00:00:00  -  Run Local Usage
		Usr 0 00:02:36, Sys 0 00:00:03  -  Total Remote Usage
		Usr 0 00:00:00, Sys 0 00:00:00  -  Total Local Usage
	10391  -  Run Bytes Sent By Job
	321  -  Run Bytes Received By Job
	10391  -  Total Bytes Sent By Job
	321  -  Total Bytes Received By Job
	Partitionable Resources :    Usage  Request Allocated 
	   Cpus                 :        0        1         1 
	   Disk (KB)            :       34        1      3876 
	   GPUs                 :                           0 
	   Memory (MB)          :      177     3000      3000 
	   TimeExecute (s)      :      267                    
	   TimeSlotBusy (s)     :      268                    

	Job terminated of its own accord at 2026-01-22T18:23:28Z with exit-code 0.
...
