000 (9119952.000.000) 01/22 19:16:40 Job submitted from host: <188.185.6.50:9618?addrs=188.185.6.50-9618+[2001-1458-d00-62--100-2b1]-9618&alias=bigbird25.cern.ch&noUDP&sock=schedd_1627_90ad>
...
040 (9119952.000.000) 01/22 19:18:59 Started transferring input files
	Transferring to host: <188.185.210.142:9618?addrs=188.185.210.142-9618+[2001-1458-303-15--100-a]-9618&alias=b9p22p8216.cern.ch&noUDP&sock=slot1_15_2185073_5970_59227>
...
040 (9119952.000.000) 01/22 19:18:59 Finished transferring input files
...
001 (9119952.000.000) 01/22 19:19:00 Job executing on host: <188.185.210.142:9618?addrs=188.185.210.142-9618+[2001-1458-303-15--100-a]-9618&alias=b9p22p8216.cern.ch&noUDP&sock=startd_2180258_386b>
	SlotName: slot1_15@b9p22p8216.cern.ch
	CondorScratchDir = "/pool/condor/dir_3766009"
	Cpus = 1
	Disk = 3817
	GPUs = 0
	Memory = 3000
...
006 (9119952.000.000) 01/22 19:19:13 Image size of job updated: 187520
	184  -  MemoryUsage of job (MB)
	187520  -  ResidentSetSize of job (KB)
...
006 (9119952.000.000) 01/22 19:19:32 Image size of job updated: 204672
	184  -  MemoryUsage of job (MB)
	187520  -  ResidentSetSize of job (KB)
...
040 (9119952.000.000) 01/22 19:19:32 Started transferring output files
...
040 (9119952.000.000) 01/22 19:19:32 Finished transferring output files
...
005 (9119952.000.000) 01/22 19:19:32 Job terminated.
	(1) Normal termination (return value 0)
		Usr 0 00:00:22, Sys 0 00:00:01  -  Run Remote Usage
		Usr 0 00:00:00, Sys 0 00:00:00  -  Run Local Usage
		Usr 0 00:00:22, Sys 0 00:00:01  -  Total Remote Usage
		Usr 0 00:00:00, Sys 0 00:00:00  -  Total Local Usage
	6867  -  Run Bytes Sent By Job
	325  -  Run Bytes Received By Job
	6867  -  Total Bytes Sent By Job
	325  -  Total Bytes Received By Job
	Partitionable Resources :    Usage  Request Allocated 
	   Cpus                 :        0        1         1 
	   Disk (KB)            :       30        1      3817 
	   GPUs                 :                           0 
	   Memory (MB)          :      184     3000      3000 
	   TimeExecute (s)      :       32                    
	   TimeSlotBusy (s)     :       33                    

	Job terminated of its own accord at 2026-01-22T18:19:32Z with exit-code 0.
...
