000 (9119953.000.000) 01/22 19:16:40 Job submitted from host: <188.185.6.50:9618?addrs=188.185.6.50-9618+[2001-1458-d00-62--100-2b1]-9618&alias=bigbird25.cern.ch&noUDP&sock=schedd_1627_90ad>
...
040 (9119953.000.000) 01/22 19:18:59 Started transferring input files
	Transferring to host: <128.142.161.79:9618?addrs=128.142.161.79-9618+[2001-1458-301-b8--100-d]-9618&alias=b9g03p9237.cern.ch&noUDP&sock=slot1_5_637875_646c_148940>
...
040 (9119953.000.000) 01/22 19:18:59 Finished transferring input files
...
001 (9119953.000.000) 01/22 19:19:00 Job executing on host: <128.142.161.79:9618?addrs=128.142.161.79-9618+[2001-1458-301-b8--100-d]-9618&alias=b9g03p9237.cern.ch&noUDP&sock=startd_8030_7d95>
	SlotName: slot1_5@b9g03p9237.cern.ch
	CondorScratchDir = "/pool/condor/dir_2244457"
	Cpus = 1
	Disk = 3973
	GPUs = 0
	Memory = 3000
...
006 (9119953.000.000) 01/22 19:19:14 Image size of job updated: 174456
	171  -  MemoryUsage of job (MB)
	174456  -  ResidentSetSize of job (KB)
...
006 (9119953.000.000) 01/22 19:22:16 Image size of job updated: 243572
	171  -  MemoryUsage of job (MB)
	174456  -  ResidentSetSize of job (KB)
...
040 (9119953.000.000) 01/22 19:22:16 Started transferring output files
...
040 (9119953.000.000) 01/22 19:22:16 Finished transferring output files
...
005 (9119953.000.000) 01/22 19:22:16 Job terminated.
	(1) Normal termination (return value 0)
		Usr 0 00:02:45, Sys 0 00:00:02  -  Run Remote Usage
		Usr 0 00:00:00, Sys 0 00:00:00  -  Run Local Usage
		Usr 0 00:02:45, Sys 0 00:00:02  -  Total Remote Usage
		Usr 0 00:00:00, Sys 0 00:00:00  -  Total Local Usage
	10273  -  Run Bytes Sent By Job
	325  -  Run Bytes Received By Job
	10273  -  Total Bytes Sent By Job
	325  -  Total Bytes Received By Job
	Partitionable Resources :    Usage  Request Allocated 
	   Cpus                 :        0        1         1 
	   Disk (KB)            :       33        1      3973 
	   GPUs                 :                           0 
	   Memory (MB)          :      171     3000      3000 
	   TimeExecute (s)      :      196                    
	   TimeSlotBusy (s)     :      197                    

	Job terminated of its own accord at 2026-01-22T18:22:16Z with exit-code 0.
...
