000 (9119947.000.000) 01/22 19:16:39 Job submitted from host: <188.185.6.50:9618?addrs=188.185.6.50-9618+[2001-1458-d00-62--100-2b1]-9618&alias=bigbird25.cern.ch&noUDP&sock=schedd_1627_90ad>
...
040 (9119947.000.000) 01/22 19:18:58 Started transferring input files
	Transferring to host: <188.185.214.8:9618?addrs=188.185.214.8-9618+[2001-1458-303-1c--100-4]-9618&alias=b9p29p9409.cern.ch&noUDP&sock=slot1_22_5235_47ee_155762>
...
040 (9119947.000.000) 01/22 19:18:58 Finished transferring input files
...
001 (9119947.000.000) 01/22 19:18:59 Job executing on host: <188.185.214.8:9618?addrs=188.185.214.8-9618+[2001-1458-303-1c--100-4]-9618&alias=b9p29p9409.cern.ch&noUDP&sock=startd_4261_4522>
	SlotName: slot1_22@b9p29p9409.cern.ch
	CondorScratchDir = "/pool/condor/dir_3503702"
	Cpus = 1
	Disk = 3858
	GPUs = 0
	Memory = 3000
...
006 (9119947.000.000) 01/22 19:19:12 Image size of job updated: 166672
	163  -  MemoryUsage of job (MB)
	166672  -  ResidentSetSize of job (KB)
...
006 (9119947.000.000) 01/22 19:21:06 Image size of job updated: 166680
	163  -  MemoryUsage of job (MB)
	166672  -  ResidentSetSize of job (KB)
...
040 (9119947.000.000) 01/22 19:21:06 Started transferring output files
...
040 (9119947.000.000) 01/22 19:21:06 Finished transferring output files
...
005 (9119947.000.000) 01/22 19:21:06 Job terminated.
	(1) Normal termination (return value 0)
		Usr 0 00:01:21, Sys 0 00:00:02  -  Run Remote Usage
		Usr 0 00:00:00, Sys 0 00:00:00  -  Run Local Usage
		Usr 0 00:01:21, Sys 0 00:00:02  -  Total Remote Usage
		Usr 0 00:00:00, Sys 0 00:00:00  -  Total Local Usage
	8572  -  Run Bytes Sent By Job
	325  -  Run Bytes Received By Job
	8572  -  Total Bytes Sent By Job
	325  -  Total Bytes Received By Job
	Partitionable Resources :    Usage  Request Allocated 
	   Cpus                 :                 1         1 
	   Disk (KB)            :       24        1      3858 
	   GPUs                 :                           0 
	   Memory (MB)          :      163     3000      3000 
	   TimeExecute (s)      :      127                    
	   TimeSlotBusy (s)     :      129                    

	Job terminated of its own accord at 2026-01-22T18:21:06Z with exit-code 0.
...
