000 (9119949.000.000) 01/22 19:16:39 Job submitted from host: <188.185.6.50:9618?addrs=188.185.6.50-9618+[2001-1458-d00-62--100-2b1]-9618&alias=bigbird25.cern.ch&noUDP&sock=schedd_1627_90ad>
...
040 (9119949.000.000) 01/22 19:18:59 Started transferring input files
	Transferring to host: <188.185.213.224:9618?addrs=188.185.213.224-9618+[2001-1458-303-1b--100-5c]-9618&alias=b9p28p2561.cern.ch&noUDP&sock=slot1_21_7177_987d_157437>
...
040 (9119949.000.000) 01/22 19:18:59 Finished transferring input files
...
001 (9119949.000.000) 01/22 19:19:00 Job executing on host: <188.185.213.224:9618?addrs=188.185.213.224-9618+[2001-1458-303-1b--100-5c]-9618&alias=b9p28p2561.cern.ch&noUDP&sock=startd_6543_8841>
	SlotName: slot1_21@b9p28p2561.cern.ch
	CondorScratchDir = "/pool/condor/dir_1853991"
	Cpus = 1
	Disk = 3770
	GPUs = 0
	Memory = 3000
...
006 (9119949.000.000) 01/22 19:19:13 Image size of job updated: 172268
	169  -  MemoryUsage of job (MB)
	172268  -  ResidentSetSize of job (KB)
...
006 (9119949.000.000) 01/22 19:19:38 Image size of job updated: 234928
	169  -  MemoryUsage of job (MB)
	172268  -  ResidentSetSize of job (KB)
...
040 (9119949.000.000) 01/22 19:19:38 Started transferring output files
...
040 (9119949.000.000) 01/22 19:19:38 Finished transferring output files
...
005 (9119949.000.000) 01/22 19:19:38 Job terminated.
	(1) Normal termination (return value 0)
		Usr 0 00:00:26, Sys 0 00:00:01  -  Run Remote Usage
		Usr 0 00:00:00, Sys 0 00:00:00  -  Run Local Usage
		Usr 0 00:00:26, Sys 0 00:00:01  -  Total Remote Usage
		Usr 0 00:00:00, Sys 0 00:00:00  -  Total Local Usage
	6993  -  Run Bytes Sent By Job
	325  -  Run Bytes Received By Job
	6993  -  Total Bytes Sent By Job
	325  -  Total Bytes Received By Job
	Partitionable Resources :    Usage  Request Allocated 
	   Cpus                 :        0        1         1 
	   Disk (KB)            :       30        1      3770 
	   GPUs                 :                           0 
	   Memory (MB)          :      169     3000      3000 
	   TimeExecute (s)      :       38                    
	   TimeSlotBusy (s)     :       40                    

	Job terminated of its own accord at 2026-01-22T18:19:38Z with exit-code 0.
...
