000 (9119951.000.000) 01/22 19:16:40 Job submitted from host: <188.185.6.50:9618?addrs=188.185.6.50-9618+[2001-1458-d00-62--100-2b1]-9618&alias=bigbird25.cern.ch&noUDP&sock=schedd_1627_90ad>
...
040 (9119951.000.000) 01/22 19:18:59 Started transferring input files
	Transferring to host: <188.185.213.140:9618?addrs=188.185.213.140-9618+[2001-1458-303-1b--100-8]-9618&alias=b9p28p4880.cern.ch&noUDP&sock=slot1_16_9065_dcca_156157>
...
040 (9119951.000.000) 01/22 19:18:59 Finished transferring input files
...
001 (9119951.000.000) 01/22 19:19:00 Job executing on host: <188.185.213.140:9618?addrs=188.185.213.140-9618+[2001-1458-303-1b--100-8]-9618&alias=b9p28p4880.cern.ch&noUDP&sock=startd_7780_02e8>
	SlotName: slot1_16@b9p28p4880.cern.ch
	CondorScratchDir = "/pool/condor/dir_4175855"
	Cpus = 1
	Disk = 3840
	GPUs = 0
	Memory = 3000
...
006 (9119951.000.000) 01/22 19:19:13 Image size of job updated: 172296
	169  -  MemoryUsage of job (MB)
	172296  -  ResidentSetSize of job (KB)
...
006 (9119951.000.000) 01/22 19:21:36 Image size of job updated: 247048
	169  -  MemoryUsage of job (MB)
	172296  -  ResidentSetSize of job (KB)
...
040 (9119951.000.000) 01/22 19:21:36 Started transferring output files
...
040 (9119951.000.000) 01/22 19:21:36 Finished transferring output files
...
005 (9119951.000.000) 01/22 19:21:36 Job terminated.
	(1) Normal termination (return value 0)
		Usr 0 00:02:16, Sys 0 00:00:02  -  Run Remote Usage
		Usr 0 00:00:00, Sys 0 00:00:00  -  Run Local Usage
		Usr 0 00:02:16, Sys 0 00:00:02  -  Total Remote Usage
		Usr 0 00:00:00, Sys 0 00:00:00  -  Total Local Usage
	10273  -  Run Bytes Sent By Job
	325  -  Run Bytes Received By Job
	10273  -  Total Bytes Sent By Job
	325  -  Total Bytes Received By Job
	Partitionable Resources :    Usage  Request Allocated 
	   Cpus                 :        0        1         1 
	   Disk (KB)            :       33        1      3840 
	   GPUs                 :                           0 
	   Memory (MB)          :      169     3000      3000 
	   TimeExecute (s)      :      156                    
	   TimeSlotBusy (s)     :      158                    

	Job terminated of its own accord at 2026-01-22T18:21:36Z with exit-code 0.
...
