000 (9119950.000.000) 01/22 19:16:39 Job submitted from host: <188.185.6.50:9618?addrs=188.185.6.50-9618+[2001-1458-d00-62--100-2b1]-9618&alias=bigbird25.cern.ch&noUDP&sock=schedd_1627_90ad>
...
040 (9119950.000.000) 01/22 19:18:59 Started transferring input files
	Transferring to host: <188.185.213.149:9618?addrs=188.185.213.149-9618+[2001-1458-303-1b--100-11]-9618&alias=b9p28p9569.cern.ch&noUDP&sock=slot1_1_4258_e566_156586>
...
040 (9119950.000.000) 01/22 19:18:59 Finished transferring input files
...
001 (9119950.000.000) 01/22 19:19:00 Job executing on host: <188.185.213.149:9618?addrs=188.185.213.149-9618+[2001-1458-303-1b--100-11]-9618&alias=b9p28p9569.cern.ch&noUDP&sock=startd_3644_0f33>
	SlotName: slot1_1@b9p28p9569.cern.ch
	CondorScratchDir = "/pool/condor/dir_983387"
	Cpus = 1
	Disk = 3774
	GPUs = 0
	Memory = 3000
...
006 (9119950.000.000) 01/22 19:19:13 Image size of job updated: 170028
	167  -  MemoryUsage of job (MB)
	170028  -  ResidentSetSize of job (KB)
...
006 (9119950.000.000) 01/22 19:20:41 Image size of job updated: 246804
	167  -  MemoryUsage of job (MB)
	170028  -  ResidentSetSize of job (KB)
...
040 (9119950.000.000) 01/22 19:20:41 Started transferring output files
...
040 (9119950.000.000) 01/22 19:20:41 Finished transferring output files
...
005 (9119950.000.000) 01/22 19:20:41 Job terminated.
	(1) Normal termination (return value 0)
		Usr 0 00:01:10, Sys 0 00:00:02  -  Run Remote Usage
		Usr 0 00:00:00, Sys 0 00:00:00  -  Run Local Usage
		Usr 0 00:01:10, Sys 0 00:00:02  -  Total Remote Usage
		Usr 0 00:00:00, Sys 0 00:00:00  -  Total Local Usage
	8292  -  Run Bytes Sent By Job
	325  -  Run Bytes Received By Job
	8292  -  Total Bytes Sent By Job
	325  -  Total Bytes Received By Job
	Partitionable Resources :    Usage  Request Allocated 
	   Cpus                 :     0.73        1         1 
	   Disk (KB)            :    32           1      3774 
	   GPUs                 :                           0 
	   Memory (MB)          :   167        3000      3000 
	   TimeExecute (s)      :   101                       
	   TimeSlotBusy (s)     :   103                       

	Job terminated of its own accord at 2026-01-22T18:20:41Z with exit-code 0.
...
