000 (9119983.000.000) 01/22 19:16:48 Job submitted from host: <188.185.6.50:9618?addrs=188.185.6.50-9618+[2001-1458-d00-62--100-2b1]-9618&alias=bigbird25.cern.ch&noUDP&sock=schedd_1627_90ad>
...
040 (9119983.000.000) 01/22 19:19:10 Started transferring input files
	Transferring to host: <188.185.214.101:9618?addrs=188.185.214.101-9618+[2001-1458-303-1c--100-61]-9618&alias=b9p29p8988.cern.ch&noUDP&sock=slot1_15_7365_0f05_154319>
...
040 (9119983.000.000) 01/22 19:19:10 Finished transferring input files
...
001 (9119983.000.000) 01/22 19:19:11 Job executing on host: <188.185.214.101:9618?addrs=188.185.214.101-9618+[2001-1458-303-1c--100-61]-9618&alias=b9p29p8988.cern.ch&noUDP&sock=startd_6360_026c>
	SlotName: slot1_15@b9p29p8988.cern.ch
	CondorScratchDir = "/pool/condor/dir_1130125"
	Cpus = 1
	Disk = 3777
	GPUs = 0
	Memory = 3000
...
006 (9119983.000.000) 01/22 19:19:25 Image size of job updated: 168520
	165  -  MemoryUsage of job (MB)
	168520  -  ResidentSetSize of job (KB)
...
006 (9119983.000.000) 01/22 19:19:41 Image size of job updated: 168556
	165  -  MemoryUsage of job (MB)
	168520  -  ResidentSetSize of job (KB)
...
040 (9119983.000.000) 01/22 19:19:41 Started transferring output files
...
040 (9119983.000.000) 01/22 19:19:41 Finished transferring output files
...
005 (9119983.000.000) 01/22 19:19:41 Job terminated.
	(1) Normal termination (return value 0)
		Usr 0 00:00:18, Sys 0 00:00:02  -  Run Remote Usage
		Usr 0 00:00:00, Sys 0 00:00:00  -  Run Local Usage
		Usr 0 00:00:18, Sys 0 00:00:02  -  Total Remote Usage
		Usr 0 00:00:00, Sys 0 00:00:00  -  Total Local Usage
	6522  -  Run Bytes Sent By Job
	326  -  Run Bytes Received By Job
	6522  -  Total Bytes Sent By Job
	326  -  Total Bytes Received By Job
	Partitionable Resources :    Usage  Request Allocated 
	   Cpus                 :        0        1         1 
	   Disk (KB)            :       30        1      3777 
	   GPUs                 :                           0 
	   Memory (MB)          :      165     3000      3000 
	   TimeExecute (s)      :       30                    
	   TimeSlotBusy (s)     :       32                    

	Job terminated of its own accord at 2026-01-22T18:19:41Z with exit-code 0.
...
