000 (9119982.000.000) 01/22 19:16:47 Job submitted from host: <188.185.6.50:9618?addrs=188.185.6.50-9618+[2001-1458-d00-62--100-2b1]-9618&alias=bigbird25.cern.ch&noUDP&sock=schedd_1627_90ad>
...
040 (9119982.000.000) 01/22 19:19:09 Started transferring input files
	Transferring to host: <188.185.205.165:9618?addrs=188.185.205.165-9618+[2001-1458-303-a--100-22]-9618&alias=b9p04p5916.cern.ch&noUDP&sock=slot1_24_4048_ee9e_115508>
...
040 (9119982.000.000) 01/22 19:19:09 Finished transferring input files
...
001 (9119982.000.000) 01/22 19:19:10 Job executing on host: <188.185.205.165:9618?addrs=188.185.205.165-9618+[2001-1458-303-a--100-22]-9618&alias=b9p04p5916.cern.ch&noUDP&sock=startd_3595_730f>
	SlotName: slot1_24@b9p04p5916.cern.ch
	CondorScratchDir = "/pool/condor/dir_2031685"
	Cpus = 1
	Disk = 3623
	GPUs = 0
	Memory = 3000
...
006 (9119982.000.000) 01/22 19:19:24 Image size of job updated: 129892
	127  -  MemoryUsage of job (MB)
	129892  -  ResidentSetSize of job (KB)
...
006 (9119982.000.000) 01/22 19:19:27 Image size of job updated: 134980
	127  -  MemoryUsage of job (MB)
	129924  -  ResidentSetSize of job (KB)
...
040 (9119982.000.000) 01/22 19:19:27 Started transferring output files
...
040 (9119982.000.000) 01/22 19:19:27 Finished transferring output files
...
005 (9119982.000.000) 01/22 19:19:27 Job terminated.
	(1) Normal termination (return value 0)
		Usr 0 00:00:03, Sys 0 00:00:02  -  Run Remote Usage
		Usr 0 00:00:00, Sys 0 00:00:00  -  Run Local Usage
		Usr 0 00:00:03, Sys 0 00:00:02  -  Total Remote Usage
		Usr 0 00:00:00, Sys 0 00:00:00  -  Total Local Usage
	6004  -  Run Bytes Sent By Job
	322  -  Run Bytes Received By Job
	6004  -  Total Bytes Sent By Job
	322  -  Total Bytes Received By Job
	Partitionable Resources :    Usage  Request Allocated 
	   Cpus                 :     0.14        1         1 
	   Disk (KB)            :    33           1      3623 
	   GPUs                 :                           0 
	   Memory (MB)          :   127        3000      3000 
	   TimeExecute (s)      :    17                       
	   TimeSlotBusy (s)     :    19                       

	Job terminated of its own accord at 2026-01-22T18:19:27Z with exit-code 0.
...
