000 (9119984.000.000) 01/22 19:16:48 Job submitted from host: <188.185.6.50:9618?addrs=188.185.6.50-9618+[2001-1458-d00-62--100-2b1]-9618&alias=bigbird25.cern.ch&noUDP&sock=schedd_1627_90ad>
...
040 (9119984.000.000) 01/22 19:19:02 Started transferring input files
	Transferring to host: <188.185.214.158:9618?addrs=188.185.214.158-9618+[2001-1458-303-1d--100-1a]-9618&alias=b9p30p2789.cern.ch&noUDP&sock=slot1_2_4370_cf6b_131466>
...
040 (9119984.000.000) 01/22 19:19:02 Finished transferring input files
...
001 (9119984.000.000) 01/22 19:19:03 Job executing on host: <188.185.214.158:9618?addrs=188.185.214.158-9618+[2001-1458-303-1d--100-1a]-9618&alias=b9p30p2789.cern.ch&noUDP&sock=startd_3727_fd8f>
	SlotName: slot1_2@b9p30p2789.cern.ch
	CondorScratchDir = "/pool/condor/dir_1232243"
	Cpus = 1
	Disk = 3724
	GPUs = 0
	Memory = 3000
...
006 (9119984.000.000) 01/22 19:19:16 Image size of job updated: 77600
	0  -  MemoryUsage of job (MB)
	0  -  ResidentSetSize of job (KB)
...
040 (9119984.000.000) 01/22 19:19:16 Started transferring output files
...
040 (9119984.000.000) 01/22 19:19:16 Finished transferring output files
...
005 (9119984.000.000) 01/22 19:19:16 Job terminated.
	(1) Normal termination (return value 0)
		Usr 0 00:00:02, Sys 0 00:00:02  -  Run Remote Usage
		Usr 0 00:00:00, Sys 0 00:00:00  -  Run Local Usage
		Usr 0 00:00:02, Sys 0 00:00:02  -  Total Remote Usage
		Usr 0 00:00:00, Sys 0 00:00:00  -  Total Local Usage
	6012  -  Run Bytes Sent By Job
	326  -  Run Bytes Received By Job
	6012  -  Total Bytes Sent By Job
	326  -  Total Bytes Received By Job
	Partitionable Resources :    Usage  Request Allocated 
	   Cpus                 :        0        1         1 
	   Disk (KB)            :       30        1      3724 
	   GPUs                 :                           0 
	   Memory (MB)          :        0     3000      3000 
	   TimeExecute (s)      :       13                    
	   TimeSlotBusy (s)     :       15                    

	Job terminated of its own accord at 2026-01-22T18:19:16Z with exit-code 0.
...
