000 (9119987.000.000) 01/22 19:16:48 Job submitted from host: <188.185.6.50:9618?addrs=188.185.6.50-9618+[2001-1458-d00-62--100-2b1]-9618&alias=bigbird25.cern.ch&noUDP&sock=schedd_1627_90ad>
...
040 (9119987.000.000) 01/22 19:19:11 Started transferring input files
	Transferring to host: <188.185.212.151:9618?addrs=188.185.212.151-9618+[2001-1458-303-19--100-13]-9618&alias=b9p26p7183.cern.ch&noUDP&sock=slot1_14_5325_b1b2_133649>
...
040 (9119987.000.000) 01/22 19:19:11 Finished transferring input files
...
001 (9119987.000.000) 01/22 19:19:12 Job executing on host: <188.185.212.151:9618?addrs=188.185.212.151-9618+[2001-1458-303-19--100-13]-9618&alias=b9p26p7183.cern.ch&noUDP&sock=startd_4364_eb63>
	SlotName: slot1_14@b9p26p7183.cern.ch
	CondorScratchDir = "/pool/condor/dir_3610121"
	Cpus = 1
	Disk = 3730
	GPUs = 0
	Memory = 3000
...
006 (9119987.000.000) 01/22 19:19:25 Image size of job updated: 166748
	163  -  MemoryUsage of job (MB)
	166748  -  ResidentSetSize of job (KB)
...
006 (9119987.000.000) 01/22 19:19:41 Image size of job updated: 166752
	163  -  MemoryUsage of job (MB)
	166748  -  ResidentSetSize of job (KB)
...
040 (9119987.000.000) 01/22 19:19:41 Started transferring output files
...
040 (9119987.000.000) 01/22 19:19:41 Finished transferring output files
...
005 (9119987.000.000) 01/22 19:19:41 Job terminated.
	(1) Normal termination (return value 0)
		Usr 0 00:00:17, Sys 0 00:00:02  -  Run Remote Usage
		Usr 0 00:00:00, Sys 0 00:00:00  -  Run Local Usage
		Usr 0 00:00:17, Sys 0 00:00:02  -  Total Remote Usage
		Usr 0 00:00:00, Sys 0 00:00:00  -  Total Local Usage
	6463  -  Run Bytes Sent By Job
	319  -  Run Bytes Received By Job
	6463  -  Total Bytes Sent By Job
	319  -  Total Bytes Received By Job
	Partitionable Resources :    Usage  Request Allocated 
	   Cpus                 :        0        1         1 
	   Disk (KB)            :       30        1      3730 
	   GPUs                 :                           0 
	   Memory (MB)          :      163     3000      3000 
	   TimeExecute (s)      :       29                    
	   TimeSlotBusy (s)     :       31                    

	Job terminated of its own accord at 2026-01-22T18:19:41Z with exit-code 0.
...
