000 (9119965.000.000) 01/22 19:16:43 Job submitted from host: <188.185.6.50:9618?addrs=188.185.6.50-9618+[2001-1458-d00-62--100-2b1]-9618&alias=bigbird25.cern.ch&noUDP&sock=schedd_1627_90ad>
...
040 (9119965.000.000) 01/22 19:19:11 Started transferring input files
	Transferring to host: <188.185.213.81:9618?addrs=188.185.213.81-9618+[2001-1458-303-1a--100-4d]-9618&alias=b9p27p8513.cern.ch&noUDP&sock=slot1_31_1560489_6b3a_52311>
...
040 (9119965.000.000) 01/22 19:19:11 Finished transferring input files
...
001 (9119965.000.000) 01/22 19:19:12 Job executing on host: <188.185.213.81:9618?addrs=188.185.213.81-9618+[2001-1458-303-1a--100-4d]-9618&alias=b9p27p8513.cern.ch&noUDP&sock=startd_7922_695b>
	SlotName: slot1_31@b9p27p8513.cern.ch
	CondorScratchDir = "/pool/condor/dir_3905921"
	Cpus = 1
	Disk = 3851
	GPUs = 0
	Memory = 3000
...
006 (9119965.000.000) 01/22 19:19:26 Image size of job updated: 105556
	104  -  MemoryUsage of job (MB)
	105556  -  ResidentSetSize of job (KB)
...
006 (9119965.000.000) 01/22 19:20:50 Image size of job updated: 305268
	104  -  MemoryUsage of job (MB)
	105584  -  ResidentSetSize of job (KB)
...
040 (9119965.000.000) 01/22 19:20:50 Started transferring output files
...
040 (9119965.000.000) 01/22 19:20:50 Finished transferring output files
...
005 (9119965.000.000) 01/22 19:20:50 Job terminated.
	(1) Normal termination (return value 0)
		Usr 0 00:01:13, Sys 0 00:00:02  -  Run Remote Usage
		Usr 0 00:00:00, Sys 0 00:00:00  -  Run Local Usage
		Usr 0 00:01:13, Sys 0 00:00:02  -  Total Remote Usage
		Usr 0 00:00:00, Sys 0 00:00:00  -  Total Local Usage
	7603  -  Run Bytes Sent By Job
	315  -  Run Bytes Received By Job
	7603  -  Total Bytes Sent By Job
	315  -  Total Bytes Received By Job
	Partitionable Resources :    Usage  Request Allocated 
	   Cpus                 :     0.08        1         1 
	   Disk (KB)            :    31           1      3851 
	   GPUs                 :                           0 
	   Memory (MB)          :   104        3000      3000 
	   TimeExecute (s)      :    98                       
	   TimeSlotBusy (s)     :   100                       

	Job terminated of its own accord at 2026-01-22T18:20:50Z with exit-code 0.
...
