000 (9119967.000.000) 01/22 19:16:43 Job submitted from host: <188.185.6.50:9618?addrs=188.185.6.50-9618+[2001-1458-d00-62--100-2b1]-9618&alias=bigbird25.cern.ch&noUDP&sock=schedd_1627_90ad>
...
040 (9119967.000.000) 01/22 19:19:05 Started transferring input files
	Transferring to host: <188.185.212.191:9618?addrs=188.185.212.191-9618+[2001-1458-303-19--100-3b]-9618&alias=b9p26p1640.cern.ch&noUDP&sock=slot1_5_4316_c329_135231>
...
040 (9119967.000.000) 01/22 19:19:05 Finished transferring input files
...
001 (9119967.000.000) 01/22 19:19:06 Job executing on host: <188.185.212.191:9618?addrs=188.185.212.191-9618+[2001-1458-303-19--100-3b]-9618&alias=b9p26p1640.cern.ch&noUDP&sock=startd_3665_76b0>
	SlotName: slot1_5@b9p26p1640.cern.ch
	CondorScratchDir = "/pool/condor/dir_3259903"
	Cpus = 1
	Disk = 3836
	GPUs = 0
	Memory = 3000
...
006 (9119967.000.000) 01/22 19:19:19 Image size of job updated: 154192
	151  -  MemoryUsage of job (MB)
	154192  -  ResidentSetSize of job (KB)
...
006 (9119967.000.000) 01/22 19:22:54 Image size of job updated: 180200
	151  -  MemoryUsage of job (MB)
	154192  -  ResidentSetSize of job (KB)
...
040 (9119967.000.000) 01/22 19:22:54 Started transferring output files
...
040 (9119967.000.000) 01/22 19:22:54 Finished transferring output files
...
005 (9119967.000.000) 01/22 19:22:54 Job terminated.
	(1) Normal termination (return value 0)
		Usr 0 00:03:04, Sys 0 00:00:04  -  Run Remote Usage
		Usr 0 00:00:00, Sys 0 00:00:00  -  Run Local Usage
		Usr 0 00:03:04, Sys 0 00:00:04  -  Total Remote Usage
		Usr 0 00:00:00, Sys 0 00:00:00  -  Total Local Usage
	10274  -  Run Bytes Sent By Job
	322  -  Run Bytes Received By Job
	10274  -  Total Bytes Sent By Job
	322  -  Total Bytes Received By Job
	Partitionable Resources :    Usage  Request Allocated 
	   Cpus                 :     0.64        1         1 
	   Disk (KB)            :    34           1      3836 
	   GPUs                 :                           0 
	   Memory (MB)          :   151        3000      3000 
	   TimeExecute (s)      :   228                       
	   TimeSlotBusy (s)     :   231                       

	Job terminated of its own accord at 2026-01-22T18:22:54Z with exit-code 0.
...
