000 (9119964.000.000) 01/22 19:16:43 Job submitted from host: <188.185.6.50:9618?addrs=188.185.6.50-9618+[2001-1458-d00-62--100-2b1]-9618&alias=bigbird25.cern.ch&noUDP&sock=schedd_1627_90ad>
...
040 (9119964.000.000) 01/22 19:19:01 Started transferring input files
	Transferring to host: <188.185.214.9:9618?addrs=188.185.214.9-9618+[2001-1458-303-1c--100-5]-9618&alias=b9p29p0597.cern.ch&noUDP&sock=slot1_6_1197108_a1a1_61301>
...
040 (9119964.000.000) 01/22 19:19:01 Finished transferring input files
...
001 (9119964.000.000) 01/22 19:19:02 Job executing on host: <188.185.214.9:9618?addrs=188.185.214.9-9618+[2001-1458-303-1c--100-5]-9618&alias=b9p29p0597.cern.ch&noUDP&sock=startd_1196988_c908>
	SlotName: slot1_6@b9p29p0597.cern.ch
	CondorScratchDir = "/pool/condor/dir_2951176"
	Cpus = 1
	Disk = 3771
	GPUs = 0
	Memory = 3000
...
006 (9119964.000.000) 01/22 19:19:15 Image size of job updated: 23548
	23  -  MemoryUsage of job (MB)
	23548  -  ResidentSetSize of job (KB)
...
006 (9119964.000.000) 01/22 19:23:32 Image size of job updated: 412224
	23  -  MemoryUsage of job (MB)
	23552  -  ResidentSetSize of job (KB)
...
040 (9119964.000.000) 01/22 19:23:32 Started transferring output files
...
040 (9119964.000.000) 01/22 19:23:32 Finished transferring output files
...
005 (9119964.000.000) 01/22 19:23:32 Job terminated.
	(1) Normal termination (return value 0)
		Usr 0 00:03:30, Sys 0 00:00:05  -  Run Remote Usage
		Usr 0 00:00:00, Sys 0 00:00:00  -  Run Local Usage
		Usr 0 00:03:30, Sys 0 00:00:05  -  Total Remote Usage
		Usr 0 00:00:00, Sys 0 00:00:00  -  Total Local Usage
	10375  -  Run Bytes Sent By Job
	315  -  Run Bytes Received By Job
	10375  -  Total Bytes Sent By Job
	315  -  Total Bytes Received By Job
	Partitionable Resources :    Usage  Request Allocated 
	   Cpus                 :     0.93        1         1 
	   Disk (KB)            :    34           1      3771 
	   GPUs                 :                           0 
	   Memory (MB)          :    23        3000      3000 
	   TimeExecute (s)      :   270                       
	   TimeSlotBusy (s)     :   272                       

	Job terminated of its own accord at 2026-01-22T18:23:32Z with exit-code 0.
...
