000 (9119963.000.000) 01/22 19:16:42 Job submitted from host: <188.185.6.50:9618?addrs=188.185.6.50-9618+[2001-1458-d00-62--100-2b1]-9618&alias=bigbird25.cern.ch&noUDP&sock=schedd_1627_90ad>
...
040 (9119963.000.000) 01/22 19:19:05 Started transferring input files
	Transferring to host: <128.142.161.80:9618?addrs=128.142.161.80-9618+[2001-1458-301-b8--100-e]-9618&alias=b9g03p6247.cern.ch&noUDP&sock=slot1_22_3288044_32c4_154082>
...
040 (9119963.000.000) 01/22 19:19:05 Finished transferring input files
...
001 (9119963.000.000) 01/22 19:19:06 Job executing on host: <128.142.161.80:9618?addrs=128.142.161.80-9618+[2001-1458-301-b8--100-e]-9618&alias=b9g03p6247.cern.ch&noUDP&sock=startd_6103_ba95>
	SlotName: slot1_22@b9g03p6247.cern.ch
	CondorScratchDir = "/pool/condor/dir_2789515"
	Cpus = 1
	Disk = 4002
	GPUs = 0
	Memory = 3000
...
006 (9119963.000.000) 01/22 19:19:19 Image size of job updated: 138268
	136  -  MemoryUsage of job (MB)
	138268  -  ResidentSetSize of job (KB)
...
006 (9119963.000.000) 01/22 19:22:55 Image size of job updated: 412020
	136  -  MemoryUsage of job (MB)
	138296  -  ResidentSetSize of job (KB)
...
040 (9119963.000.000) 01/22 19:22:55 Started transferring output files
...
040 (9119963.000.000) 01/22 19:22:55 Finished transferring output files
...
005 (9119963.000.000) 01/22 19:22:55 Job terminated.
	(1) Normal termination (return value 0)
		Usr 0 00:03:07, Sys 0 00:00:03  -  Run Remote Usage
		Usr 0 00:00:00, Sys 0 00:00:00  -  Run Local Usage
		Usr 0 00:03:07, Sys 0 00:00:03  -  Total Remote Usage
		Usr 0 00:00:00, Sys 0 00:00:00  -  Total Local Usage
	10253  -  Run Bytes Sent By Job
	315  -  Run Bytes Received By Job
	10253  -  Total Bytes Sent By Job
	315  -  Total Bytes Received By Job
	Partitionable Resources :    Usage  Request Allocated 
	   Cpus                 :        0        1         1 
	   Disk (KB)            :       33        1      4002 
	   GPUs                 :                           0 
	   Memory (MB)          :      136     3000      3000 
	   TimeExecute (s)      :      229                    
	   TimeSlotBusy (s)     :      232                    

	Job terminated of its own accord at 2026-01-22T18:22:55Z with exit-code 0.
...
