000 (9119966.000.000) 01/22 19:16:43 Job submitted from host: <188.185.6.50:9618?addrs=188.185.6.50-9618+[2001-1458-d00-62--100-2b1]-9618&alias=bigbird25.cern.ch&noUDP&sock=schedd_1627_90ad>
...
040 (9119966.000.000) 01/22 19:19:05 Started transferring input files
	Transferring to host: <128.142.51.204:9618?addrs=128.142.51.204-9618+[2001-1458-301-3--100-9]-9618&alias=b9g02p9721.cern.ch&noUDP&sock=slot1_23_11153_0c1f_126618>
...
040 (9119966.000.000) 01/22 19:19:05 Finished transferring input files
...
001 (9119966.000.000) 01/22 19:19:06 Job executing on host: <128.142.51.204:9618?addrs=128.142.51.204-9618+[2001-1458-301-3--100-9]-9618&alias=b9g02p9721.cern.ch&noUDP&sock=startd_9433_d4f5>
	SlotName: slot1_23@b9g02p9721.cern.ch
	CondorScratchDir = "/pool/condor/dir_206038"
	Cpus = 1
	Disk = 3817
	GPUs = 0
	Memory = 3000
...
006 (9119966.000.000) 01/22 19:19:19 Image size of job updated: 77308
	76  -  MemoryUsage of job (MB)
	77308  -  ResidentSetSize of job (KB)
...
006 (9119966.000.000) 01/22 19:19:24 Image size of job updated: 129888
	76  -  MemoryUsage of job (MB)
	77584  -  ResidentSetSize of job (KB)
...
040 (9119966.000.000) 01/22 19:19:24 Started transferring output files
...
040 (9119966.000.000) 01/22 19:19:24 Finished transferring output files
...
005 (9119966.000.000) 01/22 19:19:24 Job terminated.
	(1) Normal termination (return value 0)
		Usr 0 00:00:05, Sys 0 00:00:01  -  Run Remote Usage
		Usr 0 00:00:00, Sys 0 00:00:00  -  Run Local Usage
		Usr 0 00:00:05, Sys 0 00:00:01  -  Total Remote Usage
		Usr 0 00:00:00, Sys 0 00:00:00  -  Total Local Usage
	6004  -  Run Bytes Sent By Job
	315  -  Run Bytes Received By Job
	6004  -  Total Bytes Sent By Job
	315  -  Total Bytes Received By Job
	Partitionable Resources :    Usage  Request Allocated 
	   Cpus                 :        0        1         1 
	   Disk (KB)            :       29        1      3817 
	   GPUs                 :                           0 
	   Memory (MB)          :       76     3000      3000 
	   TimeExecute (s)      :       18                    
	   TimeSlotBusy (s)     :       21                    

	Job terminated of its own accord at 2026-01-22T18:19:24Z with exit-code 0.
...
