000 (9119962.000.000) 01/22 19:16:42 Job submitted from host: <188.185.6.50:9618?addrs=188.185.6.50-9618+[2001-1458-d00-62--100-2b1]-9618&alias=bigbird25.cern.ch&noUDP&sock=schedd_1627_90ad>
...
040 (9119962.000.000) 01/22 19:19:01 Started transferring input files
	Transferring to host: <128.142.161.109:9618?addrs=128.142.161.109-9618+[2001-1458-301-b8--100-2b]-9618&alias=b9g03p0586.cern.ch&noUDP&sock=slot1_7_713138_fc01_148220>
...
040 (9119962.000.000) 01/22 19:19:01 Finished transferring input files
...
001 (9119962.000.000) 01/22 19:19:02 Job executing on host: <128.142.161.109:9618?addrs=128.142.161.109-9618+[2001-1458-301-b8--100-2b]-9618&alias=b9g03p0586.cern.ch&noUDP&sock=startd_4003_4db3>
	SlotName: slot1_7@b9g03p0586.cern.ch
	CondorScratchDir = "/pool/condor/dir_1940279"
	Cpus = 1
	Disk = 3853
	GPUs = 0
	Memory = 3000
...
006 (9119962.000.000) 01/22 19:19:15 Image size of job updated: 1492
	2  -  MemoryUsage of job (MB)
	1492  -  ResidentSetSize of job (KB)
...
006 (9119962.000.000) 01/22 19:19:39 Image size of job updated: 124132
	2  -  MemoryUsage of job (MB)
	1492  -  ResidentSetSize of job (KB)
...
040 (9119962.000.000) 01/22 19:19:39 Started transferring output files
...
040 (9119962.000.000) 01/22 19:19:39 Finished transferring output files
...
005 (9119962.000.000) 01/22 19:19:39 Job terminated.
	(1) Normal termination (return value 0)
		Usr 0 00:00:03, Sys 0 00:00:01  -  Run Remote Usage
		Usr 0 00:00:00, Sys 0 00:00:00  -  Run Local Usage
		Usr 0 00:00:03, Sys 0 00:00:01  -  Total Remote Usage
		Usr 0 00:00:00, Sys 0 00:00:00  -  Total Local Usage
	5992  -  Run Bytes Sent By Job
	316  -  Run Bytes Received By Job
	5992  -  Total Bytes Sent By Job
	316  -  Total Bytes Received By Job
	Partitionable Resources :    Usage  Request Allocated 
	   Cpus                 :        0        1         1 
	   Disk (KB)            :       29        1      3853 
	   GPUs                 :                           0 
	   Memory (MB)          :        2     3000      3000 
	   TimeExecute (s)      :       37                    
	   TimeSlotBusy (s)     :       39                    

	Job terminated of its own accord at 2026-01-22T18:19:39Z with exit-code 0.
...
