000 (9119961.000.000) 01/22 19:16:42 Job submitted from host: <188.185.6.50:9618?addrs=188.185.6.50-9618+[2001-1458-d00-62--100-2b1]-9618&alias=bigbird25.cern.ch&noUDP&sock=schedd_1627_90ad>
...
040 (9119961.000.000) 01/22 19:19:03 Started transferring input files
	Transferring to host: <188.185.214.84:9618?addrs=188.185.214.84-9618+[2001-1458-303-1c--100-50]-9618&alias=b9p29p0222.cern.ch&noUDP&sock=slot1_26_4144_92a2_155836>
...
040 (9119961.000.000) 01/22 19:19:03 Finished transferring input files
...
001 (9119961.000.000) 01/22 19:19:04 Job executing on host: <188.185.214.84:9618?addrs=188.185.214.84-9618+[2001-1458-303-1c--100-50]-9618&alias=b9p29p0222.cern.ch&noUDP&sock=startd_3504_07f1>
	SlotName: slot1_26@b9p29p0222.cern.ch
	CondorScratchDir = "/pool/condor/dir_2407966"
	Cpus = 1
	Disk = 3807
	GPUs = 0
	Memory = 3000
...
006 (9119961.000.000) 01/22 19:19:17 Image size of job updated: 135516
	133  -  MemoryUsage of job (MB)
	135516  -  ResidentSetSize of job (KB)
...
006 (9119961.000.000) 01/22 19:19:23 Image size of job updated: 168540
	133  -  MemoryUsage of job (MB)
	135688  -  ResidentSetSize of job (KB)
...
040 (9119961.000.000) 01/22 19:19:23 Started transferring output files
...
040 (9119961.000.000) 01/22 19:19:23 Finished transferring output files
...
005 (9119961.000.000) 01/22 19:19:23 Job terminated.
	(1) Normal termination (return value 0)
		Usr 0 00:00:08, Sys 0 00:00:02  -  Run Remote Usage
		Usr 0 00:00:00, Sys 0 00:00:00  -  Run Local Usage
		Usr 0 00:00:08, Sys 0 00:00:02  -  Total Remote Usage
		Usr 0 00:00:00, Sys 0 00:00:00  -  Total Local Usage
	6264  -  Run Bytes Sent By Job
	316  -  Run Bytes Received By Job
	6264  -  Total Bytes Sent By Job
	316  -  Total Bytes Received By Job
	Partitionable Resources :    Usage  Request Allocated 
	   Cpus                 :        0        1         1 
	   Disk (KB)            :       29        1      3807 
	   GPUs                 :                           0 
	   Memory (MB)          :      133     3000      3000 
	   TimeExecute (s)      :       19                    
	   TimeSlotBusy (s)     :       21                    

	Job terminated of its own accord at 2026-01-22T18:19:23Z with exit-code 0.
...
