000 (9119972.000.000) 01/22 19:16:45 Job submitted from host: <188.185.6.50:9618?addrs=188.185.6.50-9618+[2001-1458-d00-62--100-2b1]-9618&alias=bigbird25.cern.ch&noUDP&sock=schedd_1627_90ad>
...
040 (9119972.000.000) 01/22 19:19:06 Started transferring input files
	Transferring to host: <188.185.211.232:9618?addrs=188.185.211.232-9618+[2001-1458-303-17--100-64]-9618&alias=b9p24p9314.cern.ch&noUDP&sock=slot1_34_4673_4d17_133094>
...
040 (9119972.000.000) 01/22 19:19:06 Finished transferring input files
...
001 (9119972.000.000) 01/22 19:19:07 Job executing on host: <188.185.211.232:9618?addrs=188.185.211.232-9618+[2001-1458-303-17--100-64]-9618&alias=b9p24p9314.cern.ch&noUDP&sock=startd_3915_f15d>
	SlotName: slot1_34@b9p24p9314.cern.ch
	CondorScratchDir = "/pool/condor/dir_3190872"
	Cpus = 1
	Disk = 3834
	GPUs = 0
	Memory = 3000
...
006 (9119972.000.000) 01/22 19:19:21 Image size of job updated: 155740
	153  -  MemoryUsage of job (MB)
	155740  -  ResidentSetSize of job (KB)
...
040 (9119972.000.000) 01/22 19:19:22 Started transferring output files
...
040 (9119972.000.000) 01/22 19:19:22 Finished transferring output files
...
005 (9119972.000.000) 01/22 19:19:22 Job terminated.
	(1) Normal termination (return value 0)
		Usr 0 00:00:03, Sys 0 00:00:02  -  Run Remote Usage
		Usr 0 00:00:00, Sys 0 00:00:00  -  Run Local Usage
		Usr 0 00:00:03, Sys 0 00:00:02  -  Total Remote Usage
		Usr 0 00:00:00, Sys 0 00:00:00  -  Total Local Usage
	5990  -  Run Bytes Sent By Job
	315  -  Run Bytes Received By Job
	5990  -  Total Bytes Sent By Job
	315  -  Total Bytes Received By Job
	Partitionable Resources :    Usage  Request Allocated 
	   Cpus                 :        0        1         1 
	   Disk (KB)            :       29        1      3834 
	   GPUs                 :                           0 
	   Memory (MB)          :      153     3000      3000 
	   TimeExecute (s)      :       14                    
	   TimeSlotBusy (s)     :       17                    

	Job terminated of its own accord at 2026-01-22T18:19:21Z with exit-code 0.
...
