000 (9119971.000.000) 01/22 19:16:45 Job submitted from host: <188.185.6.50:9618?addrs=188.185.6.50-9618+[2001-1458-d00-62--100-2b1]-9618&alias=bigbird25.cern.ch&noUDP&sock=schedd_1627_90ad>
...
040 (9119971.000.000) 01/22 19:19:06 Started transferring input files
	Transferring to host: <188.185.204.249:9618?addrs=188.185.204.249-9618+[2001-1458-303-8--100-76]-9618&alias=b9p02p8616.cern.ch&noUDP&sock=slot1_19_6033_8b4e_115809>
...
040 (9119971.000.000) 01/22 19:19:06 Finished transferring input files
...
001 (9119971.000.000) 01/22 19:19:07 Job executing on host: <188.185.204.249:9618?addrs=188.185.204.249-9618+[2001-1458-303-8--100-76]-9618&alias=b9p02p8616.cern.ch&noUDP&sock=startd_5120_78fd>
	SlotName: slot1_19@b9p02p8616.cern.ch
	CondorScratchDir = "/pool/condor/dir_458362"
	Cpus = 1
	Disk = 3626
	GPUs = 0
	Memory = 3000
...
006 (9119971.000.000) 01/22 19:19:21 Image size of job updated: 171752
	168  -  MemoryUsage of job (MB)
	171752  -  ResidentSetSize of job (KB)
...
006 (9119971.000.000) 01/22 19:19:44 Image size of job updated: 266440
	168  -  MemoryUsage of job (MB)
	171752  -  ResidentSetSize of job (KB)
...
040 (9119971.000.000) 01/22 19:19:44 Started transferring output files
...
040 (9119971.000.000) 01/22 19:19:44 Finished transferring output files
...
005 (9119971.000.000) 01/22 19:19:44 Job terminated.
	(1) Normal termination (return value 0)
		Usr 0 00:00:24, Sys 0 00:00:02  -  Run Remote Usage
		Usr 0 00:00:00, Sys 0 00:00:00  -  Run Local Usage
		Usr 0 00:00:24, Sys 0 00:00:02  -  Total Remote Usage
		Usr 0 00:00:00, Sys 0 00:00:00  -  Total Local Usage
	6618  -  Run Bytes Sent By Job
	315  -  Run Bytes Received By Job
	6618  -  Total Bytes Sent By Job
	315  -  Total Bytes Received By Job
	Partitionable Resources :    Usage  Request Allocated 
	   Cpus                 :        0        1         1 
	   Disk (KB)            :       33        1      3626 
	   GPUs                 :                           0 
	   Memory (MB)          :      168     3000      3000 
	   TimeExecute (s)      :       37                    
	   TimeSlotBusy (s)     :       39                    

	Job terminated of its own accord at 2026-01-22T18:19:44Z with exit-code 0.
...
