000 (9119973.000.000) 01/22 19:16:45 Job submitted from host: <188.185.6.50:9618?addrs=188.185.6.50-9618+[2001-1458-d00-62--100-2b1]-9618&alias=bigbird25.cern.ch&noUDP&sock=schedd_1627_90ad>
...
040 (9119973.000.000) 01/22 19:19:06 Started transferring input files
	Transferring to host: <188.185.210.225:9618?addrs=188.185.210.225-9618+[2001-1458-303-15--100-5d]-9618&alias=b9p22p2530.cern.ch&noUDP&sock=slot1_15_4236_6525_165252>
...
040 (9119973.000.000) 01/22 19:19:06 Finished transferring input files
...
001 (9119973.000.000) 01/22 19:19:07 Job executing on host: <188.185.210.225:9618?addrs=188.185.210.225-9618+[2001-1458-303-15--100-5d]-9618&alias=b9p22p2530.cern.ch&noUDP&sock=startd_3592_6446>
	SlotName: slot1_15@b9p22p2530.cern.ch
	CondorScratchDir = "/pool/condor/dir_405042"
	Cpus = 1
	Disk = 3717
	GPUs = 0
	Memory = 3000
...
006 (9119973.000.000) 01/22 19:19:21 Image size of job updated: 155700
	153  -  MemoryUsage of job (MB)
	155700  -  ResidentSetSize of job (KB)
...
006 (9119973.000.000) 01/22 19:20:46 Image size of job updated: 173492
	153  -  MemoryUsage of job (MB)
	155700  -  ResidentSetSize of job (KB)
...
040 (9119973.000.000) 01/22 19:20:46 Started transferring output files
...
040 (9119973.000.000) 01/22 19:20:46 Finished transferring output files
...
005 (9119973.000.000) 01/22 19:20:46 Job terminated.
	(1) Normal termination (return value 0)
		Usr 0 00:01:08, Sys 0 00:00:02  -  Run Remote Usage
		Usr 0 00:00:00, Sys 0 00:00:00  -  Run Local Usage
		Usr 0 00:01:08, Sys 0 00:00:02  -  Total Remote Usage
		Usr 0 00:00:00, Sys 0 00:00:00  -  Total Local Usage
	7375  -  Run Bytes Sent By Job
	314  -  Run Bytes Received By Job
	7375  -  Total Bytes Sent By Job
	314  -  Total Bytes Received By Job
	Partitionable Resources :    Usage  Request Allocated 
	   Cpus                 :     0.69        1         1 
	   Disk (KB)            :    31           1      3717 
	   GPUs                 :                           0 
	   Memory (MB)          :   153        3000      3000 
	   TimeExecute (s)      :    99                       
	   TimeSlotBusy (s)     :   101                       

	Job terminated of its own accord at 2026-01-22T18:20:46Z with exit-code 0.
...
