000 (9119974.000.000) 01/22 19:16:46 Job submitted from host: <188.185.6.50:9618?addrs=188.185.6.50-9618+[2001-1458-d00-62--100-2b1]-9618&alias=bigbird25.cern.ch&noUDP&sock=schedd_1627_90ad>
...
040 (9119974.000.000) 01/22 19:19:07 Started transferring input files
	Transferring to host: <188.185.206.66:9618?addrs=188.185.206.66-9618+[2001-1458-303-b--100-3f]-9618&alias=b9p05p0448.cern.ch&noUDP&sock=slot1_30_2144068_9e0d_42258>
...
040 (9119974.000.000) 01/22 19:19:07 Finished transferring input files
...
001 (9119974.000.000) 01/22 19:19:08 Job executing on host: <188.185.206.66:9618?addrs=188.185.206.66-9618+[2001-1458-303-b--100-3f]-9618&alias=b9p05p0448.cern.ch&noUDP&sock=startd_2140937_48f4>
	SlotName: slot1_30@b9p05p0448.cern.ch
	CondorScratchDir = "/pool/condor/dir_927740"
	Cpus = 1
	Disk = 3707
	GPUs = 0
	Memory = 3000
...
006 (9119974.000.000) 01/22 19:19:22 Image size of job updated: 77724
	76  -  MemoryUsage of job (MB)
	77724  -  ResidentSetSize of job (KB)
...
006 (9119974.000.000) 01/22 19:19:28 Image size of job updated: 112860
	76  -  MemoryUsage of job (MB)
	77732  -  ResidentSetSize of job (KB)
...
040 (9119974.000.000) 01/22 19:19:28 Started transferring output files
...
040 (9119974.000.000) 01/22 19:19:28 Finished transferring output files
...
005 (9119974.000.000) 01/22 19:19:28 Job terminated.
	(1) Normal termination (return value 0)
		Usr 0 00:00:03, Sys 0 00:00:02  -  Run Remote Usage
		Usr 0 00:00:00, Sys 0 00:00:00  -  Run Local Usage
		Usr 0 00:00:03, Sys 0 00:00:02  -  Total Remote Usage
		Usr 0 00:00:00, Sys 0 00:00:00  -  Total Local Usage
	5988  -  Run Bytes Sent By Job
	314  -  Run Bytes Received By Job
	5988  -  Total Bytes Sent By Job
	314  -  Total Bytes Received By Job
	Partitionable Resources :    Usage  Request Allocated 
	   Cpus                 :        0        1         1 
	   Disk (KB)            :       32        1      3707 
	   GPUs                 :                           0 
	   Memory (MB)          :       76     3000      3000 
	   TimeExecute (s)      :       20                    
	   TimeSlotBusy (s)     :       22                    

	Job terminated of its own accord at 2026-01-22T18:19:28Z with exit-code 0.
...
