000 (9119977.000.000) 01/22 19:16:46 Job submitted from host: <188.185.6.50:9618?addrs=188.185.6.50-9618+[2001-1458-d00-62--100-2b1]-9618&alias=bigbird25.cern.ch&noUDP&sock=schedd_1627_90ad>
...
040 (9119977.000.000) 01/22 19:19:08 Started transferring input files
	Transferring to host: <188.185.214.145:9618?addrs=188.185.214.145-9618+[2001-1458-303-1d--100-d]-9618&alias=b9p30p1671.cern.ch&noUDP&sock=slot1_15_7296_7122_133190>
...
040 (9119977.000.000) 01/22 19:19:08 Finished transferring input files
...
001 (9119977.000.000) 01/22 19:19:09 Job executing on host: <188.185.214.145:9618?addrs=188.185.214.145-9618+[2001-1458-303-1d--100-d]-9618&alias=b9p30p1671.cern.ch&noUDP&sock=startd_6631_e497>
	SlotName: slot1_15@b9p30p1671.cern.ch
	CondorScratchDir = "/pool/condor/dir_3189701"
	Cpus = 1
	Disk = 3907
	GPUs = 0
	Memory = 3000
...
006 (9119977.000.000) 01/22 19:19:22 Image size of job updated: 131648
	129  -  MemoryUsage of job (MB)
	131648  -  ResidentSetSize of job (KB)
...
006 (9119977.000.000) 01/22 19:21:03 Image size of job updated: 233476
	129  -  MemoryUsage of job (MB)
	131648  -  ResidentSetSize of job (KB)
...
040 (9119977.000.000) 01/22 19:21:03 Started transferring output files
...
040 (9119977.000.000) 01/22 19:21:03 Finished transferring output files
...
005 (9119977.000.000) 01/22 19:21:03 Job terminated.
	(1) Normal termination (return value 0)
		Usr 0 00:01:18, Sys 0 00:00:02  -  Run Remote Usage
		Usr 0 00:00:00, Sys 0 00:00:00  -  Run Local Usage
		Usr 0 00:01:18, Sys 0 00:00:02  -  Total Remote Usage
		Usr 0 00:00:00, Sys 0 00:00:00  -  Total Local Usage
	8018  -  Run Bytes Sent By Job
	315  -  Run Bytes Received By Job
	8018  -  Total Bytes Sent By Job
	315  -  Total Bytes Received By Job
	Partitionable Resources :    Usage  Request Allocated 
	   Cpus                 :        0        1         1 
	   Disk (KB)            :       31        1      3907 
	   GPUs                 :                           0 
	   Memory (MB)          :      129     3000      3000 
	   TimeExecute (s)      :      114                    
	   TimeSlotBusy (s)     :      116                    

	Job terminated of its own accord at 2026-01-22T18:21:03Z with exit-code 0.
...
