000 (9119979.000.000) 01/22 19:16:47 Job submitted from host: <188.185.6.50:9618?addrs=188.185.6.50-9618+[2001-1458-d00-62--100-2b1]-9618&alias=bigbird25.cern.ch&noUDP&sock=schedd_1627_90ad>
...
040 (9119979.000.000) 01/22 19:19:08 Started transferring input files
	Transferring to host: <188.185.211.178:9618?addrs=188.185.211.178-9618+[2001-1458-303-17--100-2e]-9618&alias=b9p24p7969.cern.ch&noUDP&sock=slot1_33_5366_9513_132194>
...
040 (9119979.000.000) 01/22 19:19:08 Finished transferring input files
...
001 (9119979.000.000) 01/22 19:19:09 Job executing on host: <188.185.211.178:9618?addrs=188.185.211.178-9618+[2001-1458-303-17--100-2e]-9618&alias=b9p24p7969.cern.ch&noUDP&sock=startd_4421_0449>
	SlotName: slot1_33@b9p24p7969.cern.ch
	CondorScratchDir = "/pool/condor/dir_2154345"
	Cpus = 1
	Disk = 3876
	GPUs = 0
	Memory = 3000
...
006 (9119979.000.000) 01/22 19:19:22 Image size of job updated: 81676
	80  -  MemoryUsage of job (MB)
	81676  -  ResidentSetSize of job (KB)
...
006 (9119979.000.000) 01/22 19:21:11 Image size of job updated: 257416
	80  -  MemoryUsage of job (MB)
	81676  -  ResidentSetSize of job (KB)
...
040 (9119979.000.000) 01/22 19:21:11 Started transferring output files
...
040 (9119979.000.000) 01/22 19:21:11 Finished transferring output files
...
005 (9119979.000.000) 01/22 19:21:11 Job terminated.
	(1) Normal termination (return value 0)
		Usr 0 00:01:21, Sys 0 00:00:02  -  Run Remote Usage
		Usr 0 00:00:00, Sys 0 00:00:00  -  Run Local Usage
		Usr 0 00:01:21, Sys 0 00:00:02  -  Total Remote Usage
		Usr 0 00:00:00, Sys 0 00:00:00  -  Total Local Usage
	7535  -  Run Bytes Sent By Job
	314  -  Run Bytes Received By Job
	7535  -  Total Bytes Sent By Job
	314  -  Total Bytes Received By Job
	Partitionable Resources :    Usage  Request Allocated 
	   Cpus                 :        0        1         1 
	   Disk (KB)            :       31        1      3876 
	   GPUs                 :                           0 
	   Memory (MB)          :       80     3000      3000 
	   TimeExecute (s)      :      122                    
	   TimeSlotBusy (s)     :      124                    

	Job terminated of its own accord at 2026-01-22T18:21:11Z with exit-code 0.
...
