000 (9116843.000.000) 01/22 14:17:18 Job submitted from host: <188.185.6.50:9618?addrs=188.185.6.50-9618+[2001-1458-d00-62--100-2b1]-9618&alias=bigbird25.cern.ch&noUDP&sock=schedd_1627_90ad>
...
040 (9116843.000.000) 01/22 14:17:47 Started transferring input files
	Transferring to host: <188.185.212.22:9618?addrs=188.185.212.22-9618+[2001-1458-303-18--100-12]-9618&alias=b9p25p1647.cern.ch&noUDP&sock=slot1_27_4722_d379_133259>
...
040 (9116843.000.000) 01/22 14:17:47 Finished transferring input files
...
001 (9116843.000.000) 01/22 14:17:48 Job executing on host: <188.185.212.22:9618?addrs=188.185.212.22-9618+[2001-1458-303-18--100-12]-9618&alias=b9p25p1647.cern.ch&noUDP&sock=startd_3905_156b>
	SlotName: slot1_27@b9p25p1647.cern.ch
	CondorScratchDir = "/pool/condor/dir_2670639"
	Cpus = 1
	Disk = 3818
	GPUs = 0
	Memory = 3000
...
006 (9116843.000.000) 01/22 14:18:01 Image size of job updated: 142908
	140  -  MemoryUsage of job (MB)
	142908  -  ResidentSetSize of job (KB)
...
006 (9116843.000.000) 01/22 14:23:01 Image size of job updated: 436680
	315  -  MemoryUsage of job (MB)
	322148  -  ResidentSetSize of job (KB)
...
040 (9116843.000.000) 01/22 14:23:31 Started transferring output files
...
040 (9116843.000.000) 01/22 14:23:31 Finished transferring output files
...
005 (9116843.000.000) 01/22 14:23:31 Job terminated.
	(1) Normal termination (return value 0)
		Usr 0 00:03:31, Sys 0 00:00:04  -  Run Remote Usage
		Usr 0 00:00:00, Sys 0 00:00:00  -  Run Local Usage
		Usr 0 00:03:31, Sys 0 00:00:04  -  Total Remote Usage
		Usr 0 00:00:00, Sys 0 00:00:00  -  Total Local Usage
	10390  -  Run Bytes Sent By Job
	320  -  Run Bytes Received By Job
	10390  -  Total Bytes Sent By Job
	320  -  Total Bytes Received By Job
	Partitionable Resources :    Usage  Request Allocated 
	   Cpus                 :        0        1         1 
	   Disk (KB)            :       34        1      3818 
	   GPUs                 :                           0 
	   Memory (MB)          :      315     3000      3000 
	   TimeExecute (s)      :      343                    
	   TimeSlotBusy (s)     :      345                    

	Job terminated of its own accord at 2026-01-22T13:23:31Z with exit-code 0.
...
