000 (9116844.000.000) 01/22 14:17:18 Job submitted from host: <188.185.6.50:9618?addrs=188.185.6.50-9618+[2001-1458-d00-62--100-2b1]-9618&alias=bigbird25.cern.ch&noUDP&sock=schedd_1627_90ad>
...
040 (9116844.000.000) 01/22 14:17:48 Started transferring input files
	Transferring to host: <188.185.215.152:9618?addrs=188.185.215.152-9618+[2001-1458-303-26--100-14]-9618&alias=b9p18p4407.cern.ch&noUDP&sock=slot1_52_7570_7fed_119950>
...
040 (9116844.000.000) 01/22 14:17:48 Finished transferring input files
...
001 (9116844.000.000) 01/22 14:17:49 Job executing on host: <188.185.215.152:9618?addrs=188.185.215.152-9618+[2001-1458-303-26--100-14]-9618&alias=b9p18p4407.cern.ch&noUDP&sock=startd_6340_4a87>
	SlotName: slot1_52@b9p18p4407.cern.ch
	CondorScratchDir = "/pool/condor/dir_2917118"
	Cpus = 1
	Disk = 3864
	GPUs = 0
	Memory = 3000
...
006 (9116844.000.000) 01/22 14:18:03 Image size of job updated: 124108
	122  -  MemoryUsage of job (MB)
	124108  -  ResidentSetSize of job (KB)
...
006 (9116844.000.000) 01/22 14:22:45 Image size of job updated: 445212
	122  -  MemoryUsage of job (MB)
	124108  -  ResidentSetSize of job (KB)
...
040 (9116844.000.000) 01/22 14:22:45 Started transferring output files
...
040 (9116844.000.000) 01/22 14:22:45 Finished transferring output files
...
005 (9116844.000.000) 01/22 14:22:45 Job terminated.
	(1) Normal termination (return value 0)
		Usr 0 00:03:52, Sys 0 00:00:05  -  Run Remote Usage
		Usr 0 00:00:00, Sys 0 00:00:00  -  Run Local Usage
		Usr 0 00:03:52, Sys 0 00:00:05  -  Total Remote Usage
		Usr 0 00:00:00, Sys 0 00:00:00  -  Total Local Usage
	9718  -  Run Bytes Sent By Job
	320  -  Run Bytes Received By Job
	9718  -  Total Bytes Sent By Job
	320  -  Total Bytes Received By Job
	Partitionable Resources :    Usage  Request Allocated 
	   Cpus                 :        0        1         1 
	   Disk (KB)            :       33        1      3864 
	   GPUs                 :                           0 
	   Memory (MB)          :      122     3000      3000 
	   TimeExecute (s)      :      296                    
	   TimeSlotBusy (s)     :      298                    

	Job terminated of its own accord at 2026-01-22T13:22:45Z with exit-code 0.
...
