000 (9116841.000.000) 01/22 14:17:17 Job submitted from host: <188.185.6.50:9618?addrs=188.185.6.50-9618+[2001-1458-d00-62--100-2b1]-9618&alias=bigbird25.cern.ch&noUDP&sock=schedd_1627_90ad>
...
040 (9116841.000.000) 01/22 14:17:47 Started transferring input files
	Transferring to host: <128.142.192.161:9618?addrs=128.142.192.161-9618+[2001-1458-301-56--100-1d]-9618&alias=b9g18p0292.cern.ch&noUDP&sock=slot1_11_4368_66ab_152780>
...
040 (9116841.000.000) 01/22 14:17:47 Finished transferring input files
...
001 (9116841.000.000) 01/22 14:17:48 Job executing on host: <128.142.192.161:9618?addrs=128.142.192.161-9618+[2001-1458-301-56--100-1d]-9618&alias=b9g18p0292.cern.ch&noUDP&sock=startd_3514_e3e3>
	SlotName: slot1_11@b9g18p0292.cern.ch
	CondorScratchDir = "/pool/condor/dir_2633812"
	Cpus = 1
	Disk = 3861
	GPUs = 0
	Memory = 3000
...
006 (9116841.000.000) 01/22 14:17:59 Image size of job updated: 123972
	0  -  MemoryUsage of job (MB)
	0  -  ResidentSetSize of job (KB)
...
040 (9116841.000.000) 01/22 14:18:00 Started transferring output files
...
040 (9116841.000.000) 01/22 14:18:00 Finished transferring output files
...
005 (9116841.000.000) 01/22 14:18:00 Job terminated.
	(1) Normal termination (return value 0)
		Usr 0 00:00:03, Sys 0 00:00:01  -  Run Remote Usage
		Usr 0 00:00:00, Sys 0 00:00:00  -  Run Local Usage
		Usr 0 00:00:03, Sys 0 00:00:01  -  Total Remote Usage
		Usr 0 00:00:00, Sys 0 00:00:00  -  Total Local Usage
	6023  -  Run Bytes Sent By Job
	324  -  Run Bytes Received By Job
	6023  -  Total Bytes Sent By Job
	324  -  Total Bytes Received By Job
	Partitionable Resources :    Usage  Request Allocated 
	   Cpus                 :        0        1         1 
	   Disk (KB)            :       29        1      3861 
	   GPUs                 :                           0 
	   Memory (MB)          :        0     3000      3000 
	   TimeExecute (s)      :       11                    
	   TimeSlotBusy (s)     :       14                    

	Job terminated of its own accord at 2026-01-22T13:17:59Z with exit-code 0.
...
