000 (9116845.000.000) 01/22 14:17:18 Job submitted from host: <188.185.6.50:9618?addrs=188.185.6.50-9618+[2001-1458-d00-62--100-2b1]-9618&alias=bigbird25.cern.ch&noUDP&sock=schedd_1627_90ad>
...
040 (9116845.000.000) 01/22 14:17:48 Started transferring input files
	Transferring to host: <188.185.192.126:9618?addrs=188.185.192.126-9618+[2001-1458-303-1f--100-7a]-9618&alias=b9p13p1867.cern.ch&noUDP&sock=slot1_50_5264_b6cf_122647>
...
040 (9116845.000.000) 01/22 14:17:48 Finished transferring input files
...
001 (9116845.000.000) 01/22 14:17:49 Job executing on host: <188.185.192.126:9618?addrs=188.185.192.126-9618+[2001-1458-303-1f--100-7a]-9618&alias=b9p13p1867.cern.ch&noUDP&sock=startd_4168_7ad3>
	SlotName: slot1_50@b9p13p1867.cern.ch
	CondorScratchDir = "/pool/condor/dir_1894896"
	Cpus = 1
	Disk = 3808
	GPUs = 0
	Memory = 3000
...
006 (9116845.000.000) 01/22 14:18:03 Image size of job updated: 123272
	121  -  MemoryUsage of job (MB)
	123272  -  ResidentSetSize of job (KB)
...
006 (9116845.000.000) 01/22 14:18:06 Image size of job updated: 130512
	121  -  MemoryUsage of job (MB)
	123272  -  ResidentSetSize of job (KB)
...
040 (9116845.000.000) 01/22 14:18:06 Started transferring output files
...
040 (9116845.000.000) 01/22 14:18:06 Finished transferring output files
...
005 (9116845.000.000) 01/22 14:18:06 Job terminated.
	(1) Normal termination (return value 0)
		Usr 0 00:00:05, Sys 0 00:00:01  -  Run Remote Usage
		Usr 0 00:00:00, Sys 0 00:00:00  -  Run Local Usage
		Usr 0 00:00:05, Sys 0 00:00:01  -  Total Remote Usage
		Usr 0 00:00:00, Sys 0 00:00:00  -  Total Local Usage
	6014  -  Run Bytes Sent By Job
	320  -  Run Bytes Received By Job
	6014  -  Total Bytes Sent By Job
	320  -  Total Bytes Received By Job
	Partitionable Resources :    Usage  Request Allocated 
	   Cpus                 :        0        1         1 
	   Disk (KB)            :       29        1      3808 
	   GPUs                 :                           0 
	   Memory (MB)          :      121     3000      3000 
	   TimeExecute (s)      :       17                    
	   TimeSlotBusy (s)     :       19                    

	Job terminated of its own accord at 2026-01-22T13:18:06Z with exit-code 0.
...
