000 (9116839.000.000) 01/22 14:17:17 Job submitted from host: <188.185.6.50:9618?addrs=188.185.6.50-9618+[2001-1458-d00-62--100-2b1]-9618&alias=bigbird25.cern.ch&noUDP&sock=schedd_1627_90ad>
...
040 (9116839.000.000) 01/22 14:17:46 Started transferring input files
	Transferring to host: <188.185.213.139:9618?addrs=188.185.213.139-9618+[2001-1458-303-1b--100-7]-9618&alias=b9p28p3597.cern.ch&noUDP&sock=slot1_18_5615_067d_156764>
...
040 (9116839.000.000) 01/22 14:17:46 Finished transferring input files
...
001 (9116839.000.000) 01/22 14:17:47 Job executing on host: <188.185.213.139:9618?addrs=188.185.213.139-9618+[2001-1458-303-1b--100-7]-9618&alias=b9p28p3597.cern.ch&noUDP&sock=startd_4564_1a54>
	SlotName: slot1_18@b9p28p3597.cern.ch
	CondorScratchDir = "/pool/condor/dir_3891107"
	Cpus = 1
	Disk = 3904
	GPUs = 0
	Memory = 3000
...
006 (9116839.000.000) 01/22 14:18:01 Image size of job updated: 174480
	171  -  MemoryUsage of job (MB)
	174480  -  ResidentSetSize of job (KB)
...
006 (9116839.000.000) 01/22 14:19:47 Image size of job updated: 239420
	171  -  MemoryUsage of job (MB)
	174480  -  ResidentSetSize of job (KB)
...
040 (9116839.000.000) 01/22 14:19:47 Started transferring output files
...
040 (9116839.000.000) 01/22 14:19:47 Finished transferring output files
...
005 (9116839.000.000) 01/22 14:19:47 Job terminated.
	(1) Normal termination (return value 0)
		Usr 0 00:01:38, Sys 0 00:00:02  -  Run Remote Usage
		Usr 0 00:00:00, Sys 0 00:00:00  -  Run Local Usage
		Usr 0 00:01:38, Sys 0 00:00:02  -  Total Remote Usage
		Usr 0 00:00:00, Sys 0 00:00:00  -  Total Local Usage
	9176  -  Run Bytes Sent By Job
	324  -  Run Bytes Received By Job
	9176  -  Total Bytes Sent By Job
	324  -  Total Bytes Received By Job
	Partitionable Resources :    Usage  Request Allocated 
	   Cpus                 :        0        1         1 
	   Disk (KB)            :       32        1      3904 
	   GPUs                 :                           0 
	   Memory (MB)          :      171     3000      3000 
	   TimeExecute (s)      :      120                    
	   TimeSlotBusy (s)     :      122                    

	Job terminated of its own accord at 2026-01-22T13:19:47Z with exit-code 0.
...
