000 (9116836.000.000) 01/22 14:17:16 Job submitted from host: <188.185.6.50:9618?addrs=188.185.6.50-9618+[2001-1458-d00-62--100-2b1]-9618&alias=bigbird25.cern.ch&noUDP&sock=schedd_1627_90ad>
...
040 (9116836.000.000) 01/22 14:17:45 Started transferring input files
	Transferring to host: <188.185.210.184:9618?addrs=188.185.210.184-9618+[2001-1458-303-15--100-34]-9618&alias=b9p22p5620.cern.ch&noUDP&sock=slot1_18_6560_dd04_162620>
...
040 (9116836.000.000) 01/22 14:17:45 Finished transferring input files
...
001 (9116836.000.000) 01/22 14:17:46 Job executing on host: <188.185.210.184:9618?addrs=188.185.210.184-9618+[2001-1458-303-15--100-34]-9618&alias=b9p22p5620.cern.ch&noUDP&sock=startd_5807_b28d>
	SlotName: slot1_18@b9p22p5620.cern.ch
	CondorScratchDir = "/pool/condor/dir_676857"
	Cpus = 1
	Disk = 3839
	GPUs = 0
	Memory = 3000
...
006 (9116836.000.000) 01/22 14:17:59 Image size of job updated: 140248
	137  -  MemoryUsage of job (MB)
	140248  -  ResidentSetSize of job (KB)
...
006 (9116836.000.000) 01/22 14:20:47 Image size of job updated: 247028
	138  -  MemoryUsage of job (MB)
	140424  -  ResidentSetSize of job (KB)
...
040 (9116836.000.000) 01/22 14:20:47 Started transferring output files
...
040 (9116836.000.000) 01/22 14:20:47 Finished transferring output files
...
005 (9116836.000.000) 01/22 14:20:47 Job terminated.
	(1) Normal termination (return value 0)
		Usr 0 00:02:25, Sys 0 00:00:03  -  Run Remote Usage
		Usr 0 00:00:00, Sys 0 00:00:00  -  Run Local Usage
		Usr 0 00:02:25, Sys 0 00:00:03  -  Total Remote Usage
		Usr 0 00:00:00, Sys 0 00:00:00  -  Total Local Usage
	10272  -  Run Bytes Sent By Job
	324  -  Run Bytes Received By Job
	10272  -  Total Bytes Sent By Job
	324  -  Total Bytes Received By Job
	Partitionable Resources :    Usage  Request Allocated 
	   Cpus                 :        0        1         1 
	   Disk (KB)            :       33        1      3839 
	   GPUs                 :                           0 
	   Memory (MB)          :      138     3000      3000 
	   TimeExecute (s)      :      181                    
	   TimeSlotBusy (s)     :      183                    

	Job terminated of its own accord at 2026-01-22T13:20:47Z with exit-code 0.
...
