000 (9116838.000.000) 01/22 14:17:16 Job submitted from host: <188.185.6.50:9618?addrs=188.185.6.50-9618+[2001-1458-d00-62--100-2b1]-9618&alias=bigbird25.cern.ch&noUDP&sock=schedd_1627_90ad>
...
040 (9116838.000.000) 01/22 14:17:46 Started transferring input files
	Transferring to host: <188.185.214.8:9618?addrs=188.185.214.8-9618+[2001-1458-303-1c--100-4]-9618&alias=b9p29p9409.cern.ch&noUDP&sock=slot1_38_5235_47ee_155294>
...
040 (9116838.000.000) 01/22 14:17:46 Finished transferring input files
...
001 (9116838.000.000) 01/22 14:17:47 Job executing on host: <188.185.214.8:9618?addrs=188.185.214.8-9618+[2001-1458-303-1c--100-4]-9618&alias=b9p29p9409.cern.ch&noUDP&sock=startd_4261_4522>
	SlotName: slot1_38@b9p29p9409.cern.ch
	CondorScratchDir = "/pool/condor/dir_2520836"
	Cpus = 1
	Disk = 3757
	GPUs = 0
	Memory = 3000
...
006 (9116838.000.000) 01/22 14:18:00 Image size of job updated: 174188
	171  -  MemoryUsage of job (MB)
	174188  -  ResidentSetSize of job (KB)
...
006 (9116838.000.000) 01/22 14:21:06 Image size of job updated: 244688
	171  -  MemoryUsage of job (MB)
	174188  -  ResidentSetSize of job (KB)
...
040 (9116838.000.000) 01/22 14:21:06 Started transferring output files
...
040 (9116838.000.000) 01/22 14:21:06 Finished transferring output files
...
005 (9116838.000.000) 01/22 14:21:06 Job terminated.
	(1) Normal termination (return value 0)
		Usr 0 00:02:30, Sys 0 00:00:03  -  Run Remote Usage
		Usr 0 00:00:00, Sys 0 00:00:00  -  Run Local Usage
		Usr 0 00:02:30, Sys 0 00:00:03  -  Total Remote Usage
		Usr 0 00:00:00, Sys 0 00:00:00  -  Total Local Usage
	10272  -  Run Bytes Sent By Job
	324  -  Run Bytes Received By Job
	10272  -  Total Bytes Sent By Job
	324  -  Total Bytes Received By Job
	Partitionable Resources :    Usage  Request Allocated 
	   Cpus                 :        0        1         1 
	   Disk (KB)            :       33        1      3757 
	   GPUs                 :                           0 
	   Memory (MB)          :      171     3000      3000 
	   TimeExecute (s)      :      199                    
	   TimeSlotBusy (s)     :      201                    

	Job terminated of its own accord at 2026-01-22T13:21:06Z with exit-code 0.
...
