000 (9116832.000.000) 01/22 14:17:14 Job submitted from host: <188.185.6.50:9618?addrs=188.185.6.50-9618+[2001-1458-d00-62--100-2b1]-9618&alias=bigbird25.cern.ch&noUDP&sock=schedd_1627_90ad>
...
040 (9116832.000.000) 01/22 14:17:44 Started transferring input files
	Transferring to host: <128.142.161.96:9618?addrs=128.142.161.96-9618+[2001-1458-301-b8--100-1e]-9618&alias=b9g03p4133.cern.ch&noUDP&sock=slot1_25_2286035_363a_52006>
...
040 (9116832.000.000) 01/22 14:17:44 Finished transferring input files
...
001 (9116832.000.000) 01/22 14:17:45 Job executing on host: <128.142.161.96:9618?addrs=128.142.161.96-9618+[2001-1458-301-b8--100-1e]-9618&alias=b9g03p4133.cern.ch&noUDP&sock=startd_5599_06da>
	SlotName: slot1_25@b9g03p4133.cern.ch
	CondorScratchDir = "/pool/condor/dir_368110"
	Cpus = 1
	Disk = 3886
	GPUs = 0
	Memory = 3000
...
006 (9116832.000.000) 01/22 14:17:59 Image size of job updated: 166692
	163  -  MemoryUsage of job (MB)
	166692  -  ResidentSetSize of job (KB)
...
006 (9116832.000.000) 01/22 14:20:05 Image size of job updated: 167532
	163  -  MemoryUsage of job (MB)
	166692  -  ResidentSetSize of job (KB)
...
040 (9116832.000.000) 01/22 14:20:05 Started transferring output files
...
040 (9116832.000.000) 01/22 14:20:05 Finished transferring output files
...
005 (9116832.000.000) 01/22 14:20:05 Job terminated.
	(1) Normal termination (return value 0)
		Usr 0 00:01:31, Sys 0 00:00:02  -  Run Remote Usage
		Usr 0 00:00:00, Sys 0 00:00:00  -  Run Local Usage
		Usr 0 00:01:31, Sys 0 00:00:02  -  Total Remote Usage
		Usr 0 00:00:00, Sys 0 00:00:00  -  Total Local Usage
	8571  -  Run Bytes Sent By Job
	324  -  Run Bytes Received By Job
	8571  -  Total Bytes Sent By Job
	324  -  Total Bytes Received By Job
	Partitionable Resources :    Usage  Request Allocated 
	   Cpus                 :        0        1         1 
	   Disk (KB)            :       31        1      3886 
	   GPUs                 :                           0 
	   Memory (MB)          :      163     3000      3000 
	   TimeExecute (s)      :      140                    
	   TimeSlotBusy (s)     :      142                    

	Job terminated of its own accord at 2026-01-22T13:20:05Z with exit-code 0.
...
