000 (9116837.000.000) 01/22 14:17:16 Job submitted from host: <188.185.6.50:9618?addrs=188.185.6.50-9618+[2001-1458-d00-62--100-2b1]-9618&alias=bigbird25.cern.ch&noUDP&sock=schedd_1627_90ad>
...
040 (9116837.000.000) 01/22 14:17:45 Started transferring input files
	Transferring to host: <188.185.210.82:9618?addrs=188.185.210.82-9618+[2001-1458-303-1--100-4e]-9618&alias=b9p21p1567.cern.ch&noUDP&sock=slot1_17_5202_078d_159186>
...
040 (9116837.000.000) 01/22 14:17:45 Finished transferring input files
...
001 (9116837.000.000) 01/22 14:17:46 Job executing on host: <188.185.210.82:9618?addrs=188.185.210.82-9618+[2001-1458-303-1--100-4e]-9618&alias=b9p21p1567.cern.ch&noUDP&sock=startd_4237_cedc>
	SlotName: slot1_17@b9p21p1567.cern.ch
	CondorScratchDir = "/pool/condor/dir_822715"
	Cpus = 1
	Disk = 3842
	GPUs = 0
	Memory = 3000
...
006 (9116837.000.000) 01/22 14:17:59 Image size of job updated: 187568
	184  -  MemoryUsage of job (MB)
	187568  -  ResidentSetSize of job (KB)
...
006 (9116837.000.000) 01/22 14:18:23 Image size of job updated: 206072
	184  -  MemoryUsage of job (MB)
	187568  -  ResidentSetSize of job (KB)
...
040 (9116837.000.000) 01/22 14:18:23 Started transferring output files
...
040 (9116837.000.000) 01/22 14:18:23 Finished transferring output files
...
005 (9116837.000.000) 01/22 14:18:23 Job terminated.
	(1) Normal termination (return value 0)
		Usr 0 00:00:23, Sys 0 00:00:01  -  Run Remote Usage
		Usr 0 00:00:00, Sys 0 00:00:00  -  Run Local Usage
		Usr 0 00:00:23, Sys 0 00:00:01  -  Total Remote Usage
		Usr 0 00:00:00, Sys 0 00:00:00  -  Total Local Usage
	6866  -  Run Bytes Sent By Job
	324  -  Run Bytes Received By Job
	6866  -  Total Bytes Sent By Job
	324  -  Total Bytes Received By Job
	Partitionable Resources :    Usage  Request Allocated 
	   Cpus                 :        0        1         1 
	   Disk (KB)            :       30        1      3842 
	   GPUs                 :                           0 
	   Memory (MB)          :      184     3000      3000 
	   TimeExecute (s)      :       37                    
	   TimeSlotBusy (s)     :       39                    

	Job terminated of its own accord at 2026-01-22T13:18:23Z with exit-code 0.
...
