000 (9116872.000.000) 01/22 14:17:25 Job submitted from host: <188.185.6.50:9618?addrs=188.185.6.50-9618+[2001-1458-d00-62--100-2b1]-9618&alias=bigbird25.cern.ch&noUDP&sock=schedd_1627_90ad>
...
040 (9116872.000.000) 01/22 14:17:55 Started transferring input files
	Transferring to host: <188.185.212.185:9618?addrs=188.185.212.185-9618+[2001-1458-303-19--100-35]-9618&alias=b9p26p4565.cern.ch&noUDP&sock=slot1_29_5684_a460_132528>
...
040 (9116872.000.000) 01/22 14:17:55 Finished transferring input files
...
001 (9116872.000.000) 01/22 14:17:56 Job executing on host: <188.185.212.185:9618?addrs=188.185.212.185-9618+[2001-1458-303-19--100-35]-9618&alias=b9p26p4565.cern.ch&noUDP&sock=startd_4778_e399>
	SlotName: slot1_29@b9p26p4565.cern.ch
	CondorScratchDir = "/pool/condor/dir_1411587"
	Cpus = 1
	Disk = 3777
	GPUs = 0
	Memory = 3000
...
006 (9116872.000.000) 01/22 14:18:09 Image size of job updated: 160236
	157  -  MemoryUsage of job (MB)
	160236  -  ResidentSetSize of job (KB)
...
006 (9116872.000.000) 01/22 14:18:29 Image size of job updated: 168576
	157  -  MemoryUsage of job (MB)
	160248  -  ResidentSetSize of job (KB)
...
040 (9116872.000.000) 01/22 14:18:29 Started transferring output files
...
040 (9116872.000.000) 01/22 14:18:29 Finished transferring output files
...
005 (9116872.000.000) 01/22 14:18:29 Job terminated.
	(1) Normal termination (return value 0)
		Usr 0 00:00:20, Sys 0 00:00:02  -  Run Remote Usage
		Usr 0 00:00:00, Sys 0 00:00:00  -  Run Local Usage
		Usr 0 00:00:20, Sys 0 00:00:02  -  Total Remote Usage
		Usr 0 00:00:00, Sys 0 00:00:00  -  Total Local Usage
	6521  -  Run Bytes Sent By Job
	325  -  Run Bytes Received By Job
	6521  -  Total Bytes Sent By Job
	325  -  Total Bytes Received By Job
	Partitionable Resources :    Usage  Request Allocated 
	   Cpus                 :        0        1         1 
	   Disk (KB)            :       30        1      3777 
	   GPUs                 :                           0 
	   Memory (MB)          :      157     3000      3000 
	   TimeExecute (s)      :       33                    
	   TimeSlotBusy (s)     :       35                    

	Job terminated of its own accord at 2026-01-22T13:18:29Z with exit-code 0.
...
