000 (9116853.000.000) 01/22 14:17:21 Job submitted from host: <188.185.6.50:9618?addrs=188.185.6.50-9618+[2001-1458-d00-62--100-2b1]-9618&alias=bigbird25.cern.ch&noUDP&sock=schedd_1627_90ad>
...
040 (9116853.000.000) 01/22 14:17:50 Started transferring input files
	Transferring to host: <128.142.192.142:9618?addrs=128.142.192.142-9618+[2001-1458-301-56--100-a]-9618&alias=b9g18p1267.cern.ch&noUDP&sock=slot1_15_3574_f4ca_150858>
...
040 (9116853.000.000) 01/22 14:17:50 Finished transferring input files
...
001 (9116853.000.000) 01/22 14:17:51 Job executing on host: <128.142.192.142:9618?addrs=128.142.192.142-9618+[2001-1458-301-56--100-a]-9618&alias=b9g18p1267.cern.ch&noUDP&sock=startd_3310_f691>
	SlotName: slot1_15@b9g18p1267.cern.ch
	CondorScratchDir = "/pool/condor/dir_1839380"
	Cpus = 1
	Disk = 3790
	GPUs = 0
	Memory = 3000
...
006 (9116853.000.000) 01/22 14:18:05 Image size of job updated: 180184
	176  -  MemoryUsage of job (MB)
	180184  -  ResidentSetSize of job (KB)
...
006 (9116853.000.000) 01/22 14:23:06 Image size of job updated: 180200
	176  -  MemoryUsage of job (MB)
	180200  -  ResidentSetSize of job (KB)
...
040 (9116853.000.000) 01/22 14:23:13 Started transferring output files
...
040 (9116853.000.000) 01/22 14:23:13 Finished transferring output files
...
005 (9116853.000.000) 01/22 14:23:13 Job terminated.
	(1) Normal termination (return value 0)
		Usr 0 00:03:25, Sys 0 00:00:04  -  Run Remote Usage
		Usr 0 00:00:00, Sys 0 00:00:00  -  Run Local Usage
		Usr 0 00:03:25, Sys 0 00:00:04  -  Total Remote Usage
		Usr 0 00:00:00, Sys 0 00:00:00  -  Total Local Usage
	10395  -  Run Bytes Sent By Job
	321  -  Run Bytes Received By Job
	10395  -  Total Bytes Sent By Job
	321  -  Total Bytes Received By Job
	Partitionable Resources :    Usage  Request Allocated 
	   Cpus                 :        0        1         1 
	   Disk (KB)            :       33        1      3790 
	   GPUs                 :                           0 
	   Memory (MB)          :      176     3000      3000 
	   TimeExecute (s)      :      322                    
	   TimeSlotBusy (s)     :      324                    

	Job terminated of its own accord at 2026-01-22T13:23:13Z with exit-code 0.
...
