000 (9116850.000.000) 01/22 14:17:20 Job submitted from host: <188.185.6.50:9618?addrs=188.185.6.50-9618+[2001-1458-d00-62--100-2b1]-9618&alias=bigbird25.cern.ch&noUDP&sock=schedd_1627_90ad>
...
040 (9116850.000.000) 01/22 14:17:50 Started transferring input files
	Transferring to host: <188.185.205.176:9618?addrs=188.185.205.176-9618+[2001-1458-303-a--100-2d]-9618&alias=b9p04p3355.cern.ch&noUDP&sock=slot1_23_5680_d2e0_115298>
...
040 (9116850.000.000) 01/22 14:17:50 Finished transferring input files
...
001 (9116850.000.000) 01/22 14:17:51 Job executing on host: <188.185.205.176:9618?addrs=188.185.205.176-9618+[2001-1458-303-a--100-2d]-9618&alias=b9p04p3355.cern.ch&noUDP&sock=startd_4733_05d6>
	SlotName: slot1_23@b9p04p3355.cern.ch
	CondorScratchDir = "/pool/condor/dir_326539"
	Cpus = 1
	Disk = 3724
	GPUs = 0
	Memory = 3000
...
006 (9116850.000.000) 01/22 14:18:05 Image size of job updated: 148824
	146  -  MemoryUsage of job (MB)
	148824  -  ResidentSetSize of job (KB)
...
006 (9116850.000.000) 01/22 14:19:15 Image size of job updated: 305152
	146  -  MemoryUsage of job (MB)
	148864  -  ResidentSetSize of job (KB)
...
040 (9116850.000.000) 01/22 14:19:15 Started transferring output files
...
040 (9116850.000.000) 01/22 14:19:15 Finished transferring output files
...
005 (9116850.000.000) 01/22 14:19:15 Job terminated.
	(1) Normal termination (return value 0)
		Usr 0 00:01:04, Sys 0 00:00:02  -  Run Remote Usage
		Usr 0 00:00:00, Sys 0 00:00:00  -  Run Local Usage
		Usr 0 00:01:04, Sys 0 00:00:02  -  Total Remote Usage
		Usr 0 00:00:00, Sys 0 00:00:00  -  Total Local Usage
	7602  -  Run Bytes Sent By Job
	314  -  Run Bytes Received By Job
	7602  -  Total Bytes Sent By Job
	314  -  Total Bytes Received By Job
	Partitionable Resources :    Usage  Request Allocated 
	   Cpus                 :        0        1         1 
	   Disk (KB)            :       33        1      3724 
	   GPUs                 :                           0 
	   Memory (MB)          :      146     3000      3000 
	   TimeExecute (s)      :       84                    
	   TimeSlotBusy (s)     :       86                    

	Job terminated of its own accord at 2026-01-22T13:19:15Z with exit-code 0.
...
