000 (9116849.000.000) 01/22 14:17:19 Job submitted from host: <188.185.6.50:9618?addrs=188.185.6.50-9618+[2001-1458-d00-62--100-2b1]-9618&alias=bigbird25.cern.ch&noUDP&sock=schedd_1627_90ad>
...
040 (9116849.000.000) 01/22 14:17:49 Started transferring input files
	Transferring to host: <128.142.192.180:9618?addrs=128.142.192.180-9618+[2001-1458-301-56--100-30]-9618&alias=b9g18p8490.cern.ch&noUDP&sock=slot1_36_3446_c4c5_130462>
...
040 (9116849.000.000) 01/22 14:17:49 Finished transferring input files
...
001 (9116849.000.000) 01/22 14:17:50 Job executing on host: <128.142.192.180:9618?addrs=128.142.192.180-9618+[2001-1458-301-56--100-30]-9618&alias=b9g18p8490.cern.ch&noUDP&sock=startd_2931_002c>
	SlotName: slot1_36@b9g18p8490.cern.ch
	CondorScratchDir = "/pool/condor/dir_670166"
	Cpus = 1
	Disk = 3863
	GPUs = 0
	Memory = 3000
...
006 (9116849.000.000) 01/22 14:18:04 Image size of job updated: 150448
	147  -  MemoryUsage of job (MB)
	150448  -  ResidentSetSize of job (KB)
...
006 (9116849.000.000) 01/22 14:23:05 Image size of job updated: 412140
	300  -  MemoryUsage of job (MB)
	307004  -  ResidentSetSize of job (KB)
...
040 (9116849.000.000) 01/22 14:24:36 Started transferring output files
...
040 (9116849.000.000) 01/22 14:24:36 Finished transferring output files
...
005 (9116849.000.000) 01/22 14:24:36 Job terminated.
	(1) Normal termination (return value 0)
		Usr 0 00:05:44, Sys 0 00:00:04  -  Run Remote Usage
		Usr 0 00:00:00, Sys 0 00:00:00  -  Run Local Usage
		Usr 0 00:05:44, Sys 0 00:00:04  -  Total Remote Usage
		Usr 0 00:00:00, Sys 0 00:00:00  -  Total Local Usage
	10374  -  Run Bytes Sent By Job
	314  -  Run Bytes Received By Job
	10374  -  Total Bytes Sent By Job
	314  -  Total Bytes Received By Job
	Partitionable Resources :    Usage  Request Allocated 
	   Cpus                 :     1.00        1         1 
	   Disk (KB)            :    34           1      3863 
	   GPUs                 :                           0 
	   Memory (MB)          :   300        3000      3000 
	   TimeExecute (s)      :   406                       
	   TimeSlotBusy (s)     :   408                       

	Job terminated of its own accord at 2026-01-22T13:24:36Z with exit-code 0.
...
