000 (9116852.000.000) 01/22 14:17:20 Job submitted from host: <188.185.6.50:9618?addrs=188.185.6.50-9618+[2001-1458-d00-62--100-2b1]-9618&alias=bigbird25.cern.ch&noUDP&sock=schedd_1627_90ad>
...
040 (9116852.000.000) 01/22 14:17:50 Started transferring input files
	Transferring to host: <128.142.137.213:9618?addrs=128.142.137.213-9618+[2001-1458-301-5e--100-c9]-9618&alias=b9g19p6235.cern.ch&noUDP&sock=slot1_2_2902_78af_69550>
...
040 (9116852.000.000) 01/22 14:17:50 Finished transferring input files
...
001 (9116852.000.000) 01/22 14:17:51 Job executing on host: <128.142.137.213:9618?addrs=128.142.137.213-9618+[2001-1458-301-5e--100-c9]-9618&alias=b9g19p6235.cern.ch&noUDP&sock=startd_2500_5edb>
	SlotName: slot1_2@b9g19p6235.cern.ch
	CondorScratchDir = "/pool/condor/dir_581338"
	Cpus = 1
	Disk = 2608
	GPUs = 0
	Memory = 3000
...
006 (9116852.000.000) 01/22 14:18:05 Image size of job updated: 129496
	127  -  MemoryUsage of job (MB)
	129496  -  ResidentSetSize of job (KB)
...
006 (9116852.000.000) 01/22 14:23:06 Image size of job updated: 180164
	176  -  MemoryUsage of job (MB)
	180164  -  ResidentSetSize of job (KB)
...
006 (9116852.000.000) 01/22 14:25:02 Image size of job updated: 181960
	176  -  MemoryUsage of job (MB)
	180164  -  ResidentSetSize of job (KB)
...
040 (9116852.000.000) 01/22 14:25:02 Started transferring output files
...
040 (9116852.000.000) 01/22 14:25:02 Finished transferring output files
...
005 (9116852.000.000) 01/22 14:25:02 Job terminated.
	(1) Normal termination (return value 0)
		Usr 0 00:06:04, Sys 0 00:00:04  -  Run Remote Usage
		Usr 0 00:00:00, Sys 0 00:00:00  -  Run Local Usage
		Usr 0 00:06:04, Sys 0 00:00:04  -  Total Remote Usage
		Usr 0 00:00:00, Sys 0 00:00:00  -  Total Local Usage
	10273  -  Run Bytes Sent By Job
	321  -  Run Bytes Received By Job
	10273  -  Total Bytes Sent By Job
	321  -  Total Bytes Received By Job
	Partitionable Resources :    Usage  Request Allocated 
	   Cpus                 :                 1         1 
	   Disk (KB)            :       25        1      2608 
	   GPUs                 :                           0 
	   Memory (MB)          :      176     3000      3000 
	   TimeExecute (s)      :      431                    
	   TimeSlotBusy (s)     :      433                    

	Job terminated of its own accord at 2026-01-22T13:25:02Z with exit-code 0.
...
