000 (9116854.000.000) 01/22 14:17:21 Job submitted from host: <188.185.6.50:9618?addrs=188.185.6.50-9618+[2001-1458-d00-62--100-2b1]-9618&alias=bigbird25.cern.ch&noUDP&sock=schedd_1627_90ad>
...
040 (9116854.000.000) 01/22 14:17:51 Started transferring input files
	Transferring to host: <188.185.206.223:9618?addrs=188.185.206.223-9618+[2001-1458-303-c--100-5c]-9618&alias=b9p06p7706.cern.ch&noUDP&sock=slot1_25_4079_c63f_113976>
...
040 (9116854.000.000) 01/22 14:17:51 Finished transferring input files
...
001 (9116854.000.000) 01/22 14:17:52 Job executing on host: <188.185.206.223:9618?addrs=188.185.206.223-9618+[2001-1458-303-c--100-5c]-9618&alias=b9p06p7706.cern.ch&noUDP&sock=startd_3618_39bd>
	SlotName: slot1_25@b9p06p7706.cern.ch
	CondorScratchDir = "/pool/condor/dir_3079896"
	Cpus = 1
	Disk = 3673
	GPUs = 0
	Memory = 3000
...
006 (9116854.000.000) 01/22 14:18:06 Image size of job updated: 180212
	176  -  MemoryUsage of job (MB)
	180212  -  ResidentSetSize of job (KB)
...
006 (9116854.000.000) 01/22 14:19:26 Image size of job updated: 180220
	176  -  MemoryUsage of job (MB)
	180212  -  ResidentSetSize of job (KB)
...
040 (9116854.000.000) 01/22 14:19:26 Started transferring output files
...
040 (9116854.000.000) 01/22 14:19:26 Finished transferring output files
...
005 (9116854.000.000) 01/22 14:19:26 Job terminated.
	(1) Normal termination (return value 0)
		Usr 0 00:01:04, Sys 0 00:00:02  -  Run Remote Usage
		Usr 0 00:00:00, Sys 0 00:00:00  -  Run Local Usage
		Usr 0 00:01:04, Sys 0 00:00:02  -  Total Remote Usage
		Usr 0 00:00:00, Sys 0 00:00:00  -  Total Local Usage
	7623  -  Run Bytes Sent By Job
	321  -  Run Bytes Received By Job
	7623  -  Total Bytes Sent By Job
	321  -  Total Bytes Received By Job
	Partitionable Resources :    Usage  Request Allocated 
	   Cpus                 :        0        1         1 
	   Disk (KB)            :       34        1      3673 
	   GPUs                 :                           0 
	   Memory (MB)          :      176     3000      3000 
	   TimeExecute (s)      :       94                    
	   TimeSlotBusy (s)     :       96                    

	Job terminated of its own accord at 2026-01-22T13:19:26Z with exit-code 0.
...
