000 (9116851.000.000) 01/22 14:17:20 Job submitted from host: <188.185.6.50:9618?addrs=188.185.6.50-9618+[2001-1458-d00-62--100-2b1]-9618&alias=bigbird25.cern.ch&noUDP&sock=schedd_1627_90ad>
...
040 (9116851.000.000) 01/22 14:17:57 Started transferring input files
	Transferring to host: <128.142.132.27:9618?addrs=128.142.132.27-9618+[2001-1458-301-5a--100-f]-9618&alias=b9g12p7126.cern.ch&noUDP&sock=slot1_37_610436_2270_125662>
...
040 (9116851.000.000) 01/22 14:17:57 Finished transferring input files
...
001 (9116851.000.000) 01/22 14:17:58 Job executing on host: <128.142.132.27:9618?addrs=128.142.132.27-9618+[2001-1458-301-5a--100-f]-9618&alias=b9g12p7126.cern.ch&noUDP&sock=startd_2445_a525>
	SlotName: slot1_37@b9g12p7126.cern.ch
	CondorScratchDir = "/pool/condor/dir_2450088"
	Cpus = 1
	Disk = 2703
	GPUs = 0
	Memory = 3000
...
006 (9116851.000.000) 01/22 14:18:11 Image size of job updated: 129564
	127  -  MemoryUsage of job (MB)
	129564  -  ResidentSetSize of job (KB)
...
006 (9116851.000.000) 01/22 14:18:13 Image size of job updated: 157648
	127  -  MemoryUsage of job (MB)
	129564  -  ResidentSetSize of job (KB)
...
040 (9116851.000.000) 01/22 14:18:13 Started transferring output files
...
040 (9116851.000.000) 01/22 14:18:13 Finished transferring output files
...
005 (9116851.000.000) 01/22 14:18:13 Job terminated.
	(1) Normal termination (return value 0)
		Usr 0 00:00:05, Sys 0 00:00:01  -  Run Remote Usage
		Usr 0 00:00:00, Sys 0 00:00:00  -  Run Local Usage
		Usr 0 00:00:05, Sys 0 00:00:01  -  Total Remote Usage
		Usr 0 00:00:00, Sys 0 00:00:00  -  Total Local Usage
	6004  -  Run Bytes Sent By Job
	314  -  Run Bytes Received By Job
	6004  -  Total Bytes Sent By Job
	314  -  Total Bytes Received By Job
	Partitionable Resources :    Usage  Request Allocated 
	   Cpus                 :        0        1         1 
	   Disk (KB)            :       29        1      2703 
	   GPUs                 :                           0 
	   Memory (MB)          :      127     3000      3000 
	   TimeExecute (s)      :       15                    
	   TimeSlotBusy (s)     :       17                    

	Job terminated of its own accord at 2026-01-22T13:18:13Z with exit-code 0.
...
