000 (9116848.000.000) 01/22 14:17:19 Job submitted from host: <188.185.6.50:9618?addrs=188.185.6.50-9618+[2001-1458-d00-62--100-2b1]-9618&alias=bigbird25.cern.ch&noUDP&sock=schedd_1627_90ad>
...
040 (9116848.000.000) 01/22 14:17:49 Started transferring input files
	Transferring to host: <188.185.214.167:9618?addrs=188.185.214.167-9618+[2001-1458-303-1d--100-23]-9618&alias=b9p30p1158.cern.ch&noUDP&sock=slot1_8_5971_dc0c_135482>
...
040 (9116848.000.000) 01/22 14:17:49 Finished transferring input files
...
001 (9116848.000.000) 01/22 14:17:50 Job executing on host: <188.185.214.167:9618?addrs=188.185.214.167-9618+[2001-1458-303-1d--100-23]-9618&alias=b9p30p1158.cern.ch&noUDP&sock=startd_5035_2b70>
	SlotName: slot1_8@b9p30p1158.cern.ch
	CondorScratchDir = "/pool/condor/dir_3301283"
	Cpus = 1
	Disk = 3902
	GPUs = 0
	Memory = 3000
...
006 (9116848.000.000) 01/22 14:18:03 Image size of job updated: 131424
	129  -  MemoryUsage of job (MB)
	131424  -  ResidentSetSize of job (KB)
...
006 (9116848.000.000) 01/22 14:22:33 Image size of job updated: 335564
	129  -  MemoryUsage of job (MB)
	131436  -  ResidentSetSize of job (KB)
...
040 (9116848.000.000) 01/22 14:22:33 Started transferring output files
...
040 (9116848.000.000) 01/22 14:22:33 Finished transferring output files
...
005 (9116848.000.000) 01/22 14:22:33 Job terminated.
	(1) Normal termination (return value 0)
		Usr 0 00:03:10, Sys 0 00:00:04  -  Run Remote Usage
		Usr 0 00:00:00, Sys 0 00:00:00  -  Run Local Usage
		Usr 0 00:03:10, Sys 0 00:00:04  -  Total Remote Usage
		Usr 0 00:00:00, Sys 0 00:00:00  -  Total Local Usage
	10252  -  Run Bytes Sent By Job
	314  -  Run Bytes Received By Job
	10252  -  Total Bytes Sent By Job
	314  -  Total Bytes Received By Job
	Partitionable Resources :    Usage  Request Allocated 
	   Cpus                 :        0        1         1 
	   Disk (KB)            :       34        1      3902 
	   GPUs                 :                           0 
	   Memory (MB)          :      129     3000      3000 
	   TimeExecute (s)      :      283                    
	   TimeSlotBusy (s)     :      285                    

	Job terminated of its own accord at 2026-01-22T13:22:33Z with exit-code 0.
...
