000 (9116847.000.000) 01/22 14:17:19 Job submitted from host: <188.185.6.50:9618?addrs=188.185.6.50-9618+[2001-1458-d00-62--100-2b1]-9618&alias=bigbird25.cern.ch&noUDP&sock=schedd_1627_90ad>
...
040 (9116847.000.000) 01/22 14:17:49 Started transferring input files
	Transferring to host: <188.185.213.58:9618?addrs=188.185.213.58-9618+[2001-1458-303-1a--100-36]-9618&alias=b9p27p2430.cern.ch&noUDP&sock=slot1_15_2339270_15cf_52284>
...
040 (9116847.000.000) 01/22 14:17:49 Finished transferring input files
...
001 (9116847.000.000) 01/22 14:17:50 Job executing on host: <188.185.213.58:9618?addrs=188.185.213.58-9618+[2001-1458-303-1a--100-36]-9618&alias=b9p27p2430.cern.ch&noUDP&sock=startd_4019_4737>
	SlotName: slot1_15@b9p27p2430.cern.ch
	CondorScratchDir = "/pool/condor/dir_1768678"
	Cpus = 1
	Disk = 3757
	GPUs = 0
	Memory = 3000
...
006 (9116847.000.000) 01/22 14:18:03 Image size of job updated: 129180
	127  -  MemoryUsage of job (MB)
	129180  -  ResidentSetSize of job (KB)
...
040 (9116847.000.000) 01/22 14:18:05 Started transferring output files
...
040 (9116847.000.000) 01/22 14:18:05 Finished transferring output files
...
005 (9116847.000.000) 01/22 14:18:05 Job terminated.
	(1) Normal termination (return value 0)
		Usr 0 00:00:03, Sys 0 00:00:02  -  Run Remote Usage
		Usr 0 00:00:00, Sys 0 00:00:00  -  Run Local Usage
		Usr 0 00:00:03, Sys 0 00:00:02  -  Total Remote Usage
		Usr 0 00:00:00, Sys 0 00:00:00  -  Total Local Usage
	5992  -  Run Bytes Sent By Job
	315  -  Run Bytes Received By Job
	5992  -  Total Bytes Sent By Job
	315  -  Total Bytes Received By Job
	Partitionable Resources :    Usage  Request Allocated 
	   Cpus                 :        0        1         1 
	   Disk (KB)            :       29        1      3757 
	   GPUs                 :                           0 
	   Memory (MB)          :      127     3000      3000 
	   TimeExecute (s)      :       15                    
	   TimeSlotBusy (s)     :       17                    

	Job terminated of its own accord at 2026-01-22T13:18:05Z with exit-code 0.
...
