000 (9116856.000.000) 01/22 14:17:22 Job submitted from host: <188.185.6.50:9618?addrs=188.185.6.50-9618+[2001-1458-d00-62--100-2b1]-9618&alias=bigbird25.cern.ch&noUDP&sock=schedd_1627_90ad>
...
040 (9116856.000.000) 01/22 14:17:51 Started transferring input files
	Transferring to host: <188.185.204.143:9618?addrs=188.185.204.143-9618+[2001-1458-303-8--100-83]-9618&alias=b9p02p6122.cern.ch&noUDP&sock=slot1_21_10913_f215_113653>
...
040 (9116856.000.000) 01/22 14:17:51 Finished transferring input files
...
001 (9116856.000.000) 01/22 14:17:52 Job executing on host: <188.185.204.143:9618?addrs=188.185.204.143-9618+[2001-1458-303-8--100-83]-9618&alias=b9p02p6122.cern.ch&noUDP&sock=startd_10378_05f5>
	SlotName: slot1_21@b9p02p6122.cern.ch
	CondorScratchDir = "/pool/condor/dir_4085572"
	Cpus = 1
	Disk = 3758
	GPUs = 0
	Memory = 3000
...
006 (9116856.000.000) 01/22 14:18:06 Image size of job updated: 171708
	168  -  MemoryUsage of job (MB)
	171708  -  ResidentSetSize of job (KB)
...
006 (9116856.000.000) 01/22 14:18:29 Image size of job updated: 267536
	168  -  MemoryUsage of job (MB)
	171708  -  ResidentSetSize of job (KB)
...
040 (9116856.000.000) 01/22 14:18:29 Started transferring output files
...
040 (9116856.000.000) 01/22 14:18:29 Finished transferring output files
...
005 (9116856.000.000) 01/22 14:18:29 Job terminated.
	(1) Normal termination (return value 0)
		Usr 0 00:00:24, Sys 0 00:00:02  -  Run Remote Usage
		Usr 0 00:00:00, Sys 0 00:00:00  -  Run Local Usage
		Usr 0 00:00:24, Sys 0 00:00:02  -  Total Remote Usage
		Usr 0 00:00:00, Sys 0 00:00:00  -  Total Local Usage
	6617  -  Run Bytes Sent By Job
	314  -  Run Bytes Received By Job
	6617  -  Total Bytes Sent By Job
	314  -  Total Bytes Received By Job
	Partitionable Resources :    Usage  Request Allocated 
	   Cpus                 :        0        1         1 
	   Disk (KB)            :       34        1      3758 
	   GPUs                 :                           0 
	   Memory (MB)          :      168     3000      3000 
	   TimeExecute (s)      :       37                    
	   TimeSlotBusy (s)     :       39                    

	Job terminated of its own accord at 2026-01-22T13:18:29Z with exit-code 0.
...
