000 (9116857.000.000) 01/22 14:17:22 Job submitted from host: <188.185.6.50:9618?addrs=188.185.6.50-9618+[2001-1458-d00-62--100-2b1]-9618&alias=bigbird25.cern.ch&noUDP&sock=schedd_1627_90ad>
...
040 (9116857.000.000) 01/22 14:17:52 Started transferring input files
	Transferring to host: <188.185.205.162:9618?addrs=188.185.205.162-9618+[2001-1458-303-a--100-1f]-9618&alias=b9p04p5294.cern.ch&noUDP&sock=slot1_41_49524_e357_42366>
...
040 (9116857.000.000) 01/22 14:17:52 Finished transferring input files
...
001 (9116857.000.000) 01/22 14:17:53 Job executing on host: <188.185.205.162:9618?addrs=188.185.205.162-9618+[2001-1458-303-a--100-1f]-9618&alias=b9p04p5294.cern.ch&noUDP&sock=startd_6264_2955>
	SlotName: slot1_41@b9p04p5294.cern.ch
	CondorScratchDir = "/pool/condor/dir_1354743"
	Cpus = 1
	Disk = 3640
	GPUs = 0
	Memory = 3000
...
006 (9116857.000.000) 01/22 14:18:06 Image size of job updated: 149064
	146  -  MemoryUsage of job (MB)
	149064  -  ResidentSetSize of job (KB)
...
040 (9116857.000.000) 01/22 14:18:07 Started transferring output files
...
040 (9116857.000.000) 01/22 14:18:07 Finished transferring output files
...
005 (9116857.000.000) 01/22 14:18:07 Job terminated.
	(1) Normal termination (return value 0)
		Usr 0 00:00:03, Sys 0 00:00:01  -  Run Remote Usage
		Usr 0 00:00:00, Sys 0 00:00:00  -  Run Local Usage
		Usr 0 00:00:03, Sys 0 00:00:01  -  Total Remote Usage
		Usr 0 00:00:00, Sys 0 00:00:00  -  Total Local Usage
	5990  -  Run Bytes Sent By Job
	314  -  Run Bytes Received By Job
	5990  -  Total Bytes Sent By Job
	314  -  Total Bytes Received By Job
	Partitionable Resources :    Usage  Request Allocated 
	   Cpus                 :        0        1         1 
	   Disk (KB)            :       33        1      3640 
	   GPUs                 :                           0 
	   Memory (MB)          :      146     3000      3000 
	   TimeExecute (s)      :       14                    
	   TimeSlotBusy (s)     :       16                    

	Job terminated of its own accord at 2026-01-22T13:18:07Z with exit-code 0.
...
