000 (9116858.000.000) 01/22 14:17:22 Job submitted from host: <188.185.6.50:9618?addrs=188.185.6.50-9618+[2001-1458-d00-62--100-2b1]-9618&alias=bigbird25.cern.ch&noUDP&sock=schedd_1627_90ad>
...
040 (9116858.000.000) 01/22 14:17:52 Started transferring input files
	Transferring to host: <188.185.206.28:9618?addrs=188.185.206.28-9618+[2001-1458-303-b--100-19]-9618&alias=b9p05p0564.cern.ch&noUDP&sock=slot1_28_7259_5f40_111328>
...
040 (9116858.000.000) 01/22 14:17:52 Finished transferring input files
...
001 (9116858.000.000) 01/22 14:17:53 Job executing on host: <188.185.206.28:9618?addrs=188.185.206.28-9618+[2001-1458-303-b--100-19]-9618&alias=b9p05p0564.cern.ch&noUDP&sock=startd_6105_19c6>
	SlotName: slot1_28@b9p05p0564.cern.ch
	CondorScratchDir = "/pool/condor/dir_445304"
	Cpus = 1
	Disk = 3726
	GPUs = 0
	Memory = 3000
...
006 (9116858.000.000) 01/22 14:18:06 Image size of job updated: 6748
	7  -  MemoryUsage of job (MB)
	6748  -  ResidentSetSize of job (KB)
...
006 (9116858.000.000) 01/22 14:20:09 Image size of job updated: 173504
	7  -  MemoryUsage of job (MB)
	6748  -  ResidentSetSize of job (KB)
...
040 (9116858.000.000) 01/22 14:20:09 Started transferring output files
...
040 (9116858.000.000) 01/22 14:20:09 Finished transferring output files
...
005 (9116858.000.000) 01/22 14:20:09 Job terminated.
	(1) Normal termination (return value 0)
		Usr 0 00:01:07, Sys 0 00:00:02  -  Run Remote Usage
		Usr 0 00:00:00, Sys 0 00:00:00  -  Run Local Usage
		Usr 0 00:01:07, Sys 0 00:00:02  -  Total Remote Usage
		Usr 0 00:00:00, Sys 0 00:00:00  -  Total Local Usage
	7374  -  Run Bytes Sent By Job
	313  -  Run Bytes Received By Job
	7374  -  Total Bytes Sent By Job
	313  -  Total Bytes Received By Job
	Partitionable Resources :    Usage  Request Allocated 
	   Cpus                 :        0        1         1 
	   Disk (KB)            :       33        1      3726 
	   GPUs                 :                           0 
	   Memory (MB)          :        7     3000      3000 
	   TimeExecute (s)      :      136                    
	   TimeSlotBusy (s)     :      138                    

	Job terminated of its own accord at 2026-01-22T13:20:09Z with exit-code 0.
...
