000 (9116860.000.000) 01/22 14:17:23 Job submitted from host: <188.185.6.50:9618?addrs=188.185.6.50-9618+[2001-1458-d00-62--100-2b1]-9618&alias=bigbird25.cern.ch&noUDP&sock=schedd_1627_90ad>
...
040 (9116860.000.000) 01/22 14:17:53 Started transferring input files
	Transferring to host: <188.185.208.10:9618?addrs=188.185.208.10-9618+[2001-1458-303-f--100-7]-9618&alias=b9p09p6812.cern.ch&noUDP&sock=slot1_42_9005_9647_110646>
...
040 (9116860.000.000) 01/22 14:17:53 Finished transferring input files
...
001 (9116860.000.000) 01/22 14:17:54 Job executing on host: <188.185.208.10:9618?addrs=188.185.208.10-9618+[2001-1458-303-f--100-7]-9618&alias=b9p09p6812.cern.ch&noUDP&sock=startd_7554_fe81>
	SlotName: slot1_42@b9p09p6812.cern.ch
	CondorScratchDir = "/pool/condor/dir_2436372"
	Cpus = 1
	Disk = 3681
	GPUs = 0
	Memory = 3000
...
006 (9116860.000.000) 01/22 14:18:07 Image size of job updated: 166628
	163  -  MemoryUsage of job (MB)
	166628  -  ResidentSetSize of job (KB)
...
006 (9116860.000.000) 01/22 14:18:24 Image size of job updated: 166632
	163  -  MemoryUsage of job (MB)
	166628  -  ResidentSetSize of job (KB)
...
040 (9116860.000.000) 01/22 14:18:24 Started transferring output files
...
040 (9116860.000.000) 01/22 14:18:24 Finished transferring output files
...
005 (9116860.000.000) 01/22 14:18:25 Job terminated.
	(1) Normal termination (return value 0)
		Usr 0 00:00:18, Sys 0 00:00:02  -  Run Remote Usage
		Usr 0 00:00:00, Sys 0 00:00:00  -  Run Local Usage
		Usr 0 00:00:18, Sys 0 00:00:02  -  Total Remote Usage
		Usr 0 00:00:00, Sys 0 00:00:00  -  Total Local Usage
	6447  -  Run Bytes Sent By Job
	313  -  Run Bytes Received By Job
	6447  -  Total Bytes Sent By Job
	313  -  Total Bytes Received By Job
	Partitionable Resources :    Usage  Request Allocated 
	   Cpus                 :        0        1         1 
	   Disk (KB)            :       34        1      3681 
	   GPUs                 :                           0 
	   Memory (MB)          :      163     3000      3000 
	   TimeExecute (s)      :       30                    
	   TimeSlotBusy (s)     :       32                    

	Job terminated of its own accord at 2026-01-22T13:18:24Z with exit-code 0.
...
