000 (9116861.000.000) 01/22 14:17:23 Job submitted from host: <188.185.6.50:9618?addrs=188.185.6.50-9618+[2001-1458-d00-62--100-2b1]-9618&alias=bigbird25.cern.ch&noUDP&sock=schedd_1627_90ad>
...
040 (9116861.000.000) 01/22 14:17:53 Started transferring input files
	Transferring to host: <188.185.204.189:9618?addrs=188.185.204.189-9618+[2001-1458-303-8--100-b1]-9618&alias=b9p02p5229.cern.ch&noUDP&sock=slot1_25_6052_ee6f_110840>
...
040 (9116861.000.000) 01/22 14:17:53 Finished transferring input files
...
001 (9116861.000.000) 01/22 14:17:54 Job executing on host: <188.185.204.189:9618?addrs=188.185.204.189-9618+[2001-1458-303-8--100-b1]-9618&alias=b9p02p5229.cern.ch&noUDP&sock=startd_5071_dcd9>
	SlotName: slot1_25@b9p02p5229.cern.ch
	CondorScratchDir = "/pool/condor/dir_911150"
	Cpus = 1
	Disk = 3705
	GPUs = 0
	Memory = 3000
...
006 (9116861.000.000) 01/22 14:18:08 Image size of job updated: 66464
	0  -  MemoryUsage of job (MB)
	0  -  ResidentSetSize of job (KB)
...
040 (9116861.000.000) 01/22 14:18:08 Started transferring output files
...
040 (9116861.000.000) 01/22 14:18:08 Finished transferring output files
...
005 (9116861.000.000) 01/22 14:18:08 Job terminated.
	(1) Normal termination (return value 0)
		Usr 0 00:00:03, Sys 0 00:00:02  -  Run Remote Usage
		Usr 0 00:00:00, Sys 0 00:00:00  -  Run Local Usage
		Usr 0 00:00:03, Sys 0 00:00:02  -  Total Remote Usage
		Usr 0 00:00:00, Sys 0 00:00:00  -  Total Local Usage
	5988  -  Run Bytes Sent By Job
	313  -  Run Bytes Received By Job
	5988  -  Total Bytes Sent By Job
	313  -  Total Bytes Received By Job
	Partitionable Resources :    Usage  Request Allocated 
	   Cpus                 :        0        1         1 
	   Disk (KB)            :       33        1      3705 
	   GPUs                 :                           0 
	   Memory (MB)          :        0     3000      3000 
	   TimeExecute (s)      :       14                    
	   TimeSlotBusy (s)     :       16                    

	Job terminated of its own accord at 2026-01-22T13:18:08Z with exit-code 0.
...
