000 (9116859.000.000) 01/22 14:17:22 Job submitted from host: <188.185.6.50:9618?addrs=188.185.6.50-9618+[2001-1458-d00-62--100-2b1]-9618&alias=bigbird25.cern.ch&noUDP&sock=schedd_1627_90ad>
...
040 (9116859.000.000) 01/22 14:17:52 Started transferring input files
	Transferring to host: <188.185.204.242:9618?addrs=188.185.204.242-9618+[2001-1458-303-8--100-6f]-9618&alias=b9p02p3706.cern.ch&noUDP&sock=slot1_56_10525_9085_111967>
...
040 (9116859.000.000) 01/22 14:17:52 Finished transferring input files
...
001 (9116859.000.000) 01/22 14:17:53 Job executing on host: <188.185.204.242:9618?addrs=188.185.204.242-9618+[2001-1458-303-8--100-6f]-9618&alias=b9p02p3706.cern.ch&noUDP&sock=startd_9285_50f1>
	SlotName: slot1_56@b9p02p3706.cern.ch
	CondorScratchDir = "/pool/condor/dir_1680263"
	Cpus = 1
	Disk = 3602
	GPUs = 0
	Memory = 3000
...
006 (9116859.000.000) 01/22 14:18:07 Image size of job updated: 49292
	49  -  MemoryUsage of job (MB)
	49292  -  ResidentSetSize of job (KB)
...
006 (9116859.000.000) 01/22 14:18:17 Image size of job updated: 124324
	49  -  MemoryUsage of job (MB)
	49364  -  ResidentSetSize of job (KB)
...
040 (9116859.000.000) 01/22 14:18:17 Started transferring output files
...
040 (9116859.000.000) 01/22 14:18:17 Finished transferring output files
...
005 (9116859.000.000) 01/22 14:18:17 Job terminated.
	(1) Normal termination (return value 0)
		Usr 0 00:00:03, Sys 0 00:00:02  -  Run Remote Usage
		Usr 0 00:00:00, Sys 0 00:00:00  -  Run Local Usage
		Usr 0 00:00:03, Sys 0 00:00:02  -  Total Remote Usage
		Usr 0 00:00:00, Sys 0 00:00:00  -  Total Local Usage
	5988  -  Run Bytes Sent By Job
	313  -  Run Bytes Received By Job
	5988  -  Total Bytes Sent By Job
	313  -  Total Bytes Received By Job
	Partitionable Resources :    Usage  Request Allocated 
	   Cpus                 :        0        1         1 
	   Disk (KB)            :       34        1      3602 
	   GPUs                 :                           0 
	   Memory (MB)          :       49     3000      3000 
	   TimeExecute (s)      :       24                    
	   TimeSlotBusy (s)     :       26                    

	Job terminated of its own accord at 2026-01-22T13:18:17Z with exit-code 0.
...
