000 (9116865.000.000) 01/22 14:17:24 Job submitted from host: <188.185.6.50:9618?addrs=188.185.6.50-9618+[2001-1458-d00-62--100-2b1]-9618&alias=bigbird25.cern.ch&noUDP&sock=schedd_1627_90ad>
...
040 (9116865.000.000) 01/22 14:17:54 Started transferring input files
	Transferring to host: <188.185.208.52:9618?addrs=188.185.208.52-9618+[2001-1458-303-f--100-31]-9618&alias=b9p09p4575.cern.ch&noUDP&sock=slot1_26_4493_7990_109567>
...
040 (9116865.000.000) 01/22 14:17:54 Finished transferring input files
...
001 (9116865.000.000) 01/22 14:17:55 Job executing on host: <188.185.208.52:9618?addrs=188.185.208.52-9618+[2001-1458-303-f--100-31]-9618&alias=b9p09p4575.cern.ch&noUDP&sock=startd_3745_5644>
	SlotName: slot1_26@b9p09p4575.cern.ch
	CondorScratchDir = "/pool/condor/dir_3834569"
	Cpus = 1
	Disk = 3697
	GPUs = 0
	Memory = 3000
...
006 (9116865.000.000) 01/22 14:18:09 Image size of job updated: 155776
	153  -  MemoryUsage of job (MB)
	155776  -  ResidentSetSize of job (KB)
...
006 (9116865.000.000) 01/22 14:19:39 Image size of job updated: 252132
	154  -  MemoryUsage of job (MB)
	156756  -  ResidentSetSize of job (KB)
...
040 (9116865.000.000) 01/22 14:19:39 Started transferring output files
...
040 (9116865.000.000) 01/22 14:19:39 Finished transferring output files
...
005 (9116865.000.000) 01/22 14:19:39 Job terminated.
	(1) Normal termination (return value 0)
		Usr 0 00:01:12, Sys 0 00:00:02  -  Run Remote Usage
		Usr 0 00:00:00, Sys 0 00:00:00  -  Run Local Usage
		Usr 0 00:01:12, Sys 0 00:00:02  -  Total Remote Usage
		Usr 0 00:00:00, Sys 0 00:00:00  -  Total Local Usage
	7534  -  Run Bytes Sent By Job
	313  -  Run Bytes Received By Job
	7534  -  Total Bytes Sent By Job
	313  -  Total Bytes Received By Job
	Partitionable Resources :    Usage  Request Allocated 
	   Cpus                 :        0        1         1 
	   Disk (KB)            :       34        1      3697 
	   GPUs                 :                           0 
	   Memory (MB)          :      154     3000      3000 
	   TimeExecute (s)      :      104                    
	   TimeSlotBusy (s)     :      106                    

	Job terminated of its own accord at 2026-01-22T13:19:39Z with exit-code 0.
...
