000 (9116867.000.000) 01/22 14:17:24 Job submitted from host: <188.185.6.50:9618?addrs=188.185.6.50-9618+[2001-1458-d00-62--100-2b1]-9618&alias=bigbird25.cern.ch&noUDP&sock=schedd_1627_90ad>
...
040 (9116867.000.000) 01/22 14:17:54 Started transferring input files
	Transferring to host: <188.185.212.12:9618?addrs=188.185.212.12-9618+[2001-1458-303-18--100-8]-9618&alias=b9p25p2837.cern.ch&noUDP&sock=slot1_6_1600634_33fa_51281>
...
040 (9116867.000.000) 01/22 14:17:54 Finished transferring input files
...
001 (9116867.000.000) 01/22 14:17:55 Job executing on host: <188.185.212.12:9618?addrs=188.185.212.12-9618+[2001-1458-303-18--100-8]-9618&alias=b9p25p2837.cern.ch&noUDP&sock=startd_1600147_5371>
	SlotName: slot1_6@b9p25p2837.cern.ch
	CondorScratchDir = "/pool/condor/dir_3664278"
	Cpus = 1
	Disk = 3869
	GPUs = 0
	Memory = 3000
...
006 (9116867.000.000) 01/22 14:18:09 Image size of job updated: 132136
	130  -  MemoryUsage of job (MB)
	132136  -  ResidentSetSize of job (KB)
...
006 (9116867.000.000) 01/22 14:18:10 Image size of job updated: 154204
	130  -  MemoryUsage of job (MB)
	132136  -  ResidentSetSize of job (KB)
...
040 (9116867.000.000) 01/22 14:18:11 Started transferring output files
...
040 (9116867.000.000) 01/22 14:18:11 Finished transferring output files
...
005 (9116867.000.000) 01/22 14:18:11 Job terminated.
	(1) Normal termination (return value 0)
		Usr 0 00:00:03, Sys 0 00:00:02  -  Run Remote Usage
		Usr 0 00:00:00, Sys 0 00:00:00  -  Run Local Usage
		Usr 0 00:00:03, Sys 0 00:00:02  -  Total Remote Usage
		Usr 0 00:00:00, Sys 0 00:00:00  -  Total Local Usage
	5988  -  Run Bytes Sent By Job
	313  -  Run Bytes Received By Job
	5988  -  Total Bytes Sent By Job
	313  -  Total Bytes Received By Job
	Partitionable Resources :    Usage  Request Allocated 
	   Cpus                 :        0        1         1 
	   Disk (KB)            :       29        1      3869 
	   GPUs                 :                           0 
	   Memory (MB)          :      130     3000      3000 
	   TimeExecute (s)      :       15                    
	   TimeSlotBusy (s)     :       18                    

	Job terminated of its own accord at 2026-01-22T13:18:10Z with exit-code 0.
...
