000 (9116862.000.000) 01/22 14:17:23 Job submitted from host: <188.185.6.50:9618?addrs=188.185.6.50-9618+[2001-1458-d00-62--100-2b1]-9618&alias=bigbird25.cern.ch&noUDP&sock=schedd_1627_90ad>
...
040 (9116862.000.000) 01/22 14:17:53 Started transferring input files
	Transferring to host: <188.185.210.188:9618?addrs=188.185.210.188-9618+[2001-1458-303-15--100-38]-9618&alias=b9p22p8460.cern.ch&noUDP&sock=slot1_22_7047_ffb8_155251>
...
040 (9116862.000.000) 01/22 14:17:53 Finished transferring input files
...
001 (9116862.000.000) 01/22 14:17:54 Job executing on host: <188.185.210.188:9618?addrs=188.185.210.188-9618+[2001-1458-303-15--100-38]-9618&alias=b9p22p8460.cern.ch&noUDP&sock=startd_6221_aac2>
	SlotName: slot1_22@b9p22p8460.cern.ch
	CondorScratchDir = "/pool/condor/dir_952548"
	Cpus = 1
	Disk = 3811
	GPUs = 0
	Memory = 3000
...
006 (9116862.000.000) 01/22 14:18:07 Image size of job updated: 173716
	170  -  MemoryUsage of job (MB)
	173716  -  ResidentSetSize of job (KB)
...
006 (9116862.000.000) 01/22 14:19:25 Image size of job updated: 233900
	170  -  MemoryUsage of job (MB)
	173716  -  ResidentSetSize of job (KB)
...
040 (9116862.000.000) 01/22 14:19:25 Started transferring output files
...
040 (9116862.000.000) 01/22 14:19:25 Finished transferring output files
...
005 (9116862.000.000) 01/22 14:19:25 Job terminated.
	(1) Normal termination (return value 0)
		Usr 0 00:00:58, Sys 0 00:00:02  -  Run Remote Usage
		Usr 0 00:00:00, Sys 0 00:00:00  -  Run Local Usage
		Usr 0 00:00:58, Sys 0 00:00:02  -  Total Remote Usage
		Usr 0 00:00:00, Sys 0 00:00:00  -  Total Local Usage
	8017  -  Run Bytes Sent By Job
	314  -  Run Bytes Received By Job
	8017  -  Total Bytes Sent By Job
	314  -  Total Bytes Received By Job
	Partitionable Resources :    Usage  Request Allocated 
	   Cpus                 :        0        1         1 
	   Disk (KB)            :       31        1      3811 
	   GPUs                 :                           0 
	   Memory (MB)          :      170     3000      3000 
	   TimeExecute (s)      :       91                    
	   TimeSlotBusy (s)     :       93                    

	Job terminated of its own accord at 2026-01-22T13:19:25Z with exit-code 0.
...
