000 (9119701.000.000) 01/22 17:43:35 Job submitted from host: <188.185.6.50:9618?addrs=188.185.6.50-9618+[2001-1458-d00-62--100-2b1]-9618&alias=bigbird25.cern.ch&noUDP&sock=schedd_1627_90ad>
...
040 (9119701.000.000) 01/22 17:59:37 Started transferring input files
	Transferring to host: <188.185.215.96:9618?addrs=188.185.215.96-9618+[2001-1458-303-1e--100-5c]-9618&alias=b9p31p5861.cern.ch&noUDP&sock=slot1_20_5071_ba67_130908>
...
040 (9119701.000.000) 01/22 17:59:37 Finished transferring input files
...
001 (9119701.000.000) 01/22 17:59:38 Job executing on host: <188.185.215.96:9618?addrs=188.185.215.96-9618+[2001-1458-303-1e--100-5c]-9618&alias=b9p31p5861.cern.ch&noUDP&sock=startd_4093_0939>
	SlotName: slot1_20@b9p31p5861.cern.ch
	CondorScratchDir = "/pool/condor/dir_3396477"
	Cpus = 1
	Disk = 3813
	GPUs = 0
	Memory = 3000
...
006 (9119701.000.000) 01/22 17:59:52 Image size of job updated: 129128
	127  -  MemoryUsage of job (MB)
	129128  -  ResidentSetSize of job (KB)
...
006 (9119701.000.000) 01/22 17:59:55 Image size of job updated: 148872
	127  -  MemoryUsage of job (MB)
	129128  -  ResidentSetSize of job (KB)
...
040 (9119701.000.000) 01/22 17:59:55 Started transferring output files
...
040 (9119701.000.000) 01/22 17:59:55 Finished transferring output files
...
005 (9119701.000.000) 01/22 17:59:55 Job terminated.
	(1) Normal termination (return value 0)
		Usr 0 00:00:04, Sys 0 00:00:02  -  Run Remote Usage
		Usr 0 00:00:00, Sys 0 00:00:00  -  Run Local Usage
		Usr 0 00:00:04, Sys 0 00:00:02  -  Total Remote Usage
		Usr 0 00:00:00, Sys 0 00:00:00  -  Total Local Usage
	6227  -  Run Bytes Sent By Job
	326  -  Run Bytes Received By Job
	6227  -  Total Bytes Sent By Job
	326  -  Total Bytes Received By Job
	Partitionable Resources :    Usage  Request Allocated 
	   Cpus                 :        0        1         1 
	   Disk (KB)            :       30        1      3813 
	   GPUs                 :                           0 
	   Memory (MB)          :      127     3000      3000 
	   TimeExecute (s)      :       17                    
	   TimeSlotBusy (s)     :       19                    

	Job terminated of its own accord at 2026-01-22T16:59:55Z with exit-code 0.
...
