000 (9119703.000.000) 01/22 17:43:35 Job submitted from host: <188.185.6.50:9618?addrs=188.185.6.50-9618+[2001-1458-d00-62--100-2b1]-9618&alias=bigbird25.cern.ch&noUDP&sock=schedd_1627_90ad>
...
040 (9119703.000.000) 01/22 17:59:38 Started transferring input files
	Transferring to host: <188.185.215.20:9618?addrs=188.185.215.20-9618+[2001-1458-303-1e--100-10]-9618&alias=b9p31p6744.cern.ch&noUDP&sock=slot1_19_3116_40f8_134155>
...
040 (9119703.000.000) 01/22 17:59:38 Finished transferring input files
...
001 (9119703.000.000) 01/22 17:59:39 Job executing on host: <188.185.215.20:9618?addrs=188.185.215.20-9618+[2001-1458-303-1e--100-10]-9618&alias=b9p31p6744.cern.ch&noUDP&sock=startd_2648_e2df>
	SlotName: slot1_19@b9p31p6744.cern.ch
	CondorScratchDir = "/pool/condor/dir_2296198"
	Cpus = 1
	Disk = 3910
	GPUs = 0
	Memory = 3000
...
006 (9119703.000.000) 01/22 17:59:53 Image size of job updated: 77684
	76  -  MemoryUsage of job (MB)
	77684  -  ResidentSetSize of job (KB)
...
006 (9119703.000.000) 01/22 18:04:54 Image size of job updated: 445260
	435  -  MemoryUsage of job (MB)
	445260  -  ResidentSetSize of job (KB)
...
040 (9119703.000.000) 01/22 18:05:31 Started transferring output files
...
040 (9119703.000.000) 01/22 18:05:31 Finished transferring output files
...
005 (9119703.000.000) 01/22 18:05:31 Job terminated.
	(1) Normal termination (return value 0)
		Usr 0 00:03:52, Sys 0 00:00:04  -  Run Remote Usage
		Usr 0 00:00:00, Sys 0 00:00:00  -  Run Local Usage
		Usr 0 00:03:52, Sys 0 00:00:04  -  Total Remote Usage
		Usr 0 00:00:00, Sys 0 00:00:00  -  Total Local Usage
	10270  -  Run Bytes Sent By Job
	322  -  Run Bytes Received By Job
	10270  -  Total Bytes Sent By Job
	322  -  Total Bytes Received By Job
	Partitionable Resources :    Usage  Request Allocated 
	   Cpus                 :     0.09        1         1 
	   Disk (KB)            :    34           1      3910 
	   GPUs                 :                           0 
	   Memory (MB)          :   435        3000      3000 
	   TimeExecute (s)      :   352                       
	   TimeSlotBusy (s)     :   354                       

	Job terminated of its own accord at 2026-01-22T17:05:31Z with exit-code 0.
...
