000 (9119704.000.000) 01/22 17:43:36 Job submitted from host: <188.185.6.50:9618?addrs=188.185.6.50-9618+[2001-1458-d00-62--100-2b1]-9618&alias=bigbird25.cern.ch&noUDP&sock=schedd_1627_90ad>
...
040 (9119704.000.000) 01/22 17:59:38 Started transferring input files
	Transferring to host: <188.185.210.167:9618?addrs=188.185.210.167-9618+[2001-1458-303-15--100-23]-9618&alias=b9p22p8858.cern.ch&noUDP&sock=slot1_10_4847_e65e_128979>
...
040 (9119704.000.000) 01/22 17:59:38 Finished transferring input files
...
001 (9119704.000.000) 01/22 17:59:39 Job executing on host: <188.185.210.167:9618?addrs=188.185.210.167-9618+[2001-1458-303-15--100-23]-9618&alias=b9p22p8858.cern.ch&noUDP&sock=startd_3989_b360>
	SlotName: slot1_10@b9p22p8858.cern.ch
	CondorScratchDir = "/pool/condor/dir_493393"
	Cpus = 1
	Disk = 3864
	GPUs = 0
	Memory = 3000
...
006 (9119704.000.000) 01/22 17:59:52 Image size of job updated: 77608
	76  -  MemoryUsage of job (MB)
	77608  -  ResidentSetSize of job (KB)
...
006 (9119704.000.000) 01/22 18:04:52 Image size of job updated: 436552
	315  -  MemoryUsage of job (MB)
	322132  -  ResidentSetSize of job (KB)
...
040 (9119704.000.000) 01/22 18:05:45 Started transferring output files
...
040 (9119704.000.000) 01/22 18:05:45 Finished transferring output files
...
005 (9119704.000.000) 01/22 18:05:45 Job terminated.
	(1) Normal termination (return value 0)
		Usr 0 00:03:51, Sys 0 00:00:04  -  Run Remote Usage
		Usr 0 00:00:00, Sys 0 00:00:00  -  Run Local Usage
		Usr 0 00:03:51, Sys 0 00:00:04  -  Total Remote Usage
		Usr 0 00:00:00, Sys 0 00:00:00  -  Total Local Usage
	10392  -  Run Bytes Sent By Job
	322  -  Run Bytes Received By Job
	10392  -  Total Bytes Sent By Job
	322  -  Total Bytes Received By Job
	Partitionable Resources :    Usage  Request Allocated 
	   Cpus                 :     0.45        1         1 
	   Disk (KB)            :    34           1      3864 
	   GPUs                 :                           0 
	   Memory (MB)          :   315        3000      3000 
	   TimeExecute (s)      :   366                       
	   TimeSlotBusy (s)     :   368                       

	Job terminated of its own accord at 2026-01-22T17:05:45Z with exit-code 0.
...
