000 (9119702.000.000) 01/22 17:43:35 Job submitted from host: <188.185.6.50:9618?addrs=188.185.6.50-9618+[2001-1458-d00-62--100-2b1]-9618&alias=bigbird25.cern.ch&noUDP&sock=schedd_1627_90ad>
...
040 (9119702.000.000) 01/22 17:59:37 Started transferring input files
	Transferring to host: <188.185.214.32:9618?addrs=188.185.214.32-9618+[2001-1458-303-1c--100-1c]-9618&alias=b9p29p2257.cern.ch&noUDP&sock=slot1_32_7172_129d_130315>
...
040 (9119702.000.000) 01/22 17:59:37 Finished transferring input files
...
001 (9119702.000.000) 01/22 17:59:38 Job executing on host: <188.185.214.32:9618?addrs=188.185.214.32-9618+[2001-1458-303-1c--100-1c]-9618&alias=b9p29p2257.cern.ch&noUDP&sock=startd_6633_43c7>
	SlotName: slot1_32@b9p29p2257.cern.ch
	CondorScratchDir = "/pool/condor/dir_3934883"
	Cpus = 1
	Disk = 3812
	GPUs = 0
	Memory = 3000
...
006 (9119702.000.000) 01/22 17:59:51 Image size of job updated: 154204
	151  -  MemoryUsage of job (MB)
	154204  -  ResidentSetSize of job (KB)
...
040 (9119702.000.000) 01/22 17:59:52 Started transferring output files
...
040 (9119702.000.000) 01/22 17:59:52 Finished transferring output files
...
005 (9119702.000.000) 01/22 17:59:52 Job terminated.
	(1) Normal termination (return value 0)
		Usr 0 00:00:03, Sys 0 00:00:01  -  Run Remote Usage
		Usr 0 00:00:00, Sys 0 00:00:00  -  Run Local Usage
		Usr 0 00:00:03, Sys 0 00:00:01  -  Total Remote Usage
		Usr 0 00:00:00, Sys 0 00:00:00  -  Total Local Usage
	6023  -  Run Bytes Sent By Job
	326  -  Run Bytes Received By Job
	6023  -  Total Bytes Sent By Job
	326  -  Total Bytes Received By Job
	Partitionable Resources :    Usage  Request Allocated 
	   Cpus                 :        0        1         1 
	   Disk (KB)            :       30        1      3812 
	   GPUs                 :                           0 
	   Memory (MB)          :      151     3000      3000 
	   TimeExecute (s)      :       14                    
	   TimeSlotBusy (s)     :       16                    

	Job terminated of its own accord at 2026-01-22T16:59:52Z with exit-code 0.
...
