000 (9119697.000.000) 01/22 17:43:34 Job submitted from host: <188.185.6.50:9618?addrs=188.185.6.50-9618+[2001-1458-d00-62--100-2b1]-9618&alias=bigbird25.cern.ch&noUDP&sock=schedd_1627_90ad>
...
040 (9119697.000.000) 01/22 17:59:35 Started transferring input files
	Transferring to host: <188.185.211.145:9618?addrs=188.185.211.145-9618+[2001-1458-303-17--100-d]-9618&alias=b9p24p2956.cern.ch&noUDP&sock=slot1_14_9009_67c7_132870>
...
040 (9119697.000.000) 01/22 17:59:35 Finished transferring input files
...
001 (9119697.000.000) 01/22 17:59:36 Job executing on host: <188.185.211.145:9618?addrs=188.185.211.145-9618+[2001-1458-303-17--100-d]-9618&alias=b9p24p2956.cern.ch&noUDP&sock=startd_7699_73bc>
	SlotName: slot1_14@b9p24p2956.cern.ch
	CondorScratchDir = "/pool/condor/dir_147882"
	Cpus = 1
	Disk = 3841
	GPUs = 0
	Memory = 3000
...
006 (9119697.000.000) 01/22 17:59:50 Image size of job updated: 108884
	107  -  MemoryUsage of job (MB)
	108884  -  ResidentSetSize of job (KB)
...
006 (9119697.000.000) 01/22 18:03:55 Image size of job updated: 247104
	107  -  MemoryUsage of job (MB)
	108988  -  ResidentSetSize of job (KB)
...
040 (9119697.000.000) 01/22 18:03:55 Started transferring output files
...
040 (9119697.000.000) 01/22 18:03:55 Finished transferring output files
...
005 (9119697.000.000) 01/22 18:03:55 Job terminated.
	(1) Normal termination (return value 0)
		Usr 0 00:03:08, Sys 0 00:00:03  -  Run Remote Usage
		Usr 0 00:00:00, Sys 0 00:00:00  -  Run Local Usage
		Usr 0 00:03:08, Sys 0 00:00:03  -  Total Remote Usage
		Usr 0 00:00:00, Sys 0 00:00:00  -  Total Local Usage
	10274  -  Run Bytes Sent By Job
	326  -  Run Bytes Received By Job
	10274  -  Total Bytes Sent By Job
	326  -  Total Bytes Received By Job
	Partitionable Resources :    Usage  Request Allocated 
	   Cpus                 :     0.53        1         1 
	   Disk (KB)            :    34           1      3841 
	   GPUs                 :                           0 
	   Memory (MB)          :   107        3000      3000 
	   TimeExecute (s)      :   259                       
	   TimeSlotBusy (s)     :   261                       

	Job terminated of its own accord at 2026-01-22T17:03:55Z with exit-code 0.
...
