000 (9119698.000.000) 01/22 17:43:34 Job submitted from host: <188.185.6.50:9618?addrs=188.185.6.50-9618+[2001-1458-d00-62--100-2b1]-9618&alias=bigbird25.cern.ch&noUDP&sock=schedd_1627_90ad>
...
040 (9119698.000.000) 01/22 17:59:36 Started transferring input files
	Transferring to host: <188.185.207.138:9618?addrs=188.185.207.138-9618+[2001-1458-303-e--100-7]-9618&alias=b9p08p4475.cern.ch&noUDP&sock=slot1_22_1957704_51f2_51422>
...
040 (9119698.000.000) 01/22 17:59:36 Finished transferring input files
...
001 (9119698.000.000) 01/22 17:59:37 Job executing on host: <188.185.207.138:9618?addrs=188.185.207.138-9618+[2001-1458-303-e--100-7]-9618&alias=b9p08p4475.cern.ch&noUDP&sock=startd_6509_3609>
	SlotName: slot1_22@b9p08p4475.cern.ch
	CondorScratchDir = "/pool/condor/dir_439070"
	Cpus = 1
	Disk = 3774
	GPUs = 0
	Memory = 3000
...
006 (9119698.000.000) 01/22 17:59:51 Image size of job updated: 187704
	184  -  MemoryUsage of job (MB)
	187704  -  ResidentSetSize of job (KB)
...
006 (9119698.000.000) 01/22 18:00:12 Image size of job updated: 207496
	184  -  MemoryUsage of job (MB)
	187704  -  ResidentSetSize of job (KB)
...
040 (9119698.000.000) 01/22 18:00:12 Started transferring output files
...
040 (9119698.000.000) 01/22 18:00:12 Finished transferring output files
...
005 (9119698.000.000) 01/22 18:00:12 Job terminated.
	(1) Normal termination (return value 0)
		Usr 0 00:00:25, Sys 0 00:00:01  -  Run Remote Usage
		Usr 0 00:00:00, Sys 0 00:00:00  -  Run Local Usage
		Usr 0 00:00:25, Sys 0 00:00:01  -  Total Remote Usage
		Usr 0 00:00:00, Sys 0 00:00:00  -  Total Local Usage
	6868  -  Run Bytes Sent By Job
	326  -  Run Bytes Received By Job
	6868  -  Total Bytes Sent By Job
	326  -  Total Bytes Received By Job
	Partitionable Resources :    Usage  Request Allocated 
	   Cpus                 :        0        1         1 
	   Disk (KB)            :       34        1      3774 
	   GPUs                 :                           0 
	   Memory (MB)          :      184     3000      3000 
	   TimeExecute (s)      :       35                    
	   TimeSlotBusy (s)     :       37                    

	Job terminated of its own accord at 2026-01-22T17:00:12Z with exit-code 0.
...
