000 (9119699.000.000) 01/22 17:43:34 Job submitted from host: <188.185.6.50:9618?addrs=188.185.6.50-9618+[2001-1458-d00-62--100-2b1]-9618&alias=bigbird25.cern.ch&noUDP&sock=schedd_1627_90ad>
...
040 (9119699.000.000) 01/22 17:59:36 Started transferring input files
	Transferring to host: <188.185.208.154:9618?addrs=188.185.208.154-9618+[2001-1458-303-10--100-17]-9618&alias=b9p10p8914.cern.ch&noUDP&sock=slot1_29_3757_e572_112995>
...
040 (9119699.000.000) 01/22 17:59:36 Finished transferring input files
...
001 (9119699.000.000) 01/22 17:59:37 Job executing on host: <188.185.208.154:9618?addrs=188.185.208.154-9618+[2001-1458-303-10--100-17]-9618&alias=b9p10p8914.cern.ch&noUDP&sock=startd_3310_f691>
	SlotName: slot1_29@b9p10p8914.cern.ch
	CondorScratchDir = "/pool/condor/dir_3566081"
	Cpus = 1
	Disk = 3695
	GPUs = 0
	Memory = 3000
...
006 (9119699.000.000) 01/22 17:59:51 Image size of job updated: 174124
	171  -  MemoryUsage of job (MB)
	174124  -  ResidentSetSize of job (KB)
...
006 (9119699.000.000) 01/22 18:02:41 Image size of job updated: 244060
	171  -  MemoryUsage of job (MB)
	174124  -  ResidentSetSize of job (KB)
...
040 (9119699.000.000) 01/22 18:02:41 Started transferring output files
...
040 (9119699.000.000) 01/22 18:02:41 Finished transferring output files
...
005 (9119699.000.000) 01/22 18:02:41 Job terminated.
	(1) Normal termination (return value 0)
		Usr 0 00:02:29, Sys 0 00:00:03  -  Run Remote Usage
		Usr 0 00:00:00, Sys 0 00:00:00  -  Run Local Usage
		Usr 0 00:02:29, Sys 0 00:00:03  -  Total Remote Usage
		Usr 0 00:00:00, Sys 0 00:00:00  -  Total Local Usage
	10274  -  Run Bytes Sent By Job
	326  -  Run Bytes Received By Job
	10274  -  Total Bytes Sent By Job
	326  -  Total Bytes Received By Job
	Partitionable Resources :    Usage  Request Allocated 
	   Cpus                 :        0        1         1 
	   Disk (KB)            :       37        1      3695 
	   GPUs                 :                           0 
	   Memory (MB)          :      171     3000      3000 
	   TimeExecute (s)      :      184                    
	   TimeSlotBusy (s)     :      186                    

	Job terminated of its own accord at 2026-01-22T17:02:41Z with exit-code 0.
...
