000 (9119695.000.000) 01/22 17:43:33 Job submitted from host: <188.185.6.50:9618?addrs=188.185.6.50-9618+[2001-1458-d00-62--100-2b1]-9618&alias=bigbird25.cern.ch&noUDP&sock=schedd_1627_90ad>
...
040 (9119695.000.000) 01/22 17:59:36 Started transferring input files
	Transferring to host: <188.185.210.177:9618?addrs=188.185.210.177-9618+[2001-1458-303-15--100-2d]-9618&alias=b9p22p3684.cern.ch&noUDP&sock=slot1_5_5730_0da2_133549>
...
040 (9119695.000.000) 01/22 17:59:36 Finished transferring input files
...
001 (9119695.000.000) 01/22 17:59:37 Job executing on host: <188.185.210.177:9618?addrs=188.185.210.177-9618+[2001-1458-303-15--100-2d]-9618&alias=b9p22p3684.cern.ch&noUDP&sock=startd_5042_f89a>
	SlotName: slot1_5@b9p22p3684.cern.ch
	CondorScratchDir = "/pool/condor/dir_482260"
	Cpus = 1
	Disk = 3703
	GPUs = 0
	Memory = 3000
...
006 (9119695.000.000) 01/22 17:59:51 Image size of job updated: 172220
	169  -  MemoryUsage of job (MB)
	172220  -  ResidentSetSize of job (KB)
...
006 (9119695.000.000) 01/22 18:00:29 Image size of job updated: 236524
	169  -  MemoryUsage of job (MB)
	172220  -  ResidentSetSize of job (KB)
...
040 (9119695.000.000) 01/22 18:00:29 Started transferring output files
...
040 (9119695.000.000) 01/22 18:00:29 Finished transferring output files
...
005 (9119695.000.000) 01/22 18:00:29 Job terminated.
	(1) Normal termination (return value 0)
		Usr 0 00:00:34, Sys 0 00:00:02  -  Run Remote Usage
		Usr 0 00:00:00, Sys 0 00:00:00  -  Run Local Usage
		Usr 0 00:00:34, Sys 0 00:00:02  -  Total Remote Usage
		Usr 0 00:00:00, Sys 0 00:00:00  -  Total Local Usage
	6994  -  Run Bytes Sent By Job
	326  -  Run Bytes Received By Job
	6994  -  Total Bytes Sent By Job
	326  -  Total Bytes Received By Job
	Partitionable Resources :    Usage  Request Allocated 
	   Cpus                 :     0.03        1         1 
	   Disk (KB)            :    31           1      3703 
	   GPUs                 :                           0 
	   Memory (MB)          :   169        3000      3000 
	   TimeExecute (s)      :    52                       
	   TimeSlotBusy (s)     :    55                       

	Job terminated of its own accord at 2026-01-22T17:00:29Z with exit-code 0.
...
