000 (9119727.000.000) 01/22 17:43:43 Job submitted from host: <188.185.6.50:9618?addrs=188.185.6.50-9618+[2001-1458-d00-62--100-2b1]-9618&alias=bigbird25.cern.ch&noUDP&sock=schedd_1627_90ad>
...
040 (9119727.000.000) 01/22 17:59:46 Started transferring input files
	Transferring to host: <188.185.209.201:9618?addrs=188.185.209.201-9618+[2001-1458-303-12--100-46]-9618&alias=b9p12p4232.cern.ch&noUDP&sock=slot1_3_9279_a512_111759>
...
040 (9119727.000.000) 01/22 17:59:46 Finished transferring input files
...
001 (9119727.000.000) 01/22 17:59:47 Job executing on host: <188.185.209.201:9618?addrs=188.185.209.201-9618+[2001-1458-303-12--100-46]-9618&alias=b9p12p4232.cern.ch&noUDP&sock=startd_7503_032c>
	SlotName: slot1_3@b9p12p4232.cern.ch
	CondorScratchDir = "/pool/condor/dir_3317135"
	Cpus = 1
	Disk = 3598
	GPUs = 0
	Memory = 3000
...
006 (9119727.000.000) 01/22 18:00:01 Image size of job updated: 134708
	132  -  MemoryUsage of job (MB)
	134708  -  ResidentSetSize of job (KB)
...
006 (9119727.000.000) 01/22 18:00:35 Image size of job updated: 167088
	132  -  MemoryUsage of job (MB)
	134992  -  ResidentSetSize of job (KB)
...
040 (9119727.000.000) 01/22 18:00:35 Started transferring output files
...
040 (9119727.000.000) 01/22 18:00:35 Finished transferring output files
...
005 (9119727.000.000) 01/22 18:00:35 Job terminated.
	(1) Normal termination (return value 0)
		Usr 0 00:00:30, Sys 0 00:00:02  -  Run Remote Usage
		Usr 0 00:00:00, Sys 0 00:00:00  -  Run Local Usage
		Usr 0 00:00:30, Sys 0 00:00:02  -  Total Remote Usage
		Usr 0 00:00:00, Sys 0 00:00:00  -  Total Local Usage
	6760  -  Run Bytes Sent By Job
	323  -  Run Bytes Received By Job
	6760  -  Total Bytes Sent By Job
	323  -  Total Bytes Received By Job
	Partitionable Resources :    Usage  Request Allocated 
	   Cpus                 :        0        1         1 
	   Disk (KB)            :       33        1      3598 
	   GPUs                 :                           0 
	   Memory (MB)          :      132     3000      3000 
	   TimeExecute (s)      :       48                    
	   TimeSlotBusy (s)     :       50                    

	Job terminated of its own accord at 2026-01-22T17:00:35Z with exit-code 0.
...
