000 (9119730.000.000) 01/22 17:43:44 Job submitted from host: <188.185.6.50:9618?addrs=188.185.6.50-9618+[2001-1458-d00-62--100-2b1]-9618&alias=bigbird25.cern.ch&noUDP&sock=schedd_1627_90ad>
...
040 (9119730.000.000) 01/22 17:59:47 Started transferring input files
	Transferring to host: <188.185.208.224:9618?addrs=188.185.208.224-9618+[2001-1458-303-10--100-5d]-9618&alias=b9p10p9455.cern.ch&noUDP&sock=slot1_16_7632_2f2f_110146>
...
040 (9119730.000.000) 01/22 17:59:47 Finished transferring input files
...
001 (9119730.000.000) 01/22 17:59:48 Job executing on host: <188.185.208.224:9618?addrs=188.185.208.224-9618+[2001-1458-303-10--100-5d]-9618&alias=b9p10p9455.cern.ch&noUDP&sock=startd_6643_1fba>
	SlotName: slot1_16@b9p10p9455.cern.ch
	CondorScratchDir = "/pool/condor/dir_2617844"
	Cpus = 1
	Disk = 3628
	GPUs = 0
	Memory = 3000
...
006 (9119730.000.000) 01/22 18:00:02 Image size of job updated: 118140
	116  -  MemoryUsage of job (MB)
	118140  -  ResidentSetSize of job (KB)
...
040 (9119730.000.000) 01/22 18:00:02 Started transferring output files
...
040 (9119730.000.000) 01/22 18:00:02 Finished transferring output files
...
005 (9119730.000.000) 01/22 18:00:02 Job terminated.
	(1) Normal termination (return value 0)
		Usr 0 00:00:03, Sys 0 00:00:02  -  Run Remote Usage
		Usr 0 00:00:00, Sys 0 00:00:00  -  Run Local Usage
		Usr 0 00:00:03, Sys 0 00:00:02  -  Total Remote Usage
		Usr 0 00:00:00, Sys 0 00:00:00  -  Total Local Usage
	6012  -  Run Bytes Sent By Job
	327  -  Run Bytes Received By Job
	6012  -  Total Bytes Sent By Job
	327  -  Total Bytes Received By Job
	Partitionable Resources :    Usage  Request Allocated 
	   Cpus                 :        0        1         1 
	   Disk (KB)            :       33        1      3628 
	   GPUs                 :                           0 
	   Memory (MB)          :      116     3000      3000 
	   TimeExecute (s)      :       14                    
	   TimeSlotBusy (s)     :       16                    

	Job terminated of its own accord at 2026-01-22T17:00:02Z with exit-code 0.
...
