000 (9119731.000.000) 01/22 17:43:44 Job submitted from host: <188.185.6.50:9618?addrs=188.185.6.50-9618+[2001-1458-d00-62--100-2b1]-9618&alias=bigbird25.cern.ch&noUDP&sock=schedd_1627_90ad>
...
040 (9119731.000.000) 01/22 17:59:48 Started transferring input files
	Transferring to host: <188.185.207.57:9618?addrs=188.185.207.57-9618+[2001-1458-303-d--100-36]-9618&alias=b9p07p9712.cern.ch&noUDP&sock=slot1_30_4587_b4d4_111884>
...
040 (9119731.000.000) 01/22 17:59:48 Finished transferring input files
...
001 (9119731.000.000) 01/22 17:59:49 Job executing on host: <188.185.207.57:9618?addrs=188.185.207.57-9618+[2001-1458-303-d--100-36]-9618&alias=b9p07p9712.cern.ch&noUDP&sock=startd_3881_9f25>
	SlotName: slot1_30@b9p07p9712.cern.ch
	CondorScratchDir = "/pool/condor/dir_446408"
	Cpus = 1
	Disk = 3534
	GPUs = 0
	Memory = 3000
...
006 (9119731.000.000) 01/22 18:00:02 Image size of job updated: 123968
	122  -  MemoryUsage of job (MB)
	123968  -  ResidentSetSize of job (KB)
...
006 (9119731.000.000) 01/22 18:00:24 Image size of job updated: 166728
	122  -  MemoryUsage of job (MB)
	123968  -  ResidentSetSize of job (KB)
...
040 (9119731.000.000) 01/22 18:00:24 Started transferring output files
...
040 (9119731.000.000) 01/22 18:00:24 Finished transferring output files
...
005 (9119731.000.000) 01/22 18:00:24 Job terminated.
	(1) Normal termination (return value 0)
		Usr 0 00:00:19, Sys 0 00:00:02  -  Run Remote Usage
		Usr 0 00:00:00, Sys 0 00:00:00  -  Run Local Usage
		Usr 0 00:00:19, Sys 0 00:00:02  -  Total Remote Usage
		Usr 0 00:00:00, Sys 0 00:00:00  -  Total Local Usage
	6490  -  Run Bytes Sent By Job
	316  -  Run Bytes Received By Job
	6490  -  Total Bytes Sent By Job
	316  -  Total Bytes Received By Job
	Partitionable Resources :    Usage  Request Allocated 
	   Cpus                 :        0        1         1 
	   Disk (KB)            :       33        1      3534 
	   GPUs                 :                           0 
	   Memory (MB)          :      122     3000      3000 
	   TimeExecute (s)      :       35                    
	   TimeSlotBusy (s)     :       37                    

	Job terminated of its own accord at 2026-01-22T17:00:24Z with exit-code 0.
...
