000 (9119733.000.000) 01/22 17:43:46 Job submitted from host: <188.185.6.50:9618?addrs=188.185.6.50-9618+[2001-1458-d00-62--100-2b1]-9618&alias=bigbird25.cern.ch&noUDP&sock=schedd_1627_90ad>
...
040 (9119733.000.000) 01/22 17:59:46 Started transferring input files
	Transferring to host: <188.185.215.188:9618?addrs=188.185.215.188-9618+[2001-1458-303-26--100-38]-9618&alias=b9p18p2077.cern.ch&noUDP&sock=slot1_41_3116_40f8_134973>
...
040 (9119733.000.000) 01/22 17:59:46 Finished transferring input files
...
001 (9119733.000.000) 01/22 17:59:47 Job executing on host: <188.185.215.188:9618?addrs=188.185.215.188-9618+[2001-1458-303-26--100-38]-9618&alias=b9p18p2077.cern.ch&noUDP&sock=startd_2643_74e6>
	SlotName: slot1_41@b9p18p2077.cern.ch
	CondorScratchDir = "/pool/condor/dir_1461245"
	Cpus = 1
	Disk = 3798
	GPUs = 0
	Memory = 3000
...
006 (9119733.000.000) 01/22 18:00:01 Image size of job updated: 166744
	163  -  MemoryUsage of job (MB)
	166744  -  ResidentSetSize of job (KB)
...
040 (9119733.000.000) 01/22 18:00:18 Started transferring output files
...
040 (9119733.000.000) 01/22 18:00:18 Finished transferring output files
...
005 (9119733.000.000) 01/22 18:00:18 Job terminated.
	(1) Normal termination (return value 0)
		Usr 0 00:00:19, Sys 0 00:00:02  -  Run Remote Usage
		Usr 0 00:00:00, Sys 0 00:00:00  -  Run Local Usage
		Usr 0 00:00:19, Sys 0 00:00:02  -  Total Remote Usage
		Usr 0 00:00:00, Sys 0 00:00:00  -  Total Local Usage
	6464  -  Run Bytes Sent By Job
	320  -  Run Bytes Received By Job
	6464  -  Total Bytes Sent By Job
	320  -  Total Bytes Received By Job
	Partitionable Resources :    Usage  Request Allocated 
	   Cpus                 :        0        1         1 
	   Disk (KB)            :       30        1      3798 
	   GPUs                 :                           0 
	   Memory (MB)          :      163     3000      3000 
	   TimeExecute (s)      :       31                    
	   TimeSlotBusy (s)     :       33                    

	Job terminated of its own accord at 2026-01-22T17:00:18Z with exit-code 0.
...
