000 (9119732.000.000) 01/22 17:43:45 Job submitted from host: <188.185.6.50:9618?addrs=188.185.6.50-9618+[2001-1458-d00-62--100-2b1]-9618&alias=bigbird25.cern.ch&noUDP&sock=schedd_1627_90ad>
...
040 (9119732.000.000) 01/22 17:59:46 Started transferring input files
	Transferring to host: <188.185.214.74:9618?addrs=188.185.214.74-9618+[2001-1458-303-1c--100-46]-9618&alias=b9p29p6551.cern.ch&noUDP&sock=slot1_22_2599784_c3f0_59915>
...
040 (9119732.000.000) 01/22 17:59:46 Finished transferring input files
...
001 (9119732.000.000) 01/22 17:59:47 Job executing on host: <188.185.214.74:9618?addrs=188.185.214.74-9618+[2001-1458-303-1c--100-46]-9618&alias=b9p29p6551.cern.ch&noUDP&sock=startd_2599030_fafd>
	SlotName: slot1_22@b9p29p6551.cern.ch
	CondorScratchDir = "/pool/condor/dir_616547"
	Cpus = 1
	Disk = 3762
	GPUs = 0
	Memory = 3000
...
006 (9119732.000.000) 01/22 17:59:58 Image size of job updated: 129508
	0  -  MemoryUsage of job (MB)
	0  -  ResidentSetSize of job (KB)
...
040 (9119732.000.000) 01/22 17:59:58 Started transferring output files
...
040 (9119732.000.000) 01/22 17:59:58 Finished transferring output files
...
005 (9119732.000.000) 01/22 17:59:58 Job terminated.
	(1) Normal termination (return value 0)
		Usr 0 00:00:02, Sys 0 00:00:01  -  Run Remote Usage
		Usr 0 00:00:00, Sys 0 00:00:00  -  Run Local Usage
		Usr 0 00:00:02, Sys 0 00:00:01  -  Total Remote Usage
		Usr 0 00:00:00, Sys 0 00:00:00  -  Total Local Usage
	5990  -  Run Bytes Sent By Job
	316  -  Run Bytes Received By Job
	5990  -  Total Bytes Sent By Job
	316  -  Total Bytes Received By Job
	Partitionable Resources :    Usage  Request Allocated 
	   Cpus                 :        0        1         1 
	   Disk (KB)            :       29        1      3762 
	   GPUs                 :                           0 
	   Memory (MB)          :        0     3000      3000 
	   TimeExecute (s)      :       11                    
	   TimeSlotBusy (s)     :       13                    

	Job terminated of its own accord at 2026-01-22T16:59:58Z with exit-code 0.
...
