000 (9119728.000.000) 01/22 17:43:43 Job submitted from host: <188.185.6.50:9618?addrs=188.185.6.50-9618+[2001-1458-d00-62--100-2b1]-9618&alias=bigbird25.cern.ch&noUDP&sock=schedd_1627_90ad>
...
040 (9119728.000.000) 01/22 17:59:36 Started transferring input files
	Transferring to host: <188.185.204.135:9618?addrs=188.185.204.135-9618+[2001-1458-303-8--100-7b]-9618&alias=b9p02p6005.cern.ch&noUDP&sock=slot1_17_6421_ecde_109213>
...
040 (9119728.000.000) 01/22 17:59:36 Finished transferring input files
...
001 (9119728.000.000) 01/22 17:59:37 Job executing on host: <188.185.204.135:9618?addrs=188.185.204.135-9618+[2001-1458-303-8--100-7b]-9618&alias=b9p02p6005.cern.ch&noUDP&sock=startd_5734_a023>
	SlotName: slot1_17@b9p02p6005.cern.ch
	CondorScratchDir = "/pool/condor/dir_250402"
	Cpus = 1
	Disk = 3764
	GPUs = 0
	Memory = 3000
...
006 (9119728.000.000) 01/22 17:59:48 Image size of job updated: 134624
	0  -  MemoryUsage of job (MB)
	0  -  ResidentSetSize of job (KB)
...
040 (9119728.000.000) 01/22 17:59:48 Started transferring output files
...
040 (9119728.000.000) 01/22 17:59:48 Finished transferring output files
...
005 (9119728.000.000) 01/22 17:59:48 Job terminated.
	(1) Normal termination (return value 0)
		Usr 0 00:00:02, Sys 0 00:00:01  -  Run Remote Usage
		Usr 0 00:00:00, Sys 0 00:00:00  -  Run Local Usage
		Usr 0 00:00:02, Sys 0 00:00:01  -  Total Remote Usage
		Usr 0 00:00:00, Sys 0 00:00:00  -  Total Local Usage
	6004  -  Run Bytes Sent By Job
	323  -  Run Bytes Received By Job
	6004  -  Total Bytes Sent By Job
	323  -  Total Bytes Received By Job
	Partitionable Resources :    Usage  Request Allocated 
	   Cpus                 :        0        1         1 
	   Disk (KB)            :       32        1      3764 
	   GPUs                 :                           0 
	   Memory (MB)          :        0     3000      3000 
	   TimeExecute (s)      :       11                    
	   TimeSlotBusy (s)     :       13                    

	Job terminated of its own accord at 2026-01-22T16:59:48Z with exit-code 0.
...
