000 (9119713.000.000) 01/22 17:43:38 Job submitted from host: <188.185.6.50:9618?addrs=188.185.6.50-9618+[2001-1458-d00-62--100-2b1]-9618&alias=bigbird25.cern.ch&noUDP&sock=schedd_1627_90ad>
...
040 (9119713.000.000) 01/22 17:59:40 Started transferring input files
	Transferring to host: <188.185.213.196:9618?addrs=188.185.213.196-9618+[2001-1458-303-1b--100-40]-9618&alias=b9p28p7375.cern.ch&noUDP&sock=slot1_16_8341_bd2c_154210>
...
040 (9119713.000.000) 01/22 17:59:40 Finished transferring input files
...
001 (9119713.000.000) 01/22 17:59:41 Job executing on host: <188.185.213.196:9618?addrs=188.185.213.196-9618+[2001-1458-303-1b--100-40]-9618&alias=b9p28p7375.cern.ch&noUDP&sock=startd_7229_1239>
	SlotName: slot1_16@b9p28p7375.cern.ch
	CondorScratchDir = "/pool/condor/dir_156433"
	Cpus = 1
	Disk = 3790
	GPUs = 0
	Memory = 3000
...
006 (9119713.000.000) 01/22 17:59:54 Image size of job updated: 180188
	176  -  MemoryUsage of job (MB)
	180188  -  ResidentSetSize of job (KB)
...
006 (9119713.000.000) 01/22 18:02:44 Image size of job updated: 180200
	176  -  MemoryUsage of job (MB)
	180188  -  ResidentSetSize of job (KB)
...
040 (9119713.000.000) 01/22 18:02:44 Started transferring output files
...
040 (9119713.000.000) 01/22 18:02:44 Finished transferring output files
...
005 (9119713.000.000) 01/22 18:02:44 Job terminated.
	(1) Normal termination (return value 0)
		Usr 0 00:02:22, Sys 0 00:00:03  -  Run Remote Usage
		Usr 0 00:00:00, Sys 0 00:00:00  -  Run Local Usage
		Usr 0 00:02:22, Sys 0 00:00:03  -  Total Remote Usage
		Usr 0 00:00:00, Sys 0 00:00:00  -  Total Local Usage
	10275  -  Run Bytes Sent By Job
	323  -  Run Bytes Received By Job
	10275  -  Total Bytes Sent By Job
	323  -  Total Bytes Received By Job
	Partitionable Resources :    Usage  Request Allocated 
	   Cpus                 :        0        1         1 
	   Disk (KB)            :       33        1      3790 
	   GPUs                 :                           0 
	   Memory (MB)          :      176     3000      3000 
	   TimeExecute (s)      :      183                    
	   TimeSlotBusy (s)     :      184                    

	Job terminated of its own accord at 2026-01-22T17:02:44Z with exit-code 0.
...
