000 (9119714.000.000) 01/22 17:43:38 Job submitted from host: <188.185.6.50:9618?addrs=188.185.6.50-9618+[2001-1458-d00-62--100-2b1]-9618&alias=bigbird25.cern.ch&noUDP&sock=schedd_1627_90ad>
...
040 (9119714.000.000) 01/22 17:59:42 Started transferring input files
	Transferring to host: <188.185.205.190:9618?addrs=188.185.205.190-9618+[2001-1458-303-a--100-3b]-9618&alias=b9p04p2051.cern.ch&noUDP&sock=slot1_30_4356_f22a_110890>
...
040 (9119714.000.000) 01/22 17:59:42 Finished transferring input files
...
001 (9119714.000.000) 01/22 17:59:43 Job executing on host: <188.185.205.190:9618?addrs=188.185.205.190-9618+[2001-1458-303-a--100-3b]-9618&alias=b9p04p2051.cern.ch&noUDP&sock=startd_3899_f7da>
	SlotName: slot1_30@b9p04p2051.cern.ch
	CondorScratchDir = "/pool/condor/dir_1937448"
	Cpus = 1
	Disk = 3680
	GPUs = 0
	Memory = 3000
...
006 (9119714.000.000) 01/22 17:59:56 Image size of job updated: 170756
	167  -  MemoryUsage of job (MB)
	170756  -  ResidentSetSize of job (KB)
...
006 (9119714.000.000) 01/22 18:03:44 Image size of job updated: 180204
	169  -  MemoryUsage of job (MB)
	172336  -  ResidentSetSize of job (KB)
...
040 (9119714.000.000) 01/22 18:03:44 Started transferring output files
...
040 (9119714.000.000) 01/22 18:03:44 Finished transferring output files
...
005 (9119714.000.000) 01/22 18:03:44 Job terminated.
	(1) Normal termination (return value 0)
		Usr 0 00:02:38, Sys 0 00:00:03  -  Run Remote Usage
		Usr 0 00:00:00, Sys 0 00:00:00  -  Run Local Usage
		Usr 0 00:02:38, Sys 0 00:00:03  -  Total Remote Usage
		Usr 0 00:00:00, Sys 0 00:00:00  -  Total Local Usage
	10397  -  Run Bytes Sent By Job
	323  -  Run Bytes Received By Job
	10397  -  Total Bytes Sent By Job
	323  -  Total Bytes Received By Job
	Partitionable Resources :    Usage  Request Allocated 
	   Cpus                 :        0        1         1 
	   Disk (KB)            :       37        1      3680 
	   GPUs                 :                           0 
	   Memory (MB)          :      169     3000      3000 
	   TimeExecute (s)      :      241                    
	   TimeSlotBusy (s)     :      244                    

	Job terminated of its own accord at 2026-01-22T17:03:44Z with exit-code 0.
...
