000 (9119716.000.000) 01/22 17:43:39 Job submitted from host: <188.185.6.50:9618?addrs=188.185.6.50-9618+[2001-1458-d00-62--100-2b1]-9618&alias=bigbird25.cern.ch&noUDP&sock=schedd_1627_90ad>
...
040 (9119716.000.000) 01/22 17:59:43 Started transferring input files
	Transferring to host: <188.185.192.89:9618?addrs=188.185.192.89-9618+[2001-1458-303-1f--100-55]-9618&alias=b9p13p4128.cern.ch&noUDP&sock=slot1_23_7106_91da_126881>
...
040 (9119716.000.000) 01/22 17:59:43 Finished transferring input files
...
001 (9119716.000.000) 01/22 17:59:44 Job executing on host: <188.185.192.89:9618?addrs=188.185.192.89-9618+[2001-1458-303-1f--100-55]-9618&alias=b9p13p4128.cern.ch&noUDP&sock=startd_5957_95c2>
	SlotName: slot1_23@b9p13p4128.cern.ch
	CondorScratchDir = "/pool/condor/dir_3607057"
	Cpus = 1
	Disk = 3915
	GPUs = 0
	Memory = 3000
...
006 (9119716.000.000) 01/22 17:59:57 Image size of job updated: 84764
	83  -  MemoryUsage of job (MB)
	84764  -  ResidentSetSize of job (KB)
...
006 (9119716.000.000) 01/22 18:00:00 Image size of job updated: 135468
	84  -  MemoryUsage of job (MB)
	85000  -  ResidentSetSize of job (KB)
...
040 (9119716.000.000) 01/22 18:00:00 Started transferring output files
...
040 (9119716.000.000) 01/22 18:00:00 Finished transferring output files
...
005 (9119716.000.000) 01/22 18:00:00 Job terminated.
	(1) Normal termination (return value 0)
		Usr 0 00:00:04, Sys 0 00:00:01  -  Run Remote Usage
		Usr 0 00:00:00, Sys 0 00:00:00  -  Run Local Usage
		Usr 0 00:00:04, Sys 0 00:00:01  -  Total Remote Usage
		Usr 0 00:00:00, Sys 0 00:00:00  -  Total Local Usage
	6018  -  Run Bytes Sent By Job
	323  -  Run Bytes Received By Job
	6018  -  Total Bytes Sent By Job
	323  -  Total Bytes Received By Job
	Partitionable Resources :    Usage  Request Allocated 
	   Cpus                 :        0        1         1 
	   Disk (KB)            :       29        1      3915 
	   GPUs                 :                           0 
	   Memory (MB)          :       84     3000      3000 
	   TimeExecute (s)      :       16                    
	   TimeSlotBusy (s)     :       19                    

	Job terminated of its own accord at 2026-01-22T17:00:00Z with exit-code 0.
...
