000 (9119709.000.000) 01/22 17:43:37 Job submitted from host: <188.185.6.50:9618?addrs=188.185.6.50-9618+[2001-1458-d00-62--100-2b1]-9618&alias=bigbird25.cern.ch&noUDP&sock=schedd_1627_90ad>
...
040 (9119709.000.000) 01/22 17:59:40 Started transferring input files
	Transferring to host: <188.185.208.38:9618?addrs=188.185.208.38-9618+[2001-1458-303-f--100-23]-9618&alias=b9p09p2430.cern.ch&noUDP&sock=slot1_31_5696_18e1_112846>
...
040 (9119709.000.000) 01/22 17:59:40 Finished transferring input files
...
001 (9119709.000.000) 01/22 17:59:41 Job executing on host: <188.185.208.38:9618?addrs=188.185.208.38-9618+[2001-1458-303-f--100-23]-9618&alias=b9p09p2430.cern.ch&noUDP&sock=startd_4756_cc83>
	SlotName: slot1_31@b9p09p2430.cern.ch
	CondorScratchDir = "/pool/condor/dir_2156659"
	Cpus = 1
	Disk = 3626
	GPUs = 0
	Memory = 3000
...
006 (9119709.000.000) 01/22 17:59:55 Image size of job updated: 134984
	132  -  MemoryUsage of job (MB)
	134984  -  ResidentSetSize of job (KB)
...
006 (9119709.000.000) 01/22 18:04:19 Image size of job updated: 412020
	132  -  MemoryUsage of job (MB)
	134988  -  ResidentSetSize of job (KB)
...
040 (9119709.000.000) 01/22 18:04:19 Started transferring output files
...
040 (9119709.000.000) 01/22 18:04:19 Finished transferring output files
...
005 (9119709.000.000) 01/22 18:04:19 Job terminated.
	(1) Normal termination (return value 0)
		Usr 0 00:03:08, Sys 0 00:00:04  -  Run Remote Usage
		Usr 0 00:00:00, Sys 0 00:00:00  -  Run Local Usage
		Usr 0 00:03:08, Sys 0 00:00:04  -  Total Remote Usage
		Usr 0 00:00:00, Sys 0 00:00:00  -  Total Local Usage
	10254  -  Run Bytes Sent By Job
	316  -  Run Bytes Received By Job
	10254  -  Total Bytes Sent By Job
	316  -  Total Bytes Received By Job
	Partitionable Resources :    Usage  Request Allocated 
	   Cpus                 :        0        1         1 
	   Disk (KB)            :       36        1      3626 
	   GPUs                 :                           0 
	   Memory (MB)          :      132     3000      3000 
	   TimeExecute (s)      :      278                    
	   TimeSlotBusy (s)     :      280                    

	Job terminated of its own accord at 2026-01-22T17:04:19Z with exit-code 0.
...
