000 (9119712.000.000) 01/22 17:43:38 Job submitted from host: <188.185.6.50:9618?addrs=188.185.6.50-9618+[2001-1458-d00-62--100-2b1]-9618&alias=bigbird25.cern.ch&noUDP&sock=schedd_1627_90ad>
...
040 (9119712.000.000) 01/22 17:59:41 Started transferring input files
	Transferring to host: <188.185.213.155:9618?addrs=188.185.213.155-9618+[2001-1458-303-1b--100-17]-9618&alias=b9p28p9598.cern.ch&noUDP&sock=slot1_16_3894_6cd7_155744>
...
040 (9119712.000.000) 01/22 17:59:41 Finished transferring input files
...
001 (9119712.000.000) 01/22 17:59:42 Job executing on host: <188.185.213.155:9618?addrs=188.185.213.155-9618+[2001-1458-303-1b--100-17]-9618&alias=b9p28p9598.cern.ch&noUDP&sock=startd_3184_89a2>
	SlotName: slot1_16@b9p28p9598.cern.ch
	CondorScratchDir = "/pool/condor/dir_1469205"
	Cpus = 1
	Disk = 3936
	GPUs = 0
	Memory = 3000
...
006 (9119712.000.000) 01/22 17:59:54 Image size of job updated: 124380
	0  -  MemoryUsage of job (MB)
	0  -  ResidentSetSize of job (KB)
...
040 (9119712.000.000) 01/22 17:59:54 Started transferring output files
...
040 (9119712.000.000) 01/22 17:59:54 Finished transferring output files
...
005 (9119712.000.000) 01/22 17:59:54 Job terminated.
	(1) Normal termination (return value 0)
		Usr 0 00:00:02, Sys 0 00:00:01  -  Run Remote Usage
		Usr 0 00:00:00, Sys 0 00:00:00  -  Run Local Usage
		Usr 0 00:00:02, Sys 0 00:00:01  -  Total Remote Usage
		Usr 0 00:00:00, Sys 0 00:00:00  -  Total Local Usage
	6004  -  Run Bytes Sent By Job
	316  -  Run Bytes Received By Job
	6004  -  Total Bytes Sent By Job
	316  -  Total Bytes Received By Job
	Partitionable Resources :    Usage  Request Allocated 
	   Cpus                 :        0        1         1 
	   Disk (KB)            :       29        1      3936 
	   GPUs                 :                           0 
	   Memory (MB)          :        0     3000      3000 
	   TimeExecute (s)      :       12                    
	   TimeSlotBusy (s)     :       14                    

	Job terminated of its own accord at 2026-01-22T16:59:54Z with exit-code 0.
...
