000 (9119715.000.000) 01/22 17:43:38 Job submitted from host: <188.185.6.50:9618?addrs=188.185.6.50-9618+[2001-1458-d00-62--100-2b1]-9618&alias=bigbird25.cern.ch&noUDP&sock=schedd_1627_90ad>
...
040 (9119715.000.000) 01/22 17:59:43 Started transferring input files
	Transferring to host: <188.185.212.101:9618?addrs=188.185.212.101-9618+[2001-1458-303-18--100-61]-9618&alias=b9p25p5857.cern.ch&noUDP&sock=slot1_1_4287_5447_135607>
...
040 (9119715.000.000) 01/22 17:59:43 Finished transferring input files
...
001 (9119715.000.000) 01/22 17:59:44 Job executing on host: <188.185.212.101:9618?addrs=188.185.212.101-9618+[2001-1458-303-18--100-61]-9618&alias=b9p25p5857.cern.ch&noUDP&sock=startd_3632_d410>
	SlotName: slot1_1@b9p25p5857.cern.ch
	CondorScratchDir = "/pool/condor/dir_2864916"
	Cpus = 1
	Disk = 3756
	GPUs = 0
	Memory = 3000
...
006 (9119715.000.000) 01/22 17:59:57 Image size of job updated: 155744
	153  -  MemoryUsage of job (MB)
	155744  -  ResidentSetSize of job (KB)
...
006 (9119715.000.000) 01/22 18:01:11 Image size of job updated: 180188
	153  -  MemoryUsage of job (MB)
	155752  -  ResidentSetSize of job (KB)
...
040 (9119715.000.000) 01/22 18:01:11 Started transferring output files
...
040 (9119715.000.000) 01/22 18:01:11 Finished transferring output files
...
005 (9119715.000.000) 01/22 18:01:11 Job terminated.
	(1) Normal termination (return value 0)
		Usr 0 00:01:04, Sys 0 00:00:02  -  Run Remote Usage
		Usr 0 00:00:00, Sys 0 00:00:00  -  Run Local Usage
		Usr 0 00:01:04, Sys 0 00:00:02  -  Total Remote Usage
		Usr 0 00:00:00, Sys 0 00:00:00  -  Total Local Usage
	7625  -  Run Bytes Sent By Job
	323  -  Run Bytes Received By Job
	7625  -  Total Bytes Sent By Job
	323  -  Total Bytes Received By Job
	Partitionable Resources :    Usage  Request Allocated 
	   Cpus                 :        0        1         1 
	   Disk (KB)            :       31        1      3756 
	   GPUs                 :                           0 
	   Memory (MB)          :      153     3000      3000 
	   TimeExecute (s)      :       87                    
	   TimeSlotBusy (s)     :       90                    

	Job terminated of its own accord at 2026-01-22T17:01:11Z with exit-code 0.
...
