000 (9119707.000.000) 01/22 17:43:37 Job submitted from host: <188.185.6.50:9618?addrs=188.185.6.50-9618+[2001-1458-d00-62--100-2b1]-9618&alias=bigbird25.cern.ch&noUDP&sock=schedd_1627_90ad>
...
040 (9119707.000.000) 01/22 17:59:39 Started transferring input files
	Transferring to host: <188.185.209.46:9618?addrs=188.185.209.46-9618+[2001-1458-303-11--100-2b]-9618&alias=b9p11p5617.cern.ch&noUDP&sock=slot1_28_2615118_f4a0_51418>
...
040 (9119707.000.000) 01/22 17:59:39 Finished transferring input files
...
001 (9119707.000.000) 01/22 17:59:40 Job executing on host: <188.185.209.46:9618?addrs=188.185.209.46-9618+[2001-1458-303-11--100-2b]-9618&alias=b9p11p5617.cern.ch&noUDP&sock=startd_6459_ea4d>
	SlotName: slot1_28@b9p11p5617.cern.ch
	CondorScratchDir = "/pool/condor/dir_4166707"
	Cpus = 1
	Disk = 3730
	GPUs = 0
	Memory = 3000
...
006 (9119707.000.000) 01/22 17:59:53 Image size of job updated: 142928
	140  -  MemoryUsage of job (MB)
	142928  -  ResidentSetSize of job (KB)
...
006 (9119707.000.000) 01/22 17:59:59 Image size of job updated: 168556
	140  -  MemoryUsage of job (MB)
	142944  -  ResidentSetSize of job (KB)
...
040 (9119707.000.000) 01/22 17:59:59 Started transferring output files
...
040 (9119707.000.000) 01/22 17:59:59 Finished transferring output files
...
005 (9119707.000.000) 01/22 17:59:59 Job terminated.
	(1) Normal termination (return value 0)
		Usr 0 00:00:07, Sys 0 00:00:02  -  Run Remote Usage
		Usr 0 00:00:00, Sys 0 00:00:00  -  Run Local Usage
		Usr 0 00:00:07, Sys 0 00:00:02  -  Total Remote Usage
		Usr 0 00:00:00, Sys 0 00:00:00  -  Total Local Usage
	6265  -  Run Bytes Sent By Job
	317  -  Run Bytes Received By Job
	6265  -  Total Bytes Sent By Job
	317  -  Total Bytes Received By Job
	Partitionable Resources :    Usage  Request Allocated 
	   Cpus                 :        0        1         1 
	   Disk (KB)            :       33        1      3730 
	   GPUs                 :                           0 
	   Memory (MB)          :      140     3000      3000 
	   TimeExecute (s)      :       19                    
	   TimeSlotBusy (s)     :       21                    

	Job terminated of its own accord at 2026-01-22T16:59:59Z with exit-code 0.
...
