000 (9119708.000.000) 01/22 17:43:37 Job submitted from host: <188.185.6.50:9618?addrs=188.185.6.50-9618+[2001-1458-d00-62--100-2b1]-9618&alias=bigbird25.cern.ch&noUDP&sock=schedd_1627_90ad>
...
040 (9119708.000.000) 01/22 17:59:39 Started transferring input files
	Transferring to host: <188.185.208.89:9618?addrs=188.185.208.89-9618+[2001-1458-303-f--100-56]-9618&alias=b9p09p5558.cern.ch&noUDP&sock=slot1_19_4988_3f44_111757>
...
040 (9119708.000.000) 01/22 17:59:39 Finished transferring input files
...
001 (9119708.000.000) 01/22 17:59:40 Job executing on host: <188.185.208.89:9618?addrs=188.185.208.89-9618+[2001-1458-303-f--100-56]-9618&alias=b9p09p5558.cern.ch&noUDP&sock=startd_4162_5d42>
	SlotName: slot1_19@b9p09p5558.cern.ch
	CondorScratchDir = "/pool/condor/dir_2175222"
	Cpus = 1
	Disk = 3718
	GPUs = 0
	Memory = 3000
...
006 (9119708.000.000) 01/22 17:59:53 Image size of job updated: 88440
	0  -  MemoryUsage of job (MB)
	0  -  ResidentSetSize of job (KB)
...
040 (9119708.000.000) 01/22 17:59:53 Started transferring output files
...
040 (9119708.000.000) 01/22 17:59:53 Finished transferring output files
...
005 (9119708.000.000) 01/22 17:59:53 Job terminated.
	(1) Normal termination (return value 0)
		Usr 0 00:00:02, Sys 0 00:00:01  -  Run Remote Usage
		Usr 0 00:00:00, Sys 0 00:00:00  -  Run Local Usage
		Usr 0 00:00:02, Sys 0 00:00:01  -  Total Remote Usage
		Usr 0 00:00:00, Sys 0 00:00:00  -  Total Local Usage
	5992  -  Run Bytes Sent By Job
	317  -  Run Bytes Received By Job
	5992  -  Total Bytes Sent By Job
	317  -  Total Bytes Received By Job
	Partitionable Resources :    Usage  Request Allocated 
	   Cpus                 :        0        1         1 
	   Disk (KB)            :       32        1      3718 
	   GPUs                 :                           0 
	   Memory (MB)          :        0     3000      3000 
	   TimeExecute (s)      :       13                    
	   TimeSlotBusy (s)     :       15                    

	Job terminated of its own accord at 2026-01-22T16:59:53Z with exit-code 0.
...
