/afs/cern.ch/user/s/svashish/CMSSW_14_1_0_pre4/src/TauFW/Fitter/MuTauFR

UL2017 : WJ : WJetsToLNu : norm = 32.31271607
baseNames :  ['W']   split :  False

Setting config for sample WJetsToLNu ->
Setting cuts for Z->tau(mu)tau(h) selection
muonPtCut 26.0
muonEtaCut 2.4
muonIsoCut 0.15
tauPtCut 22.0
tauEtaCut 2.5
mtCut 40.0
drCut 0.5
antiJet 5
antiMu 1
antiE 2
momScale 0.03

starting entry 0
ending entry 250023

processes 0 out of 250023 events
processes 100000 out of 250023 events
processes 200000 out of 250023 events
opening file /afs/cern.ch/user/s/svashish/MuTauFR/selection/mutau_UL2017_MediumVsJet_VLooseVsMu_VVLooseVsE/WJetsToLNu_0.root
