000 (9119718.000.000) 01/22 17:43:40 Job submitted from host: <188.185.6.50:9618?addrs=188.185.6.50-9618+[2001-1458-d00-62--100-2b1]-9618&alias=bigbird25.cern.ch&noUDP&sock=schedd_1627_90ad>
...
040 (9119718.000.000) 01/22 17:59:43 Started transferring input files
	Transferring to host: <188.185.214.163:9618?addrs=188.185.214.163-9618+[2001-1458-303-1d--100-1f]-9618&alias=b9p30p5158.cern.ch&noUDP&sock=slot1_10_2677914_6b1a_51302>
...
040 (9119718.000.000) 01/22 17:59:43 Finished transferring input files
...
001 (9119718.000.000) 01/22 17:59:44 Job executing on host: <188.185.214.163:9618?addrs=188.185.214.163-9618+[2001-1458-303-1d--100-1f]-9618&alias=b9p30p5158.cern.ch&noUDP&sock=startd_2674230_ecf1>
	SlotName: slot1_10@b9p30p5158.cern.ch
	CondorScratchDir = "/pool/condor/dir_1546586"
	Cpus = 1
	Disk = 3756
	GPUs = 0
	Memory = 3000
...
006 (9119718.000.000) 01/22 17:59:57 Image size of job updated: 101192
	99  -  MemoryUsage of job (MB)
	101192  -  ResidentSetSize of job (KB)
...
006 (9119718.000.000) 01/22 18:00:00 Image size of job updated: 143080
	100  -  MemoryUsage of job (MB)
	101692  -  ResidentSetSize of job (KB)
...
040 (9119718.000.000) 01/22 18:00:00 Started transferring output files
...
040 (9119718.000.000) 01/22 18:00:00 Finished transferring output files
...
005 (9119718.000.000) 01/22 18:00:00 Job terminated.
	(1) Normal termination (return value 0)
		Usr 0 00:00:03, Sys 0 00:00:02  -  Run Remote Usage
		Usr 0 00:00:00, Sys 0 00:00:00  -  Run Local Usage
		Usr 0 00:00:03, Sys 0 00:00:02  -  Total Remote Usage
		Usr 0 00:00:00, Sys 0 00:00:00  -  Total Local Usage
	5990  -  Run Bytes Sent By Job
	316  -  Run Bytes Received By Job
	5990  -  Total Bytes Sent By Job
	316  -  Total Bytes Received By Job
	Partitionable Resources :    Usage  Request Allocated 
	   Cpus                 :        0        1         1 
	   Disk (KB)            :       29        1      3756 
	   GPUs                 :                           0 
	   Memory (MB)          :      100     3000      3000 
	   TimeExecute (s)      :       16                    
	   TimeSlotBusy (s)     :       18                    

	Job terminated of its own accord at 2026-01-22T17:00:00Z with exit-code 0.
...
