000 (9119719.000.000) 01/22 17:43:40 Job submitted from host: <188.185.6.50:9618?addrs=188.185.6.50-9618+[2001-1458-d00-62--100-2b1]-9618&alias=bigbird25.cern.ch&noUDP&sock=schedd_1627_90ad>
...
040 (9119719.000.000) 01/22 17:59:43 Started transferring input files
	Transferring to host: <188.185.210.137:9618?addrs=188.185.210.137-9618+[2001-1458-303-15--100-5]-9618&alias=b9p22p9259.cern.ch&noUDP&sock=slot1_31_5330_3792_132632>
...
040 (9119719.000.000) 01/22 17:59:43 Finished transferring input files
...
001 (9119719.000.000) 01/22 17:59:44 Job executing on host: <188.185.210.137:9618?addrs=188.185.210.137-9618+[2001-1458-303-15--100-5]-9618&alias=b9p22p9259.cern.ch&noUDP&sock=startd_4364_eb63>
	SlotName: slot1_31@b9p22p9259.cern.ch
	CondorScratchDir = "/pool/condor/dir_2290587"
	Cpus = 1
	Disk = 3832
	GPUs = 0
	Memory = 3000
...
006 (9119719.000.000) 01/22 17:59:57 Image size of job updated: 145404
	142  -  MemoryUsage of job (MB)
	145404  -  ResidentSetSize of job (KB)
...
006 (9119719.000.000) 01/22 18:01:15 Image size of job updated: 173672
	143  -  MemoryUsage of job (MB)
	145588  -  ResidentSetSize of job (KB)
...
040 (9119719.000.000) 01/22 18:01:15 Started transferring output files
...
040 (9119719.000.000) 01/22 18:01:15 Finished transferring output files
...
005 (9119719.000.000) 01/22 18:01:15 Job terminated.
	(1) Normal termination (return value 0)
		Usr 0 00:01:02, Sys 0 00:00:02  -  Run Remote Usage
		Usr 0 00:00:00, Sys 0 00:00:00  -  Run Local Usage
		Usr 0 00:01:02, Sys 0 00:00:02  -  Total Remote Usage
		Usr 0 00:00:00, Sys 0 00:00:00  -  Total Local Usage
	7376  -  Run Bytes Sent By Job
	315  -  Run Bytes Received By Job
	7376  -  Total Bytes Sent By Job
	315  -  Total Bytes Received By Job
	Partitionable Resources :    Usage  Request Allocated 
	   Cpus                 :        0        1         1 
	   Disk (KB)            :       31        1      3832 
	   GPUs                 :                           0 
	   Memory (MB)          :      143     3000      3000 
	   TimeExecute (s)      :       91                    
	   TimeSlotBusy (s)     :       93                    

	Job terminated of its own accord at 2026-01-22T17:01:15Z with exit-code 0.
...
