000 (9119721.000.000) 01/22 17:43:40 Job submitted from host: <188.185.6.50:9618?addrs=188.185.6.50-9618+[2001-1458-d00-62--100-2b1]-9618&alias=bigbird25.cern.ch&noUDP&sock=schedd_1627_90ad>
...
040 (9119721.000.000) 01/22 17:59:49 Started transferring input files
	Transferring to host: <188.185.210.204:9618?addrs=188.185.210.204-9618+[2001-1458-303-15--100-48]-9618&alias=b9p22p8647.cern.ch&noUDP&sock=slot1_22_3139_7599_132895>
...
040 (9119721.000.000) 01/22 17:59:49 Finished transferring input files
...
001 (9119721.000.000) 01/22 17:59:50 Job executing on host: <188.185.210.204:9618?addrs=188.185.210.204-9618+[2001-1458-303-15--100-48]-9618&alias=b9p22p8647.cern.ch&noUDP&sock=startd_2659_6e6a>
	SlotName: slot1_22@b9p22p8647.cern.ch
	CondorScratchDir = "/pool/condor/dir_1956302"
	Cpus = 1
	Disk = 3769
	GPUs = 0
	Memory = 3000
...
006 (9119721.000.000) 01/22 18:00:03 Image size of job updated: 154216
	151  -  MemoryUsage of job (MB)
	154216  -  ResidentSetSize of job (KB)
...
006 (9119721.000.000) 01/22 18:00:21 Image size of job updated: 166636
	151  -  MemoryUsage of job (MB)
	154220  -  ResidentSetSize of job (KB)
...
040 (9119721.000.000) 01/22 18:00:21 Started transferring output files
...
040 (9119721.000.000) 01/22 18:00:21 Finished transferring output files
...
005 (9119721.000.000) 01/22 18:00:21 Job terminated.
	(1) Normal termination (return value 0)
		Usr 0 00:00:19, Sys 0 00:00:02  -  Run Remote Usage
		Usr 0 00:00:00, Sys 0 00:00:00  -  Run Local Usage
		Usr 0 00:00:19, Sys 0 00:00:02  -  Total Remote Usage
		Usr 0 00:00:00, Sys 0 00:00:00  -  Total Local Usage
	6449  -  Run Bytes Sent By Job
	315  -  Run Bytes Received By Job
	6449  -  Total Bytes Sent By Job
	315  -  Total Bytes Received By Job
	Partitionable Resources :    Usage  Request Allocated 
	   Cpus                 :        0        1         1 
	   Disk (KB)            :       30        1      3769 
	   GPUs                 :                           0 
	   Memory (MB)          :      151     3000      3000 
	   TimeExecute (s)      :       31                    
	   TimeSlotBusy (s)     :       38                    

	Job terminated of its own accord at 2026-01-22T17:00:21Z with exit-code 0.
...
