000 (9119720.000.000) 01/22 17:43:40 Job submitted from host: <188.185.6.50:9618?addrs=188.185.6.50-9618+[2001-1458-d00-62--100-2b1]-9618&alias=bigbird25.cern.ch&noUDP&sock=schedd_1627_90ad>
...
040 (9119720.000.000) 01/22 17:59:43 Started transferring input files
	Transferring to host: <188.185.214.174:9618?addrs=188.185.214.174-9618+[2001-1458-303-1d--100-2a]-9618&alias=b9p30p1572.cern.ch&noUDP&sock=slot1_46_7261_c800_134276>
...
040 (9119720.000.000) 01/22 17:59:43 Finished transferring input files
...
001 (9119720.000.000) 01/22 17:59:44 Job executing on host: <188.185.214.174:9618?addrs=188.185.214.174-9618+[2001-1458-303-1d--100-2a]-9618&alias=b9p30p1572.cern.ch&noUDP&sock=startd_6761_0fe7>
	SlotName: slot1_46@b9p30p1572.cern.ch
	CondorScratchDir = "/pool/condor/dir_3370811"
	Cpus = 1
	Disk = 3784
	GPUs = 0
	Memory = 3000
...
006 (9119720.000.000) 01/22 17:59:57 Image size of job updated: 77680
	0  -  MemoryUsage of job (MB)
	0  -  ResidentSetSize of job (KB)
...
040 (9119720.000.000) 01/22 17:59:57 Started transferring output files
...
040 (9119720.000.000) 01/22 17:59:57 Finished transferring output files
...
005 (9119720.000.000) 01/22 17:59:57 Job terminated.
	(1) Normal termination (return value 0)
		Usr 0 00:00:03, Sys 0 00:00:01  -  Run Remote Usage
		Usr 0 00:00:00, Sys 0 00:00:00  -  Run Local Usage
		Usr 0 00:00:03, Sys 0 00:00:01  -  Total Remote Usage
		Usr 0 00:00:00, Sys 0 00:00:00  -  Total Local Usage
	5988  -  Run Bytes Sent By Job
	315  -  Run Bytes Received By Job
	5988  -  Total Bytes Sent By Job
	315  -  Total Bytes Received By Job
	Partitionable Resources :    Usage  Request Allocated 
	   Cpus                 :        0        1         1 
	   Disk (KB)            :       29        1      3784 
	   GPUs                 :                           0 
	   Memory (MB)          :        0     3000      3000 
	   TimeExecute (s)      :       13                    
	   TimeSlotBusy (s)     :       15                    

	Job terminated of its own accord at 2026-01-22T16:59:57Z with exit-code 0.
...
