000 (9119726.000.000) 01/22 17:43:43 Job submitted from host: <188.185.6.50:9618?addrs=188.185.6.50-9618+[2001-1458-d00-62--100-2b1]-9618&alias=bigbird25.cern.ch&noUDP&sock=schedd_1627_90ad>
...
040 (9119726.000.000) 01/22 17:59:44 Started transferring input files
	Transferring to host: <128.142.196.41:9618?addrs=128.142.196.41-9618+[2001-1458-301-3c--100-27]-9618&alias=b9g32p1063.cern.ch&noUDP&sock=slot1_10_3264_887e_138496>
...
040 (9119726.000.000) 01/22 17:59:44 Finished transferring input files
...
001 (9119726.000.000) 01/22 17:59:45 Job executing on host: <128.142.196.41:9618?addrs=128.142.196.41-9618+[2001-1458-301-3c--100-27]-9618&alias=b9g32p1063.cern.ch&noUDP&sock=startd_2785_db59>
	SlotName: slot1_10@b9g32p1063.cern.ch
	CondorScratchDir = "/pool/condor/dir_4124997"
	Cpus = 1
	Disk = 3762
	GPUs = 0
	Memory = 3000
...
006 (9119726.000.000) 01/22 17:59:57 Image size of job updated: 110900
	0  -  MemoryUsage of job (MB)
	0  -  ResidentSetSize of job (KB)
...
040 (9119726.000.000) 01/22 17:59:57 Started transferring output files
...
040 (9119726.000.000) 01/22 17:59:57 Finished transferring output files
...
005 (9119726.000.000) 01/22 17:59:57 Job terminated.
	(1) Normal termination (return value 0)
		Usr 0 00:00:03, Sys 0 00:00:01  -  Run Remote Usage
		Usr 0 00:00:00, Sys 0 00:00:00  -  Run Local Usage
		Usr 0 00:00:03, Sys 0 00:00:01  -  Total Remote Usage
		Usr 0 00:00:00, Sys 0 00:00:00  -  Total Local Usage
	5988  -  Run Bytes Sent By Job
	315  -  Run Bytes Received By Job
	5988  -  Total Bytes Sent By Job
	315  -  Total Bytes Received By Job
	Partitionable Resources :    Usage  Request Allocated 
	   Cpus                 :        0        1         1 
	   Disk (KB)            :       29        1      3762 
	   GPUs                 :                           0 
	   Memory (MB)          :        0     3000      3000 
	   TimeExecute (s)      :       12                    
	   TimeSlotBusy (s)     :       13                    

	Job terminated of its own accord at 2026-01-22T16:59:57Z with exit-code 0.
...
