000 (9119724.000.000) 01/22 17:43:42 Job submitted from host: <188.185.6.50:9618?addrs=188.185.6.50-9618+[2001-1458-d00-62--100-2b1]-9618&alias=bigbird25.cern.ch&noUDP&sock=schedd_1627_90ad>
...
040 (9119724.000.000) 01/22 17:59:45 Started transferring input files
	Transferring to host: <188.185.215.190:9618?addrs=188.185.215.190-9618+[2001-1458-303-26--100-3a]-9618&alias=b9p18p9631.cern.ch&noUDP&sock=slot1_10_7956_78bd_53757>
...
040 (9119724.000.000) 01/22 17:59:45 Finished transferring input files
...
001 (9119724.000.000) 01/22 17:59:46 Job executing on host: <188.185.215.190:9618?addrs=188.185.215.190-9618+[2001-1458-303-26--100-3a]-9618&alias=b9p18p9631.cern.ch&noUDP&sock=startd_4324_7b9a>
	SlotName: slot1_10@b9p18p9631.cern.ch
	CondorScratchDir = "/pool/condor/dir_874536"
	Cpus = 1
	Disk = 3829
	GPUs = 0
	Memory = 3000
...
006 (9119724.000.000) 01/22 17:59:59 Image size of job updated: 54316
	54  -  MemoryUsage of job (MB)
	54316  -  ResidentSetSize of job (KB)
...
006 (9119724.000.000) 01/22 18:00:06 Image size of job updated: 77616
	54  -  MemoryUsage of job (MB)
	54356  -  ResidentSetSize of job (KB)
...
040 (9119724.000.000) 01/22 18:00:06 Started transferring output files
...
040 (9119724.000.000) 01/22 18:00:06 Finished transferring output files
...
005 (9119724.000.000) 01/22 18:00:06 Job terminated.
	(1) Normal termination (return value 0)
		Usr 0 00:00:03, Sys 0 00:00:01  -  Run Remote Usage
		Usr 0 00:00:00, Sys 0 00:00:00  -  Run Local Usage
		Usr 0 00:00:03, Sys 0 00:00:01  -  Total Remote Usage
		Usr 0 00:00:00, Sys 0 00:00:00  -  Total Local Usage
	5990  -  Run Bytes Sent By Job
	316  -  Run Bytes Received By Job
	5990  -  Total Bytes Sent By Job
	316  -  Total Bytes Received By Job
	Partitionable Resources :    Usage  Request Allocated 
	   Cpus                 :        0        1         1 
	   Disk (KB)            :       29        1      3829 
	   GPUs                 :                           0 
	   Memory (MB)          :       54     3000      3000 
	   TimeExecute (s)      :       20                    
	   TimeSlotBusy (s)     :       22                    

	Job terminated of its own accord at 2026-01-22T17:00:06Z with exit-code 0.
...
