000 (9119723.000.000) 01/22 17:43:42 Job submitted from host: <188.185.6.50:9618?addrs=188.185.6.50-9618+[2001-1458-d00-62--100-2b1]-9618&alias=bigbird25.cern.ch&noUDP&sock=schedd_1627_90ad>
...
040 (9119723.000.000) 01/22 17:59:44 Started transferring input files
	Transferring to host: <188.185.210.153:9618?addrs=188.185.210.153-9618+[2001-1458-303-15--100-15]-9618&alias=b9p22p2838.cern.ch&noUDP&sock=slot1_1_4087976_a855_50798>
...
040 (9119723.000.000) 01/22 17:59:44 Finished transferring input files
...
001 (9119723.000.000) 01/22 17:59:45 Job executing on host: <188.185.210.153:9618?addrs=188.185.210.153-9618+[2001-1458-303-15--100-15]-9618&alias=b9p22p2838.cern.ch&noUDP&sock=startd_4083236_d870>
	SlotName: slot1_1@b9p22p2838.cern.ch
	CondorScratchDir = "/pool/condor/dir_461474"
	Cpus = 1
	Disk = 3722
	GPUs = 0
	Memory = 3000
...
006 (9119723.000.000) 01/22 17:59:58 Image size of job updated: 108860
	107  -  MemoryUsage of job (MB)
	108860  -  ResidentSetSize of job (KB)
...
006 (9119723.000.000) 01/22 18:02:00 Image size of job updated: 236472
	107  -  MemoryUsage of job (MB)
	108860  -  ResidentSetSize of job (KB)
...
040 (9119723.000.000) 01/22 18:02:00 Started transferring output files
...
040 (9119723.000.000) 01/22 18:02:00 Finished transferring output files
...
005 (9119723.000.000) 01/22 18:02:00 Job terminated.
	(1) Normal termination (return value 0)
		Usr 0 00:01:26, Sys 0 00:00:03  -  Run Remote Usage
		Usr 0 00:00:00, Sys 0 00:00:00  -  Run Local Usage
		Usr 0 00:01:26, Sys 0 00:00:03  -  Total Remote Usage
		Usr 0 00:00:00, Sys 0 00:00:00  -  Total Local Usage
	8019  -  Run Bytes Sent By Job
	316  -  Run Bytes Received By Job
	8019  -  Total Bytes Sent By Job
	316  -  Total Bytes Received By Job
	Partitionable Resources :    Usage  Request Allocated 
	   Cpus                 :        0        1         1 
	   Disk (KB)            :       31        1      3722 
	   GPUs                 :                           0 
	   Memory (MB)          :      107     3000      3000 
	   TimeExecute (s)      :      135                    
	   TimeSlotBusy (s)     :      137                    

	Job terminated of its own accord at 2026-01-22T17:02:00Z with exit-code 0.
...
