000 (9119350.000.000) 01/22 17:07:34 Job submitted from host: <188.185.6.50:9618?addrs=188.185.6.50-9618+[2001-1458-d00-62--100-2b1]-9618&alias=bigbird25.cern.ch&noUDP&sock=schedd_1627_90ad>
...
040 (9119350.000.000) 01/22 17:16:53 Started transferring input files
	Transferring to host: <188.185.214.70:9618?addrs=188.185.214.70-9618+[2001-1458-303-1c--100-42]-9618&alias=b9p29p9286.cern.ch&noUDP&sock=slot1_17_4847_e65e_153588>
...
040 (9119350.000.000) 01/22 17:16:53 Finished transferring input files
...
001 (9119350.000.000) 01/22 17:16:54 Job executing on host: <188.185.214.70:9618?addrs=188.185.214.70-9618+[2001-1458-303-1c--100-42]-9618&alias=b9p29p9286.cern.ch&noUDP&sock=startd_3945_8535>
	SlotName: slot1_17@b9p29p9286.cern.ch
	CondorScratchDir = "/pool/condor/dir_2002950"
	Cpus = 1
	Disk = 3904
	GPUs = 0
	Memory = 3000
...
006 (9119350.000.000) 01/22 17:17:05 Image size of job updated: 135568
	0  -  MemoryUsage of job (MB)
	0  -  ResidentSetSize of job (KB)
...
040 (9119350.000.000) 01/22 17:17:05 Started transferring output files
...
040 (9119350.000.000) 01/22 17:17:05 Finished transferring output files
...
005 (9119350.000.000) 01/22 17:17:05 Job terminated.
	(1) Normal termination (return value 0)
		Usr 0 00:00:02, Sys 0 00:00:01  -  Run Remote Usage
		Usr 0 00:00:00, Sys 0 00:00:00  -  Run Local Usage
		Usr 0 00:00:02, Sys 0 00:00:01  -  Total Remote Usage
		Usr 0 00:00:00, Sys 0 00:00:00  -  Total Local Usage
	6014  -  Run Bytes Sent By Job
	320  -  Run Bytes Received By Job
	6014  -  Total Bytes Sent By Job
	320  -  Total Bytes Received By Job
	Partitionable Resources :    Usage  Request Allocated 
	   Cpus                 :        0        1         1 
	   Disk (KB)            :       29        1      3904 
	   GPUs                 :                           0 
	   Memory (MB)          :        0     3000      3000 
	   TimeExecute (s)      :       11                    
	   TimeSlotBusy (s)     :       13                    

	Job terminated of its own accord at 2026-01-22T16:17:05Z with exit-code 0.
...
