000 (9119344.000.000) 01/22 17:07:32 Job submitted from host: <188.185.6.50:9618?addrs=188.185.6.50-9618+[2001-1458-d00-62--100-2b1]-9618&alias=bigbird25.cern.ch&noUDP&sock=schedd_1627_90ad>
...
040 (9119344.000.000) 01/22 17:16:51 Started transferring input files
	Transferring to host: <188.185.210.142:9618?addrs=188.185.210.142-9618+[2001-1458-303-15--100-a]-9618&alias=b9p22p8216.cern.ch&noUDP&sock=slot1_25_2185073_5970_59102>
...
040 (9119344.000.000) 01/22 17:16:51 Finished transferring input files
...
001 (9119344.000.000) 01/22 17:16:52 Job executing on host: <188.185.210.142:9618?addrs=188.185.210.142-9618+[2001-1458-303-15--100-a]-9618&alias=b9p22p8216.cern.ch&noUDP&sock=startd_2180258_386b>
	SlotName: slot1_25@b9p22p8216.cern.ch
	CondorScratchDir = "/pool/condor/dir_3609571"
	Cpus = 1
	Disk = 3776
	GPUs = 0
	Memory = 3000
...
006 (9119344.000.000) 01/22 17:17:04 Image size of job updated: 123988
	0  -  MemoryUsage of job (MB)
	0  -  ResidentSetSize of job (KB)
...
040 (9119344.000.000) 01/22 17:17:04 Started transferring output files
...
040 (9119344.000.000) 01/22 17:17:04 Finished transferring output files
...
005 (9119344.000.000) 01/22 17:17:04 Job terminated.
	(1) Normal termination (return value 0)
		Usr 0 00:00:03, Sys 0 00:00:01  -  Run Remote Usage
		Usr 0 00:00:00, Sys 0 00:00:00  -  Run Local Usage
		Usr 0 00:00:03, Sys 0 00:00:01  -  Total Remote Usage
		Usr 0 00:00:00, Sys 0 00:00:00  -  Total Local Usage
	6225  -  Run Bytes Sent By Job
	324  -  Run Bytes Received By Job
	6225  -  Total Bytes Sent By Job
	324  -  Total Bytes Received By Job
	Partitionable Resources :    Usage  Request Allocated 
	   Cpus                 :        0        1         1 
	   Disk (KB)            :       30        1      3776 
	   GPUs                 :                           0 
	   Memory (MB)          :        0     3000      3000 
	   TimeExecute (s)      :       12                    
	   TimeSlotBusy (s)     :       14                    

	Job terminated of its own accord at 2026-01-22T16:17:04Z with exit-code 0.
...
