000 (9119349.000.000) 01/22 17:07:34 Job submitted from host: <188.185.6.50:9618?addrs=188.185.6.50-9618+[2001-1458-d00-62--100-2b1]-9618&alias=bigbird25.cern.ch&noUDP&sock=schedd_1627_90ad>
...
040 (9119349.000.000) 01/22 17:16:52 Started transferring input files
	Transferring to host: <188.185.214.24:9618?addrs=188.185.214.24-9618+[2001-1458-303-1c--100-14]-9618&alias=b9p29p9589.cern.ch&noUDP&sock=slot1_13_4517_6291_155130>
...
040 (9119349.000.000) 01/22 17:16:52 Finished transferring input files
...
001 (9119349.000.000) 01/22 17:16:53 Job executing on host: <188.185.214.24:9618?addrs=188.185.214.24-9618+[2001-1458-303-1c--100-14]-9618&alias=b9p29p9589.cern.ch&noUDP&sock=startd_3842_def4>
	SlotName: slot1_13@b9p29p9589.cern.ch
	CondorScratchDir = "/pool/condor/dir_4025749"
	Cpus = 1
	Disk = 3697
	GPUs = 0
	Memory = 3000
...
006 (9119349.000.000) 01/22 17:17:06 Image size of job updated: 270464
	265  -  MemoryUsage of job (MB)
	270464  -  ResidentSetSize of job (KB)
...
006 (9119349.000.000) 01/22 17:19:53 Image size of job updated: 445104
	265  -  MemoryUsage of job (MB)
	270464  -  ResidentSetSize of job (KB)
...
040 (9119349.000.000) 01/22 17:19:53 Started transferring output files
...
040 (9119349.000.000) 01/22 17:19:53 Finished transferring output files
...
005 (9119349.000.000) 01/22 17:19:53 Job terminated.
	(1) Normal termination (return value 0)
		Usr 0 00:02:13, Sys 0 00:00:02  -  Run Remote Usage
		Usr 0 00:00:00, Sys 0 00:00:00  -  Run Local Usage
		Usr 0 00:02:13, Sys 0 00:00:02  -  Total Remote Usage
		Usr 0 00:00:00, Sys 0 00:00:00  -  Total Local Usage
	9718  -  Run Bytes Sent By Job
	320  -  Run Bytes Received By Job
	9718  -  Total Bytes Sent By Job
	320  -  Total Bytes Received By Job
	Partitionable Resources :    Usage  Request Allocated 
	   Cpus                 :        0        1         1 
	   Disk (KB)            :       33        1      3697 
	   GPUs                 :                           0 
	   Memory (MB)          :      265     3000      3000 
	   TimeExecute (s)      :      180                    
	   TimeSlotBusy (s)     :      181                    

	Job terminated of its own accord at 2026-01-22T16:19:53Z with exit-code 0.
...
