000 (9119348.000.000) 01/22 17:07:34 Job submitted from host: <188.185.6.50:9618?addrs=188.185.6.50-9618+[2001-1458-d00-62--100-2b1]-9618&alias=bigbird25.cern.ch&noUDP&sock=schedd_1627_90ad>
...
040 (9119348.000.000) 01/22 17:16:52 Started transferring input files
	Transferring to host: <128.142.161.93:9618?addrs=128.142.161.93-9618+[2001-1458-301-b8--100-1b]-9618&alias=b9g03p6806.cern.ch&noUDP&sock=slot1_16_3100896_808a_33712>
...
040 (9119348.000.000) 01/22 17:16:52 Finished transferring input files
...
001 (9119348.000.000) 01/22 17:16:53 Job executing on host: <128.142.161.93:9618?addrs=128.142.161.93-9618+[2001-1458-301-b8--100-1b]-9618&alias=b9g03p6806.cern.ch&noUDP&sock=startd_6034_668d>
	SlotName: slot1_16@b9g03p6806.cern.ch
	CondorScratchDir = "/pool/condor/dir_459189"
	Cpus = 1
	Disk = 3920
	GPUs = 0
	Memory = 3000
...
006 (9119348.000.000) 01/22 17:17:07 Image size of job updated: 155732
	153  -  MemoryUsage of job (MB)
	155732  -  ResidentSetSize of job (KB)
...
006 (9119348.000.000) 01/22 17:20:24 Image size of job updated: 436404
	153  -  MemoryUsage of job (MB)
	155732  -  ResidentSetSize of job (KB)
...
040 (9119348.000.000) 01/22 17:20:24 Started transferring output files
...
040 (9119348.000.000) 01/22 17:20:24 Finished transferring output files
...
005 (9119348.000.000) 01/22 17:20:24 Job terminated.
	(1) Normal termination (return value 0)
		Usr 0 00:03:05, Sys 0 00:00:03  -  Run Remote Usage
		Usr 0 00:00:00, Sys 0 00:00:00  -  Run Local Usage
		Usr 0 00:03:05, Sys 0 00:00:03  -  Total Remote Usage
		Usr 0 00:00:00, Sys 0 00:00:00  -  Total Local Usage
	10390  -  Run Bytes Sent By Job
	320  -  Run Bytes Received By Job
	10390  -  Total Bytes Sent By Job
	320  -  Total Bytes Received By Job
	Partitionable Resources :    Usage  Request Allocated 
	   Cpus                 :        0        1         1 
	   Disk (KB)            :       33        1      3920 
	   GPUs                 :                           0 
	   Memory (MB)          :      153     3000      3000 
	   TimeExecute (s)      :      211                    
	   TimeSlotBusy (s)     :      213                    

	Job terminated of its own accord at 2026-01-22T16:20:24Z with exit-code 0.
...
