000 (9119346.000.000) 01/22 17:07:33 Job submitted from host: <188.185.6.50:9618?addrs=188.185.6.50-9618+[2001-1458-d00-62--100-2b1]-9618&alias=bigbird25.cern.ch&noUDP&sock=schedd_1627_90ad>
...
040 (9119346.000.000) 01/22 17:16:52 Started transferring input files
	Transferring to host: <188.185.213.147:9618?addrs=188.185.213.147-9618+[2001-1458-303-1b--100-f]-9618&alias=b9p28p8410.cern.ch&noUDP&sock=slot1_16_5911_9589_155965>
...
040 (9119346.000.000) 01/22 17:16:52 Finished transferring input files
...
001 (9119346.000.000) 01/22 17:16:53 Job executing on host: <188.185.213.147:9618?addrs=188.185.213.147-9618+[2001-1458-303-1b--100-f]-9618&alias=b9p28p8410.cern.ch&noUDP&sock=startd_5018_8254>
	SlotName: slot1_16@b9p28p8410.cern.ch
	CondorScratchDir = "/pool/condor/dir_2184723"
	Cpus = 1
	Disk = 3843
	GPUs = 0
	Memory = 3000
...
006 (9119346.000.000) 01/22 17:17:05 Image size of job updated: 124112
	0  -  MemoryUsage of job (MB)
	0  -  ResidentSetSize of job (KB)
...
040 (9119346.000.000) 01/22 17:17:05 Started transferring output files
...
040 (9119346.000.000) 01/22 17:17:05 Finished transferring output files
...
005 (9119346.000.000) 01/22 17:17:05 Job terminated.
	(1) Normal termination (return value 0)
		Usr 0 00:00:02, Sys 0 00:00:01  -  Run Remote Usage
		Usr 0 00:00:00, Sys 0 00:00:00  -  Run Local Usage
		Usr 0 00:00:02, Sys 0 00:00:01  -  Total Remote Usage
		Usr 0 00:00:00, Sys 0 00:00:00  -  Total Local Usage
	6023  -  Run Bytes Sent By Job
	324  -  Run Bytes Received By Job
	6023  -  Total Bytes Sent By Job
	324  -  Total Bytes Received By Job
	Partitionable Resources :    Usage  Request Allocated 
	   Cpus                 :        0        1         1 
	   Disk (KB)            :       29        1      3843 
	   GPUs                 :                           0 
	   Memory (MB)          :        0     3000      3000 
	   TimeExecute (s)      :       12                    
	   TimeSlotBusy (s)     :       14                    

	Job terminated of its own accord at 2026-01-22T16:17:05Z with exit-code 0.
...
