000 (9119340.000.000) 01/22 17:07:31 Job submitted from host: <188.185.6.50:9618?addrs=188.185.6.50-9618+[2001-1458-d00-62--100-2b1]-9618&alias=bigbird25.cern.ch&noUDP&sock=schedd_1627_90ad>
...
040 (9119340.000.000) 01/22 17:16:50 Started transferring input files
	Transferring to host: <188.185.214.107:9618?addrs=188.185.214.107-9618+[2001-1458-303-1c--100-67]-9618&alias=b9p29p2852.cern.ch&noUDP&sock=slot1_26_6215_c796_158535>
...
040 (9119340.000.000) 01/22 17:16:50 Finished transferring input files
...
001 (9119340.000.000) 01/22 17:16:51 Job executing on host: <188.185.214.107:9618?addrs=188.185.214.107-9618+[2001-1458-303-1c--100-67]-9618&alias=b9p29p2852.cern.ch&noUDP&sock=startd_5496_6099>
	SlotName: slot1_26@b9p29p2852.cern.ch
	CondorScratchDir = "/pool/condor/dir_1848095"
	Cpus = 1
	Disk = 3877
	GPUs = 0
	Memory = 3000
...
006 (9119340.000.000) 01/22 17:17:04 Image size of job updated: 187572
	184  -  MemoryUsage of job (MB)
	187572  -  ResidentSetSize of job (KB)
...
006 (9119340.000.000) 01/22 17:17:24 Image size of job updated: 206092
	184  -  MemoryUsage of job (MB)
	187572  -  ResidentSetSize of job (KB)
...
040 (9119340.000.000) 01/22 17:17:24 Started transferring output files
...
040 (9119340.000.000) 01/22 17:17:24 Finished transferring output files
...
005 (9119340.000.000) 01/22 17:17:24 Job terminated.
	(1) Normal termination (return value 0)
		Usr 0 00:00:22, Sys 0 00:00:01  -  Run Remote Usage
		Usr 0 00:00:00, Sys 0 00:00:00  -  Run Local Usage
		Usr 0 00:00:22, Sys 0 00:00:01  -  Total Remote Usage
		Usr 0 00:00:00, Sys 0 00:00:00  -  Total Local Usage
	6866  -  Run Bytes Sent By Job
	324  -  Run Bytes Received By Job
	6866  -  Total Bytes Sent By Job
	324  -  Total Bytes Received By Job
	Partitionable Resources :    Usage  Request Allocated 
	   Cpus                 :        0        1         1 
	   Disk (KB)            :       30        1      3877 
	   GPUs                 :                           0 
	   Memory (MB)          :      184     3000      3000 
	   TimeExecute (s)      :       33                    
	   TimeSlotBusy (s)     :       35                    

	Job terminated of its own accord at 2026-01-22T16:17:24Z with exit-code 0.
...
