000 (9119339.000.000) 01/22 17:07:30 Job submitted from host: <188.185.6.50:9618?addrs=188.185.6.50-9618+[2001-1458-d00-62--100-2b1]-9618&alias=bigbird25.cern.ch&noUDP&sock=schedd_1627_90ad>
...
040 (9119339.000.000) 01/22 17:16:50 Started transferring input files
	Transferring to host: <188.185.210.136:9618?addrs=188.185.210.136-9618+[2001-1458-303-15--100-4]-9618&alias=b9p22p1286.cern.ch&noUDP&sock=slot1_16_3834874_66e1_61073>
...
040 (9119339.000.000) 01/22 17:16:50 Finished transferring input files
...
001 (9119339.000.000) 01/22 17:16:51 Job executing on host: <188.185.210.136:9618?addrs=188.185.210.136-9618+[2001-1458-303-15--100-4]-9618&alias=b9p22p1286.cern.ch&noUDP&sock=startd_3834501_5309>
	SlotName: slot1_16@b9p22p1286.cern.ch
	CondorScratchDir = "/pool/condor/dir_2413915"
	Cpus = 1
	Disk = 3891
	GPUs = 0
	Memory = 3000
...
006 (9119339.000.000) 01/22 17:17:04 Image size of job updated: 172352
	169  -  MemoryUsage of job (MB)
	172352  -  ResidentSetSize of job (KB)
...
006 (9119339.000.000) 01/22 17:19:16 Image size of job updated: 247260
	169  -  MemoryUsage of job (MB)
	172352  -  ResidentSetSize of job (KB)
...
040 (9119339.000.000) 01/22 17:19:16 Started transferring output files
...
040 (9119339.000.000) 01/22 17:19:16 Finished transferring output files
...
005 (9119339.000.000) 01/22 17:19:16 Job terminated.
	(1) Normal termination (return value 0)
		Usr 0 00:02:06, Sys 0 00:00:02  -  Run Remote Usage
		Usr 0 00:00:00, Sys 0 00:00:00  -  Run Local Usage
		Usr 0 00:02:06, Sys 0 00:00:02  -  Total Remote Usage
		Usr 0 00:00:00, Sys 0 00:00:00  -  Total Local Usage
	10272  -  Run Bytes Sent By Job
	324  -  Run Bytes Received By Job
	10272  -  Total Bytes Sent By Job
	324  -  Total Bytes Received By Job
	Partitionable Resources :    Usage  Request Allocated 
	   Cpus                 :     0.97        1         1 
	   Disk (KB)            :    34           1      3891 
	   GPUs                 :                           0 
	   Memory (MB)          :   169        3000      3000 
	   TimeExecute (s)      :   145                       
	   TimeSlotBusy (s)     :   147                       

	Job terminated of its own accord at 2026-01-22T16:19:16Z with exit-code 0.
...
