000 (9119336.000.000) 01/22 17:07:29 Job submitted from host: <188.185.6.50:9618?addrs=188.185.6.50-9618+[2001-1458-d00-62--100-2b1]-9618&alias=bigbird25.cern.ch&noUDP&sock=schedd_1627_90ad>
...
040 (9119336.000.000) 01/22 17:16:49 Started transferring input files
	Transferring to host: <188.185.213.139:9618?addrs=188.185.213.139-9618+[2001-1458-303-1b--100-7]-9618&alias=b9p28p3597.cern.ch&noUDP&sock=slot1_5_5615_067d_156945>
...
040 (9119336.000.000) 01/22 17:16:49 Finished transferring input files
...
001 (9119336.000.000) 01/22 17:16:50 Job executing on host: <188.185.213.139:9618?addrs=188.185.213.139-9618+[2001-1458-303-1b--100-7]-9618&alias=b9p28p3597.cern.ch&noUDP&sock=startd_4564_1a54>
	SlotName: slot1_5@b9p28p3597.cern.ch
	CondorScratchDir = "/pool/condor/dir_4063125"
	Cpus = 1
	Disk = 3880
	GPUs = 0
	Memory = 3000
...
006 (9119336.000.000) 01/22 17:17:04 Image size of job updated: 172316
	169  -  MemoryUsage of job (MB)
	172316  -  ResidentSetSize of job (KB)
...
006 (9119336.000.000) 01/22 17:19:21 Image size of job updated: 248476
	169  -  MemoryUsage of job (MB)
	172316  -  ResidentSetSize of job (KB)
...
040 (9119336.000.000) 01/22 17:19:21 Started transferring output files
...
040 (9119336.000.000) 01/22 17:19:21 Finished transferring output files
...
005 (9119336.000.000) 01/22 17:19:21 Job terminated.
	(1) Normal termination (return value 0)
		Usr 0 00:02:10, Sys 0 00:00:02  -  Run Remote Usage
		Usr 0 00:00:00, Sys 0 00:00:00  -  Run Local Usage
		Usr 0 00:02:10, Sys 0 00:00:02  -  Total Remote Usage
		Usr 0 00:00:00, Sys 0 00:00:00  -  Total Local Usage
	10272  -  Run Bytes Sent By Job
	324  -  Run Bytes Received By Job
	10272  -  Total Bytes Sent By Job
	324  -  Total Bytes Received By Job
	Partitionable Resources :    Usage  Request Allocated 
	   Cpus                 :        0        1         1 
	   Disk (KB)            :       33        1      3880 
	   GPUs                 :                           0 
	   Memory (MB)          :      169     3000      3000 
	   TimeExecute (s)      :      151                    
	   TimeSlotBusy (s)     :      153                    

	Job terminated of its own accord at 2026-01-22T16:19:21Z with exit-code 0.
...
