000 (9119342.000.000) 01/22 17:07:32 Job submitted from host: <188.185.6.50:9618?addrs=188.185.6.50-9618+[2001-1458-d00-62--100-2b1]-9618&alias=bigbird25.cern.ch&noUDP&sock=schedd_1627_90ad>
...
040 (9119342.000.000) 01/22 17:16:51 Started transferring input files
	Transferring to host: <188.185.213.150:9618?addrs=188.185.213.150-9618+[2001-1458-303-1b--100-12]-9618&alias=b9p28p4011.cern.ch&noUDP&sock=slot1_24_3114_d838_153296>
...
040 (9119342.000.000) 01/22 17:16:51 Finished transferring input files
...
001 (9119342.000.000) 01/22 17:16:52 Job executing on host: <188.185.213.150:9618?addrs=188.185.213.150-9618+[2001-1458-303-1b--100-12]-9618&alias=b9p28p4011.cern.ch&noUDP&sock=startd_2638_06ed>
	SlotName: slot1_24@b9p28p4011.cern.ch
	CondorScratchDir = "/pool/condor/dir_95892"
	Cpus = 1
	Disk = 3847
	GPUs = 0
	Memory = 3000
...
006 (9119342.000.000) 01/22 17:17:05 Image size of job updated: 174464
	171  -  MemoryUsage of job (MB)
	174464  -  ResidentSetSize of job (KB)
...
006 (9119342.000.000) 01/22 17:21:01 Image size of job updated: 243060
	171  -  MemoryUsage of job (MB)
	174464  -  ResidentSetSize of job (KB)
...
040 (9119342.000.000) 01/22 17:21:01 Started transferring output files
...
040 (9119342.000.000) 01/22 17:21:01 Finished transferring output files
...
005 (9119342.000.000) 01/22 17:21:01 Job terminated.
	(1) Normal termination (return value 0)
		Usr 0 00:02:39, Sys 0 00:00:03  -  Run Remote Usage
		Usr 0 00:00:00, Sys 0 00:00:00  -  Run Local Usage
		Usr 0 00:02:39, Sys 0 00:00:03  -  Total Remote Usage
		Usr 0 00:00:00, Sys 0 00:00:00  -  Total Local Usage
	10272  -  Run Bytes Sent By Job
	324  -  Run Bytes Received By Job
	10272  -  Total Bytes Sent By Job
	324  -  Total Bytes Received By Job
	Partitionable Resources :    Usage  Request Allocated 
	   Cpus                 :        0        1         1 
	   Disk (KB)            :       33        1      3847 
	   GPUs                 :                           0 
	   Memory (MB)          :      171     3000      3000 
	   TimeExecute (s)      :      249                    
	   TimeSlotBusy (s)     :      251                    

	Job terminated of its own accord at 2026-01-22T16:21:01Z with exit-code 0.
...
