000 (9119337.000.000) 01/22 17:07:30 Job submitted from host: <188.185.6.50:9618?addrs=188.185.6.50-9618+[2001-1458-d00-62--100-2b1]-9618&alias=bigbird25.cern.ch&noUDP&sock=schedd_1627_90ad>
...
040 (9119337.000.000) 01/22 17:16:52 Started transferring input files
	Transferring to host: <188.185.214.63:9618?addrs=188.185.214.63-9618+[2001-1458-303-1c--100-3b]-9618&alias=b9p29p3403.cern.ch&noUDP&sock=slot1_23_6531_6e23_156059>
...
040 (9119337.000.000) 01/22 17:16:52 Finished transferring input files
...
001 (9119337.000.000) 01/22 17:16:53 Job executing on host: <188.185.214.63:9618?addrs=188.185.214.63-9618+[2001-1458-303-1c--100-3b]-9618&alias=b9p29p3403.cern.ch&noUDP&sock=startd_5571_d233>
	SlotName: slot1_23@b9p29p3403.cern.ch
	CondorScratchDir = "/pool/condor/dir_3905577"
	Cpus = 1
	Disk = 3901
	GPUs = 0
	Memory = 3000
...
006 (9119337.000.000) 01/22 17:17:07 Image size of job updated: 208596
	204  -  MemoryUsage of job (MB)
	208596  -  ResidentSetSize of job (KB)
...
006 (9119337.000.000) 01/22 17:17:28 Image size of job updated: 233492
	204  -  MemoryUsage of job (MB)
	208596  -  ResidentSetSize of job (KB)
...
040 (9119337.000.000) 01/22 17:17:28 Started transferring output files
...
040 (9119337.000.000) 01/22 17:17:28 Finished transferring output files
...
005 (9119337.000.000) 01/22 17:17:28 Job terminated.
	(1) Normal termination (return value 0)
		Usr 0 00:00:25, Sys 0 00:00:01  -  Run Remote Usage
		Usr 0 00:00:00, Sys 0 00:00:00  -  Run Local Usage
		Usr 0 00:00:25, Sys 0 00:00:01  -  Total Remote Usage
		Usr 0 00:00:00, Sys 0 00:00:00  -  Total Local Usage
	6992  -  Run Bytes Sent By Job
	324  -  Run Bytes Received By Job
	6992  -  Total Bytes Sent By Job
	324  -  Total Bytes Received By Job
	Partitionable Resources :    Usage  Request Allocated 
	   Cpus                 :        0        1         1 
	   Disk (KB)            :       30        1      3901 
	   GPUs                 :                           0 
	   Memory (MB)          :      204     3000      3000 
	   TimeExecute (s)      :       35                    
	   TimeSlotBusy (s)     :       40                    

	Job terminated of its own accord at 2026-01-22T16:17:28Z with exit-code 0.
...
