000 (9119334.000.000) 01/22 17:07:29 Job submitted from host: <188.185.6.50:9618?addrs=188.185.6.50-9618+[2001-1458-d00-62--100-2b1]-9618&alias=bigbird25.cern.ch&noUDP&sock=schedd_1627_90ad>
...
040 (9119334.000.000) 01/22 17:16:50 Started transferring input files
	Transferring to host: <188.185.214.64:9618?addrs=188.185.214.64-9618+[2001-1458-303-1c--100-3c]-9618&alias=b9p29p7875.cern.ch&noUDP&sock=slot1_13_6107_af11_152389>
...
040 (9119334.000.000) 01/22 17:16:50 Finished transferring input files
...
001 (9119334.000.000) 01/22 17:16:51 Job executing on host: <188.185.214.64:9618?addrs=188.185.214.64-9618+[2001-1458-303-1c--100-3c]-9618&alias=b9p29p7875.cern.ch&noUDP&sock=startd_5391_5b27>
	SlotName: slot1_13@b9p29p7875.cern.ch
	CondorScratchDir = "/pool/condor/dir_2411735"
	Cpus = 1
	Disk = 3830
	GPUs = 0
	Memory = 3000
...
006 (9119334.000.000) 01/22 17:17:05 Image size of job updated: 166636
	163  -  MemoryUsage of job (MB)
	166636  -  ResidentSetSize of job (KB)
...
006 (9119334.000.000) 01/22 17:18:56 Image size of job updated: 166644
	163  -  MemoryUsage of job (MB)
	166636  -  ResidentSetSize of job (KB)
...
040 (9119334.000.000) 01/22 17:18:56 Started transferring output files
...
040 (9119334.000.000) 01/22 17:18:56 Finished transferring output files
...
005 (9119334.000.000) 01/22 17:18:56 Job terminated.
	(1) Normal termination (return value 0)
		Usr 0 00:01:18, Sys 0 00:00:02  -  Run Remote Usage
		Usr 0 00:00:00, Sys 0 00:00:00  -  Run Local Usage
		Usr 0 00:01:18, Sys 0 00:00:02  -  Total Remote Usage
		Usr 0 00:00:00, Sys 0 00:00:00  -  Total Local Usage
	8571  -  Run Bytes Sent By Job
	324  -  Run Bytes Received By Job
	8571  -  Total Bytes Sent By Job
	324  -  Total Bytes Received By Job
	Partitionable Resources :    Usage  Request Allocated 
	   Cpus                 :        0        1         1 
	   Disk (KB)            :       32        1      3830 
	   GPUs                 :                           0 
	   Memory (MB)          :      163     3000      3000 
	   TimeExecute (s)      :      125                    
	   TimeSlotBusy (s)     :      128                    

	Job terminated of its own accord at 2026-01-22T16:18:56Z with exit-code 0.
...
