000 (9119378.000.000) 01/22 17:07:43 Job submitted from host: <188.185.6.50:9618?addrs=188.185.6.50-9618+[2001-1458-d00-62--100-2b1]-9618&alias=bigbird25.cern.ch&noUDP&sock=schedd_1627_90ad>
...
040 (9119378.000.000) 01/22 17:16:58 Started transferring input files
	Transferring to host: <128.142.192.151:9618?addrs=128.142.192.151-9618+[2001-1458-301-56--100-13]-9618&alias=b9g18p8783.cern.ch&noUDP&sock=slot1_24_4041_fffd_129652>
...
040 (9119378.000.000) 01/22 17:16:58 Finished transferring input files
...
001 (9119378.000.000) 01/22 17:16:59 Job executing on host: <128.142.192.151:9618?addrs=128.142.192.151-9618+[2001-1458-301-56--100-13]-9618&alias=b9g18p8783.cern.ch&noUDP&sock=startd_3102_4ade>
	SlotName: slot1_24@b9g18p8783.cern.ch
	CondorScratchDir = "/pool/condor/dir_3785535"
	Cpus = 1
	Disk = 3863
	GPUs = 0
	Memory = 3000
...
006 (9119378.000.000) 01/22 17:17:12 Image size of job updated: 155720
	153  -  MemoryUsage of job (MB)
	155720  -  ResidentSetSize of job (KB)
...
040 (9119378.000.000) 01/22 17:17:12 Started transferring output files
...
040 (9119378.000.000) 01/22 17:17:12 Finished transferring output files
...
005 (9119378.000.000) 01/22 17:17:12 Job terminated.
	(1) Normal termination (return value 0)
		Usr 0 00:00:04, Sys 0 00:00:01  -  Run Remote Usage
		Usr 0 00:00:00, Sys 0 00:00:00  -  Run Local Usage
		Usr 0 00:00:04, Sys 0 00:00:01  -  Total Remote Usage
		Usr 0 00:00:00, Sys 0 00:00:00  -  Total Local Usage
	6012  -  Run Bytes Sent By Job
	325  -  Run Bytes Received By Job
	6012  -  Total Bytes Sent By Job
	325  -  Total Bytes Received By Job
	Partitionable Resources :    Usage  Request Allocated 
	   Cpus                 :        0        1         1 
	   Disk (KB)            :       29        1      3863 
	   GPUs                 :                           0 
	   Memory (MB)          :      153     3000      3000 
	   TimeExecute (s)      :       13                    
	   TimeSlotBusy (s)     :       16                    

	Job terminated of its own accord at 2026-01-22T16:17:12Z with exit-code 0.
...
