000 (9119382.000.000) 01/22 17:07:45 Job submitted from host: <188.185.6.50:9618?addrs=188.185.6.50-9618+[2001-1458-d00-62--100-2b1]-9618&alias=bigbird25.cern.ch&noUDP&sock=schedd_1627_90ad>
...
040 (9119382.000.000) 01/22 17:17:01 Started transferring input files
	Transferring to host: <188.185.213.222:9618?addrs=188.185.213.222-9618+[2001-1458-303-1b--100-5a]-9618&alias=b9p28p3831.cern.ch&noUDP&sock=slot1_11_6619_6f26_135028>
...
040 (9119382.000.000) 01/22 17:17:01 Finished transferring input files
...
001 (9119382.000.000) 01/22 17:17:02 Job executing on host: <188.185.213.222:9618?addrs=188.185.213.222-9618+[2001-1458-303-1b--100-5a]-9618&alias=b9p28p3831.cern.ch&noUDP&sock=startd_5775_bf85>
	SlotName: slot1_11@b9p28p3831.cern.ch
	CondorScratchDir = "/pool/condor/dir_4140865"
	Cpus = 1
	Disk = 3833
	GPUs = 0
	Memory = 3000
...
006 (9119382.000.000) 01/22 17:17:15 Image size of job updated: 166716
	163  -  MemoryUsage of job (MB)
	166716  -  ResidentSetSize of job (KB)
...
040 (9119382.000.000) 01/22 17:17:28 Started transferring output files
...
040 (9119382.000.000) 01/22 17:17:28 Finished transferring output files
...
005 (9119382.000.000) 01/22 17:17:28 Job terminated.
	(1) Normal termination (return value 0)
		Usr 0 00:00:15, Sys 0 00:00:02  -  Run Remote Usage
		Usr 0 00:00:00, Sys 0 00:00:00  -  Run Local Usage
		Usr 0 00:00:15, Sys 0 00:00:02  -  Total Remote Usage
		Usr 0 00:00:00, Sys 0 00:00:00  -  Total Local Usage
	6462  -  Run Bytes Sent By Job
	318  -  Run Bytes Received By Job
	6462  -  Total Bytes Sent By Job
	318  -  Total Bytes Received By Job
	Partitionable Resources :    Usage  Request Allocated 
	   Cpus                 :        0        1         1 
	   Disk (KB)            :       30        1      3833 
	   GPUs                 :                           0 
	   Memory (MB)          :      163     3000      3000 
	   TimeExecute (s)      :       26                    
	   TimeSlotBusy (s)     :       28                    

	Job terminated of its own accord at 2026-01-22T16:17:28Z with exit-code 0.
...
