000 (9119377.000.000) 01/22 17:07:43 Job submitted from host: <188.185.6.50:9618?addrs=188.185.6.50-9618+[2001-1458-d00-62--100-2b1]-9618&alias=bigbird25.cern.ch&noUDP&sock=schedd_1627_90ad>
...
040 (9119377.000.000) 01/22 17:16:57 Started transferring input files
	Transferring to host: <188.185.195.133:9618?addrs=188.185.195.133-9618+[2001-1458-303-22--100-81]-9618&alias=b9p17p1163.cern.ch&noUDP&sock=slot1_7_1115979_e95e_47619>
...
040 (9119377.000.000) 01/22 17:16:57 Finished transferring input files
...
001 (9119377.000.000) 01/22 17:16:58 Job executing on host: <188.185.195.133:9618?addrs=188.185.195.133-9618+[2001-1458-303-22--100-81]-9618&alias=b9p17p1163.cern.ch&noUDP&sock=startd_1115941_48d4>
	SlotName: slot1_7@b9p17p1163.cern.ch
	CondorScratchDir = "/pool/condor/dir_897896"
	Cpus = 1
	Disk = 3911
	GPUs = 0
	Memory = 3000
...
006 (9119377.000.000) 01/22 17:17:11 Image size of job updated: 58176
	57  -  MemoryUsage of job (MB)
	58176  -  ResidentSetSize of job (KB)
...
006 (9119377.000.000) 01/22 17:17:42 Image size of job updated: 168560
	57  -  MemoryUsage of job (MB)
	58176  -  ResidentSetSize of job (KB)
...
040 (9119377.000.000) 01/22 17:17:42 Started transferring output files
...
040 (9119377.000.000) 01/22 17:17:42 Finished transferring output files
...
005 (9119377.000.000) 01/22 17:17:42 Job terminated.
	(1) Normal termination (return value 0)
		Usr 0 00:00:27, Sys 0 00:00:02  -  Run Remote Usage
		Usr 0 00:00:00, Sys 0 00:00:00  -  Run Local Usage
		Usr 0 00:00:27, Sys 0 00:00:02  -  Total Remote Usage
		Usr 0 00:00:00, Sys 0 00:00:00  -  Total Local Usage
	6521  -  Run Bytes Sent By Job
	325  -  Run Bytes Received By Job
	6521  -  Total Bytes Sent By Job
	325  -  Total Bytes Received By Job
	Partitionable Resources :    Usage  Request Allocated 
	   Cpus                 :        0        1         1 
	   Disk (KB)            :       30        1      3911 
	   GPUs                 :                           0 
	   Memory (MB)          :       57     3000      3000 
	   TimeExecute (s)      :       44                    
	   TimeSlotBusy (s)     :       46                    

	Job terminated of its own accord at 2026-01-22T16:17:42Z with exit-code 0.
...
