000 (9119375.000.000) 01/22 17:07:42 Job submitted from host: <188.185.6.50:9618?addrs=188.185.6.50-9618+[2001-1458-d00-62--100-2b1]-9618&alias=bigbird25.cern.ch&noUDP&sock=schedd_1627_90ad>
...
040 (9119375.000.000) 01/22 17:17:00 Started transferring input files
	Transferring to host: <188.185.212.191:9618?addrs=188.185.212.191-9618+[2001-1458-303-19--100-3b]-9618&alias=b9p26p1640.cern.ch&noUDP&sock=slot1_2_4316_c329_135130>
...
040 (9119375.000.000) 01/22 17:17:00 Finished transferring input files
...
001 (9119375.000.000) 01/22 17:17:01 Job executing on host: <188.185.212.191:9618?addrs=188.185.212.191-9618+[2001-1458-303-19--100-3b]-9618&alias=b9p26p1640.cern.ch&noUDP&sock=startd_3665_76b0>
	SlotName: slot1_2@b9p26p1640.cern.ch
	CondorScratchDir = "/pool/condor/dir_3073591"
	Cpus = 1
	Disk = 3866
	GPUs = 0
	Memory = 3000
...
006 (9119375.000.000) 01/22 17:17:15 Image size of job updated: 167052
	164  -  MemoryUsage of job (MB)
	167052  -  ResidentSetSize of job (KB)
...
006 (9119375.000.000) 01/22 17:17:47 Image size of job updated: 167060
	164  -  MemoryUsage of job (MB)
	167052  -  ResidentSetSize of job (KB)
...
040 (9119375.000.000) 01/22 17:17:47 Started transferring output files
...
040 (9119375.000.000) 01/22 17:17:47 Finished transferring output files
...
005 (9119375.000.000) 01/22 17:17:47 Job terminated.
	(1) Normal termination (return value 0)
		Usr 0 00:00:29, Sys 0 00:00:02  -  Run Remote Usage
		Usr 0 00:00:00, Sys 0 00:00:00  -  Run Local Usage
		Usr 0 00:00:29, Sys 0 00:00:02  -  Total Remote Usage
		Usr 0 00:00:00, Sys 0 00:00:00  -  Total Local Usage
	6758  -  Run Bytes Sent By Job
	321  -  Run Bytes Received By Job
	6758  -  Total Bytes Sent By Job
	321  -  Total Bytes Received By Job
	Partitionable Resources :    Usage  Request Allocated 
	   Cpus                 :        0        1         1 
	   Disk (KB)            :       30        1      3866 
	   GPUs                 :                           0 
	   Memory (MB)          :      164     3000      3000 
	   TimeExecute (s)      :       46                    
	   TimeSlotBusy (s)     :       48                    

	Job terminated of its own accord at 2026-01-22T16:17:47Z with exit-code 0.
...
