000 (9119376.000.000) 01/22 17:07:43 Job submitted from host: <188.185.6.50:9618?addrs=188.185.6.50-9618+[2001-1458-d00-62--100-2b1]-9618&alias=bigbird25.cern.ch&noUDP&sock=schedd_1627_90ad>
...
040 (9119376.000.000) 01/22 17:17:00 Started transferring input files
	Transferring to host: <128.142.192.169:9618?addrs=128.142.192.169-9618+[2001-1458-301-56--100-25]-9618&alias=b9g18p4493.cern.ch&noUDP&sock=slot1_13_2453622_69f9_49127>
...
040 (9119376.000.000) 01/22 17:17:00 Finished transferring input files
...
001 (9119376.000.000) 01/22 17:17:01 Job executing on host: <128.142.192.169:9618?addrs=128.142.192.169-9618+[2001-1458-301-56--100-25]-9618&alias=b9g18p4493.cern.ch&noUDP&sock=startd_3252_2e13>
	SlotName: slot1_13@b9g18p4493.cern.ch
	CondorScratchDir = "/pool/condor/dir_2611558"
	Cpus = 1
	Disk = 3668
	GPUs = 0
	Memory = 3000
...
006 (9119376.000.000) 01/22 17:17:14 Image size of job updated: 123956
	0  -  MemoryUsage of job (MB)
	0  -  ResidentSetSize of job (KB)
...
040 (9119376.000.000) 01/22 17:17:14 Started transferring output files
...
040 (9119376.000.000) 01/22 17:17:14 Finished transferring output files
...
005 (9119376.000.000) 01/22 17:17:14 Job terminated.
	(1) Normal termination (return value 0)
		Usr 0 00:00:04, Sys 0 00:00:01  -  Run Remote Usage
		Usr 0 00:00:00, Sys 0 00:00:00  -  Run Local Usage
		Usr 0 00:00:04, Sys 0 00:00:01  -  Total Remote Usage
		Usr 0 00:00:00, Sys 0 00:00:00  -  Total Local Usage
	6004  -  Run Bytes Sent By Job
	321  -  Run Bytes Received By Job
	6004  -  Total Bytes Sent By Job
	321  -  Total Bytes Received By Job
	Partitionable Resources :    Usage  Request Allocated 
	   Cpus                 :        0        1         1 
	   Disk (KB)            :       29        1      3668 
	   GPUs                 :                           0 
	   Memory (MB)          :        0     3000      3000 
	   TimeExecute (s)      :       13                    
	   TimeSlotBusy (s)     :       15                    

	Job terminated of its own accord at 2026-01-22T16:17:14Z with exit-code 0.
...
