000 (9119381.000.000) 01/22 17:07:45 Job submitted from host: <188.185.6.50:9618?addrs=188.185.6.50-9618+[2001-1458-d00-62--100-2b1]-9618&alias=bigbird25.cern.ch&noUDP&sock=schedd_1627_90ad>
...
040 (9119381.000.000) 01/22 17:17:01 Started transferring input files
	Transferring to host: <188.185.211.140:9618?addrs=188.185.211.140-9618+[2001-1458-303-17--100-8]-9618&alias=b9p24p7546.cern.ch&noUDP&sock=slot1_11_4361_780a_133226>
...
040 (9119381.000.000) 01/22 17:17:01 Finished transferring input files
...
001 (9119381.000.000) 01/22 17:17:02 Job executing on host: <188.185.211.140:9618?addrs=188.185.211.140-9618+[2001-1458-303-17--100-8]-9618&alias=b9p24p7546.cern.ch&noUDP&sock=startd_3744_a6ac>
	SlotName: slot1_11@b9p24p7546.cern.ch
	CondorScratchDir = "/pool/condor/dir_1799279"
	Cpus = 1
	Disk = 3824
	GPUs = 0
	Memory = 3000
...
006 (9119381.000.000) 01/22 17:17:15 Image size of job updated: 129144
	127  -  MemoryUsage of job (MB)
	129144  -  ResidentSetSize of job (KB)
...
006 (9119381.000.000) 01/22 17:17:17 Image size of job updated: 156372
	127  -  MemoryUsage of job (MB)
	129144  -  ResidentSetSize of job (KB)
...
040 (9119381.000.000) 01/22 17:17:17 Started transferring output files
...
040 (9119381.000.000) 01/22 17:17:17 Finished transferring output files
...
005 (9119381.000.000) 01/22 17:17:17 Job terminated.
	(1) Normal termination (return value 0)
		Usr 0 00:00:03, Sys 0 00:00:02  -  Run Remote Usage
		Usr 0 00:00:00, Sys 0 00:00:00  -  Run Local Usage
		Usr 0 00:00:03, Sys 0 00:00:02  -  Total Remote Usage
		Usr 0 00:00:00, Sys 0 00:00:00  -  Total Local Usage
	5990  -  Run Bytes Sent By Job
	314  -  Run Bytes Received By Job
	5990  -  Total Bytes Sent By Job
	314  -  Total Bytes Received By Job
	Partitionable Resources :    Usage  Request Allocated 
	   Cpus                 :        0        1         1 
	   Disk (KB)            :       29        1      3824 
	   GPUs                 :                           0 
	   Memory (MB)          :      127     3000      3000 
	   TimeExecute (s)      :       15                    
	   TimeSlotBusy (s)     :       17                    

	Job terminated of its own accord at 2026-01-22T16:17:17Z with exit-code 0.
...
