000 (9119359.000.000) 01/22 17:07:37 Job submitted from host: <188.185.6.50:9618?addrs=188.185.6.50-9618+[2001-1458-d00-62--100-2b1]-9618&alias=bigbird25.cern.ch&noUDP&sock=schedd_1627_90ad>
...
040 (9119359.000.000) 01/22 17:16:57 Started transferring input files
	Transferring to host: <188.185.210.138:9618?addrs=188.185.210.138-9618+[2001-1458-303-15--100-6]-9618&alias=b9p22p4394.cern.ch&noUDP&sock=slot1_27_5339_8ef2_130609>
...
040 (9119359.000.000) 01/22 17:16:57 Finished transferring input files
...
001 (9119359.000.000) 01/22 17:16:58 Job executing on host: <188.185.210.138:9618?addrs=188.185.210.138-9618+[2001-1458-303-15--100-6]-9618&alias=b9p22p4394.cern.ch&noUDP&sock=startd_4349_a178>
	SlotName: slot1_27@b9p22p4394.cern.ch
	CondorScratchDir = "/pool/condor/dir_2345266"
	Cpus = 1
	Disk = 3683
	GPUs = 0
	Memory = 3000
...
006 (9119359.000.000) 01/22 17:17:11 Image size of job updated: 149012
	146  -  MemoryUsage of job (MB)
	149012  -  ResidentSetSize of job (KB)
...
006 (9119359.000.000) 01/22 17:21:12 Image size of job updated: 180200
	146  -  MemoryUsage of job (MB)
	149076  -  ResidentSetSize of job (KB)
...
040 (9119359.000.000) 01/22 17:21:12 Started transferring output files
...
040 (9119359.000.000) 01/22 17:21:12 Finished transferring output files
...
005 (9119359.000.000) 01/22 17:21:12 Job terminated.
	(1) Normal termination (return value 0)
		Usr 0 00:02:46, Sys 0 00:00:03  -  Run Remote Usage
		Usr 0 00:00:00, Sys 0 00:00:00  -  Run Local Usage
		Usr 0 00:02:46, Sys 0 00:00:03  -  Total Remote Usage
		Usr 0 00:00:00, Sys 0 00:00:00  -  Total Local Usage
	10395  -  Run Bytes Sent By Job
	321  -  Run Bytes Received By Job
	10395  -  Total Bytes Sent By Job
	321  -  Total Bytes Received By Job
	Partitionable Resources :    Usage  Request Allocated 
	   Cpus                 :     0.93        1         1 
	   Disk (KB)            :    34           1      3683 
	   GPUs                 :                           0 
	   Memory (MB)          :   146        3000      3000 
	   TimeExecute (s)      :   254                       
	   TimeSlotBusy (s)     :   256                       

	Job terminated of its own accord at 2026-01-22T16:21:12Z with exit-code 0.
...
