000 (9119362.000.000) 01/22 17:07:38 Job submitted from host: <188.185.6.50:9618?addrs=188.185.6.50-9618+[2001-1458-d00-62--100-2b1]-9618&alias=bigbird25.cern.ch&noUDP&sock=schedd_1627_90ad>
...
040 (9119362.000.000) 01/22 17:16:58 Started transferring input files
	Transferring to host: <188.185.193.177:9618?addrs=188.185.193.177-9618+[2001-1458-303-20--100-ad]-9618&alias=b9p19p2243.cern.ch&noUDP&sock=slot1_14_8825_c2c0_119613>
...
040 (9119362.000.000) 01/22 17:16:58 Finished transferring input files
...
001 (9119362.000.000) 01/22 17:16:59 Job executing on host: <188.185.193.177:9618?addrs=188.185.193.177-9618+[2001-1458-303-20--100-ad]-9618&alias=b9p19p2243.cern.ch&noUDP&sock=startd_7781_b280>
	SlotName: slot1_14@b9p19p2243.cern.ch
	CondorScratchDir = "/pool/condor/dir_3380965"
	Cpus = 1
	Disk = 3860
	GPUs = 0
	Memory = 3000
...
006 (9119362.000.000) 01/22 17:17:12 Image size of job updated: 75252
	74  -  MemoryUsage of job (MB)
	75252  -  ResidentSetSize of job (KB)
...
006 (9119362.000.000) 01/22 17:17:16 Image size of job updated: 128612
	74  -  MemoryUsage of job (MB)
	75304  -  ResidentSetSize of job (KB)
...
040 (9119362.000.000) 01/22 17:17:16 Started transferring output files
...
040 (9119362.000.000) 01/22 17:17:16 Finished transferring output files
...
005 (9119362.000.000) 01/22 17:17:16 Job terminated.
	(1) Normal termination (return value 0)
		Usr 0 00:00:05, Sys 0 00:00:01  -  Run Remote Usage
		Usr 0 00:00:00, Sys 0 00:00:00  -  Run Local Usage
		Usr 0 00:00:05, Sys 0 00:00:01  -  Total Remote Usage
		Usr 0 00:00:00, Sys 0 00:00:00  -  Total Local Usage
	6018  -  Run Bytes Sent By Job
	321  -  Run Bytes Received By Job
	6018  -  Total Bytes Sent By Job
	321  -  Total Bytes Received By Job
	Partitionable Resources :    Usage  Request Allocated 
	   Cpus                 :        0        1         1 
	   Disk (KB)            :       29        1      3860 
	   GPUs                 :                           0 
	   Memory (MB)          :       74     3000      3000 
	   TimeExecute (s)      :       17                    
	   TimeSlotBusy (s)     :       19                    

	Job terminated of its own accord at 2026-01-22T16:17:16Z with exit-code 0.
...
