000 (9119357.000.000) 01/22 17:07:37 Job submitted from host: <188.185.6.50:9618?addrs=188.185.6.50-9618+[2001-1458-d00-62--100-2b1]-9618&alias=bigbird25.cern.ch&noUDP&sock=schedd_1627_90ad>
...
040 (9119357.000.000) 01/22 17:16:55 Started transferring input files
	Transferring to host: <128.142.161.117:9618?addrs=128.142.161.117-9618+[2001-1458-301-b8--100-33]-9618&alias=b9g03p0247.cern.ch&noUDP&sock=slot1_7_3124427_3867_150458>
...
040 (9119357.000.000) 01/22 17:16:55 Finished transferring input files
...
001 (9119357.000.000) 01/22 17:16:56 Job executing on host: <128.142.161.117:9618?addrs=128.142.161.117-9618+[2001-1458-301-b8--100-33]-9618&alias=b9g03p0247.cern.ch&noUDP&sock=startd_6294_bd2c>
	SlotName: slot1_7@b9g03p0247.cern.ch
	CondorScratchDir = "/pool/condor/dir_3130684"
	Cpus = 1
	Disk = 4063
	GPUs = 0
	Memory = 3000
...
006 (9119357.000.000) 01/22 17:17:08 Image size of job updated: 123980
	0  -  MemoryUsage of job (MB)
	0  -  ResidentSetSize of job (KB)
...
040 (9119357.000.000) 01/22 17:17:08 Started transferring output files
...
040 (9119357.000.000) 01/22 17:17:08 Finished transferring output files
...
005 (9119357.000.000) 01/22 17:17:08 Job terminated.
	(1) Normal termination (return value 0)
		Usr 0 00:00:03, Sys 0 00:00:01  -  Run Remote Usage
		Usr 0 00:00:00, Sys 0 00:00:00  -  Run Local Usage
		Usr 0 00:00:03, Sys 0 00:00:01  -  Total Remote Usage
		Usr 0 00:00:00, Sys 0 00:00:00  -  Total Local Usage
	6004  -  Run Bytes Sent By Job
	314  -  Run Bytes Received By Job
	6004  -  Total Bytes Sent By Job
	314  -  Total Bytes Received By Job
	Partitionable Resources :    Usage  Request Allocated 
	   Cpus                 :        0        1         1 
	   Disk (KB)            :       29        1      4063 
	   GPUs                 :                           0 
	   Memory (MB)          :        0     3000      3000 
	   TimeExecute (s)      :       12                    
	   TimeSlotBusy (s)     :       14                    

	Job terminated of its own accord at 2026-01-22T16:17:08Z with exit-code 0.
...
