000 (9119355.000.000) 01/22 17:07:36 Job submitted from host: <188.185.6.50:9618?addrs=188.185.6.50-9618+[2001-1458-d00-62--100-2b1]-9618&alias=bigbird25.cern.ch&noUDP&sock=schedd_1627_90ad>
...
040 (9119355.000.000) 01/22 17:16:54 Started transferring input files
	Transferring to host: <188.185.214.102:9618?addrs=188.185.214.102-9618+[2001-1458-303-1c--100-62]-9618&alias=b9p29p3838.cern.ch&noUDP&sock=slot1_14_6523_cb22_155323>
...
040 (9119355.000.000) 01/22 17:16:54 Finished transferring input files
...
001 (9119355.000.000) 01/22 17:16:55 Job executing on host: <188.185.214.102:9618?addrs=188.185.214.102-9618+[2001-1458-303-1c--100-62]-9618&alias=b9p29p3838.cern.ch&noUDP&sock=startd_5762_d4ca>
	SlotName: slot1_14@b9p29p3838.cern.ch
	CondorScratchDir = "/pool/condor/dir_729763"
	Cpus = 1
	Disk = 3890
	GPUs = 0
	Memory = 3000
...
006 (9119355.000.000) 01/22 17:17:09 Image size of job updated: 296820
	290  -  MemoryUsage of job (MB)
	296820  -  ResidentSetSize of job (KB)
...
006 (9119355.000.000) 01/22 17:19:51 Image size of job updated: 412100
	290  -  MemoryUsage of job (MB)
	296820  -  ResidentSetSize of job (KB)
...
040 (9119355.000.000) 01/22 17:19:51 Started transferring output files
...
040 (9119355.000.000) 01/22 17:19:51 Finished transferring output files
...
005 (9119355.000.000) 01/22 17:19:51 Job terminated.
	(1) Normal termination (return value 0)
		Usr 0 00:02:21, Sys 0 00:00:03  -  Run Remote Usage
		Usr 0 00:00:00, Sys 0 00:00:00  -  Run Local Usage
		Usr 0 00:02:21, Sys 0 00:00:03  -  Total Remote Usage
		Usr 0 00:00:00, Sys 0 00:00:00  -  Total Local Usage
	10374  -  Run Bytes Sent By Job
	314  -  Run Bytes Received By Job
	10374  -  Total Bytes Sent By Job
	314  -  Total Bytes Received By Job
	Partitionable Resources :    Usage  Request Allocated 
	   Cpus                 :        0        1         1 
	   Disk (KB)            :       33        1      3890 
	   GPUs                 :                           0 
	   Memory (MB)          :      290     3000      3000 
	   TimeExecute (s)      :      176                    
	   TimeSlotBusy (s)     :      178                    

	Job terminated of its own accord at 2026-01-22T16:19:51Z with exit-code 0.
...
