000 (9119353.000.000) 01/22 17:07:35 Job submitted from host: <188.185.6.50:9618?addrs=188.185.6.50-9618+[2001-1458-d00-62--100-2b1]-9618&alias=bigbird25.cern.ch&noUDP&sock=schedd_1627_90ad>
...
040 (9119353.000.000) 01/22 17:17:01 Started transferring input files
	Transferring to host: <188.185.213.139:9618?addrs=188.185.213.139-9618+[2001-1458-303-1b--100-7]-9618&alias=b9p28p3597.cern.ch&noUDP&sock=slot1_22_5615_067d_156946>
...
040 (9119353.000.000) 01/22 17:17:01 Finished transferring input files
...
001 (9119353.000.000) 01/22 17:17:02 Job executing on host: <188.185.213.139:9618?addrs=188.185.213.139-9618+[2001-1458-303-1b--100-7]-9618&alias=b9p28p3597.cern.ch&noUDP&sock=startd_4564_1a54>
	SlotName: slot1_22@b9p28p3597.cern.ch
	CondorScratchDir = "/pool/condor/dir_4063573"
	Cpus = 1
	Disk = 3880
	GPUs = 0
	Memory = 3000
...
006 (9119353.000.000) 01/22 17:17:11 Image size of job updated: 92
	0  -  MemoryUsage of job (MB)
	0  -  ResidentSetSize of job (KB)
...
040 (9119353.000.000) 01/22 17:17:11 Started transferring output files
...
040 (9119353.000.000) 01/22 17:17:11 Finished transferring output files
...
005 (9119353.000.000) 01/22 17:17:11 Job terminated.
	(1) Normal termination (return value 0)
		Usr 0 00:00:02, Sys 0 00:00:01  -  Run Remote Usage
		Usr 0 00:00:00, Sys 0 00:00:00  -  Run Local Usage
		Usr 0 00:00:02, Sys 0 00:00:01  -  Total Remote Usage
		Usr 0 00:00:00, Sys 0 00:00:00  -  Total Local Usage
	5992  -  Run Bytes Sent By Job
	315  -  Run Bytes Received By Job
	5992  -  Total Bytes Sent By Job
	315  -  Total Bytes Received By Job
	Partitionable Resources :    Usage  Request Allocated 
	   Cpus                 :        0        1         1 
	   Disk (KB)            :       29        1      3880 
	   GPUs                 :                           0 
	   Memory (MB)          :        0     3000      3000 
	   TimeExecute (s)      :        9                    
	   TimeSlotBusy (s)     :       10                    

	Job terminated of its own accord at 2026-01-22T16:17:11Z with exit-code 0.
...
