000 (9119351.000.000) 01/22 17:07:35 Job submitted from host: <188.185.6.50:9618?addrs=188.185.6.50-9618+[2001-1458-d00-62--100-2b1]-9618&alias=bigbird25.cern.ch&noUDP&sock=schedd_1627_90ad>
...
040 (9119351.000.000) 01/22 17:16:53 Started transferring input files
	Transferring to host: <188.185.213.196:9618?addrs=188.185.213.196-9618+[2001-1458-303-1b--100-40]-9618&alias=b9p28p7375.cern.ch&noUDP&sock=slot1_10_8341_bd2c_154175>
...
040 (9119351.000.000) 01/22 17:16:53 Finished transferring input files
...
001 (9119351.000.000) 01/22 17:16:54 Job executing on host: <188.185.213.196:9618?addrs=188.185.213.196-9618+[2001-1458-303-1b--100-40]-9618&alias=b9p28p7375.cern.ch&noUDP&sock=startd_7229_1239>
	SlotName: slot1_10@b9p28p7375.cern.ch
	CondorScratchDir = "/pool/condor/dir_3985366"
	Cpus = 1
	Disk = 3807
	GPUs = 0
	Memory = 3000
...
006 (9119351.000.000) 01/22 17:17:07 Image size of job updated: 168556
	165  -  MemoryUsage of job (MB)
	168556  -  ResidentSetSize of job (KB)
...
040 (9119351.000.000) 01/22 17:17:09 Started transferring output files
...
040 (9119351.000.000) 01/22 17:17:09 Finished transferring output files
...
005 (9119351.000.000) 01/22 17:17:09 Job terminated.
	(1) Normal termination (return value 0)
		Usr 0 00:00:06, Sys 0 00:00:01  -  Run Remote Usage
		Usr 0 00:00:00, Sys 0 00:00:00  -  Run Local Usage
		Usr 0 00:00:06, Sys 0 00:00:01  -  Total Remote Usage
		Usr 0 00:00:00, Sys 0 00:00:00  -  Total Local Usage
	6263  -  Run Bytes Sent By Job
	315  -  Run Bytes Received By Job
	6263  -  Total Bytes Sent By Job
	315  -  Total Bytes Received By Job
	Partitionable Resources :    Usage  Request Allocated 
	   Cpus                 :        0        1         1 
	   Disk (KB)            :       29        1      3807 
	   GPUs                 :                           0 
	   Memory (MB)          :      165     3000      3000 
	   TimeExecute (s)      :       15                    
	   TimeSlotBusy (s)     :       17                    

	Job terminated of its own accord at 2026-01-22T16:17:09Z with exit-code 0.
...
