000 (9119363.000.000) 01/22 17:07:38 Job submitted from host: <188.185.6.50:9618?addrs=188.185.6.50-9618+[2001-1458-d00-62--100-2b1]-9618&alias=bigbird25.cern.ch&noUDP&sock=schedd_1627_90ad>
...
040 (9119363.000.000) 01/22 17:16:56 Started transferring input files
	Transferring to host: <188.185.211.56:9618?addrs=188.185.211.56-9618+[2001-1458-303-16--100-34]-9618&alias=b9p23p4986.cern.ch&noUDP&sock=slot1_24_7231_a4bf_130041>
...
040 (9119363.000.000) 01/22 17:16:56 Finished transferring input files
...
001 (9119363.000.000) 01/22 17:16:57 Job executing on host: <188.185.211.56:9618?addrs=188.185.211.56-9618+[2001-1458-303-16--100-34]-9618&alias=b9p23p4986.cern.ch&noUDP&sock=startd_6621_08a4>
	SlotName: slot1_24@b9p23p4986.cern.ch
	CondorScratchDir = "/pool/condor/dir_243022"
	Cpus = 1
	Disk = 3781
	GPUs = 0
	Memory = 3000
...
006 (9119363.000.000) 01/22 17:17:11 Image size of job updated: 172080
	169  -  MemoryUsage of job (MB)
	172080  -  ResidentSetSize of job (KB)
...
006 (9119363.000.000) 01/22 17:17:30 Image size of job updated: 264752
	169  -  MemoryUsage of job (MB)
	172080  -  ResidentSetSize of job (KB)
...
040 (9119363.000.000) 01/22 17:17:30 Started transferring output files
...
040 (9119363.000.000) 01/22 17:17:30 Finished transferring output files
...
005 (9119363.000.000) 01/22 17:17:30 Job terminated.
	(1) Normal termination (return value 0)
		Usr 0 00:00:23, Sys 0 00:00:01  -  Run Remote Usage
		Usr 0 00:00:00, Sys 0 00:00:00  -  Run Local Usage
		Usr 0 00:00:23, Sys 0 00:00:01  -  Total Remote Usage
		Usr 0 00:00:00, Sys 0 00:00:00  -  Total Local Usage
	6617  -  Run Bytes Sent By Job
	314  -  Run Bytes Received By Job
	6617  -  Total Bytes Sent By Job
	314  -  Total Bytes Received By Job
	Partitionable Resources :    Usage  Request Allocated 
	   Cpus                 :        0        1         1 
	   Disk (KB)            :       30        1      3781 
	   GPUs                 :                           0 
	   Memory (MB)          :      169     3000      3000 
	   TimeExecute (s)      :       33                    
	   TimeSlotBusy (s)     :       35                    

	Job terminated of its own accord at 2026-01-22T16:17:30Z with exit-code 0.
...
