000 (9119364.000.000) 01/22 17:07:38 Job submitted from host: <188.185.6.50:9618?addrs=188.185.6.50-9618+[2001-1458-d00-62--100-2b1]-9618&alias=bigbird25.cern.ch&noUDP&sock=schedd_1627_90ad>
...
040 (9119364.000.000) 01/22 17:16:56 Started transferring input files
	Transferring to host: <128.142.196.43:9618?addrs=128.142.196.43-9618+[2001-1458-301-3c--100-29]-9618&alias=b9g32p1430.cern.ch&noUDP&sock=slot1_35_6109_17d1_137829>
...
040 (9119364.000.000) 01/22 17:16:56 Finished transferring input files
...
001 (9119364.000.000) 01/22 17:16:57 Job executing on host: <128.142.196.43:9618?addrs=128.142.196.43-9618+[2001-1458-301-3c--100-29]-9618&alias=b9g32p1430.cern.ch&noUDP&sock=startd_5080_0933>
	SlotName: slot1_35@b9g32p1430.cern.ch
	CondorScratchDir = "/pool/condor/dir_63900"
	Cpus = 1
	Disk = 3770
	GPUs = 0
	Memory = 3000
...
006 (9119364.000.000) 01/22 17:17:09 Image size of job updated: 114496
	0  -  MemoryUsage of job (MB)
	0  -  ResidentSetSize of job (KB)
...
040 (9119364.000.000) 01/22 17:17:09 Started transferring output files
...
040 (9119364.000.000) 01/22 17:17:09 Finished transferring output files
...
005 (9119364.000.000) 01/22 17:17:09 Job terminated.
	(1) Normal termination (return value 0)
		Usr 0 00:00:03, Sys 0 00:00:01  -  Run Remote Usage
		Usr 0 00:00:00, Sys 0 00:00:00  -  Run Local Usage
		Usr 0 00:00:03, Sys 0 00:00:01  -  Total Remote Usage
		Usr 0 00:00:00, Sys 0 00:00:00  -  Total Local Usage
	5990  -  Run Bytes Sent By Job
	314  -  Run Bytes Received By Job
	5990  -  Total Bytes Sent By Job
	314  -  Total Bytes Received By Job
	Partitionable Resources :    Usage  Request Allocated 
	   Cpus                 :        0        1         1 
	   Disk (KB)            :       29        1      3770 
	   GPUs                 :                           0 
	   Memory (MB)          :        0     3000      3000 
	   TimeExecute (s)      :       12                    
	   TimeSlotBusy (s)     :       14                    

	Job terminated of its own accord at 2026-01-22T16:17:09Z with exit-code 0.
...
