000 (9119367.000.000) 01/22 17:07:39 Job submitted from host: <188.185.6.50:9618?addrs=188.185.6.50-9618+[2001-1458-d00-62--100-2b1]-9618&alias=bigbird25.cern.ch&noUDP&sock=schedd_1627_90ad>
...
040 (9119367.000.000) 01/22 17:16:58 Started transferring input files
	Transferring to host: <188.185.215.27:9618?addrs=188.185.215.27-9618+[2001-1458-303-1e--100-17]-9618&alias=b9p31p3827.cern.ch&noUDP&sock=slot1_20_7519_90cb_135317>
...
040 (9119367.000.000) 01/22 17:16:58 Finished transferring input files
...
001 (9119367.000.000) 01/22 17:16:59 Job executing on host: <188.185.215.27:9618?addrs=188.185.215.27-9618+[2001-1458-303-1e--100-17]-9618&alias=b9p31p3827.cern.ch&noUDP&sock=startd_6626_769e>
	SlotName: slot1_20@b9p31p3827.cern.ch
	CondorScratchDir = "/pool/condor/dir_210819"
	Cpus = 1
	Disk = 3793
	GPUs = 0
	Memory = 3000
...
006 (9119367.000.000) 01/22 17:17:10 Image size of job updated: 130516
	0  -  MemoryUsage of job (MB)
	0  -  ResidentSetSize of job (KB)
...
040 (9119367.000.000) 01/22 17:17:10 Started transferring output files
...
040 (9119367.000.000) 01/22 17:17:10 Finished transferring output files
...
005 (9119367.000.000) 01/22 17:17:10 Job terminated.
	(1) Normal termination (return value 0)
		Usr 0 00:00:02, Sys 0 00:00:01  -  Run Remote Usage
		Usr 0 00:00:00, Sys 0 00:00:00  -  Run Local Usage
		Usr 0 00:00:02, Sys 0 00:00:01  -  Total Remote Usage
		Usr 0 00:00:00, Sys 0 00:00:00  -  Total Local Usage
	5988  -  Run Bytes Sent By Job
	313  -  Run Bytes Received By Job
	5988  -  Total Bytes Sent By Job
	313  -  Total Bytes Received By Job
	Partitionable Resources :    Usage  Request Allocated 
	   Cpus                 :        0        1         1 
	   Disk (KB)            :       29        1      3793 
	   GPUs                 :                           0 
	   Memory (MB)          :        0     3000      3000 
	   TimeExecute (s)      :       11                    
	   TimeSlotBusy (s)     :       13                    

	Job terminated of its own accord at 2026-01-22T16:17:10Z with exit-code 0.
...
