000 (9119365.000.000) 01/22 17:07:39 Job submitted from host: <188.185.6.50:9618?addrs=188.185.6.50-9618+[2001-1458-d00-62--100-2b1]-9618&alias=bigbird25.cern.ch&noUDP&sock=schedd_1627_90ad>
...
040 (9119365.000.000) 01/22 17:16:54 Started transferring input files
	Transferring to host: <188.185.214.47:9618?addrs=188.185.214.47-9618+[2001-1458-303-1c--100-2b]-9618&alias=b9p29p1922.cern.ch&noUDP&sock=slot1_13_2473627_bf06_61913>
...
040 (9119365.000.000) 01/22 17:16:54 Finished transferring input files
...
001 (9119365.000.000) 01/22 17:16:55 Job executing on host: <188.185.214.47:9618?addrs=188.185.214.47-9618+[2001-1458-303-1c--100-2b]-9618&alias=b9p29p1922.cern.ch&noUDP&sock=startd_6020_cc39>
	SlotName: slot1_13@b9p29p1922.cern.ch
	CondorScratchDir = "/pool/condor/dir_336895"
	Cpus = 1
	Disk = 3798
	GPUs = 0
	Memory = 3000
...
006 (9119365.000.000) 01/22 17:17:09 Image size of job updated: 172168
	169  -  MemoryUsage of job (MB)
	172168  -  ResidentSetSize of job (KB)
...
006 (9119365.000.000) 01/22 17:18:30 Image size of job updated: 173540
	169  -  MemoryUsage of job (MB)
	172632  -  ResidentSetSize of job (KB)
...
040 (9119365.000.000) 01/22 17:18:30 Started transferring output files
...
040 (9119365.000.000) 01/22 17:18:30 Finished transferring output files
...
005 (9119365.000.000) 01/22 17:18:30 Job terminated.
	(1) Normal termination (return value 0)
		Usr 0 00:01:05, Sys 0 00:00:02  -  Run Remote Usage
		Usr 0 00:00:00, Sys 0 00:00:00  -  Run Local Usage
		Usr 0 00:01:05, Sys 0 00:00:02  -  Total Remote Usage
		Usr 0 00:00:00, Sys 0 00:00:00  -  Total Local Usage
	7374  -  Run Bytes Sent By Job
	313  -  Run Bytes Received By Job
	7374  -  Total Bytes Sent By Job
	313  -  Total Bytes Received By Job
	Partitionable Resources :    Usage  Request Allocated 
	   Cpus                 :        0        1         1 
	   Disk (KB)            :       31        1      3798 
	   GPUs                 :                           0 
	   Memory (MB)          :      169     3000      3000 
	   TimeExecute (s)      :       95                    
	   TimeSlotBusy (s)     :       97                    

	Job terminated of its own accord at 2026-01-22T16:18:30Z with exit-code 0.
...
