000 (9119368.000.000) 01/22 17:07:40 Job submitted from host: <188.185.6.50:9618?addrs=188.185.6.50-9618+[2001-1458-d00-62--100-2b1]-9618&alias=bigbird25.cern.ch&noUDP&sock=schedd_1627_90ad>
...
040 (9119368.000.000) 01/22 17:16:58 Started transferring input files
	Transferring to host: <128.142.192.185:9618?addrs=128.142.192.185-9618+[2001-1458-301-56--100-35]-9618&alias=b9g18p5987.cern.ch&noUDP&sock=slot1_23_4250_4266_127479>
...
040 (9119368.000.000) 01/22 17:16:58 Finished transferring input files
...
001 (9119368.000.000) 01/22 17:16:59 Job executing on host: <128.142.192.185:9618?addrs=128.142.192.185-9618+[2001-1458-301-56--100-35]-9618&alias=b9g18p5987.cern.ch&noUDP&sock=startd_3622_f81e>
	SlotName: slot1_23@b9g18p5987.cern.ch
	CondorScratchDir = "/pool/condor/dir_3058327"
	Cpus = 1
	Disk = 3823
	GPUs = 0
	Memory = 3000
...
006 (9119368.000.000) 01/22 17:17:12 Image size of job updated: 131012
	128  -  MemoryUsage of job (MB)
	131012  -  ResidentSetSize of job (KB)
...
006 (9119368.000.000) 01/22 17:17:40 Image size of job updated: 166660
	128  -  MemoryUsage of job (MB)
	131020  -  ResidentSetSize of job (KB)
...
040 (9119368.000.000) 01/22 17:17:40 Started transferring output files
...
040 (9119368.000.000) 01/22 17:17:40 Finished transferring output files
...
005 (9119368.000.000) 01/22 17:17:40 Job terminated.
	(1) Normal termination (return value 0)
		Usr 0 00:00:29, Sys 0 00:00:01  -  Run Remote Usage
		Usr 0 00:00:00, Sys 0 00:00:00  -  Run Local Usage
		Usr 0 00:00:29, Sys 0 00:00:01  -  Total Remote Usage
		Usr 0 00:00:00, Sys 0 00:00:00  -  Total Local Usage
	6447  -  Run Bytes Sent By Job
	313  -  Run Bytes Received By Job
	6447  -  Total Bytes Sent By Job
	313  -  Total Bytes Received By Job
	Partitionable Resources :    Usage  Request Allocated 
	   Cpus                 :     0.92        1         1 
	   Disk (KB)            :    30           1      3823 
	   GPUs                 :                           0 
	   Memory (MB)          :   128        3000      3000 
	   TimeExecute (s)      :    41                       
	   TimeSlotBusy (s)     :    43                       

	Job terminated of its own accord at 2026-01-22T16:17:40Z with exit-code 0.
...
