000 (9119369.000.000) 01/22 17:07:40 Job submitted from host: <188.185.6.50:9618?addrs=188.185.6.50-9618+[2001-1458-d00-62--100-2b1]-9618&alias=bigbird25.cern.ch&noUDP&sock=schedd_1627_90ad>
...
040 (9119369.000.000) 01/22 17:16:59 Started transferring input files
	Transferring to host: <188.185.215.66:9618?addrs=188.185.215.66-9618+[2001-1458-303-1e--100-3e]-9618&alias=b9p31p9078.cern.ch&noUDP&sock=slot1_21_6861_f1f0_133497>
...
040 (9119369.000.000) 01/22 17:16:59 Finished transferring input files
...
001 (9119369.000.000) 01/22 17:17:00 Job executing on host: <188.185.215.66:9618?addrs=188.185.215.66-9618+[2001-1458-303-1e--100-3e]-9618&alias=b9p31p9078.cern.ch&noUDP&sock=startd_5729_322a>
	SlotName: slot1_21@b9p31p9078.cern.ch
	CondorScratchDir = "/pool/condor/dir_3019250"
	Cpus = 1
	Disk = 3877
	GPUs = 0
	Memory = 3000
...
006 (9119369.000.000) 01/22 17:17:12 Image size of job updated: 129500
	0  -  MemoryUsage of job (MB)
	0  -  ResidentSetSize of job (KB)
...
040 (9119369.000.000) 01/22 17:17:12 Started transferring output files
...
040 (9119369.000.000) 01/22 17:17:12 Finished transferring output files
...
005 (9119369.000.000) 01/22 17:17:12 Job terminated.
	(1) Normal termination (return value 0)
		Usr 0 00:00:02, Sys 0 00:00:01  -  Run Remote Usage
		Usr 0 00:00:00, Sys 0 00:00:00  -  Run Local Usage
		Usr 0 00:00:02, Sys 0 00:00:01  -  Total Remote Usage
		Usr 0 00:00:00, Sys 0 00:00:00  -  Total Local Usage
	5988  -  Run Bytes Sent By Job
	313  -  Run Bytes Received By Job
	5988  -  Total Bytes Sent By Job
	313  -  Total Bytes Received By Job
	Partitionable Resources :    Usage  Request Allocated 
	   Cpus                 :        0        1         1 
	   Disk (KB)            :       29        1      3877 
	   GPUs                 :                           0 
	   Memory (MB)          :        0     3000      3000 
	   TimeExecute (s)      :       12                    
	   TimeSlotBusy (s)     :       14                    

	Job terminated of its own accord at 2026-01-22T16:17:12Z with exit-code 0.
...
