000 (9119373.000.000) 01/22 17:07:41 Job submitted from host: <188.185.6.50:9618?addrs=188.185.6.50-9618+[2001-1458-d00-62--100-2b1]-9618&alias=bigbird25.cern.ch&noUDP&sock=schedd_1627_90ad>
...
040 (9119373.000.000) 01/22 17:16:59 Started transferring input files
	Transferring to host: <188.185.204.249:9618?addrs=188.185.204.249-9618+[2001-1458-303-8--100-76]-9618&alias=b9p02p8616.cern.ch&noUDP&sock=slot1_28_6033_8b4e_115727>
...
040 (9119373.000.000) 01/22 17:16:59 Finished transferring input files
...
001 (9119373.000.000) 01/22 17:17:00 Job executing on host: <188.185.204.249:9618?addrs=188.185.204.249-9618+[2001-1458-303-8--100-76]-9618&alias=b9p02p8616.cern.ch&noUDP&sock=startd_5120_78fd>
	SlotName: slot1_28@b9p02p8616.cern.ch
	CondorScratchDir = "/pool/condor/dir_195705"
	Cpus = 1
	Disk = 3653
	GPUs = 0
	Memory = 3000
...
006 (9119373.000.000) 01/22 17:17:14 Image size of job updated: 173268
	170  -  MemoryUsage of job (MB)
	173268  -  ResidentSetSize of job (KB)
...
006 (9119373.000.000) 01/22 17:18:46 Image size of job updated: 249824
	170  -  MemoryUsage of job (MB)
	173268  -  ResidentSetSize of job (KB)
...
040 (9119373.000.000) 01/22 17:18:46 Started transferring output files
...
040 (9119373.000.000) 01/22 17:18:46 Finished transferring output files
...
005 (9119373.000.000) 01/22 17:18:46 Job terminated.
	(1) Normal termination (return value 0)
		Usr 0 00:01:15, Sys 0 00:00:02  -  Run Remote Usage
		Usr 0 00:00:00, Sys 0 00:00:00  -  Run Local Usage
		Usr 0 00:01:15, Sys 0 00:00:02  -  Total Remote Usage
		Usr 0 00:00:00, Sys 0 00:00:00  -  Total Local Usage
	7534  -  Run Bytes Sent By Job
	313  -  Run Bytes Received By Job
	7534  -  Total Bytes Sent By Job
	313  -  Total Bytes Received By Job
	Partitionable Resources :    Usage  Request Allocated 
	   Cpus                 :     0.77        1         1 
	   Disk (KB)            :    34           1      3653 
	   GPUs                 :                           0 
	   Memory (MB)          :   170        3000      3000 
	   TimeExecute (s)      :   106                       
	   TimeSlotBusy (s)     :   108                       

	Job terminated of its own accord at 2026-01-22T16:18:46Z with exit-code 0.
...
