000 (9119370.000.000) 01/22 17:07:40 Job submitted from host: <188.185.6.50:9618?addrs=188.185.6.50-9618+[2001-1458-d00-62--100-2b1]-9618&alias=bigbird25.cern.ch&noUDP&sock=schedd_1627_90ad>
...
040 (9119370.000.000) 01/22 17:17:01 Started transferring input files
	Transferring to host: <188.185.210.191:9618?addrs=188.185.210.191-9618+[2001-1458-303-15--100-3b]-9618&alias=b9p22p9807.cern.ch&noUDP&sock=slot1_16_4466_736f_154760>
...
040 (9119370.000.000) 01/22 17:17:01 Finished transferring input files
...
001 (9119370.000.000) 01/22 17:17:02 Job executing on host: <188.185.210.191:9618?addrs=188.185.210.191-9618+[2001-1458-303-15--100-3b]-9618&alias=b9p22p9807.cern.ch&noUDP&sock=startd_3786_75a6>
	SlotName: slot1_16@b9p22p9807.cern.ch
	CondorScratchDir = "/pool/condor/dir_2705015"
	Cpus = 1
	Disk = 3869
	GPUs = 0
	Memory = 3000
...
006 (9119370.000.000) 01/22 17:17:16 Image size of job updated: 180380
	177  -  MemoryUsage of job (MB)
	180380  -  ResidentSetSize of job (KB)
...
006 (9119370.000.000) 01/22 17:18:37 Image size of job updated: 235312
	177  -  MemoryUsage of job (MB)
	180380  -  ResidentSetSize of job (KB)
...
040 (9119370.000.000) 01/22 17:18:37 Started transferring output files
...
040 (9119370.000.000) 01/22 17:18:37 Finished transferring output files
...
005 (9119370.000.000) 01/22 17:18:37 Job terminated.
	(1) Normal termination (return value 0)
		Usr 0 00:00:58, Sys 0 00:00:02  -  Run Remote Usage
		Usr 0 00:00:00, Sys 0 00:00:00  -  Run Local Usage
		Usr 0 00:00:58, Sys 0 00:00:02  -  Total Remote Usage
		Usr 0 00:00:00, Sys 0 00:00:00  -  Total Local Usage
	8017  -  Run Bytes Sent By Job
	314  -  Run Bytes Received By Job
	8017  -  Total Bytes Sent By Job
	314  -  Total Bytes Received By Job
	Partitionable Resources :    Usage  Request Allocated 
	   Cpus                 :     0.57        1         1 
	   Disk (KB)            :    31           1      3869 
	   GPUs                 :                           0 
	   Memory (MB)          :   177        3000      3000 
	   TimeExecute (s)      :    95                       
	   TimeSlotBusy (s)     :    96                       

	Job terminated of its own accord at 2026-01-22T16:18:37Z with exit-code 0.
...
