000 (9119371.000.000) 01/22 17:07:41 Job submitted from host: <188.185.6.50:9618?addrs=188.185.6.50-9618+[2001-1458-d00-62--100-2b1]-9618&alias=bigbird25.cern.ch&noUDP&sock=schedd_1627_90ad>
...
040 (9119371.000.000) 01/22 17:16:59 Started transferring input files
	Transferring to host: <188.185.205.220:9618?addrs=188.185.205.220-9618+[2001-1458-303-a--100-59]-9618&alias=b9p04p1288.cern.ch&noUDP&sock=slot1_29_8245_1928_117148>
...
040 (9119371.000.000) 01/22 17:16:59 Finished transferring input files
...
001 (9119371.000.000) 01/22 17:17:00 Job executing on host: <188.185.205.220:9618?addrs=188.185.205.220-9618+[2001-1458-303-a--100-59]-9618&alias=b9p04p1288.cern.ch&noUDP&sock=startd_7297_b6aa>
	SlotName: slot1_29@b9p04p1288.cern.ch
	CondorScratchDir = "/pool/condor/dir_220869"
	Cpus = 1
	Disk = 3744
	GPUs = 0
	Memory = 3000
...
006 (9119371.000.000) 01/22 17:17:14 Image size of job updated: 20444
	7  -  MemoryUsage of job (MB)
	6728  -  ResidentSetSize of job (KB)
...
006 (9119371.000.000) 01/22 17:17:44 Image size of job updated: 129172
	7  -  MemoryUsage of job (MB)
	6728  -  ResidentSetSize of job (KB)
...
040 (9119371.000.000) 01/22 17:17:44 Started transferring output files
...
040 (9119371.000.000) 01/22 17:17:44 Finished transferring output files
...
005 (9119371.000.000) 01/22 17:17:44 Job terminated.
	(1) Normal termination (return value 0)
		Usr 0 00:00:04, Sys 0 00:00:02  -  Run Remote Usage
		Usr 0 00:00:00, Sys 0 00:00:00  -  Run Local Usage
		Usr 0 00:00:04, Sys 0 00:00:02  -  Total Remote Usage
		Usr 0 00:00:00, Sys 0 00:00:00  -  Total Local Usage
	5990  -  Run Bytes Sent By Job
	314  -  Run Bytes Received By Job
	5990  -  Total Bytes Sent By Job
	314  -  Total Bytes Received By Job
	Partitionable Resources :    Usage  Request Allocated 
	   Cpus                 :     0.07        1         1 
	   Disk (KB)            :    32           1      3744 
	   GPUs                 :                           0 
	   Memory (MB)          :     7        3000      3000 
	   TimeExecute (s)      :    44                       
	   TimeSlotBusy (s)     :    46                       

	Job terminated of its own accord at 2026-01-22T16:17:44Z with exit-code 0.
...
