000 (9120071.000.000) 01/22 19:38:39 Job submitted from host: <188.185.6.50:9618?addrs=188.185.6.50-9618+[2001-1458-d00-62--100-2b1]-9618&alias=bigbird25.cern.ch&noUDP&sock=schedd_1627_90ad>
...
040 (9120071.000.000) 01/22 19:39:27 Started transferring input files
	Transferring to host: <188.185.207.9:9618?addrs=188.185.207.9-9618+[2001-1458-303-d--100-6]-9618&alias=b9p07p6005.cern.ch&noUDP&sock=slot1_40_7209_247e_113683>
...
040 (9120071.000.000) 01/22 19:39:27 Finished transferring input files
...
001 (9120071.000.000) 01/22 19:39:28 Job executing on host: <188.185.207.9:9618?addrs=188.185.207.9-9618+[2001-1458-303-d--100-6]-9618&alias=b9p07p6005.cern.ch&noUDP&sock=startd_6455_2bec>
	SlotName: slot1_40@b9p07p6005.cern.ch
	CondorScratchDir = "/pool/condor/dir_1804878"
	Cpus = 1
	Disk = 3773
	GPUs = 0
	Memory = 3000
...
006 (9120071.000.000) 01/22 19:39:42 Image size of job updated: 65680
	0  -  MemoryUsage of job (MB)
	0  -  ResidentSetSize of job (KB)
...
040 (9120071.000.000) 01/22 19:39:42 Started transferring output files
...
040 (9120071.000.000) 01/22 19:39:42 Finished transferring output files
...
005 (9120071.000.000) 01/22 19:39:42 Job terminated.
	(1) Normal termination (return value 0)
		Usr 0 00:00:03, Sys 0 00:00:02  -  Run Remote Usage
		Usr 0 00:00:00, Sys 0 00:00:00  -  Run Local Usage
		Usr 0 00:00:03, Sys 0 00:00:02  -  Total Remote Usage
		Usr 0 00:00:00, Sys 0 00:00:00  -  Total Local Usage
	6014  -  Run Bytes Sent By Job
	321  -  Run Bytes Received By Job
	6014  -  Total Bytes Sent By Job
	321  -  Total Bytes Received By Job
	Partitionable Resources :    Usage  Request Allocated 
	   Cpus                 :        0        1         1 
	   Disk (KB)            :       33        1      3773 
	   GPUs                 :                           0 
	   Memory (MB)          :        0     3000      3000 
	   TimeExecute (s)      :       14                    
	   TimeSlotBusy (s)     :       16                    

	Job terminated of its own accord at 2026-01-22T18:39:42Z with exit-code 0.
...
