000 (9120066.000.000) 01/22 19:38:38 Job submitted from host: <188.185.6.50:9618?addrs=188.185.6.50-9618+[2001-1458-d00-62--100-2b1]-9618&alias=bigbird25.cern.ch&noUDP&sock=schedd_1627_90ad>
...
040 (9120066.000.000) 01/22 19:39:25 Started transferring input files
	Transferring to host: <188.185.195.67:9618?addrs=188.185.195.67-9618+[2001-1458-303-22--100-3f]-9618&alias=b9p17p1957.cern.ch&noUDP&sock=slot1_8_2999_d113_283>
...
040 (9120066.000.000) 01/22 19:39:25 Finished transferring input files
...
001 (9120066.000.000) 01/22 19:39:26 Job executing on host: <188.185.195.67:9618?addrs=188.185.195.67-9618+[2001-1458-303-22--100-3f]-9618&alias=b9p17p1957.cern.ch&noUDP&sock=startd_2573_7145>
	SlotName: slot1_8@b9p17p1957.cern.ch
	CondorScratchDir = "/pool/condor/dir_525997"
	Cpus = 1
	Disk = 3775
	GPUs = 0
	Memory = 3000
...
006 (9120066.000.000) 01/22 19:39:40 Image size of job updated: 77596
	76  -  MemoryUsage of job (MB)
	77596  -  ResidentSetSize of job (KB)
...
006 (9120066.000.000) 01/22 19:39:46 Image size of job updated: 167448
	76  -  MemoryUsage of job (MB)
	77596  -  ResidentSetSize of job (KB)
...
040 (9120066.000.000) 01/22 19:39:46 Started transferring output files
...
040 (9120066.000.000) 01/22 19:39:46 Finished transferring output files
...
005 (9120066.000.000) 01/22 19:39:46 Job terminated.
	(1) Normal termination (return value 0)
		Usr 0 00:00:06, Sys 0 00:00:01  -  Run Remote Usage
		Usr 0 00:00:00, Sys 0 00:00:00  -  Run Local Usage
		Usr 0 00:00:06, Sys 0 00:00:01  -  Total Remote Usage
		Usr 0 00:00:00, Sys 0 00:00:00  -  Total Local Usage
	6226  -  Run Bytes Sent By Job
	325  -  Run Bytes Received By Job
	6226  -  Total Bytes Sent By Job
	325  -  Total Bytes Received By Job
	Partitionable Resources :    Usage  Request Allocated 
	   Cpus                 :        0        1         1 
	   Disk (KB)            :       29        1      3775 
	   GPUs                 :                           0 
	   Memory (MB)          :       76     3000      3000 
	   TimeExecute (s)      :       20                    
	   TimeSlotBusy (s)     :       22                    

	Job terminated of its own accord at 2026-01-22T18:39:46Z with exit-code 0.
...
