000 (9120070.000.000) 01/22 19:38:39 Job submitted from host: <188.185.6.50:9618?addrs=188.185.6.50-9618+[2001-1458-d00-62--100-2b1]-9618&alias=bigbird25.cern.ch&noUDP&sock=schedd_1627_90ad>
...
040 (9120070.000.000) 01/22 19:39:26 Started transferring input files
	Transferring to host: <128.142.33.10:9618?addrs=128.142.33.10-9618+[2001-1458-301-53--100-7]-9618&alias=b9g34p5473.cern.ch&noUDP&sock=slot1_2_7684_d2b2_123062>
...
040 (9120070.000.000) 01/22 19:39:26 Finished transferring input files
...
001 (9120070.000.000) 01/22 19:39:27 Job executing on host: <128.142.33.10:9618?addrs=128.142.33.10-9618+[2001-1458-301-53--100-7]-9618&alias=b9g34p5473.cern.ch&noUDP&sock=startd_6730_cc77>
	SlotName: slot1_2@b9g34p5473.cern.ch
	CondorScratchDir = "/pool/condor/dir_599533"
	Cpus = 1
	Disk = 3831
	GPUs = 0
	Memory = 3000
...
006 (9120070.000.000) 01/22 19:39:40 Image size of job updated: 124136
	122  -  MemoryUsage of job (MB)
	124136  -  ResidentSetSize of job (KB)
...
006 (9120070.000.000) 01/22 19:44:40 Image size of job updated: 441916
	400  -  MemoryUsage of job (MB)
	408848  -  ResidentSetSize of job (KB)
...
006 (9120070.000.000) 01/22 19:44:57 Image size of job updated: 445096
	401  -  MemoryUsage of job (MB)
	409732  -  ResidentSetSize of job (KB)
...
040 (9120070.000.000) 01/22 19:44:57 Started transferring output files
...
040 (9120070.000.000) 01/22 19:44:58 Finished transferring output files
...
005 (9120070.000.000) 01/22 19:44:58 Job terminated.
	(1) Normal termination (return value 0)
		Usr 0 00:04:40, Sys 0 00:00:04  -  Run Remote Usage
		Usr 0 00:00:00, Sys 0 00:00:00  -  Run Local Usage
		Usr 0 00:04:40, Sys 0 00:00:04  -  Total Remote Usage
		Usr 0 00:00:00, Sys 0 00:00:00  -  Total Local Usage
	9719  -  Run Bytes Sent By Job
	321  -  Run Bytes Received By Job
	9719  -  Total Bytes Sent By Job
	321  -  Total Bytes Received By Job
	Partitionable Resources :    Usage  Request Allocated 
	   Cpus                 :     0.86        1         1 
	   Disk (KB)            :    33           1      3831 
	   GPUs                 :                           0 
	   Memory (MB)          :   401        3000      3000 
	   TimeExecute (s)      :   330                       
	   TimeSlotBusy (s)     :   333                       

	Job terminated of its own accord at 2026-01-22T18:44:57Z with exit-code 0.
...
