000 (9120069.000.000) 01/22 19:38:39 Job submitted from host: <188.185.6.50:9618?addrs=188.185.6.50-9618+[2001-1458-d00-62--100-2b1]-9618&alias=bigbird25.cern.ch&noUDP&sock=schedd_1627_90ad>
...
040 (9120069.000.000) 01/22 19:39:26 Started transferring input files
	Transferring to host: <128.142.33.18:9618?addrs=128.142.33.18-9618+[2001-1458-301-53--100-3f]-9618&alias=b9g34p6562.cern.ch&noUDP&sock=slot1_11_5347_31f3_121317>
...
040 (9120069.000.000) 01/22 19:39:26 Finished transferring input files
...
001 (9120069.000.000) 01/22 19:39:27 Job executing on host: <128.142.33.18:9618?addrs=128.142.33.18-9618+[2001-1458-301-53--100-3f]-9618&alias=b9g34p6562.cern.ch&noUDP&sock=startd_4265_0383>
	SlotName: slot1_11@b9g34p6562.cern.ch
	CondorScratchDir = "/pool/condor/dir_2738766"
	Cpus = 1
	Disk = 3796
	GPUs = 0
	Memory = 3000
...
006 (9120069.000.000) 01/22 19:39:40 Image size of job updated: 71076
	70  -  MemoryUsage of job (MB)
	71076  -  ResidentSetSize of job (KB)
...
006 (9120069.000.000) 01/22 19:44:40 Image size of job updated: 421232
	306  -  MemoryUsage of job (MB)
	312396  -  ResidentSetSize of job (KB)
...
006 (9120069.000.000) 01/22 19:47:12 Image size of job updated: 436624
	306  -  MemoryUsage of job (MB)
	312396  -  ResidentSetSize of job (KB)
...
040 (9120069.000.000) 01/22 19:47:12 Started transferring output files
...
040 (9120069.000.000) 01/22 19:47:12 Finished transferring output files
...
005 (9120069.000.000) 01/22 19:47:12 Job terminated.
	(1) Normal termination (return value 0)
		Usr 0 00:05:43, Sys 0 00:00:04  -  Run Remote Usage
		Usr 0 00:00:00, Sys 0 00:00:00  -  Run Local Usage
		Usr 0 00:05:43, Sys 0 00:00:04  -  Total Remote Usage
		Usr 0 00:00:00, Sys 0 00:00:00  -  Total Local Usage
	10391  -  Run Bytes Sent By Job
	321  -  Run Bytes Received By Job
	10391  -  Total Bytes Sent By Job
	321  -  Total Bytes Received By Job
	Partitionable Resources :    Usage  Request Allocated 
	   Cpus                 :        0        1         1 
	   Disk (KB)            :       33        1      3796 
	   GPUs                 :                           0 
	   Memory (MB)          :      306     3000      3000 
	   TimeExecute (s)      :      465                    
	   TimeSlotBusy (s)     :      467                    

	Job terminated of its own accord at 2026-01-22T18:47:12Z with exit-code 0.
...
