000 (9120068.000.000) 01/22 19:38:39 Job submitted from host: <188.185.6.50:9618?addrs=188.185.6.50-9618+[2001-1458-d00-62--100-2b1]-9618&alias=bigbird25.cern.ch&noUDP&sock=schedd_1627_90ad>
...
040 (9120068.000.000) 01/22 19:39:26 Started transferring input files
	Transferring to host: <128.142.33.60:9618?addrs=128.142.33.60-9618+[2001-1458-301-53--100-39]-9618&alias=b9g34p8084.cern.ch&noUDP&sock=slot1_2_1788903_bec2_66946>
...
040 (9120068.000.000) 01/22 19:39:26 Finished transferring input files
...
001 (9120068.000.000) 01/22 19:39:27 Job executing on host: <128.142.33.60:9618?addrs=128.142.33.60-9618+[2001-1458-301-53--100-39]-9618&alias=b9g34p8084.cern.ch&noUDP&sock=startd_4348_f1e0>
	SlotName: slot1_2@b9g34p8084.cern.ch
	CondorScratchDir = "/pool/condor/dir_1075178"
	Cpus = 1
	Disk = 3726
	GPUs = 0
	Memory = 3000
...
006 (9120068.000.000) 01/22 19:39:40 Image size of job updated: 132104
	130  -  MemoryUsage of job (MB)
	132104  -  ResidentSetSize of job (KB)
...
006 (9120068.000.000) 01/22 19:44:40 Image size of job updated: 445164
	314  -  MemoryUsage of job (MB)
	321356  -  ResidentSetSize of job (KB)
...
040 (9120068.000.000) 01/22 19:44:50 Started transferring output files
...
040 (9120068.000.000) 01/22 19:44:50 Finished transferring output files
...
005 (9120068.000.000) 01/22 19:44:50 Job terminated.
	(1) Normal termination (return value 0)
		Usr 0 00:03:55, Sys 0 00:00:04  -  Run Remote Usage
		Usr 0 00:00:00, Sys 0 00:00:00  -  Run Local Usage
		Usr 0 00:03:55, Sys 0 00:00:04  -  Total Remote Usage
		Usr 0 00:00:00, Sys 0 00:00:00  -  Total Local Usage
	10269  -  Run Bytes Sent By Job
	321  -  Run Bytes Received By Job
	10269  -  Total Bytes Sent By Job
	321  -  Total Bytes Received By Job
	Partitionable Resources :    Usage  Request Allocated 
	   Cpus                 :     0.94        1         1 
	   Disk (KB)            :    33           1      3726 
	   GPUs                 :                           0 
	   Memory (MB)          :   314        3000      3000 
	   TimeExecute (s)      :   323                       
	   TimeSlotBusy (s)     :   325                       

	Job terminated of its own accord at 2026-01-22T18:44:50Z with exit-code 0.
...
