000 (9120060.000.000) 01/22 19:38:37 Job submitted from host: <188.185.6.50:9618?addrs=188.185.6.50-9618+[2001-1458-d00-62--100-2b1]-9618&alias=bigbird25.cern.ch&noUDP&sock=schedd_1627_90ad>
...
040 (9120060.000.000) 01/22 19:39:23 Started transferring input files
	Transferring to host: <188.185.194.156:9618?addrs=188.185.194.156-9618+[2001-1458-303-21--100-98]-9618&alias=b9p20p1008.cern.ch&noUDP&sock=slot1_57_496986_58ab_43686>
...
040 (9120060.000.000) 01/22 19:39:23 Finished transferring input files
...
001 (9120060.000.000) 01/22 19:39:24 Job executing on host: <188.185.194.156:9618?addrs=188.185.194.156-9618+[2001-1458-303-21--100-98]-9618&alias=b9p20p1008.cern.ch&noUDP&sock=startd_6897_58c8>
	SlotName: slot1_57@b9p20p1008.cern.ch
	CondorScratchDir = "/pool/condor/dir_3749355"
	Cpus = 1
	Disk = 3829
	GPUs = 0
	Memory = 3000
...
006 (9120060.000.000) 01/22 19:39:37 Image size of job updated: 60916
	60  -  MemoryUsage of job (MB)
	60916  -  ResidentSetSize of job (KB)
...
006 (9120060.000.000) 01/22 19:40:25 Image size of job updated: 241948
	60  -  MemoryUsage of job (MB)
	60992  -  ResidentSetSize of job (KB)
...
040 (9120060.000.000) 01/22 19:40:25 Started transferring output files
...
040 (9120060.000.000) 01/22 19:40:25 Finished transferring output files
...
005 (9120060.000.000) 01/22 19:40:25 Job terminated.
	(1) Normal termination (return value 0)
		Usr 0 00:00:44, Sys 0 00:00:02  -  Run Remote Usage
		Usr 0 00:00:00, Sys 0 00:00:00  -  Run Local Usage
		Usr 0 00:00:44, Sys 0 00:00:02  -  Total Remote Usage
		Usr 0 00:00:00, Sys 0 00:00:00  -  Total Local Usage
	6993  -  Run Bytes Sent By Job
	325  -  Run Bytes Received By Job
	6993  -  Total Bytes Sent By Job
	325  -  Total Bytes Received By Job
	Partitionable Resources :    Usage  Request Allocated 
	   Cpus                 :                 1         1 
	   Disk (KB)            :       22        1      3829 
	   GPUs                 :                           0 
	   Memory (MB)          :       60     3000      3000 
	   TimeExecute (s)      :       61                    
	   TimeSlotBusy (s)     :       63                    

	Job terminated of its own accord at 2026-01-22T18:40:25Z with exit-code 0.
...
