000 (9120059.000.000) 01/22 19:38:37 Job submitted from host: <188.185.6.50:9618?addrs=188.185.6.50-9618+[2001-1458-d00-62--100-2b1]-9618&alias=bigbird25.cern.ch&noUDP&sock=schedd_1627_90ad>
...
040 (9120059.000.000) 01/22 19:39:23 Started transferring input files
	Transferring to host: <128.142.161.100:9618?addrs=128.142.161.100-9618+[2001-1458-301-b8--100-22]-9618&alias=b9g03p2461.cern.ch&noUDP&sock=slot1_1_241142_1a87_76457>
...
040 (9120059.000.000) 01/22 19:39:23 Finished transferring input files
...
001 (9120059.000.000) 01/22 19:39:24 Job executing on host: <128.142.161.100:9618?addrs=128.142.161.100-9618+[2001-1458-301-b8--100-22]-9618&alias=b9g03p2461.cern.ch&noUDP&sock=startd_6942_368b>
	SlotName: slot1_1@b9g03p2461.cern.ch
	CondorScratchDir = "/pool/condor/dir_2877215"
	Cpus = 1
	Disk = 3933
	GPUs = 0
	Memory = 3000
...
006 (9120059.000.000) 01/22 19:39:37 Image size of job updated: 150452
	147  -  MemoryUsage of job (MB)
	150452  -  ResidentSetSize of job (KB)
...
006 (9120059.000.000) 01/22 19:43:11 Image size of job updated: 248420
	147  -  MemoryUsage of job (MB)
	150468  -  ResidentSetSize of job (KB)
...
040 (9120059.000.000) 01/22 19:43:11 Started transferring output files
...
040 (9120059.000.000) 01/22 19:43:11 Finished transferring output files
...
005 (9120059.000.000) 01/22 19:43:11 Job terminated.
	(1) Normal termination (return value 0)
		Usr 0 00:03:30, Sys 0 00:00:02  -  Run Remote Usage
		Usr 0 00:00:00, Sys 0 00:00:00  -  Run Local Usage
		Usr 0 00:03:30, Sys 0 00:00:02  -  Total Remote Usage
		Usr 0 00:00:00, Sys 0 00:00:00  -  Total Local Usage
	10273  -  Run Bytes Sent By Job
	325  -  Run Bytes Received By Job
	10273  -  Total Bytes Sent By Job
	325  -  Total Bytes Received By Job
	Partitionable Resources :    Usage  Request Allocated 
	   Cpus                 :     0.98        1         1 
	   Disk (KB)            :    33           1      3933 
	   GPUs                 :                           0 
	   Memory (MB)          :   147        3000      3000 
	   TimeExecute (s)      :   227                       
	   TimeSlotBusy (s)     :   229                       

	Job terminated of its own accord at 2026-01-22T18:43:11Z with exit-code 0.
...
