000 (9120064.000.000) 01/22 19:38:38 Job submitted from host: <188.185.6.50:9618?addrs=188.185.6.50-9618+[2001-1458-d00-62--100-2b1]-9618&alias=bigbird25.cern.ch&noUDP&sock=schedd_1627_90ad>
...
040 (9120064.000.000) 01/22 19:39:25 Started transferring input files
	Transferring to host: <188.185.196.118:9618?addrs=188.185.196.118-9618+[2001-1458-303-23--100-72]-9618&alias=b9p16p4498.cern.ch&noUDP&sock=slot1_46_713608_2454_18549>
...
040 (9120064.000.000) 01/22 19:39:25 Finished transferring input files
...
001 (9120064.000.000) 01/22 19:39:26 Job executing on host: <188.185.196.118:9618?addrs=188.185.196.118-9618+[2001-1458-303-23--100-72]-9618&alias=b9p16p4498.cern.ch&noUDP&sock=startd_5250_a44d>
	SlotName: slot1_46@b9p16p4498.cern.ch
	CondorScratchDir = "/pool/condor/dir_345421"
	Cpus = 1
	Disk = 3762
	GPUs = 0
	Memory = 3000
...
006 (9120064.000.000) 01/22 19:39:40 Image size of job updated: 30788
	31  -  MemoryUsage of job (MB)
	30788  -  ResidentSetSize of job (KB)
...
006 (9120064.000.000) 01/22 19:44:24 Image size of job updated: 243356
	31  -  MemoryUsage of job (MB)
	30872  -  ResidentSetSize of job (KB)
...
040 (9120064.000.000) 01/22 19:44:24 Started transferring output files
...
040 (9120064.000.000) 01/22 19:44:24 Finished transferring output files
...
005 (9120064.000.000) 01/22 19:44:25 Job terminated.
	(1) Normal termination (return value 0)
		Usr 0 00:04:01, Sys 0 00:00:04  -  Run Remote Usage
		Usr 0 00:00:00, Sys 0 00:00:00  -  Run Local Usage
		Usr 0 00:04:01, Sys 0 00:00:04  -  Total Remote Usage
		Usr 0 00:00:00, Sys 0 00:00:00  -  Total Local Usage
	10273  -  Run Bytes Sent By Job
	325  -  Run Bytes Received By Job
	10273  -  Total Bytes Sent By Job
	325  -  Total Bytes Received By Job
	Partitionable Resources :    Usage  Request Allocated 
	   Cpus                 :                 1         1 
	   Disk (KB)            :       25        1      3762 
	   GPUs                 :                           0 
	   Memory (MB)          :       31     3000      3000 
	   TimeExecute (s)      :      298                    
	   TimeSlotBusy (s)     :      300                    

	Job terminated of its own accord at 2026-01-22T18:44:24Z with exit-code 0.
...
