000 (9120065.000.000) 01/22 19:38:38 Job submitted from host: <188.185.6.50:9618?addrs=188.185.6.50-9618+[2001-1458-d00-62--100-2b1]-9618&alias=bigbird25.cern.ch&noUDP&sock=schedd_1627_90ad>
...
040 (9120065.000.000) 01/22 19:39:36 Started transferring input files
	Transferring to host: <188.185.195.170:9618?addrs=188.185.195.170-9618+[2001-1458-303-22--100-a6]-9618&alias=b9p17p1149.cern.ch&noUDP&sock=slot1_47_6370_fdbc_115109>
...
040 (9120065.000.000) 01/22 19:39:36 Finished transferring input files
...
001 (9120065.000.000) 01/22 19:39:38 Job executing on host: <188.185.195.170:9618?addrs=188.185.195.170-9618+[2001-1458-303-22--100-a6]-9618&alias=b9p17p1149.cern.ch&noUDP&sock=startd_5542_edf4>
	SlotName: slot1_47@b9p17p1149.cern.ch
	CondorScratchDir = "/pool/condor/dir_3979401"
	Cpus = 1
	Disk = 3874
	GPUs = 0
	Memory = 3000
...
006 (9120065.000.000) 01/22 19:39:51 Image size of job updated: 60712
	60  -  MemoryUsage of job (MB)
	60712  -  ResidentSetSize of job (KB)
...
006 (9120065.000.000) 01/22 19:42:45 Image size of job updated: 236532
	60  -  MemoryUsage of job (MB)
	60712  -  ResidentSetSize of job (KB)
...
040 (9120065.000.000) 01/22 19:42:45 Started transferring output files
...
040 (9120065.000.000) 01/22 19:42:45 Finished transferring output files
...
005 (9120065.000.000) 01/22 19:42:45 Job terminated.
	(1) Normal termination (return value 0)
		Usr 0 00:02:42, Sys 0 00:00:03  -  Run Remote Usage
		Usr 0 00:00:00, Sys 0 00:00:00  -  Run Local Usage
		Usr 0 00:02:42, Sys 0 00:00:03  -  Total Remote Usage
		Usr 0 00:00:00, Sys 0 00:00:00  -  Total Local Usage
	9177  -  Run Bytes Sent By Job
	325  -  Run Bytes Received By Job
	9177  -  Total Bytes Sent By Job
	325  -  Total Bytes Received By Job
	Partitionable Resources :    Usage  Request Allocated 
	   Cpus                 :        0        1         1 
	   Disk (KB)            :       33        1      3874 
	   GPUs                 :                           0 
	   Memory (MB)          :       60     3000      3000 
	   TimeExecute (s)      :      188                    
	   TimeSlotBusy (s)     :      190                    

	Job terminated of its own accord at 2026-01-22T18:42:45Z with exit-code 0.
...
