000 (9120061.000.000) 01/22 19:38:37 Job submitted from host: <188.185.6.50:9618?addrs=188.185.6.50-9618+[2001-1458-d00-62--100-2b1]-9618&alias=bigbird25.cern.ch&noUDP&sock=schedd_1627_90ad>
...
040 (9120061.000.000) 01/22 19:39:24 Started transferring input files
	Transferring to host: <188.185.194.26:9618?addrs=188.185.194.26-9618+[2001-1458-303-21--100-16]-9618&alias=b9p20p1066.cern.ch&noUDP&sock=slot1_51_5469_27b7_118002>
...
040 (9120061.000.000) 01/22 19:39:24 Finished transferring input files
...
001 (9120061.000.000) 01/22 19:39:25 Job executing on host: <188.185.194.26:9618?addrs=188.185.194.26-9618+[2001-1458-303-21--100-16]-9618&alias=b9p20p1066.cern.ch&noUDP&sock=startd_4353_5fd9>
	SlotName: slot1_51@b9p20p1066.cern.ch
	CondorScratchDir = "/pool/condor/dir_3116089"
	Cpus = 1
	Disk = 3766
	GPUs = 0
	Memory = 3000
...
006 (9120061.000.000) 01/22 19:39:39 Image size of job updated: 105256
	103  -  MemoryUsage of job (MB)
	105256  -  ResidentSetSize of job (KB)
...
006 (9120061.000.000) 01/22 19:42:08 Image size of job updated: 246836
	103  -  MemoryUsage of job (MB)
	105420  -  ResidentSetSize of job (KB)
...
040 (9120061.000.000) 01/22 19:42:08 Started transferring output files
...
040 (9120061.000.000) 01/22 19:42:08 Finished transferring output files
...
005 (9120061.000.000) 01/22 19:42:08 Job terminated.
	(1) Normal termination (return value 0)
		Usr 0 00:02:05, Sys 0 00:00:03  -  Run Remote Usage
		Usr 0 00:00:00, Sys 0 00:00:00  -  Run Local Usage
		Usr 0 00:02:05, Sys 0 00:00:03  -  Total Remote Usage
		Usr 0 00:00:00, Sys 0 00:00:00  -  Total Local Usage
	8292  -  Run Bytes Sent By Job
	325  -  Run Bytes Received By Job
	8292  -  Total Bytes Sent By Job
	325  -  Total Bytes Received By Job
	Partitionable Resources :    Usage  Request Allocated 
	   Cpus                 :        0        1         1 
	   Disk (KB)            :       32        1      3766 
	   GPUs                 :                           0 
	   Memory (MB)          :      103     3000      3000 
	   TimeExecute (s)      :      163                    
	   TimeSlotBusy (s)     :      165                    

	Job terminated of its own accord at 2026-01-22T18:42:08Z with exit-code 0.
...
