000 (9120063.000.000) 01/22 19:38:38 Job submitted from host: <188.185.6.50:9618?addrs=188.185.6.50-9618+[2001-1458-d00-62--100-2b1]-9618&alias=bigbird25.cern.ch&noUDP&sock=schedd_1627_90ad>
...
040 (9120063.000.000) 01/22 19:39:25 Started transferring input files
	Transferring to host: <188.185.193.101:9618?addrs=188.185.193.101-9618+[2001-1458-303-20--100-61]-9618&alias=b9p19p6122.cern.ch&noUDP&sock=slot1_2_5526_511a_118540>
...
040 (9120063.000.000) 01/22 19:39:25 Finished transferring input files
...
001 (9120063.000.000) 01/22 19:39:26 Job executing on host: <188.185.193.101:9618?addrs=188.185.193.101-9618+[2001-1458-303-20--100-61]-9618&alias=b9p19p6122.cern.ch&noUDP&sock=startd_4312_4077>
	SlotName: slot1_2@b9p19p6122.cern.ch
	CondorScratchDir = "/pool/condor/dir_1919666"
	Cpus = 1
	Disk = 3776
	GPUs = 0
	Memory = 3000
...
006 (9120063.000.000) 01/22 19:39:40 Image size of job updated: 6716
	7  -  MemoryUsage of job (MB)
	6716  -  ResidentSetSize of job (KB)
...
006 (9120063.000.000) 01/22 19:40:30 Image size of job updated: 204764
	7  -  MemoryUsage of job (MB)
	6716  -  ResidentSetSize of job (KB)
...
040 (9120063.000.000) 01/22 19:40:30 Started transferring output files
...
040 (9120063.000.000) 01/22 19:40:30 Finished transferring output files
...
005 (9120063.000.000) 01/22 19:40:30 Job terminated.
	(1) Normal termination (return value 0)
		Usr 0 00:00:36, Sys 0 00:00:02  -  Run Remote Usage
		Usr 0 00:00:00, Sys 0 00:00:00  -  Run Local Usage
		Usr 0 00:00:36, Sys 0 00:00:02  -  Total Remote Usage
		Usr 0 00:00:00, Sys 0 00:00:00  -  Total Local Usage
	6867  -  Run Bytes Sent By Job
	325  -  Run Bytes Received By Job
	6867  -  Total Bytes Sent By Job
	325  -  Total Bytes Received By Job
	Partitionable Resources :    Usage  Request Allocated 
	   Cpus                 :        0        1         1 
	   Disk (KB)            :       30        1      3776 
	   GPUs                 :                           0 
	   Memory (MB)          :        7     3000      3000 
	   TimeExecute (s)      :       64                    
	   TimeSlotBusy (s)     :       67                    

	Job terminated of its own accord at 2026-01-22T18:40:30Z with exit-code 0.
...
