000 (9120094.000.000) 01/22 19:38:45 Job submitted from host: <188.185.6.50:9618?addrs=188.185.6.50-9618+[2001-1458-d00-62--100-2b1]-9618&alias=bigbird25.cern.ch&noUDP&sock=schedd_1627_90ad>
...
040 (9120094.000.000) 01/22 19:39:34 Started transferring input files
	Transferring to host: <188.185.211.151:9618?addrs=188.185.211.151-9618+[2001-1458-303-17--100-13]-9618&alias=b9p24p7898.cern.ch&noUDP&sock=slot1_19_8833_65c0_124870>
...
040 (9120094.000.000) 01/22 19:39:34 Finished transferring input files
...
001 (9120094.000.000) 01/22 19:39:35 Job executing on host: <188.185.211.151:9618?addrs=188.185.211.151-9618+[2001-1458-303-17--100-13]-9618&alias=b9p24p7898.cern.ch&noUDP&sock=startd_7549_9088>
	SlotName: slot1_19@b9p24p7898.cern.ch
	CondorScratchDir = "/pool/condor/dir_2311127"
	Cpus = 1
	Disk = 3726
	GPUs = 0
	Memory = 3000
...
006 (9120094.000.000) 01/22 19:39:48 Image size of job updated: 168580
	165  -  MemoryUsage of job (MB)
	168580  -  ResidentSetSize of job (KB)
...
006 (9120094.000.000) 01/22 19:40:02 Image size of job updated: 168584
	165  -  MemoryUsage of job (MB)
	168580  -  ResidentSetSize of job (KB)
...
040 (9120094.000.000) 01/22 19:40:02 Started transferring output files
...
040 (9120094.000.000) 01/22 19:40:02 Finished transferring output files
...
005 (9120094.000.000) 01/22 19:40:02 Job terminated.
	(1) Normal termination (return value 0)
		Usr 0 00:00:14, Sys 0 00:00:01  -  Run Remote Usage
		Usr 0 00:00:00, Sys 0 00:00:00  -  Run Local Usage
		Usr 0 00:00:14, Sys 0 00:00:01  -  Total Remote Usage
		Usr 0 00:00:00, Sys 0 00:00:00  -  Total Local Usage
	6522  -  Run Bytes Sent By Job
	326  -  Run Bytes Received By Job
	6522  -  Total Bytes Sent By Job
	326  -  Total Bytes Received By Job
	Partitionable Resources :    Usage  Request Allocated 
	   Cpus                 :        0        1         1 
	   Disk (KB)            :       30        1      3726 
	   GPUs                 :                           0 
	   Memory (MB)          :      165     3000      3000 
	   TimeExecute (s)      :       27                    
	   TimeSlotBusy (s)     :       29                    

	Job terminated of its own accord at 2026-01-22T18:40:02Z with exit-code 0.
...
