000 (9120095.000.000) 01/22 19:38:45 Job submitted from host: <188.185.6.50:9618?addrs=188.185.6.50-9618+[2001-1458-d00-62--100-2b1]-9618&alias=bigbird25.cern.ch&noUDP&sock=schedd_1627_90ad>
...
040 (9120095.000.000) 01/22 19:39:34 Started transferring input files
	Transferring to host: <188.185.205.197:9618?addrs=188.185.205.197-9618+[2001-1458-303-a--100-42]-9618&alias=b9p04p1952.cern.ch&noUDP&sock=slot1_20_7707_0752_114260>
...
040 (9120095.000.000) 01/22 19:39:34 Finished transferring input files
...
001 (9120095.000.000) 01/22 19:39:35 Job executing on host: <188.185.205.197:9618?addrs=188.185.205.197-9618+[2001-1458-303-a--100-42]-9618&alias=b9p04p1952.cern.ch&noUDP&sock=startd_7017_a825>
	SlotName: slot1_20@b9p04p1952.cern.ch
	CondorScratchDir = "/pool/condor/dir_2207894"
	Cpus = 1
	Disk = 3688
	GPUs = 0
	Memory = 3000
...
006 (9120095.000.000) 01/22 19:39:49 Image size of job updated: 19396
	7  -  MemoryUsage of job (MB)
	6720  -  ResidentSetSize of job (KB)
...
006 (9120095.000.000) 01/22 19:40:15 Image size of job updated: 124112
	7  -  MemoryUsage of job (MB)
	6720  -  ResidentSetSize of job (KB)
...
040 (9120095.000.000) 01/22 19:40:15 Started transferring output files
...
040 (9120095.000.000) 01/22 19:40:15 Finished transferring output files
...
005 (9120095.000.000) 01/22 19:40:15 Job terminated.
	(1) Normal termination (return value 0)
		Usr 0 00:00:03, Sys 0 00:00:02  -  Run Remote Usage
		Usr 0 00:00:00, Sys 0 00:00:00  -  Run Local Usage
		Usr 0 00:00:03, Sys 0 00:00:02  -  Total Remote Usage
		Usr 0 00:00:00, Sys 0 00:00:00  -  Total Local Usage
	6012  -  Run Bytes Sent By Job
	326  -  Run Bytes Received By Job
	6012  -  Total Bytes Sent By Job
	326  -  Total Bytes Received By Job
	Partitionable Resources :    Usage  Request Allocated 
	   Cpus                 :        0        1         1 
	   Disk (KB)            :       32        1      3688 
	   GPUs                 :                           0 
	   Memory (MB)          :        7     3000      3000 
	   TimeExecute (s)      :       40                    
	   TimeSlotBusy (s)     :       42                    

	Job terminated of its own accord at 2026-01-22T18:40:15Z with exit-code 0.
...
