000 (9120099.000.000) 01/22 19:38:46 Job submitted from host: <188.185.6.50:9618?addrs=188.185.6.50-9618+[2001-1458-d00-62--100-2b1]-9618&alias=bigbird25.cern.ch&noUDP&sock=schedd_1627_90ad>
...
040 (9120099.000.000) 01/22 19:39:35 Started transferring input files
	Transferring to host: <188.185.192.169:9618?addrs=188.185.192.169-9618+[2001-1458-303-1f--100-a5]-9618&alias=b9p13p3548.cern.ch&noUDP&sock=slot1_4_1747120_d77f_124138>
...
040 (9120099.000.000) 01/22 19:39:35 Finished transferring input files
...
001 (9120099.000.000) 01/22 19:39:36 Job executing on host: <188.185.192.169:9618?addrs=188.185.192.169-9618+[2001-1458-303-1f--100-a5]-9618&alias=b9p13p3548.cern.ch&noUDP&sock=startd_7435_5ebc>
	SlotName: slot1_4@b9p13p3548.cern.ch
	CondorScratchDir = "/pool/condor/dir_92109"
	Cpus = 1
	Disk = 3799
	GPUs = 0
	Memory = 3000
...
006 (9120099.000.000) 01/22 19:39:49 Image size of job updated: 90640
	89  -  MemoryUsage of job (MB)
	90640  -  ResidentSetSize of job (KB)
...
006 (9120099.000.000) 01/22 19:39:52 Image size of job updated: 139844
	89  -  MemoryUsage of job (MB)
	90800  -  ResidentSetSize of job (KB)
...
040 (9120099.000.000) 01/22 19:39:52 Started transferring output files
...
040 (9120099.000.000) 01/22 19:39:52 Finished transferring output files
...
005 (9120099.000.000) 01/22 19:39:52 Job terminated.
	(1) Normal termination (return value 0)
		Usr 0 00:00:04, Sys 0 00:00:01  -  Run Remote Usage
		Usr 0 00:00:00, Sys 0 00:00:00  -  Run Local Usage
		Usr 0 00:00:04, Sys 0 00:00:01  -  Total Remote Usage
		Usr 0 00:00:00, Sys 0 00:00:00  -  Total Local Usage
	5998  -  Run Bytes Sent By Job
	319  -  Run Bytes Received By Job
	5998  -  Total Bytes Sent By Job
	319  -  Total Bytes Received By Job
	Partitionable Resources :    Usage  Request Allocated 
	   Cpus                 :        0        1         1 
	   Disk (KB)            :       30        1      3799 
	   GPUs                 :                           0 
	   Memory (MB)          :       89     3000      3000 
	   TimeExecute (s)      :       16                    
	   TimeSlotBusy (s)     :       18                    

	Job terminated of its own accord at 2026-01-22T18:39:52Z with exit-code 0.
...
