000 (9120097.000.000) 01/22 19:38:45 Job submitted from host: <188.185.6.50:9618?addrs=188.185.6.50-9618+[2001-1458-d00-62--100-2b1]-9618&alias=bigbird25.cern.ch&noUDP&sock=schedd_1627_90ad>
...
040 (9120097.000.000) 01/22 19:39:35 Started transferring input files
	Transferring to host: <188.185.209.185:9618?addrs=188.185.209.185-9618+[2001-1458-303-12--100-36]-9618&alias=b9p12p2405.cern.ch&noUDP&sock=slot1_29_4108_3520_113947>
...
040 (9120097.000.000) 01/22 19:39:35 Finished transferring input files
...
001 (9120097.000.000) 01/22 19:39:36 Job executing on host: <188.185.209.185:9618?addrs=188.185.209.185-9618+[2001-1458-303-12--100-36]-9618&alias=b9p12p2405.cern.ch&noUDP&sock=startd_3588_a5e5>
	SlotName: slot1_29@b9p12p2405.cern.ch
	CondorScratchDir = "/pool/condor/dir_2359889"
	Cpus = 1
	Disk = 3727
	GPUs = 0
	Memory = 3000
...
006 (9120097.000.000) 01/22 19:39:49 Image size of job updated: 18204
	7  -  MemoryUsage of job (MB)
	6716  -  ResidentSetSize of job (KB)
...
006 (9120097.000.000) 01/22 19:40:27 Image size of job updated: 155732
	7  -  MemoryUsage of job (MB)
	6716  -  ResidentSetSize of job (KB)
...
040 (9120097.000.000) 01/22 19:40:27 Started transferring output files
...
040 (9120097.000.000) 01/22 19:40:27 Finished transferring output files
...
005 (9120097.000.000) 01/22 19:40:27 Job terminated.
	(1) Normal termination (return value 0)
		Usr 0 00:00:04, Sys 0 00:00:02  -  Run Remote Usage
		Usr 0 00:00:00, Sys 0 00:00:00  -  Run Local Usage
		Usr 0 00:00:04, Sys 0 00:00:02  -  Total Remote Usage
		Usr 0 00:00:00, Sys 0 00:00:00  -  Total Local Usage
	5990  -  Run Bytes Sent By Job
	315  -  Run Bytes Received By Job
	5990  -  Total Bytes Sent By Job
	315  -  Total Bytes Received By Job
	Partitionable Resources :    Usage  Request Allocated 
	   Cpus                 :        0        1         1 
	   Disk (KB)            :       34        1      3727 
	   GPUs                 :                           0 
	   Memory (MB)          :        7     3000      3000 
	   TimeExecute (s)      :       51                    
	   TimeSlotBusy (s)     :       53                    

	Job terminated of its own accord at 2026-01-22T18:40:27Z with exit-code 0.
...
