000 (9120096.000.000) 01/22 19:38:45 Job submitted from host: <188.185.6.50:9618?addrs=188.185.6.50-9618+[2001-1458-d00-62--100-2b1]-9618&alias=bigbird25.cern.ch&noUDP&sock=schedd_1627_90ad>
...
040 (9120096.000.000) 01/22 19:39:34 Started transferring input files
	Transferring to host: <188.185.212.74:9618?addrs=188.185.212.74-9618+[2001-1458-303-18--100-46]-9618&alias=b9p25p9036.cern.ch&noUDP&sock=slot1_18_4308_2028_126962>
...
040 (9120096.000.000) 01/22 19:39:34 Finished transferring input files
...
001 (9120096.000.000) 01/22 19:39:35 Job executing on host: <188.185.212.74:9618?addrs=188.185.212.74-9618+[2001-1458-303-18--100-46]-9618&alias=b9p25p9036.cern.ch&noUDP&sock=startd_3630_74e0>
	SlotName: slot1_18@b9p25p9036.cern.ch
	CondorScratchDir = "/pool/condor/dir_3966384"
	Cpus = 1
	Disk = 3774
	GPUs = 0
	Memory = 3000
...
006 (9120096.000.000) 01/22 19:39:48 Image size of job updated: 166716
	163  -  MemoryUsage of job (MB)
	166716  -  ResidentSetSize of job (KB)
...
006 (9120096.000.000) 01/22 19:39:59 Image size of job updated: 166720
	163  -  MemoryUsage of job (MB)
	166716  -  ResidentSetSize of job (KB)
...
040 (9120096.000.000) 01/22 19:39:59 Started transferring output files
...
040 (9120096.000.000) 01/22 19:39:59 Finished transferring output files
...
005 (9120096.000.000) 01/22 19:39:59 Job terminated.
	(1) Normal termination (return value 0)
		Usr 0 00:00:13, Sys 0 00:00:01  -  Run Remote Usage
		Usr 0 00:00:00, Sys 0 00:00:00  -  Run Local Usage
		Usr 0 00:00:13, Sys 0 00:00:01  -  Total Remote Usage
		Usr 0 00:00:00, Sys 0 00:00:00  -  Total Local Usage
	6489  -  Run Bytes Sent By Job
	315  -  Run Bytes Received By Job
	6489  -  Total Bytes Sent By Job
	315  -  Total Bytes Received By Job
	Partitionable Resources :    Usage  Request Allocated 
	   Cpus                 :        0        1         1 
	   Disk (KB)            :       30        1      3774 
	   GPUs                 :                           0 
	   Memory (MB)          :      163     3000      3000 
	   TimeExecute (s)      :       24                    
	   TimeSlotBusy (s)     :       26                    

	Job terminated of its own accord at 2026-01-22T18:39:59Z with exit-code 0.
...
