000 (9120093.000.000) 01/22 19:38:44 Job submitted from host: <188.185.6.50:9618?addrs=188.185.6.50-9618+[2001-1458-d00-62--100-2b1]-9618&alias=bigbird25.cern.ch&noUDP&sock=schedd_1627_90ad>
...
040 (9120093.000.000) 01/22 19:39:36 Started transferring input files
	Transferring to host: <188.185.213.235:9618?addrs=188.185.213.235-9618+[2001-1458-303-1b--100-67]-9618&alias=b9p28p1439.cern.ch&noUDP&sock=slot1_36_1867526_c2df_52191>
...
040 (9120093.000.000) 01/22 19:39:36 Finished transferring input files
...
001 (9120093.000.000) 01/22 19:39:38 Job executing on host: <188.185.213.235:9618?addrs=188.185.213.235-9618+[2001-1458-303-1b--100-67]-9618&alias=b9p28p1439.cern.ch&noUDP&sock=startd_4542_033f>
	SlotName: slot1_36@b9p28p1439.cern.ch
	CondorScratchDir = "/pool/condor/dir_2851282"
	Cpus = 1
	Disk = 3791
	GPUs = 0
	Memory = 3000
...
006 (9120093.000.000) 01/22 19:39:51 Image size of job updated: 134632
	132  -  MemoryUsage of job (MB)
	134632  -  ResidentSetSize of job (KB)
...
006 (9120093.000.000) 01/22 19:39:52 Image size of job updated: 134960
	132  -  MemoryUsage of job (MB)
	134960  -  ResidentSetSize of job (KB)
...
040 (9120093.000.000) 01/22 19:39:52 Started transferring output files
...
040 (9120093.000.000) 01/22 19:39:52 Finished transferring output files
...
005 (9120093.000.000) 01/22 19:39:52 Job terminated.
	(1) Normal termination (return value 0)
		Usr 0 00:00:03, Sys 0 00:00:02  -  Run Remote Usage
		Usr 0 00:00:00, Sys 0 00:00:00  -  Run Local Usage
		Usr 0 00:00:03, Sys 0 00:00:02  -  Total Remote Usage
		Usr 0 00:00:00, Sys 0 00:00:00  -  Total Local Usage
	6004  -  Run Bytes Sent By Job
	322  -  Run Bytes Received By Job
	6004  -  Total Bytes Sent By Job
	322  -  Total Bytes Received By Job
	Partitionable Resources :    Usage  Request Allocated 
	   Cpus                 :        0        1         1 
	   Disk (KB)            :       29        1      3791 
	   GPUs                 :                           0 
	   Memory (MB)          :      132     3000      3000 
	   TimeExecute (s)      :       15                    
	   TimeSlotBusy (s)     :       17                    

	Job terminated of its own accord at 2026-01-22T18:39:52Z with exit-code 0.
...
