000 (9120079.000.000) 01/22 19:38:41 Job submitted from host: <188.185.6.50:9618?addrs=188.185.6.50-9618+[2001-1458-d00-62--100-2b1]-9618&alias=bigbird25.cern.ch&noUDP&sock=schedd_1627_90ad>
...
040 (9120079.000.000) 01/22 19:39:29 Started transferring input files
	Transferring to host: <188.185.212.93:9618?addrs=188.185.212.93-9618+[2001-1458-303-18--100-59]-9618&alias=b9p25p2918.cern.ch&noUDP&sock=slot1_16_4016_629c_132234>
...
040 (9120079.000.000) 01/22 19:39:29 Finished transferring input files
...
001 (9120079.000.000) 01/22 19:39:30 Job executing on host: <188.185.212.93:9618?addrs=188.185.212.93-9618+[2001-1458-303-18--100-59]-9618&alias=b9p25p2918.cern.ch&noUDP&sock=startd_3412_ed3a>
	SlotName: slot1_16@b9p25p2918.cern.ch
	CondorScratchDir = "/pool/condor/dir_846288"
	Cpus = 1
	Disk = 3721
	GPUs = 0
	Memory = 3000
...
006 (9120079.000.000) 01/22 19:39:43 Image size of job updated: 180212
	176  -  MemoryUsage of job (MB)
	180212  -  ResidentSetSize of job (KB)
...
006 (9120079.000.000) 01/22 19:43:16 Image size of job updated: 180228
	176  -  MemoryUsage of job (MB)
	180216  -  ResidentSetSize of job (KB)
...
040 (9120079.000.000) 01/22 19:43:16 Started transferring output files
...
040 (9120079.000.000) 01/22 19:43:16 Finished transferring output files
...
005 (9120079.000.000) 01/22 19:43:16 Job terminated.
	(1) Normal termination (return value 0)
		Usr 0 00:02:20, Sys 0 00:00:03  -  Run Remote Usage
		Usr 0 00:00:00, Sys 0 00:00:00  -  Run Local Usage
		Usr 0 00:02:20, Sys 0 00:00:03  -  Total Remote Usage
		Usr 0 00:00:00, Sys 0 00:00:00  -  Total Local Usage
	10396  -  Run Bytes Sent By Job
	322  -  Run Bytes Received By Job
	10396  -  Total Bytes Sent By Job
	322  -  Total Bytes Received By Job
	Partitionable Resources :    Usage  Request Allocated 
	   Cpus                 :        0        1         1 
	   Disk (KB)            :       34        1      3721 
	   GPUs                 :                           0 
	   Memory (MB)          :      176     3000      3000 
	   TimeExecute (s)      :      226                    
	   TimeSlotBusy (s)     :      228                    

	Job terminated of its own accord at 2026-01-22T18:43:16Z with exit-code 0.
...
