000 (9120080.000.000) 01/22 19:38:41 Job submitted from host: <188.185.6.50:9618?addrs=188.185.6.50-9618+[2001-1458-d00-62--100-2b1]-9618&alias=bigbird25.cern.ch&noUDP&sock=schedd_1627_90ad>
...
040 (9120080.000.000) 01/22 19:39:31 Started transferring input files
	Transferring to host: <188.185.215.36:9618?addrs=188.185.215.36-9618+[2001-1458-303-1e--100-20]-9618&alias=b9p31p9360.cern.ch&noUDP&sock=slot1_13_1538403_d578_49542>
...
040 (9120080.000.000) 01/22 19:39:31 Finished transferring input files
...
001 (9120080.000.000) 01/22 19:39:32 Job executing on host: <188.185.215.36:9618?addrs=188.185.215.36-9618+[2001-1458-303-1e--100-20]-9618&alias=b9p31p9360.cern.ch&noUDP&sock=startd_4780_42c9>
	SlotName: slot1_13@b9p31p9360.cern.ch
	CondorScratchDir = "/pool/condor/dir_3018119"
	Cpus = 1
	Disk = 3756
	GPUs = 0
	Memory = 3000
...
006 (9120080.000.000) 01/22 19:39:46 Image size of job updated: 180164
	176  -  MemoryUsage of job (MB)
	180164  -  ResidentSetSize of job (KB)
...
006 (9120080.000.000) 01/22 19:40:39 Image size of job updated: 180168
	176  -  MemoryUsage of job (MB)
	180164  -  ResidentSetSize of job (KB)
...
040 (9120080.000.000) 01/22 19:40:39 Started transferring output files
...
040 (9120080.000.000) 01/22 19:40:39 Finished transferring output files
...
005 (9120080.000.000) 01/22 19:40:39 Job terminated.
	(1) Normal termination (return value 0)
		Usr 0 00:00:48, Sys 0 00:00:02  -  Run Remote Usage
		Usr 0 00:00:00, Sys 0 00:00:00  -  Run Local Usage
		Usr 0 00:00:48, Sys 0 00:00:02  -  Total Remote Usage
		Usr 0 00:00:00, Sys 0 00:00:00  -  Total Local Usage
	7624  -  Run Bytes Sent By Job
	322  -  Run Bytes Received By Job
	7624  -  Total Bytes Sent By Job
	322  -  Total Bytes Received By Job
	Partitionable Resources :    Usage  Request Allocated 
	   Cpus                 :        0        1         1 
	   Disk (KB)            :       31        1      3756 
	   GPUs                 :                           0 
	   Memory (MB)          :      176     3000      3000 
	   TimeExecute (s)      :       67                    
	   TimeSlotBusy (s)     :       70                    

	Job terminated of its own accord at 2026-01-22T18:40:39Z with exit-code 0.
...
