000 (9120076.000.000) 01/22 19:38:41 Job submitted from host: <188.185.6.50:9618?addrs=188.185.6.50-9618+[2001-1458-d00-62--100-2b1]-9618&alias=bigbird25.cern.ch&noUDP&sock=schedd_1627_90ad>
...
040 (9120076.000.000) 01/22 19:39:28 Started transferring input files
	Transferring to host: <188.185.214.51:9618?addrs=188.185.214.51-9618+[2001-1458-303-1c--100-2f]-9618&alias=b9p29p9485.cern.ch&noUDP&sock=slot1_20_213758_992d_54462>
...
040 (9120076.000.000) 01/22 19:39:28 Finished transferring input files
...
001 (9120076.000.000) 01/22 19:39:29 Job executing on host: <188.185.214.51:9618?addrs=188.185.214.51-9618+[2001-1458-303-1c--100-2f]-9618&alias=b9p29p9485.cern.ch&noUDP&sock=startd_3721_dffe>
	SlotName: slot1_20@b9p29p9485.cern.ch
	CondorScratchDir = "/pool/condor/dir_1604307"
	Cpus = 1
	Disk = 3782
	GPUs = 0
	Memory = 3000
...
006 (9120076.000.000) 01/22 19:39:42 Image size of job updated: 83440
	82  -  MemoryUsage of job (MB)
	83440  -  ResidentSetSize of job (KB)
...
006 (9120076.000.000) 01/22 19:41:03 Image size of job updated: 305180
	82  -  MemoryUsage of job (MB)
	83768  -  ResidentSetSize of job (KB)
...
040 (9120076.000.000) 01/22 19:41:03 Started transferring output files
...
040 (9120076.000.000) 01/22 19:41:03 Finished transferring output files
...
005 (9120076.000.000) 01/22 19:41:03 Job terminated.
	(1) Normal termination (return value 0)
		Usr 0 00:01:12, Sys 0 00:00:02  -  Run Remote Usage
		Usr 0 00:00:00, Sys 0 00:00:00  -  Run Local Usage
		Usr 0 00:01:12, Sys 0 00:00:02  -  Total Remote Usage
		Usr 0 00:00:00, Sys 0 00:00:00  -  Total Local Usage
	7603  -  Run Bytes Sent By Job
	315  -  Run Bytes Received By Job
	7603  -  Total Bytes Sent By Job
	315  -  Total Bytes Received By Job
	Partitionable Resources :    Usage  Request Allocated 
	   Cpus                 :        0        1         1 
	   Disk (KB)            :       31        1      3782 
	   GPUs                 :                           0 
	   Memory (MB)          :       82     3000      3000 
	   TimeExecute (s)      :       94                    
	   TimeSlotBusy (s)     :       96                    

	Job terminated of its own accord at 2026-01-22T18:41:03Z with exit-code 0.
...
