000 (9120077.000.000) 01/22 19:38:41 Job submitted from host: <188.185.6.50:9618?addrs=188.185.6.50-9618+[2001-1458-d00-62--100-2b1]-9618&alias=bigbird25.cern.ch&noUDP&sock=schedd_1627_90ad>
...
040 (9120077.000.000) 01/22 19:39:29 Started transferring input files
	Transferring to host: <188.185.206.183:9618?addrs=188.185.206.183-9618+[2001-1458-303-c--100-34]-9618&alias=b9p06p2267.cern.ch&noUDP&sock=slot1_28_6476_ad80_112432>
...
040 (9120077.000.000) 01/22 19:39:29 Finished transferring input files
...
001 (9120077.000.000) 01/22 19:39:30 Job executing on host: <188.185.206.183:9618?addrs=188.185.206.183-9618+[2001-1458-303-c--100-34]-9618&alias=b9p06p2267.cern.ch&noUDP&sock=startd_5568_c36a>
	SlotName: slot1_28@b9p06p2267.cern.ch
	CondorScratchDir = "/pool/condor/dir_22899"
	Cpus = 1
	Disk = 3749
	GPUs = 0
	Memory = 3000
...
006 (9120077.000.000) 01/22 19:39:43 Image size of job updated: 83880
	0  -  MemoryUsage of job (MB)
	0  -  ResidentSetSize of job (KB)
...
040 (9120077.000.000) 01/22 19:39:43 Started transferring output files
...
040 (9120077.000.000) 01/22 19:39:43 Finished transferring output files
...
005 (9120077.000.000) 01/22 19:39:43 Job terminated.
	(1) Normal termination (return value 0)
		Usr 0 00:00:02, Sys 0 00:00:01  -  Run Remote Usage
		Usr 0 00:00:00, Sys 0 00:00:00  -  Run Local Usage
		Usr 0 00:00:02, Sys 0 00:00:01  -  Total Remote Usage
		Usr 0 00:00:00, Sys 0 00:00:00  -  Total Local Usage
	6004  -  Run Bytes Sent By Job
	315  -  Run Bytes Received By Job
	6004  -  Total Bytes Sent By Job
	315  -  Total Bytes Received By Job
	Partitionable Resources :    Usage  Request Allocated 
	   Cpus                 :        0        1         1 
	   Disk (KB)            :       33        1      3749 
	   GPUs                 :                           0 
	   Memory (MB)          :        0     3000      3000 
	   TimeExecute (s)      :       13                    
	   TimeSlotBusy (s)     :       15                    

	Job terminated of its own accord at 2026-01-22T18:39:43Z with exit-code 0.
...
