000 (9120074.000.000) 01/22 19:38:40 Job submitted from host: <188.185.6.50:9618?addrs=188.185.6.50-9618+[2001-1458-d00-62--100-2b1]-9618&alias=bigbird25.cern.ch&noUDP&sock=schedd_1627_90ad>
...
040 (9120074.000.000) 01/22 19:39:28 Started transferring input files
	Transferring to host: <188.185.211.11:9618?addrs=188.185.211.11-9618+[2001-1458-303-16--100-7]-9618&alias=b9p23p6649.cern.ch&noUDP&sock=slot1_5_5170_7b8b_133558>
...
040 (9120074.000.000) 01/22 19:39:28 Finished transferring input files
...
001 (9120074.000.000) 01/22 19:39:29 Job executing on host: <188.185.211.11:9618?addrs=188.185.211.11-9618+[2001-1458-303-16--100-7]-9618&alias=b9p23p6649.cern.ch&noUDP&sock=startd_4258_365a>
	SlotName: slot1_5@b9p23p6649.cern.ch
	CondorScratchDir = "/pool/condor/dir_3871559"
	Cpus = 1
	Disk = 3734
	GPUs = 0
	Memory = 3000
...
006 (9120074.000.000) 01/22 19:39:42 Image size of job updated: 75436
	74  -  MemoryUsage of job (MB)
	75436  -  ResidentSetSize of job (KB)
...
006 (9120074.000.000) 01/22 19:44:42 Image size of job updated: 412096
	403  -  MemoryUsage of job (MB)
	412096  -  ResidentSetSize of job (KB)
...
040 (9120074.000.000) 01/22 19:44:48 Started transferring output files
...
040 (9120074.000.000) 01/22 19:44:48 Finished transferring output files
...
005 (9120074.000.000) 01/22 19:44:48 Job terminated.
	(1) Normal termination (return value 0)
		Usr 0 00:03:30, Sys 0 00:00:04  -  Run Remote Usage
		Usr 0 00:00:00, Sys 0 00:00:00  -  Run Local Usage
		Usr 0 00:03:30, Sys 0 00:00:04  -  Total Remote Usage
		Usr 0 00:00:00, Sys 0 00:00:00  -  Total Local Usage
	10253  -  Run Bytes Sent By Job
	315  -  Run Bytes Received By Job
	10253  -  Total Bytes Sent By Job
	315  -  Total Bytes Received By Job
	Partitionable Resources :    Usage  Request Allocated 
	   Cpus                 :     0.48        1         1 
	   Disk (KB)            :    34           1      3734 
	   GPUs                 :                           0 
	   Memory (MB)          :   403        3000      3000 
	   TimeExecute (s)      :   319                       
	   TimeSlotBusy (s)     :   321                       

	Job terminated of its own accord at 2026-01-22T18:44:48Z with exit-code 0.
...
