000 (9120081.000.000) 01/22 19:38:42 Job submitted from host: <188.185.6.50:9618?addrs=188.185.6.50-9618+[2001-1458-d00-62--100-2b1]-9618&alias=bigbird25.cern.ch&noUDP&sock=schedd_1627_90ad>
...
040 (9120081.000.000) 01/22 19:39:30 Started transferring input files
	Transferring to host: <188.185.211.94:9618?addrs=188.185.211.94-9618+[2001-1458-303-16--100-5a]-9618&alias=b9p23p1890.cern.ch&noUDP&sock=slot1_31_4571_6ed3_91330>
...
040 (9120081.000.000) 01/22 19:39:30 Finished transferring input files
...
001 (9120081.000.000) 01/22 19:39:31 Job executing on host: <188.185.211.94:9618?addrs=188.185.211.94-9618+[2001-1458-303-16--100-5a]-9618&alias=b9p23p1890.cern.ch&noUDP&sock=startd_3870_139a>
	SlotName: slot1_31@b9p23p1890.cern.ch
	CondorScratchDir = "/pool/condor/dir_4080591"
	Cpus = 1
	Disk = 3824
	GPUs = 0
	Memory = 3000
...
006 (9120081.000.000) 01/22 19:39:45 Image size of job updated: 144012
	141  -  MemoryUsage of job (MB)
	144012  -  ResidentSetSize of job (KB)
...
006 (9120081.000.000) 01/22 19:39:47 Image size of job updated: 155816
	141  -  MemoryUsage of job (MB)
	144240  -  ResidentSetSize of job (KB)
...
040 (9120081.000.000) 01/22 19:39:47 Started transferring output files
...
040 (9120081.000.000) 01/22 19:39:47 Finished transferring output files
...
005 (9120081.000.000) 01/22 19:39:47 Job terminated.
	(1) Normal termination (return value 0)
		Usr 0 00:00:03, Sys 0 00:00:02  -  Run Remote Usage
		Usr 0 00:00:00, Sys 0 00:00:00  -  Run Local Usage
		Usr 0 00:00:03, Sys 0 00:00:02  -  Total Remote Usage
		Usr 0 00:00:00, Sys 0 00:00:00  -  Total Local Usage
	6018  -  Run Bytes Sent By Job
	322  -  Run Bytes Received By Job
	6018  -  Total Bytes Sent By Job
	322  -  Total Bytes Received By Job
	Partitionable Resources :    Usage  Request Allocated 
	   Cpus                 :        0        1         1 
	   Disk (KB)            :       29        1      3824 
	   GPUs                 :                           0 
	   Memory (MB)          :      141     3000      3000 
	   TimeExecute (s)      :       16                    
	   TimeSlotBusy (s)     :       18                    

	Job terminated of its own accord at 2026-01-22T18:39:47Z with exit-code 0.
...
