000 (9120073.000.000) 01/22 19:38:40 Job submitted from host: <188.185.6.50:9618?addrs=188.185.6.50-9618+[2001-1458-d00-62--100-2b1]-9618&alias=bigbird25.cern.ch&noUDP&sock=schedd_1627_90ad>
...
040 (9120073.000.000) 01/22 19:39:27 Started transferring input files
	Transferring to host: <188.185.206.77:9618?addrs=188.185.206.77-9618+[2001-1458-303-b--100-4a]-9618&alias=b9p05p8888.cern.ch&noUDP&sock=slot1_3_10788_df30_113083>
...
040 (9120073.000.000) 01/22 19:39:27 Finished transferring input files
...
001 (9120073.000.000) 01/22 19:39:28 Job executing on host: <188.185.206.77:9618?addrs=188.185.206.77-9618+[2001-1458-303-b--100-4a]-9618&alias=b9p05p8888.cern.ch&noUDP&sock=startd_10289_fa07>
	SlotName: slot1_3@b9p05p8888.cern.ch
	CondorScratchDir = "/pool/condor/dir_3061871"
	Cpus = 1
	Disk = 3701
	GPUs = 0
	Memory = 3000
...
006 (9120073.000.000) 01/22 19:39:42 Image size of job updated: 123288
	121  -  MemoryUsage of job (MB)
	123288  -  ResidentSetSize of job (KB)
...
006 (9120073.000.000) 01/22 19:39:45 Image size of job updated: 131628
	121  -  MemoryUsage of job (MB)
	123288  -  ResidentSetSize of job (KB)
...
040 (9120073.000.000) 01/22 19:39:45 Started transferring output files
...
040 (9120073.000.000) 01/22 19:39:45 Finished transferring output files
...
005 (9120073.000.000) 01/22 19:39:45 Job terminated.
	(1) Normal termination (return value 0)
		Usr 0 00:00:03, Sys 0 00:00:02  -  Run Remote Usage
		Usr 0 00:00:00, Sys 0 00:00:00  -  Run Local Usage
		Usr 0 00:00:03, Sys 0 00:00:02  -  Total Remote Usage
		Usr 0 00:00:00, Sys 0 00:00:00  -  Total Local Usage
	5992  -  Run Bytes Sent By Job
	316  -  Run Bytes Received By Job
	5992  -  Total Bytes Sent By Job
	316  -  Total Bytes Received By Job
	Partitionable Resources :    Usage  Request Allocated 
	   Cpus                 :        0        1         1 
	   Disk (KB)            :       33        1      3701 
	   GPUs                 :                           0 
	   Memory (MB)          :      121     3000      3000 
	   TimeExecute (s)      :       17                    
	   TimeSlotBusy (s)     :       19                    

	Job terminated of its own accord at 2026-01-22T18:39:45Z with exit-code 0.
...
