000 (9120072.000.000) 01/22 19:38:40 Job submitted from host: <188.185.6.50:9618?addrs=188.185.6.50-9618+[2001-1458-d00-62--100-2b1]-9618&alias=bigbird25.cern.ch&noUDP&sock=schedd_1627_90ad>
...
040 (9120072.000.000) 01/22 19:39:27 Started transferring input files
	Transferring to host: <188.185.205.141:9618?addrs=188.185.205.141-9618+[2001-1458-303-a--100-a]-9618&alias=b9p04p2171.cern.ch&noUDP&sock=slot1_6_6027_510e_110061>
...
040 (9120072.000.000) 01/22 19:39:27 Finished transferring input files
...
001 (9120072.000.000) 01/22 19:39:28 Job executing on host: <188.185.205.141:9618?addrs=188.185.205.141-9618+[2001-1458-303-a--100-a]-9618&alias=b9p04p2171.cern.ch&noUDP&sock=startd_4963_c89e>
	SlotName: slot1_6@b9p04p2171.cern.ch
	CondorScratchDir = "/pool/condor/dir_1258688"
	Cpus = 1
	Disk = 3751
	GPUs = 0
	Memory = 3000
...
006 (9120072.000.000) 01/22 19:39:42 Image size of job updated: 168412
	165  -  MemoryUsage of job (MB)
	168412  -  ResidentSetSize of job (KB)
...
006 (9120072.000.000) 01/22 19:39:47 Image size of job updated: 168580
	165  -  MemoryUsage of job (MB)
	168412  -  ResidentSetSize of job (KB)
...
040 (9120072.000.000) 01/22 19:39:47 Started transferring output files
...
040 (9120072.000.000) 01/22 19:39:47 Finished transferring output files
...
005 (9120072.000.000) 01/22 19:39:47 Job terminated.
	(1) Normal termination (return value 0)
		Usr 0 00:00:07, Sys 0 00:00:02  -  Run Remote Usage
		Usr 0 00:00:00, Sys 0 00:00:00  -  Run Local Usage
		Usr 0 00:00:07, Sys 0 00:00:02  -  Total Remote Usage
		Usr 0 00:00:00, Sys 0 00:00:00  -  Total Local Usage
	6264  -  Run Bytes Sent By Job
	316  -  Run Bytes Received By Job
	6264  -  Total Bytes Sent By Job
	316  -  Total Bytes Received By Job
	Partitionable Resources :    Usage  Request Allocated 
	   Cpus                 :        0        1         1 
	   Disk (KB)            :       35        1      3751 
	   GPUs                 :                           0 
	   Memory (MB)          :      165     3000      3000 
	   TimeExecute (s)      :       19                    
	   TimeSlotBusy (s)     :       21                    

	Job terminated of its own accord at 2026-01-22T18:39:47Z with exit-code 0.
...
