000 (9120083.000.000) 01/22 19:38:42 Job submitted from host: <188.185.6.50:9618?addrs=188.185.6.50-9618+[2001-1458-d00-62--100-2b1]-9618&alias=bigbird25.cern.ch&noUDP&sock=schedd_1627_90ad>
...
040 (9120083.000.000) 01/22 19:39:30 Started transferring input files
	Transferring to host: <188.185.211.183:9618?addrs=188.185.211.183-9618+[2001-1458-303-17--100-33]-9618&alias=b9p24p8841.cern.ch&noUDP&sock=slot1_21_6999_2db6_132979>
...
040 (9120083.000.000) 01/22 19:39:30 Finished transferring input files
...
001 (9120083.000.000) 01/22 19:39:31 Job executing on host: <188.185.211.183:9618?addrs=188.185.211.183-9618+[2001-1458-303-17--100-33]-9618&alias=b9p24p8841.cern.ch&noUDP&sock=startd_6102_0afd>
	SlotName: slot1_21@b9p24p8841.cern.ch
	CondorScratchDir = "/pool/condor/dir_1057434"
	Cpus = 1
	Disk = 3890
	GPUs = 0
	Memory = 3000
...
006 (9120083.000.000) 01/22 19:39:45 Image size of job updated: 132164
	130  -  MemoryUsage of job (MB)
	132164  -  ResidentSetSize of job (KB)
...
006 (9120083.000.000) 01/22 19:39:47 Image size of job updated: 149912
	130  -  MemoryUsage of job (MB)
	132164  -  ResidentSetSize of job (KB)
...
040 (9120083.000.000) 01/22 19:39:48 Started transferring output files
...
040 (9120083.000.000) 01/22 19:39:48 Finished transferring output files
...
005 (9120083.000.000) 01/22 19:39:48 Job terminated.
	(1) Normal termination (return value 0)
		Usr 0 00:00:03, Sys 0 00:00:02  -  Run Remote Usage
		Usr 0 00:00:00, Sys 0 00:00:00  -  Run Local Usage
		Usr 0 00:00:03, Sys 0 00:00:02  -  Total Remote Usage
		Usr 0 00:00:00, Sys 0 00:00:00  -  Total Local Usage
	5990  -  Run Bytes Sent By Job
	315  -  Run Bytes Received By Job
	5990  -  Total Bytes Sent By Job
	315  -  Total Bytes Received By Job
	Partitionable Resources :    Usage  Request Allocated 
	   Cpus                 :        0        1         1 
	   Disk (KB)            :       29        1      3890 
	   GPUs                 :                           0 
	   Memory (MB)          :      130     3000      3000 
	   TimeExecute (s)      :       16                    
	   TimeSlotBusy (s)     :       19                    

	Job terminated of its own accord at 2026-01-22T18:39:47Z with exit-code 0.
...
