000 (9120082.000.000) 01/22 19:38:42 Job submitted from host: <188.185.6.50:9618?addrs=188.185.6.50-9618+[2001-1458-d00-62--100-2b1]-9618&alias=bigbird25.cern.ch&noUDP&sock=schedd_1627_90ad>
...
040 (9120082.000.000) 01/22 19:39:36 Started transferring input files
	Transferring to host: <188.185.215.17:9618?addrs=188.185.215.17-9618+[2001-1458-303-1e--100-d]-9618&alias=b9p31p1537.cern.ch&noUDP&sock=slot1_5_3245874_9e51_52375>
...
040 (9120082.000.000) 01/22 19:39:36 Finished transferring input files
...
001 (9120082.000.000) 01/22 19:39:38 Job executing on host: <188.185.215.17:9618?addrs=188.185.215.17-9618+[2001-1458-303-1e--100-d]-9618&alias=b9p31p1537.cern.ch&noUDP&sock=startd_3242692_932e>
	SlotName: slot1_5@b9p31p1537.cern.ch
	CondorScratchDir = "/pool/condor/dir_675341"
	Cpus = 1
	Disk = 3896
	GPUs = 0
	Memory = 3000
...
006 (9120082.000.000) 01/22 19:39:51 Image size of job updated: 167268
	164  -  MemoryUsage of job (MB)
	167268  -  ResidentSetSize of job (KB)
...
006 (9120082.000.000) 01/22 19:40:11 Image size of job updated: 264080
	164  -  MemoryUsage of job (MB)
	167268  -  ResidentSetSize of job (KB)
...
040 (9120082.000.000) 01/22 19:40:11 Started transferring output files
...
040 (9120082.000.000) 01/22 19:40:11 Finished transferring output files
...
005 (9120082.000.000) 01/22 19:40:11 Job terminated.
	(1) Normal termination (return value 0)
		Usr 0 00:00:21, Sys 0 00:00:02  -  Run Remote Usage
		Usr 0 00:00:00, Sys 0 00:00:00  -  Run Local Usage
		Usr 0 00:00:21, Sys 0 00:00:02  -  Total Remote Usage
		Usr 0 00:00:00, Sys 0 00:00:00  -  Total Local Usage
	6618  -  Run Bytes Sent By Job
	315  -  Run Bytes Received By Job
	6618  -  Total Bytes Sent By Job
	315  -  Total Bytes Received By Job
	Partitionable Resources :    Usage  Request Allocated 
	   Cpus                 :        0        1         1 
	   Disk (KB)            :       30        1      3896 
	   GPUs                 :                           0 
	   Memory (MB)          :      164     3000      3000 
	   TimeExecute (s)      :       34                    
	   TimeSlotBusy (s)     :       36                    

	Job terminated of its own accord at 2026-01-22T18:40:11Z with exit-code 0.
...
