000 (9120084.000.000) 01/22 19:38:42 Job submitted from host: <188.185.6.50:9618?addrs=188.185.6.50-9618+[2001-1458-d00-62--100-2b1]-9618&alias=bigbird25.cern.ch&noUDP&sock=schedd_1627_90ad>
...
040 (9120084.000.000) 01/22 19:39:32 Started transferring input files
	Transferring to host: <188.185.193.109:9618?addrs=188.185.193.109-9618+[2001-1458-303-20--100-69]-9618&alias=b9p19p8661.cern.ch&noUDP&sock=slot1_47_6872_b211_119013>
...
040 (9120084.000.000) 01/22 19:39:32 Finished transferring input files
...
001 (9120084.000.000) 01/22 19:39:33 Job executing on host: <188.185.193.109:9618?addrs=188.185.193.109-9618+[2001-1458-303-20--100-69]-9618&alias=b9p19p8661.cern.ch&noUDP&sock=startd_5674_7874>
	SlotName: slot1_47@b9p19p8661.cern.ch
	CondorScratchDir = "/pool/condor/dir_630750"
	Cpus = 1
	Disk = 3897
	GPUs = 0
	Memory = 3000
...
006 (9120084.000.000) 01/22 19:39:46 Image size of job updated: 108596
	107  -  MemoryUsage of job (MB)
	108596  -  ResidentSetSize of job (KB)
...
006 (9120084.000.000) 01/22 19:41:27 Image size of job updated: 173512
	107  -  MemoryUsage of job (MB)
	108600  -  ResidentSetSize of job (KB)
...
040 (9120084.000.000) 01/22 19:41:27 Started transferring output files
...
040 (9120084.000.000) 01/22 19:41:27 Finished transferring output files
...
005 (9120084.000.000) 01/22 19:41:27 Job terminated.
	(1) Normal termination (return value 0)
		Usr 0 00:01:23, Sys 0 00:00:02  -  Run Remote Usage
		Usr 0 00:00:00, Sys 0 00:00:00  -  Run Local Usage
		Usr 0 00:01:23, Sys 0 00:00:02  -  Total Remote Usage
		Usr 0 00:00:00, Sys 0 00:00:00  -  Total Local Usage
	7375  -  Run Bytes Sent By Job
	314  -  Run Bytes Received By Job
	7375  -  Total Bytes Sent By Job
	314  -  Total Bytes Received By Job
	Partitionable Resources :    Usage  Request Allocated 
	   Cpus                 :        0        1         1 
	   Disk (KB)            :       31        1      3897 
	   GPUs                 :                           0 
	   Memory (MB)          :      107     3000      3000 
	   TimeExecute (s)      :      114                    
	   TimeSlotBusy (s)     :      117                    

	Job terminated of its own accord at 2026-01-22T18:41:27Z with exit-code 0.
...
