000 (9120085.000.000) 01/22 19:38:43 Job submitted from host: <188.185.6.50:9618?addrs=188.185.6.50-9618+[2001-1458-d00-62--100-2b1]-9618&alias=bigbird25.cern.ch&noUDP&sock=schedd_1627_90ad>
...
040 (9120085.000.000) 01/22 19:39:31 Started transferring input files
	Transferring to host: <188.185.213.27:9618?addrs=188.185.213.27-9618+[2001-1458-303-1a--100-17]-9618&alias=b9p27p9649.cern.ch&noUDP&sock=slot1_13_5502_6819_135393>
...
040 (9120085.000.000) 01/22 19:39:31 Finished transferring input files
...
001 (9120085.000.000) 01/22 19:39:32 Job executing on host: <188.185.213.27:9618?addrs=188.185.213.27-9618+[2001-1458-303-1a--100-17]-9618&alias=b9p27p9649.cern.ch&noUDP&sock=startd_4507_016f>
	SlotName: slot1_13@b9p27p9649.cern.ch
	CondorScratchDir = "/pool/condor/dir_2785653"
	Cpus = 1
	Disk = 3755
	GPUs = 0
	Memory = 3000
...
006 (9120085.000.000) 01/22 19:39:45 Image size of job updated: 6720
	7  -  MemoryUsage of job (MB)
	6720  -  ResidentSetSize of job (KB)
...
006 (9120085.000.000) 01/22 19:39:55 Image size of job updated: 123992
	7  -  MemoryUsage of job (MB)
	6720  -  ResidentSetSize of job (KB)
...
040 (9120085.000.000) 01/22 19:39:55 Started transferring output files
...
040 (9120085.000.000) 01/22 19:39:55 Finished transferring output files
...
005 (9120085.000.000) 01/22 19:39:55 Job terminated.
	(1) Normal termination (return value 0)
		Usr 0 00:00:03, Sys 0 00:00:02  -  Run Remote Usage
		Usr 0 00:00:00, Sys 0 00:00:00  -  Run Local Usage
		Usr 0 00:00:03, Sys 0 00:00:02  -  Total Remote Usage
		Usr 0 00:00:00, Sys 0 00:00:00  -  Total Local Usage
	5988  -  Run Bytes Sent By Job
	314  -  Run Bytes Received By Job
	5988  -  Total Bytes Sent By Job
	314  -  Total Bytes Received By Job
	Partitionable Resources :    Usage  Request Allocated 
	   Cpus                 :        0        1         1 
	   Disk (KB)            :       29        1      3755 
	   GPUs                 :                           0 
	   Memory (MB)          :        7     3000      3000 
	   TimeExecute (s)      :       23                    
	   TimeSlotBusy (s)     :       25                    

	Job terminated of its own accord at 2026-01-22T18:39:55Z with exit-code 0.
...
