000 (9120090.000.000) 01/22 19:38:44 Job submitted from host: <188.185.6.50:9618?addrs=188.185.6.50-9618+[2001-1458-d00-62--100-2b1]-9618&alias=bigbird25.cern.ch&noUDP&sock=schedd_1627_90ad>
...
040 (9120090.000.000) 01/22 19:39:33 Started transferring input files
	Transferring to host: <188.185.210.176:9618?addrs=188.185.210.176-9618+[2001-1458-303-15--100-2c]-9618&alias=b9p22p1329.cern.ch&noUDP&sock=slot1_8_3591_ef2b_159097>
...
040 (9120090.000.000) 01/22 19:39:33 Finished transferring input files
...
001 (9120090.000.000) 01/22 19:39:34 Job executing on host: <188.185.210.176:9618?addrs=188.185.210.176-9618+[2001-1458-303-15--100-2c]-9618&alias=b9p22p1329.cern.ch&noUDP&sock=startd_3014_ee89>
	SlotName: slot1_8@b9p22p1329.cern.ch
	CondorScratchDir = "/pool/condor/dir_3925796"
	Cpus = 1
	Disk = 3840
	GPUs = 0
	Memory = 3000
...
006 (9120090.000.000) 01/22 19:39:47 Image size of job updated: 173260
	170  -  MemoryUsage of job (MB)
	173260  -  ResidentSetSize of job (KB)
...
006 (9120090.000.000) 01/22 19:41:01 Image size of job updated: 256656
	170  -  MemoryUsage of job (MB)
	173260  -  ResidentSetSize of job (KB)
...
040 (9120090.000.000) 01/22 19:41:01 Started transferring output files
...
040 (9120090.000.000) 01/22 19:41:01 Finished transferring output files
...
005 (9120090.000.000) 01/22 19:41:01 Job terminated.
	(1) Normal termination (return value 0)
		Usr 0 00:00:55, Sys 0 00:00:02  -  Run Remote Usage
		Usr 0 00:00:00, Sys 0 00:00:00  -  Run Local Usage
		Usr 0 00:00:55, Sys 0 00:00:02  -  Total Remote Usage
		Usr 0 00:00:00, Sys 0 00:00:00  -  Total Local Usage
	7535  -  Run Bytes Sent By Job
	314  -  Run Bytes Received By Job
	7535  -  Total Bytes Sent By Job
	314  -  Total Bytes Received By Job
	Partitionable Resources :    Usage  Request Allocated 
	   Cpus                 :        0        1         1 
	   Disk (KB)            :       31        1      3840 
	   GPUs                 :                           0 
	   Memory (MB)          :      170     3000      3000 
	   TimeExecute (s)      :       87                    
	   TimeSlotBusy (s)     :       89                    

	Job terminated of its own accord at 2026-01-22T18:41:01Z with exit-code 0.
...
