000 (9120088.000.000) 01/22 19:38:43 Job submitted from host: <188.185.6.50:9618?addrs=188.185.6.50-9618+[2001-1458-d00-62--100-2b1]-9618&alias=bigbird25.cern.ch&noUDP&sock=schedd_1627_90ad>
...
040 (9120088.000.000) 01/22 19:39:32 Started transferring input files
	Transferring to host: <188.185.213.157:9618?addrs=188.185.213.157-9618+[2001-1458-303-1b--100-19]-9618&alias=b9p28p0960.cern.ch&noUDP&sock=slot1_15_7236_2a9f_157733>
...
040 (9120088.000.000) 01/22 19:39:32 Finished transferring input files
...
001 (9120088.000.000) 01/22 19:39:33 Job executing on host: <188.185.213.157:9618?addrs=188.185.213.157-9618+[2001-1458-303-1b--100-19]-9618&alias=b9p28p0960.cern.ch&noUDP&sock=startd_6659_193e>
	SlotName: slot1_15@b9p28p0960.cern.ch
	CondorScratchDir = "/pool/condor/dir_715624"
	Cpus = 1
	Disk = 3746
	GPUs = 0
	Memory = 3000
...
006 (9120088.000.000) 01/22 19:39:47 Image size of job updated: 173756
	170  -  MemoryUsage of job (MB)
	173756  -  ResidentSetSize of job (KB)
...
006 (9120088.000.000) 01/22 19:41:04 Image size of job updated: 233832
	170  -  MemoryUsage of job (MB)
	173756  -  ResidentSetSize of job (KB)
...
040 (9120088.000.000) 01/22 19:41:04 Started transferring output files
...
040 (9120088.000.000) 01/22 19:41:04 Finished transferring output files
...
005 (9120088.000.000) 01/22 19:41:04 Job terminated.
	(1) Normal termination (return value 0)
		Usr 0 00:00:57, Sys 0 00:00:02  -  Run Remote Usage
		Usr 0 00:00:00, Sys 0 00:00:00  -  Run Local Usage
		Usr 0 00:00:57, Sys 0 00:00:02  -  Total Remote Usage
		Usr 0 00:00:00, Sys 0 00:00:00  -  Total Local Usage
	8018  -  Run Bytes Sent By Job
	315  -  Run Bytes Received By Job
	8018  -  Total Bytes Sent By Job
	315  -  Total Bytes Received By Job
	Partitionable Resources :    Usage  Request Allocated 
	   Cpus                 :        0        1         1 
	   Disk (KB)            :       31        1      3746 
	   GPUs                 :                           0 
	   Memory (MB)          :      170     3000      3000 
	   TimeExecute (s)      :       91                    
	   TimeSlotBusy (s)     :       93                    

	Job terminated of its own accord at 2026-01-22T18:41:04Z with exit-code 0.
...
