000 (9120091.000.000) 01/22 19:38:44 Job submitted from host: <188.185.6.50:9618?addrs=188.185.6.50-9618+[2001-1458-d00-62--100-2b1]-9618&alias=bigbird25.cern.ch&noUDP&sock=schedd_1627_90ad>
...
040 (9120091.000.000) 01/22 19:39:33 Started transferring input files
	Transferring to host: <188.185.210.62:9618?addrs=188.185.210.62-9618+[2001-1458-303-1--100-3a]-9618&alias=b9p21p9921.cern.ch&noUDP&sock=slot1_8_5345_c932_30190>
...
040 (9120091.000.000) 01/22 19:39:33 Finished transferring input files
...
001 (9120091.000.000) 01/22 19:39:34 Job executing on host: <188.185.210.62:9618?addrs=188.185.210.62-9618+[2001-1458-303-1--100-3a]-9618&alias=b9p21p9921.cern.ch&noUDP&sock=startd_4311_90de>
	SlotName: slot1_8@b9p21p9921.cern.ch
	CondorScratchDir = "/pool/condor/dir_3892456"
	Cpus = 1
	Disk = 3799
	GPUs = 0
	Memory = 3000
...
006 (9120091.000.000) 01/22 19:39:45 Image size of job updated: 132132
	0  -  MemoryUsage of job (MB)
	0  -  ResidentSetSize of job (KB)
...
040 (9120091.000.000) 01/22 19:39:45 Started transferring output files
...
040 (9120091.000.000) 01/22 19:39:45 Finished transferring output files
...
005 (9120091.000.000) 01/22 19:39:45 Job terminated.
	(1) Normal termination (return value 0)
		Usr 0 00:00:02, Sys 0 00:00:01  -  Run Remote Usage
		Usr 0 00:00:00, Sys 0 00:00:00  -  Run Local Usage
		Usr 0 00:00:02, Sys 0 00:00:01  -  Total Remote Usage
		Usr 0 00:00:00, Sys 0 00:00:00  -  Total Local Usage
	5988  -  Run Bytes Sent By Job
	314  -  Run Bytes Received By Job
	5988  -  Total Bytes Sent By Job
	314  -  Total Bytes Received By Job
	Partitionable Resources :    Usage  Request Allocated 
	   Cpus                 :        0        1         1 
	   Disk (KB)            :       29        1      3799 
	   GPUs                 :                           0 
	   Memory (MB)          :        0     3000      3000 
	   TimeExecute (s)      :       11                    
	   TimeSlotBusy (s)     :       13                    

	Job terminated of its own accord at 2026-01-22T18:39:45Z with exit-code 0.
...
