000 (9119874.000.000) 01/22 18:45:29 Job submitted from host: <188.185.6.50:9618?addrs=188.185.6.50-9618+[2001-1458-d00-62--100-2b1]-9618&alias=bigbird25.cern.ch&noUDP&sock=schedd_1627_90ad>
...
040 (9119874.000.000) 01/22 18:49:10 Started transferring input files
	Transferring to host: <188.185.211.28:9618?addrs=188.185.211.28-9618+[2001-1458-303-16--100-18]-9618&alias=b9p23p1756.cern.ch&noUDP&sock=slot1_16_241744_4460_52589>
...
040 (9119874.000.000) 01/22 18:49:10 Finished transferring input files
...
001 (9119874.000.000) 01/22 18:49:11 Job executing on host: <188.185.211.28:9618?addrs=188.185.211.28-9618+[2001-1458-303-16--100-18]-9618&alias=b9p23p1756.cern.ch&noUDP&sock=startd_241096_6187>
	SlotName: slot1_16@b9p23p1756.cern.ch
	CondorScratchDir = "/pool/condor/dir_3514951"
	Cpus = 1
	Disk = 3803
	GPUs = 0
	Memory = 3000
...
006 (9119874.000.000) 01/22 18:49:24 Image size of job updated: 265384
	260  -  MemoryUsage of job (MB)
	265384  -  ResidentSetSize of job (KB)
...
006 (9119874.000.000) 01/22 18:52:16 Image size of job updated: 445204
	260  -  MemoryUsage of job (MB)
	265384  -  ResidentSetSize of job (KB)
...
040 (9119874.000.000) 01/22 18:52:16 Started transferring output files
...
040 (9119874.000.000) 01/22 18:52:17 Finished transferring output files
...
005 (9119874.000.000) 01/22 18:52:17 Job terminated.
	(1) Normal termination (return value 0)
		Usr 0 00:02:21, Sys 0 00:00:03  -  Run Remote Usage
		Usr 0 00:00:00, Sys 0 00:00:00  -  Run Local Usage
		Usr 0 00:02:21, Sys 0 00:00:03  -  Total Remote Usage
		Usr 0 00:00:00, Sys 0 00:00:00  -  Total Local Usage
	9720  -  Run Bytes Sent By Job
	322  -  Run Bytes Received By Job
	9720  -  Total Bytes Sent By Job
	322  -  Total Bytes Received By Job
	Partitionable Resources :    Usage  Request Allocated 
	   Cpus                 :        0        1         1 
	   Disk (KB)            :       33        1      3803 
	   GPUs                 :                           0 
	   Memory (MB)          :      260     3000      3000 
	   TimeExecute (s)      :      185                    
	   TimeSlotBusy (s)     :      188                    

	Job terminated of its own accord at 2026-01-22T17:52:16Z with exit-code 0.
...
