000 (9119872.000.000) 01/22 18:45:28 Job submitted from host: <188.185.6.50:9618?addrs=188.185.6.50-9618+[2001-1458-d00-62--100-2b1]-9618&alias=bigbird25.cern.ch&noUDP&sock=schedd_1627_90ad>
...
040 (9119872.000.000) 01/22 18:49:09 Started transferring input files
	Transferring to host: <188.185.206.169:9618?addrs=188.185.206.169-9618+[2001-1458-303-c--100-26]-9618&alias=b9p06p2599.cern.ch&noUDP&sock=slot1_11_1674305_164e_43545>
...
040 (9119872.000.000) 01/22 18:49:09 Finished transferring input files
...
001 (9119872.000.000) 01/22 18:49:10 Job executing on host: <188.185.206.169:9618?addrs=188.185.206.169-9618+[2001-1458-303-c--100-26]-9618&alias=b9p06p2599.cern.ch&noUDP&sock=startd_4358_cdd2>
	SlotName: slot1_11@b9p06p2599.cern.ch
	CondorScratchDir = "/pool/condor/dir_3317592"
	Cpus = 1
	Disk = 3719
	GPUs = 0
	Memory = 3000
...
006 (9119872.000.000) 01/22 18:49:24 Image size of job updated: 81844
	80  -  MemoryUsage of job (MB)
	81844  -  ResidentSetSize of job (KB)
...
006 (9119872.000.000) 01/22 18:54:00 Image size of job updated: 445212
	80  -  MemoryUsage of job (MB)
	81844  -  ResidentSetSize of job (KB)
...
040 (9119872.000.000) 01/22 18:54:00 Started transferring output files
...
040 (9119872.000.000) 01/22 18:54:00 Finished transferring output files
...
005 (9119872.000.000) 01/22 18:54:00 Job terminated.
	(1) Normal termination (return value 0)
		Usr 0 00:03:18, Sys 0 00:00:04  -  Run Remote Usage
		Usr 0 00:00:00, Sys 0 00:00:00  -  Run Local Usage
		Usr 0 00:03:18, Sys 0 00:00:04  -  Total Remote Usage
		Usr 0 00:00:00, Sys 0 00:00:00  -  Total Local Usage
	10270  -  Run Bytes Sent By Job
	322  -  Run Bytes Received By Job
	10270  -  Total Bytes Sent By Job
	322  -  Total Bytes Received By Job
	Partitionable Resources :    Usage  Request Allocated 
	   Cpus                 :     0.65        1         1 
	   Disk (KB)            :    36           1      3719 
	   GPUs                 :                           0 
	   Memory (MB)          :    80        3000      3000 
	   TimeExecute (s)      :   290                       
	   TimeSlotBusy (s)     :   292                       

	Job terminated of its own accord at 2026-01-22T17:54:00Z with exit-code 0.
...
