000 (9119873.000.000) 01/22 18:45:29 Job submitted from host: <188.185.6.50:9618?addrs=188.185.6.50-9618+[2001-1458-d00-62--100-2b1]-9618&alias=bigbird25.cern.ch&noUDP&sock=schedd_1627_90ad>
...
040 (9119873.000.000) 01/22 18:49:11 Started transferring input files
	Transferring to host: <188.185.211.87:9618?addrs=188.185.211.87-9618+[2001-1458-303-16--100-53]-9618&alias=b9p23p7245.cern.ch&noUDP&sock=slot1_16_4601_9214_136085>
...
040 (9119873.000.000) 01/22 18:49:11 Finished transferring input files
...
001 (9119873.000.000) 01/22 18:49:12 Job executing on host: <188.185.211.87:9618?addrs=188.185.211.87-9618+[2001-1458-303-16--100-53]-9618&alias=b9p23p7245.cern.ch&noUDP&sock=startd_3878_905c>
	SlotName: slot1_16@b9p23p7245.cern.ch
	CondorScratchDir = "/pool/condor/dir_201891"
	Cpus = 1
	Disk = 3779
	GPUs = 0
	Memory = 3000
...
006 (9119873.000.000) 01/22 18:49:25 Image size of job updated: 144936
	142  -  MemoryUsage of job (MB)
	144936  -  ResidentSetSize of job (KB)
...
006 (9119873.000.000) 01/22 18:54:25 Image size of job updated: 436892
	315  -  MemoryUsage of job (MB)
	322208  -  ResidentSetSize of job (KB)
...
040 (9119873.000.000) 01/22 18:54:50 Started transferring output files
...
040 (9119873.000.000) 01/22 18:54:50 Finished transferring output files
...
005 (9119873.000.000) 01/22 18:54:50 Job terminated.
	(1) Normal termination (return value 0)
		Usr 0 00:03:37, Sys 0 00:00:04  -  Run Remote Usage
		Usr 0 00:00:00, Sys 0 00:00:00  -  Run Local Usage
		Usr 0 00:03:37, Sys 0 00:00:04  -  Total Remote Usage
		Usr 0 00:00:00, Sys 0 00:00:00  -  Total Local Usage
	10392  -  Run Bytes Sent By Job
	322  -  Run Bytes Received By Job
	10392  -  Total Bytes Sent By Job
	322  -  Total Bytes Received By Job
	Partitionable Resources :    Usage  Request Allocated 
	   Cpus                 :     0.56        1         1 
	   Disk (KB)            :    34           1      3779 
	   GPUs                 :                           0 
	   Memory (MB)          :   315        3000      3000 
	   TimeExecute (s)      :   337                       
	   TimeSlotBusy (s)     :   340                       

	Job terminated of its own accord at 2026-01-22T17:54:49Z with exit-code 0.
...
