000 (9119871.000.000) 01/22 18:45:28 Job submitted from host: <188.185.6.50:9618?addrs=188.185.6.50-9618+[2001-1458-d00-62--100-2b1]-9618&alias=bigbird25.cern.ch&noUDP&sock=schedd_1627_90ad>
...
040 (9119871.000.000) 01/22 18:49:20 Started transferring input files
	Transferring to host: <188.185.210.70:9618?addrs=188.185.210.70-9618+[2001-1458-303-1--100-42]-9618&alias=b9p21p2877.cern.ch&noUDP&sock=slot1_23_4751_425a_133798>
...
040 (9119871.000.000) 01/22 18:49:20 Finished transferring input files
...
001 (9119871.000.000) 01/22 18:49:21 Job executing on host: <188.185.210.70:9618?addrs=188.185.210.70-9618+[2001-1458-303-1--100-42]-9618&alias=b9p21p2877.cern.ch&noUDP&sock=startd_3949_4396>
	SlotName: slot1_23@b9p21p2877.cern.ch
	CondorScratchDir = "/pool/condor/dir_3843665"
	Cpus = 1
	Disk = 3754
	GPUs = 0
	Memory = 3000
...
006 (9119871.000.000) 01/22 18:49:34 Image size of job updated: 88212
	0  -  MemoryUsage of job (MB)
	0  -  ResidentSetSize of job (KB)
...
040 (9119871.000.000) 01/22 18:49:34 Started transferring output files
...
040 (9119871.000.000) 01/22 18:49:34 Finished transferring output files
...
005 (9119871.000.000) 01/22 18:49:34 Job terminated.
	(1) Normal termination (return value 0)
		Usr 0 00:00:03, Sys 0 00:00:01  -  Run Remote Usage
		Usr 0 00:00:00, Sys 0 00:00:00  -  Run Local Usage
		Usr 0 00:00:03, Sys 0 00:00:01  -  Total Remote Usage
		Usr 0 00:00:00, Sys 0 00:00:00  -  Total Local Usage
	6023  -  Run Bytes Sent By Job
	326  -  Run Bytes Received By Job
	6023  -  Total Bytes Sent By Job
	326  -  Total Bytes Received By Job
	Partitionable Resources :    Usage  Request Allocated 
	   Cpus                 :        0        1         1 
	   Disk (KB)            :       29        1      3754 
	   GPUs                 :                           0 
	   Memory (MB)          :        0     3000      3000 
	   TimeExecute (s)      :       13                    
	   TimeSlotBusy (s)     :       15                    

	Job terminated of its own accord at 2026-01-22T17:49:34Z with exit-code 0.
...
