000 (9119870.000.000) 01/22 18:45:28 Job submitted from host: <188.185.6.50:9618?addrs=188.185.6.50-9618+[2001-1458-d00-62--100-2b1]-9618&alias=bigbird25.cern.ch&noUDP&sock=schedd_1627_90ad>
...
040 (9119870.000.000) 01/22 18:49:09 Started transferring input files
	Transferring to host: <188.185.212.166:9618?addrs=188.185.212.166-9618+[2001-1458-303-19--100-22]-9618&alias=b9p26p4943.cern.ch&noUDP&sock=slot1_33_5494_c518_131114>
...
040 (9119870.000.000) 01/22 18:49:09 Finished transferring input files
...
001 (9119870.000.000) 01/22 18:49:10 Job executing on host: <188.185.212.166:9618?addrs=188.185.212.166-9618+[2001-1458-303-19--100-22]-9618&alias=b9p26p4943.cern.ch&noUDP&sock=startd_4485_ea59>
	SlotName: slot1_33@b9p26p4943.cern.ch
	CondorScratchDir = "/pool/condor/dir_3771684"
	Cpus = 1
	Disk = 3881
	GPUs = 0
	Memory = 3000
...
006 (9119870.000.000) 01/22 18:49:23 Image size of job updated: 132348
	130  -  MemoryUsage of job (MB)
	132348  -  ResidentSetSize of job (KB)
...
006 (9119870.000.000) 01/22 18:49:25 Image size of job updated: 165116
	130  -  MemoryUsage of job (MB)
	132416  -  ResidentSetSize of job (KB)
...
040 (9119870.000.000) 01/22 18:49:25 Started transferring output files
...
040 (9119870.000.000) 01/22 18:49:25 Finished transferring output files
...
005 (9119870.000.000) 01/22 18:49:25 Job terminated.
	(1) Normal termination (return value 0)
		Usr 0 00:00:04, Sys 0 00:00:02  -  Run Remote Usage
		Usr 0 00:00:00, Sys 0 00:00:00  -  Run Local Usage
		Usr 0 00:00:04, Sys 0 00:00:02  -  Total Remote Usage
		Usr 0 00:00:00, Sys 0 00:00:00  -  Total Local Usage
	6227  -  Run Bytes Sent By Job
	326  -  Run Bytes Received By Job
	6227  -  Total Bytes Sent By Job
	326  -  Total Bytes Received By Job
	Partitionable Resources :    Usage  Request Allocated 
	   Cpus                 :        0        1         1 
	   Disk (KB)            :       30        1      3881 
	   GPUs                 :                           0 
	   Memory (MB)          :      130     3000      3000 
	   TimeExecute (s)      :       15                    
	   TimeSlotBusy (s)     :       17                    

	Job terminated of its own accord at 2026-01-22T17:49:25Z with exit-code 0.
...
