000 (9119869.000.000) 01/22 18:45:28 Job submitted from host: <188.185.6.50:9618?addrs=188.185.6.50-9618+[2001-1458-d00-62--100-2b1]-9618&alias=bigbird25.cern.ch&noUDP&sock=schedd_1627_90ad>
...
040 (9119869.000.000) 01/22 18:49:08 Started transferring input files
	Transferring to host: <188.185.215.78:9618?addrs=188.185.215.78-9618+[2001-1458-303-1e--100-4a]-9618&alias=b9p31p8056.cern.ch&noUDP&sock=slot1_8_5239_196e_90356>
...
040 (9119869.000.000) 01/22 18:49:08 Finished transferring input files
...
001 (9119869.000.000) 01/22 18:49:09 Job executing on host: <188.185.215.78:9618?addrs=188.185.215.78-9618+[2001-1458-303-1e--100-4a]-9618&alias=b9p31p8056.cern.ch&noUDP&sock=startd_4252_18c8>
	SlotName: slot1_8@b9p31p8056.cern.ch
	CondorScratchDir = "/pool/condor/dir_3480684"
	Cpus = 1
	Disk = 3765
	GPUs = 0
	Memory = 3000
...
006 (9119869.000.000) 01/22 18:49:22 Image size of job updated: 174380
	171  -  MemoryUsage of job (MB)
	174380  -  ResidentSetSize of job (KB)
...
006 (9119869.000.000) 01/22 18:51:28 Image size of job updated: 233804
	171  -  MemoryUsage of job (MB)
	174380  -  ResidentSetSize of job (KB)
...
040 (9119869.000.000) 01/22 18:51:28 Started transferring output files
...
040 (9119869.000.000) 01/22 18:51:28 Finished transferring output files
...
005 (9119869.000.000) 01/22 18:51:28 Job terminated.
	(1) Normal termination (return value 0)
		Usr 0 00:02:01, Sys 0 00:00:03  -  Run Remote Usage
		Usr 0 00:00:00, Sys 0 00:00:00  -  Run Local Usage
		Usr 0 00:02:01, Sys 0 00:00:03  -  Total Remote Usage
		Usr 0 00:00:00, Sys 0 00:00:00  -  Total Local Usage
	9178  -  Run Bytes Sent By Job
	326  -  Run Bytes Received By Job
	9178  -  Total Bytes Sent By Job
	326  -  Total Bytes Received By Job
	Partitionable Resources :    Usage  Request Allocated 
	   Cpus                 :        0        1         1 
	   Disk (KB)            :       33        1      3765 
	   GPUs                 :                           0 
	   Memory (MB)          :      171     3000      3000 
	   TimeExecute (s)      :      139                    
	   TimeSlotBusy (s)     :      140                    

	Job terminated of its own accord at 2026-01-22T17:51:28Z with exit-code 0.
...
