000 (9119865.000.000) 01/22 18:45:27 Job submitted from host: <188.185.6.50:9618?addrs=188.185.6.50-9618+[2001-1458-d00-62--100-2b1]-9618&alias=bigbird25.cern.ch&noUDP&sock=schedd_1627_90ad>
...
040 (9119865.000.000) 01/22 18:49:07 Started transferring input files
	Transferring to host: <188.185.214.82:9618?addrs=188.185.214.82-9618+[2001-1458-303-1c--100-4e]-9618&alias=b9p29p5269.cern.ch&noUDP&sock=slot1_9_3098_9237_153764>
...
040 (9119865.000.000) 01/22 18:49:07 Finished transferring input files
...
001 (9119865.000.000) 01/22 18:49:08 Job executing on host: <188.185.214.82:9618?addrs=188.185.214.82-9618+[2001-1458-303-1c--100-4e]-9618&alias=b9p29p5269.cern.ch&noUDP&sock=startd_2640_661d>
	SlotName: slot1_9@b9p29p5269.cern.ch
	CondorScratchDir = "/pool/condor/dir_2327012"
	Cpus = 1
	Disk = 3792
	GPUs = 0
	Memory = 3000
...
006 (9119865.000.000) 01/22 18:49:22 Image size of job updated: 134988
	132  -  MemoryUsage of job (MB)
	134988  -  ResidentSetSize of job (KB)
...
006 (9119865.000.000) 01/22 18:51:46 Image size of job updated: 246772
	132  -  MemoryUsage of job (MB)
	134988  -  ResidentSetSize of job (KB)
...
040 (9119865.000.000) 01/22 18:51:46 Started transferring output files
...
040 (9119865.000.000) 01/22 18:51:46 Finished transferring output files
...
005 (9119865.000.000) 01/22 18:51:46 Job terminated.
	(1) Normal termination (return value 0)
		Usr 0 00:01:47, Sys 0 00:00:03  -  Run Remote Usage
		Usr 0 00:00:00, Sys 0 00:00:00  -  Run Local Usage
		Usr 0 00:01:47, Sys 0 00:00:03  -  Total Remote Usage
		Usr 0 00:00:00, Sys 0 00:00:00  -  Total Local Usage
	8293  -  Run Bytes Sent By Job
	326  -  Run Bytes Received By Job
	8293  -  Total Bytes Sent By Job
	326  -  Total Bytes Received By Job
	Partitionable Resources :    Usage  Request Allocated 
	   Cpus                 :                 1         1 
	   Disk (KB)            :       23        1      3792 
	   GPUs                 :                           0 
	   Memory (MB)          :      132     3000      3000 
	   TimeExecute (s)      :      158                    
	   TimeSlotBusy (s)     :      160                    

	Job terminated of its own accord at 2026-01-22T17:51:46Z with exit-code 0.
...
