000 (9119864.000.000) 01/22 18:45:26 Job submitted from host: <188.185.6.50:9618?addrs=188.185.6.50-9618+[2001-1458-d00-62--100-2b1]-9618&alias=bigbird25.cern.ch&noUDP&sock=schedd_1627_90ad>
...
040 (9119864.000.000) 01/22 18:49:07 Started transferring input files
	Transferring to host: <188.185.213.148:9618?addrs=188.185.213.148-9618+[2001-1458-303-1b--100-10]-9618&alias=b9p28p0002.cern.ch&noUDP&sock=slot1_3_4516_ae31_157530>
...
040 (9119864.000.000) 01/22 18:49:07 Finished transferring input files
...
001 (9119864.000.000) 01/22 18:49:08 Job executing on host: <188.185.213.148:9618?addrs=188.185.213.148-9618+[2001-1458-303-1b--100-10]-9618&alias=b9p28p0002.cern.ch&noUDP&sock=startd_3840_7fc3>
	SlotName: slot1_3@b9p28p0002.cern.ch
	CondorScratchDir = "/pool/condor/dir_1227772"
	Cpus = 1
	Disk = 3863
	GPUs = 0
	Memory = 3000
...
006 (9119864.000.000) 01/22 18:49:22 Image size of job updated: 172240
	169  -  MemoryUsage of job (MB)
	172240  -  ResidentSetSize of job (KB)
...
006 (9119864.000.000) 01/22 18:49:59 Image size of job updated: 236872
	169  -  MemoryUsage of job (MB)
	172240  -  ResidentSetSize of job (KB)
...
040 (9119864.000.000) 01/22 18:49:59 Started transferring output files
...
040 (9119864.000.000) 01/22 18:49:59 Finished transferring output files
...
005 (9119864.000.000) 01/22 18:49:59 Job terminated.
	(1) Normal termination (return value 0)
		Usr 0 00:00:35, Sys 0 00:00:02  -  Run Remote Usage
		Usr 0 00:00:00, Sys 0 00:00:00  -  Run Local Usage
		Usr 0 00:00:35, Sys 0 00:00:02  -  Total Remote Usage
		Usr 0 00:00:00, Sys 0 00:00:00  -  Total Local Usage
	6994  -  Run Bytes Sent By Job
	326  -  Run Bytes Received By Job
	6994  -  Total Bytes Sent By Job
	326  -  Total Bytes Received By Job
	Partitionable Resources :    Usage  Request Allocated 
	   Cpus                 :        0        1         1 
	   Disk (KB)            :       30        1      3863 
	   GPUs                 :                           0 
	   Memory (MB)          :      169     3000      3000 
	   TimeExecute (s)      :       51                    
	   TimeSlotBusy (s)     :       53                    

	Job terminated of its own accord at 2026-01-22T17:49:59Z with exit-code 0.
...
