000 (9119868.000.000) 01/22 18:45:27 Job submitted from host: <188.185.6.50:9618?addrs=188.185.6.50-9618+[2001-1458-d00-62--100-2b1]-9618&alias=bigbird25.cern.ch&noUDP&sock=schedd_1627_90ad>
...
040 (9119868.000.000) 01/22 18:49:09 Started transferring input files
	Transferring to host: <188.185.211.220:9618?addrs=188.185.211.220-9618+[2001-1458-303-17--100-58]-9618&alias=b9p24p7039.cern.ch&noUDP&sock=slot1_20_552728_a0c6_50077>
...
040 (9119868.000.000) 01/22 18:49:09 Finished transferring input files
...
001 (9119868.000.000) 01/22 18:49:10 Job executing on host: <188.185.211.220:9618?addrs=188.185.211.220-9618+[2001-1458-303-17--100-58]-9618&alias=b9p24p7039.cern.ch&noUDP&sock=startd_2637_5754>
	SlotName: slot1_20@b9p24p7039.cern.ch
	CondorScratchDir = "/pool/condor/dir_2558943"
	Cpus = 1
	Disk = 3758
	GPUs = 0
	Memory = 3000
...
006 (9119868.000.000) 01/22 18:49:24 Image size of job updated: 129532
	127  -  MemoryUsage of job (MB)
	129532  -  ResidentSetSize of job (KB)
...
006 (9119868.000.000) 01/22 18:53:03 Image size of job updated: 243468
	127  -  MemoryUsage of job (MB)
	129532  -  ResidentSetSize of job (KB)
...
040 (9119868.000.000) 01/22 18:53:03 Started transferring output files
...
040 (9119868.000.000) 01/22 18:53:03 Finished transferring output files
...
005 (9119868.000.000) 01/22 18:53:03 Job terminated.
	(1) Normal termination (return value 0)
		Usr 0 00:03:06, Sys 0 00:00:03  -  Run Remote Usage
		Usr 0 00:00:00, Sys 0 00:00:00  -  Run Local Usage
		Usr 0 00:03:06, Sys 0 00:00:03  -  Total Remote Usage
		Usr 0 00:00:00, Sys 0 00:00:00  -  Total Local Usage
	10274  -  Run Bytes Sent By Job
	326  -  Run Bytes Received By Job
	10274  -  Total Bytes Sent By Job
	326  -  Total Bytes Received By Job
	Partitionable Resources :    Usage  Request Allocated 
	   Cpus                 :        0        1         1 
	   Disk (KB)            :       34        1      3758 
	   GPUs                 :                           0 
	   Memory (MB)          :      127     3000      3000 
	   TimeExecute (s)      :      233                    
	   TimeSlotBusy (s)     :      236                    

	Job terminated of its own accord at 2026-01-22T17:53:03Z with exit-code 0.
...
