000 (9119862.000.000) 01/22 18:45:26 Job submitted from host: <188.185.6.50:9618?addrs=188.185.6.50-9618+[2001-1458-d00-62--100-2b1]-9618&alias=bigbird25.cern.ch&noUDP&sock=schedd_1627_90ad>
...
040 (9119862.000.000) 01/22 18:49:07 Started transferring input files
	Transferring to host: <188.185.213.186:9618?addrs=188.185.213.186-9618+[2001-1458-303-1b--100-36]-9618&alias=b9p28p9859.cern.ch&noUDP&sock=slot1_8_3932_3319_155149>
...
040 (9119862.000.000) 01/22 18:49:07 Finished transferring input files
...
001 (9119862.000.000) 01/22 18:49:08 Job executing on host: <188.185.213.186:9618?addrs=188.185.213.186-9618+[2001-1458-303-1b--100-36]-9618&alias=b9p28p9859.cern.ch&noUDP&sock=startd_3214_1d7a>
	SlotName: slot1_8@b9p28p9859.cern.ch
	CondorScratchDir = "/pool/condor/dir_3340099"
	Cpus = 1
	Disk = 3749
	GPUs = 0
	Memory = 3000
...
006 (9119862.000.000) 01/22 18:49:21 Image size of job updated: 166636
	163  -  MemoryUsage of job (MB)
	166636  -  ResidentSetSize of job (KB)
...
006 (9119862.000.000) 01/22 18:51:17 Image size of job updated: 166644
	163  -  MemoryUsage of job (MB)
	166636  -  ResidentSetSize of job (KB)
...
040 (9119862.000.000) 01/22 18:51:17 Started transferring output files
...
040 (9119862.000.000) 01/22 18:51:17 Finished transferring output files
...
005 (9119862.000.000) 01/22 18:51:17 Job terminated.
	(1) Normal termination (return value 0)
		Usr 0 00:01:21, Sys 0 00:00:02  -  Run Remote Usage
		Usr 0 00:00:00, Sys 0 00:00:00  -  Run Local Usage
		Usr 0 00:01:21, Sys 0 00:00:02  -  Total Remote Usage
		Usr 0 00:00:00, Sys 0 00:00:00  -  Total Local Usage
	8573  -  Run Bytes Sent By Job
	326  -  Run Bytes Received By Job
	8573  -  Total Bytes Sent By Job
	326  -  Total Bytes Received By Job
	Partitionable Resources :    Usage  Request Allocated 
	   Cpus                 :        0        1         1 
	   Disk (KB)            :       32        1      3749 
	   GPUs                 :                           0 
	   Memory (MB)          :      163     3000      3000 
	   TimeExecute (s)      :      129                    
	   TimeSlotBusy (s)     :      131                    

	Job terminated of its own accord at 2026-01-22T17:51:17Z with exit-code 0.
...
