000 (9119863.000.000) 01/22 18:45:26 Job submitted from host: <188.185.6.50:9618?addrs=188.185.6.50-9618+[2001-1458-d00-62--100-2b1]-9618&alias=bigbird25.cern.ch&noUDP&sock=schedd_1627_90ad>
...
040 (9119863.000.000) 01/22 18:49:10 Started transferring input files
	Transferring to host: <188.185.210.173:9618?addrs=188.185.210.173-9618+[2001-1458-303-15--100-29]-9618&alias=b9p22p6887.cern.ch&noUDP&sock=slot1_15_6060_9170_162709>
...
040 (9119863.000.000) 01/22 18:49:10 Finished transferring input files
...
001 (9119863.000.000) 01/22 18:49:11 Job executing on host: <188.185.210.173:9618?addrs=188.185.210.173-9618+[2001-1458-303-15--100-29]-9618&alias=b9p22p6887.cern.ch&noUDP&sock=startd_5249_f4b4>
	SlotName: slot1_15@b9p22p6887.cern.ch
	CondorScratchDir = "/pool/condor/dir_1113906"
	Cpus = 1
	Disk = 3909
	GPUs = 0
	Memory = 3000
...
006 (9119863.000.000) 01/22 18:49:24 Image size of job updated: 172232
	169  -  MemoryUsage of job (MB)
	172232  -  ResidentSetSize of job (KB)
...
006 (9119863.000.000) 01/22 18:52:11 Image size of job updated: 248388
	169  -  MemoryUsage of job (MB)
	172232  -  ResidentSetSize of job (KB)
...
040 (9119863.000.000) 01/22 18:52:11 Started transferring output files
...
040 (9119863.000.000) 01/22 18:52:11 Finished transferring output files
...
005 (9119863.000.000) 01/22 18:52:11 Job terminated.
	(1) Normal termination (return value 0)
		Usr 0 00:02:38, Sys 0 00:00:03  -  Run Remote Usage
		Usr 0 00:00:00, Sys 0 00:00:00  -  Run Local Usage
		Usr 0 00:02:38, Sys 0 00:00:03  -  Total Remote Usage
		Usr 0 00:00:00, Sys 0 00:00:00  -  Total Local Usage
	10274  -  Run Bytes Sent By Job
	326  -  Run Bytes Received By Job
	10274  -  Total Bytes Sent By Job
	326  -  Total Bytes Received By Job
	Partitionable Resources :    Usage  Request Allocated 
	   Cpus                 :     0.06        1         1 
	   Disk (KB)            :    33           1      3909 
	   GPUs                 :                           0 
	   Memory (MB)          :   169        3000      3000 
	   TimeExecute (s)      :   180                       
	   TimeSlotBusy (s)     :   182                       

	Job terminated of its own accord at 2026-01-22T17:52:11Z with exit-code 0.
...
