000 (9119897.000.000) 01/22 18:45:35 Job submitted from host: <188.185.6.50:9618?addrs=188.185.6.50-9618+[2001-1458-d00-62--100-2b1]-9618&alias=bigbird25.cern.ch&noUDP&sock=schedd_1627_90ad>
...
040 (9119897.000.000) 01/22 18:49:19 Started transferring input files
	Transferring to host: <188.185.206.159:9618?addrs=188.185.206.159-9618+[2001-1458-303-c--100-1c]-9618&alias=b9p06p8389.cern.ch&noUDP&sock=slot1_8_2910324_49c4_100587>
...
040 (9119897.000.000) 01/22 18:49:19 Finished transferring input files
...
001 (9119897.000.000) 01/22 18:49:20 Job executing on host: <188.185.206.159:9618?addrs=188.185.206.159-9618+[2001-1458-303-c--100-1c]-9618&alias=b9p06p8389.cern.ch&noUDP&sock=startd_3591_b4ae>
	SlotName: slot1_8@b9p06p8389.cern.ch
	CondorScratchDir = "/pool/condor/dir_1151332"
	Cpus = 1
	Disk = 3608
	GPUs = 0
	Memory = 3000
...
006 (9119897.000.000) 01/22 18:49:33 Image size of job updated: 158972
	156  -  MemoryUsage of job (MB)
	158972  -  ResidentSetSize of job (KB)
...
006 (9119897.000.000) 01/22 18:49:33 Image size of job updated: 158976
	156  -  MemoryUsage of job (MB)
	158976  -  ResidentSetSize of job (KB)
...
040 (9119897.000.000) 01/22 18:49:33 Started transferring output files
...
040 (9119897.000.000) 01/22 18:49:33 Finished transferring output files
...
005 (9119897.000.000) 01/22 18:49:33 Job terminated.
	(1) Normal termination (return value 0)
		Usr 0 00:00:03, Sys 0 00:00:01  -  Run Remote Usage
		Usr 0 00:00:00, Sys 0 00:00:00  -  Run Local Usage
		Usr 0 00:00:03, Sys 0 00:00:01  -  Total Remote Usage
		Usr 0 00:00:00, Sys 0 00:00:00  -  Total Local Usage
	6004  -  Run Bytes Sent By Job
	323  -  Run Bytes Received By Job
	6004  -  Total Bytes Sent By Job
	323  -  Total Bytes Received By Job
	Partitionable Resources :    Usage  Request Allocated 
	   Cpus                 :        0        1         1 
	   Disk (KB)            :       31        1      3608 
	   GPUs                 :                           0 
	   Memory (MB)          :      156     3000      3000 
	   TimeExecute (s)      :       13                    
	   TimeSlotBusy (s)     :       16                    

	Job terminated of its own accord at 2026-01-22T17:49:33Z with exit-code 0.
...
