000 (9119896.000.000) 01/22 18:45:35 Job submitted from host: <188.185.6.50:9618?addrs=188.185.6.50-9618+[2001-1458-d00-62--100-2b1]-9618&alias=bigbird25.cern.ch&noUDP&sock=schedd_1627_90ad>
...
040 (9119896.000.000) 01/22 18:49:17 Started transferring input files
	Transferring to host: <128.142.192.191:9618?addrs=128.142.192.191-9618+[2001-1458-301-56--100-3b]-9618&alias=b9g18p8202.cern.ch&noUDP&sock=slot1_13_3482257_d37e_68074>
...
040 (9119896.000.000) 01/22 18:49:17 Finished transferring input files
...
001 (9119896.000.000) 01/22 18:49:18 Job executing on host: <128.142.192.191:9618?addrs=128.142.192.191-9618+[2001-1458-301-56--100-3b]-9618&alias=b9g18p8202.cern.ch&noUDP&sock=startd_2653_50d8>
	SlotName: slot1_13@b9g18p8202.cern.ch
	CondorScratchDir = "/pool/condor/dir_1922330"
	Cpus = 1
	Disk = 3813
	GPUs = 0
	Memory = 3000
...
006 (9119896.000.000) 01/22 18:49:31 Image size of job updated: 123516
	121  -  MemoryUsage of job (MB)
	123516  -  ResidentSetSize of job (KB)
...
006 (9119896.000.000) 01/22 18:50:34 Image size of job updated: 167088
	121  -  MemoryUsage of job (MB)
	123516  -  ResidentSetSize of job (KB)
...
040 (9119896.000.000) 01/22 18:50:34 Started transferring output files
...
040 (9119896.000.000) 01/22 18:50:34 Finished transferring output files
...
005 (9119896.000.000) 01/22 18:50:34 Job terminated.
	(1) Normal termination (return value 0)
		Usr 0 00:00:52, Sys 0 00:00:01  -  Run Remote Usage
		Usr 0 00:00:00, Sys 0 00:00:00  -  Run Local Usage
		Usr 0 00:00:52, Sys 0 00:00:01  -  Total Remote Usage
		Usr 0 00:00:00, Sys 0 00:00:00  -  Total Local Usage
	6760  -  Run Bytes Sent By Job
	323  -  Run Bytes Received By Job
	6760  -  Total Bytes Sent By Job
	323  -  Total Bytes Received By Job
	Partitionable Resources :    Usage  Request Allocated 
	   Cpus                 :        0        1         1 
	   Disk (KB)            :       30        1      3813 
	   GPUs                 :                           0 
	   Memory (MB)          :      121     3000      3000 
	   TimeExecute (s)      :       76                    
	   TimeSlotBusy (s)     :       77                    

	Job terminated of its own accord at 2026-01-22T17:50:34Z with exit-code 0.
...
