000 (9119900.000.000) 01/22 18:45:36 Job submitted from host: <188.185.6.50:9618?addrs=188.185.6.50-9618+[2001-1458-d00-62--100-2b1]-9618&alias=bigbird25.cern.ch&noUDP&sock=schedd_1627_90ad>
...
040 (9119900.000.000) 01/22 18:49:23 Started transferring input files
	Transferring to host: <188.185.206.97:9618?addrs=188.185.206.97-9618+[2001-1458-303-b--100-5e]-9618&alias=b9p05p8220.cern.ch&noUDP&sock=slot1_6_3628793_b1c5_109276>
...
040 (9119900.000.000) 01/22 18:49:23 Finished transferring input files
...
001 (9119900.000.000) 01/22 18:49:24 Job executing on host: <188.185.206.97:9618?addrs=188.185.206.97-9618+[2001-1458-303-b--100-5e]-9618&alias=b9p05p8220.cern.ch&noUDP&sock=startd_6210_1f38>
	SlotName: slot1_6@b9p05p8220.cern.ch
	CondorScratchDir = "/pool/condor/dir_1431435"
	Cpus = 1
	Disk = 3703
	GPUs = 0
	Memory = 3000
...
006 (9119900.000.000) 01/22 18:49:38 Image size of job updated: 56856
	56  -  MemoryUsage of job (MB)
	56856  -  ResidentSetSize of job (KB)
...
006 (9119900.000.000) 01/22 18:50:04 Image size of job updated: 166732
	56  -  MemoryUsage of job (MB)
	56856  -  ResidentSetSize of job (KB)
...
040 (9119900.000.000) 01/22 18:50:05 Started transferring output files
...
040 (9119900.000.000) 01/22 18:50:05 Finished transferring output files
...
005 (9119900.000.000) 01/22 18:50:05 Job terminated.
	(1) Normal termination (return value 0)
		Usr 0 00:00:17, Sys 0 00:00:02  -  Run Remote Usage
		Usr 0 00:00:00, Sys 0 00:00:00  -  Run Local Usage
		Usr 0 00:00:17, Sys 0 00:00:02  -  Total Remote Usage
		Usr 0 00:00:00, Sys 0 00:00:00  -  Total Local Usage
	6490  -  Run Bytes Sent By Job
	316  -  Run Bytes Received By Job
	6490  -  Total Bytes Sent By Job
	316  -  Total Bytes Received By Job
	Partitionable Resources :    Usage  Request Allocated 
	   Cpus                 :        0        1         1 
	   Disk (KB)            :       32        1      3703 
	   GPUs                 :                           0 
	   Memory (MB)          :       56     3000      3000 
	   TimeExecute (s)      :       40                    
	   TimeSlotBusy (s)     :       49                    

	Job terminated of its own accord at 2026-01-22T17:50:04Z with exit-code 0.
...
