000 (9119899.000.000) 01/22 18:45:35 Job submitted from host: <188.185.6.50:9618?addrs=188.185.6.50-9618+[2001-1458-d00-62--100-2b1]-9618&alias=bigbird25.cern.ch&noUDP&sock=schedd_1627_90ad>
...
040 (9119899.000.000) 01/22 18:49:12 Started transferring input files
	Transferring to host: <188.185.209.199:9618?addrs=188.185.209.199-9618+[2001-1458-303-12--100-44]-9618&alias=b9p12p6840.cern.ch&noUDP&sock=slot1_21_4600_ddb4_114545>
...
040 (9119899.000.000) 01/22 18:49:12 Finished transferring input files
...
001 (9119899.000.000) 01/22 18:49:13 Job executing on host: <188.185.209.199:9618?addrs=188.185.209.199-9618+[2001-1458-303-12--100-44]-9618&alias=b9p12p6840.cern.ch&noUDP&sock=startd_3879_3ff5>
	SlotName: slot1_21@b9p12p6840.cern.ch
	CondorScratchDir = "/pool/condor/dir_2314826"
	Cpus = 1
	Disk = 3624
	GPUs = 0
	Memory = 3000
...
006 (9119899.000.000) 01/22 18:49:27 Image size of job updated: 59828
	59  -  MemoryUsage of job (MB)
	59828  -  ResidentSetSize of job (KB)
...
006 (9119899.000.000) 01/22 18:49:37 Image size of job updated: 130188
	59  -  MemoryUsage of job (MB)
	60212  -  ResidentSetSize of job (KB)
...
040 (9119899.000.000) 01/22 18:49:37 Started transferring output files
...
040 (9119899.000.000) 01/22 18:49:37 Finished transferring output files
...
005 (9119899.000.000) 01/22 18:49:37 Job terminated.
	(1) Normal termination (return value 0)
		Usr 0 00:00:03, Sys 0 00:00:02  -  Run Remote Usage
		Usr 0 00:00:00, Sys 0 00:00:00  -  Run Local Usage
		Usr 0 00:00:03, Sys 0 00:00:02  -  Total Remote Usage
		Usr 0 00:00:00, Sys 0 00:00:00  -  Total Local Usage
	6012  -  Run Bytes Sent By Job
	327  -  Run Bytes Received By Job
	6012  -  Total Bytes Sent By Job
	327  -  Total Bytes Received By Job
	Partitionable Resources :    Usage  Request Allocated 
	   Cpus                 :        0        1         1 
	   Disk (KB)            :       33        1      3624 
	   GPUs                 :                           0 
	   Memory (MB)          :       59     3000      3000 
	   TimeExecute (s)      :       24                    
	   TimeSlotBusy (s)     :       26                    

	Job terminated of its own accord at 2026-01-22T17:49:37Z with exit-code 0.
...
