000 (9119903.000.000) 01/22 18:45:36 Job submitted from host: <188.185.6.50:9618?addrs=188.185.6.50-9618+[2001-1458-d00-62--100-2b1]-9618&alias=bigbird25.cern.ch&noUDP&sock=schedd_1627_90ad>
...
040 (9119903.000.000) 01/22 18:49:19 Started transferring input files
	Transferring to host: <188.185.209.19:9618?addrs=188.185.209.19-9618+[2001-1458-303-11--100-10]-9618&alias=b9p11p3677.cern.ch&noUDP&sock=slot1_25_5828_1a66_111303>
...
040 (9119903.000.000) 01/22 18:49:19 Finished transferring input files
...
001 (9119903.000.000) 01/22 18:49:20 Job executing on host: <188.185.209.19:9618?addrs=188.185.209.19-9618+[2001-1458-303-11--100-10]-9618&alias=b9p11p3677.cern.ch&noUDP&sock=startd_4767_580e>
	SlotName: slot1_25@b9p11p3677.cern.ch
	CondorScratchDir = "/pool/condor/dir_950187"
	Cpus = 1
	Disk = 3791
	GPUs = 0
	Memory = 3000
...
006 (9119903.000.000) 01/22 18:49:33 Image size of job updated: 77232
	0  -  MemoryUsage of job (MB)
	0  -  ResidentSetSize of job (KB)
...
040 (9119903.000.000) 01/22 18:49:33 Started transferring output files
...
040 (9119903.000.000) 01/22 18:49:33 Finished transferring output files
...
005 (9119903.000.000) 01/22 18:49:33 Job terminated.
	(1) Normal termination (return value 0)
		Usr 0 00:00:03, Sys 0 00:00:02  -  Run Remote Usage
		Usr 0 00:00:00, Sys 0 00:00:00  -  Run Local Usage
		Usr 0 00:00:03, Sys 0 00:00:02  -  Total Remote Usage
		Usr 0 00:00:00, Sys 0 00:00:00  -  Total Local Usage
	5998  -  Run Bytes Sent By Job
	320  -  Run Bytes Received By Job
	5998  -  Total Bytes Sent By Job
	320  -  Total Bytes Received By Job
	Partitionable Resources :    Usage  Request Allocated 
	   Cpus                 :        0        1         1 
	   Disk (KB)            :       33        1      3791 
	   GPUs                 :                           0 
	   Memory (MB)          :        0     3000      3000 
	   TimeExecute (s)      :       13                    
	   TimeSlotBusy (s)     :       15                    

	Job terminated of its own accord at 2026-01-22T17:49:33Z with exit-code 0.
...
