000 (9119901.000.000) 01/22 18:45:36 Job submitted from host: <188.185.6.50:9618?addrs=188.185.6.50-9618+[2001-1458-d00-62--100-2b1]-9618&alias=bigbird25.cern.ch&noUDP&sock=schedd_1627_90ad>
...
040 (9119901.000.000) 01/22 18:49:19 Started transferring input files
	Transferring to host: <128.142.192.168:9618?addrs=128.142.192.168-9618+[2001-1458-301-56--100-24]-9618&alias=b9g18p7138.cern.ch&noUDP&sock=slot1_4_3329311_8872_51091>
...
040 (9119901.000.000) 01/22 18:49:19 Finished transferring input files
...
001 (9119901.000.000) 01/22 18:49:20 Job executing on host: <128.142.192.168:9618?addrs=128.142.192.168-9618+[2001-1458-301-56--100-24]-9618&alias=b9g18p7138.cern.ch&noUDP&sock=startd_3551_44e4>
	SlotName: slot1_4@b9g18p7138.cern.ch
	CondorScratchDir = "/pool/condor/dir_814851"
	Cpus = 1
	Disk = 3761
	GPUs = 0
	Memory = 3000
...
006 (9119901.000.000) 01/22 18:49:33 Image size of job updated: 155832
	153  -  MemoryUsage of job (MB)
	155832  -  ResidentSetSize of job (KB)
...
040 (9119901.000.000) 01/22 18:49:33 Started transferring output files
...
040 (9119901.000.000) 01/22 18:49:33 Finished transferring output files
...
005 (9119901.000.000) 01/22 18:49:33 Job terminated.
	(1) Normal termination (return value 0)
		Usr 0 00:00:04, Sys 0 00:00:01  -  Run Remote Usage
		Usr 0 00:00:00, Sys 0 00:00:00  -  Run Local Usage
		Usr 0 00:00:04, Sys 0 00:00:01  -  Total Remote Usage
		Usr 0 00:00:00, Sys 0 00:00:00  -  Total Local Usage
	5990  -  Run Bytes Sent By Job
	316  -  Run Bytes Received By Job
	5990  -  Total Bytes Sent By Job
	316  -  Total Bytes Received By Job
	Partitionable Resources :    Usage  Request Allocated 
	   Cpus                 :        0        1         1 
	   Disk (KB)            :       29        1      3761 
	   GPUs                 :                           0 
	   Memory (MB)          :      153     3000      3000 
	   TimeExecute (s)      :       13                    
	   TimeSlotBusy (s)     :       15                    

	Job terminated of its own accord at 2026-01-22T17:49:33Z with exit-code 0.
...
