000 (9119881.000.000) 01/22 18:45:31 Job submitted from host: <188.185.6.50:9618?addrs=188.185.6.50-9618+[2001-1458-d00-62--100-2b1]-9618&alias=bigbird25.cern.ch&noUDP&sock=schedd_1627_90ad>
...
040 (9119881.000.000) 01/22 18:49:13 Started transferring input files
	Transferring to host: <188.185.211.39:9618?addrs=188.185.211.39-9618+[2001-1458-303-16--100-23]-9618&alias=b9p23p1835.cern.ch&noUDP&sock=slot1_23_8041_5ca0_133385>
...
040 (9119881.000.000) 01/22 18:49:13 Finished transferring input files
...
001 (9119881.000.000) 01/22 18:49:14 Job executing on host: <188.185.211.39:9618?addrs=188.185.211.39-9618+[2001-1458-303-16--100-23]-9618&alias=b9p23p1835.cern.ch&noUDP&sock=startd_7137_f783>
	SlotName: slot1_23@b9p23p1835.cern.ch
	CondorScratchDir = "/pool/condor/dir_1929506"
	Cpus = 1
	Disk = 3799
	GPUs = 0
	Memory = 3000
...
006 (9119881.000.000) 01/22 18:49:26 Image size of job updated: 124144
	0  -  MemoryUsage of job (MB)
	0  -  ResidentSetSize of job (KB)
...
040 (9119881.000.000) 01/22 18:49:26 Started transferring output files
...
040 (9119881.000.000) 01/22 18:49:26 Finished transferring output files
...
005 (9119881.000.000) 01/22 18:49:26 Job terminated.
	(1) Normal termination (return value 0)
		Usr 0 00:00:03, Sys 0 00:00:01  -  Run Remote Usage
		Usr 0 00:00:00, Sys 0 00:00:00  -  Run Local Usage
		Usr 0 00:00:03, Sys 0 00:00:01  -  Total Remote Usage
		Usr 0 00:00:00, Sys 0 00:00:00  -  Total Local Usage
	6004  -  Run Bytes Sent By Job
	316  -  Run Bytes Received By Job
	6004  -  Total Bytes Sent By Job
	316  -  Total Bytes Received By Job
	Partitionable Resources :    Usage  Request Allocated 
	   Cpus                 :        0        1         1 
	   Disk (KB)            :       29        1      3799 
	   GPUs                 :                           0 
	   Memory (MB)          :        0     3000      3000 
	   TimeExecute (s)      :       12                    
	   TimeSlotBusy (s)     :       14                    

	Job terminated of its own accord at 2026-01-22T17:49:26Z with exit-code 0.
...
