000 (9119878.000.000) 01/22 18:45:30 Job submitted from host: <188.185.6.50:9618?addrs=188.185.6.50-9618+[2001-1458-d00-62--100-2b1]-9618&alias=bigbird25.cern.ch&noUDP&sock=schedd_1627_90ad>
...
040 (9119878.000.000) 01/22 18:49:12 Started transferring input files
	Transferring to host: <188.185.208.144:9618?addrs=188.185.208.144-9618+[2001-1458-303-10--100-d]-9618&alias=b9p10p0399.cern.ch&noUDP&sock=slot1_11_3796_6013_112795>
...
040 (9119878.000.000) 01/22 18:49:12 Finished transferring input files
...
001 (9119878.000.000) 01/22 18:49:13 Job executing on host: <188.185.208.144:9618?addrs=188.185.208.144-9618+[2001-1458-303-10--100-d]-9618&alias=b9p10p0399.cern.ch&noUDP&sock=startd_3313_055a>
	SlotName: slot1_11@b9p10p0399.cern.ch
	CondorScratchDir = "/pool/condor/dir_2869736"
	Cpus = 1
	Disk = 3559
	GPUs = 0
	Memory = 3000
...
006 (9119878.000.000) 01/22 18:49:27 Image size of job updated: 179952
	176  -  MemoryUsage of job (MB)
	179952  -  ResidentSetSize of job (KB)
...
006 (9119878.000.000) 01/22 18:53:41 Image size of job updated: 307464
	176  -  MemoryUsage of job (MB)
	179952  -  ResidentSetSize of job (KB)
...
040 (9119878.000.000) 01/22 18:53:41 Started transferring output files
...
040 (9119878.000.000) 01/22 18:53:41 Finished transferring output files
...
005 (9119878.000.000) 01/22 18:53:42 Job terminated.
	(1) Normal termination (return value 0)
		Usr 0 00:03:03, Sys 0 00:00:04  -  Run Remote Usage
		Usr 0 00:00:00, Sys 0 00:00:00  -  Run Local Usage
		Usr 0 00:03:03, Sys 0 00:00:04  -  Total Remote Usage
		Usr 0 00:00:00, Sys 0 00:00:00  -  Total Local Usage
	10254  -  Run Bytes Sent By Job
	316  -  Run Bytes Received By Job
	10254  -  Total Bytes Sent By Job
	316  -  Total Bytes Received By Job
	Partitionable Resources :    Usage  Request Allocated 
	   Cpus                 :     0.96        1         1 
	   Disk (KB)            :    36           1      3559 
	   GPUs                 :                           0 
	   Memory (MB)          :   176        3000      3000 
	   TimeExecute (s)      :   268                       
	   TimeSlotBusy (s)     :   270                       

	Job terminated of its own accord at 2026-01-22T17:53:41Z with exit-code 0.
...
