000 (9119879.000.000) 01/22 18:45:30 Job submitted from host: <188.185.6.50:9618?addrs=188.185.6.50-9618+[2001-1458-d00-62--100-2b1]-9618&alias=bigbird25.cern.ch&noUDP&sock=schedd_1627_90ad>
...
040 (9119879.000.000) 01/22 18:49:19 Started transferring input files
	Transferring to host: <188.185.213.186:9618?addrs=188.185.213.186-9618+[2001-1458-303-1b--100-36]-9618&alias=b9p28p9859.cern.ch&noUDP&sock=slot1_12_3932_3319_155150>
...
040 (9119879.000.000) 01/22 18:49:19 Finished transferring input files
...
001 (9119879.000.000) 01/22 18:49:20 Job executing on host: <188.185.213.186:9618?addrs=188.185.213.186-9618+[2001-1458-303-1b--100-36]-9618&alias=b9p28p9859.cern.ch&noUDP&sock=startd_3214_1d7a>
	SlotName: slot1_12@b9p28p9859.cern.ch
	CondorScratchDir = "/pool/condor/dir_3340796"
	Cpus = 1
	Disk = 3749
	GPUs = 0
	Memory = 3000
...
006 (9119879.000.000) 01/22 18:49:33 Image size of job updated: 296808
	290  -  MemoryUsage of job (MB)
	296808  -  ResidentSetSize of job (KB)
...
006 (9119879.000.000) 01/22 18:52:29 Image size of job updated: 411364
	290  -  MemoryUsage of job (MB)
	296808  -  ResidentSetSize of job (KB)
...
040 (9119879.000.000) 01/22 18:52:29 Started transferring output files
...
040 (9119879.000.000) 01/22 18:52:29 Finished transferring output files
...
005 (9119879.000.000) 01/22 18:52:29 Job terminated.
	(1) Normal termination (return value 0)
		Usr 0 00:02:29, Sys 0 00:00:03  -  Run Remote Usage
		Usr 0 00:00:00, Sys 0 00:00:00  -  Run Local Usage
		Usr 0 00:02:29, Sys 0 00:00:03  -  Total Remote Usage
		Usr 0 00:00:00, Sys 0 00:00:00  -  Total Local Usage
	10376  -  Run Bytes Sent By Job
	316  -  Run Bytes Received By Job
	10376  -  Total Bytes Sent By Job
	316  -  Total Bytes Received By Job
	Partitionable Resources :    Usage  Request Allocated 
	   Cpus                 :        0        1         1 
	   Disk (KB)            :       33        1      3749 
	   GPUs                 :                           0 
	   Memory (MB)          :      290     3000      3000 
	   TimeExecute (s)      :      189                    
	   TimeSlotBusy (s)     :      190                    

	Job terminated of its own accord at 2026-01-22T17:52:29Z with exit-code 0.
...
