000 (9119884.000.000) 01/22 18:45:31 Job submitted from host: <188.185.6.50:9618?addrs=188.185.6.50-9618+[2001-1458-d00-62--100-2b1]-9618&alias=bigbird25.cern.ch&noUDP&sock=schedd_1627_90ad>
...
040 (9119884.000.000) 01/22 18:49:14 Started transferring input files
	Transferring to host: <188.185.210.47:9618?addrs=188.185.210.47-9618+[2001-1458-303-1--100-2b]-9618&alias=b9p21p1789.cern.ch&noUDP&sock=slot1_25_6699_cd29_133869>
...
040 (9119884.000.000) 01/22 18:49:14 Finished transferring input files
...
001 (9119884.000.000) 01/22 18:49:15 Job executing on host: <188.185.210.47:9618?addrs=188.185.210.47-9618+[2001-1458-303-1--100-2b]-9618&alias=b9p21p1789.cern.ch&noUDP&sock=startd_5805_535c>
	SlotName: slot1_25@b9p21p1789.cern.ch
	CondorScratchDir = "/pool/condor/dir_62325"
	Cpus = 1
	Disk = 3837
	GPUs = 0
	Memory = 3000
...
006 (9119884.000.000) 01/22 18:49:28 Image size of job updated: 149980
	147  -  MemoryUsage of job (MB)
	149980  -  ResidentSetSize of job (KB)
...
006 (9119884.000.000) 01/22 18:50:49 Image size of job updated: 180228
	147  -  MemoryUsage of job (MB)
	149984  -  ResidentSetSize of job (KB)
...
040 (9119884.000.000) 01/22 18:50:49 Started transferring output files
...
040 (9119884.000.000) 01/22 18:50:49 Finished transferring output files
...
005 (9119884.000.000) 01/22 18:50:49 Job terminated.
	(1) Normal termination (return value 0)
		Usr 0 00:01:10, Sys 0 00:00:03  -  Run Remote Usage
		Usr 0 00:00:00, Sys 0 00:00:00  -  Run Local Usage
		Usr 0 00:01:10, Sys 0 00:00:03  -  Total Remote Usage
		Usr 0 00:00:00, Sys 0 00:00:00  -  Total Local Usage
	7625  -  Run Bytes Sent By Job
	323  -  Run Bytes Received By Job
	7625  -  Total Bytes Sent By Job
	323  -  Total Bytes Received By Job
	Partitionable Resources :    Usage  Request Allocated 
	   Cpus                 :     0.89        1         1 
	   Disk (KB)            :    31           1      3837 
	   GPUs                 :                           0 
	   Memory (MB)          :   147        3000      3000 
	   TimeExecute (s)      :    94                       
	   TimeSlotBusy (s)     :    96                       

	Job terminated of its own accord at 2026-01-22T17:50:49Z with exit-code 0.
...
