000 (9119883.000.000) 01/22 18:45:31 Job submitted from host: <188.185.6.50:9618?addrs=188.185.6.50-9618+[2001-1458-d00-62--100-2b1]-9618&alias=bigbird25.cern.ch&noUDP&sock=schedd_1627_90ad>
...
040 (9119883.000.000) 01/22 18:49:13 Started transferring input files
	Transferring to host: <188.185.215.22:9618?addrs=188.185.215.22-9618+[2001-1458-303-1e--100-12]-9618&alias=b9p31p6199.cern.ch&noUDP&sock=slot1_1_10028_6211_130721>
...
040 (9119883.000.000) 01/22 18:49:13 Finished transferring input files
...
001 (9119883.000.000) 01/22 18:49:14 Job executing on host: <188.185.215.22:9618?addrs=188.185.215.22-9618+[2001-1458-303-1e--100-12]-9618&alias=b9p31p6199.cern.ch&noUDP&sock=startd_9338_ab76>
	SlotName: slot1_1@b9p31p6199.cern.ch
	CondorScratchDir = "/pool/condor/dir_1071648"
	Cpus = 1
	Disk = 3717
	GPUs = 0
	Memory = 3000
...
006 (9119883.000.000) 01/22 18:49:27 Image size of job updated: 180184
	176  -  MemoryUsage of job (MB)
	180184  -  ResidentSetSize of job (KB)
...
006 (9119883.000.000) 01/22 18:53:44 Image size of job updated: 180204
	176  -  MemoryUsage of job (MB)
	180184  -  ResidentSetSize of job (KB)
...
040 (9119883.000.000) 01/22 18:53:44 Started transferring output files
...
040 (9119883.000.000) 01/22 18:53:44 Finished transferring output files
...
005 (9119883.000.000) 01/22 18:53:44 Job terminated.
	(1) Normal termination (return value 0)
		Usr 0 00:03:11, Sys 0 00:00:04  -  Run Remote Usage
		Usr 0 00:00:00, Sys 0 00:00:00  -  Run Local Usage
		Usr 0 00:03:11, Sys 0 00:00:04  -  Total Remote Usage
		Usr 0 00:00:00, Sys 0 00:00:00  -  Total Local Usage
	10397  -  Run Bytes Sent By Job
	323  -  Run Bytes Received By Job
	10397  -  Total Bytes Sent By Job
	323  -  Total Bytes Received By Job
	Partitionable Resources :    Usage  Request Allocated 
	   Cpus                 :        0        1         1 
	   Disk (KB)            :       34        1      3717 
	   GPUs                 :                           0 
	   Memory (MB)          :      176     3000      3000 
	   TimeExecute (s)      :      270                    
	   TimeSlotBusy (s)     :      272                    

	Job terminated of its own accord at 2026-01-22T17:53:44Z with exit-code 0.
...
