000 (9119876.000.000) 01/22 18:45:29 Job submitted from host: <188.185.6.50:9618?addrs=188.185.6.50-9618+[2001-1458-d00-62--100-2b1]-9618&alias=bigbird25.cern.ch&noUDP&sock=schedd_1627_90ad>
...
040 (9119876.000.000) 01/22 18:49:11 Started transferring input files
	Transferring to host: <188.185.204.253:9618?addrs=188.185.204.253-9618+[2001-1458-303-8--100-7a]-9618&alias=b9p02p8717.cern.ch&noUDP&sock=slot1_7_4619_40d5_113077>
...
040 (9119876.000.000) 01/22 18:49:11 Finished transferring input files
...
001 (9119876.000.000) 01/22 18:49:12 Job executing on host: <188.185.204.253:9618?addrs=188.185.204.253-9618+[2001-1458-303-8--100-7a]-9618&alias=b9p02p8717.cern.ch&noUDP&sock=startd_3870_139a>
	SlotName: slot1_7@b9p02p8717.cern.ch
	CondorScratchDir = "/pool/condor/dir_1293940"
	Cpus = 1
	Disk = 3729
	GPUs = 0
	Memory = 3000
...
006 (9119876.000.000) 01/22 18:49:26 Image size of job updated: 168556
	165  -  MemoryUsage of job (MB)
	168556  -  ResidentSetSize of job (KB)
...
006 (9119876.000.000) 01/22 18:49:30 Image size of job updated: 168572
	165  -  MemoryUsage of job (MB)
	168556  -  ResidentSetSize of job (KB)
...
040 (9119876.000.000) 01/22 18:49:30 Started transferring output files
...
040 (9119876.000.000) 01/22 18:49:30 Finished transferring output files
...
005 (9119876.000.000) 01/22 18:49:30 Job terminated.
	(1) Normal termination (return value 0)
		Usr 0 00:00:08, Sys 0 00:00:02  -  Run Remote Usage
		Usr 0 00:00:00, Sys 0 00:00:00  -  Run Local Usage
		Usr 0 00:00:08, Sys 0 00:00:02  -  Total Remote Usage
		Usr 0 00:00:00, Sys 0 00:00:00  -  Total Local Usage
	6265  -  Run Bytes Sent By Job
	317  -  Run Bytes Received By Job
	6265  -  Total Bytes Sent By Job
	317  -  Total Bytes Received By Job
	Partitionable Resources :    Usage  Request Allocated 
	   Cpus                 :        0        1         1 
	   Disk (KB)            :       33        1      3729 
	   GPUs                 :                           0 
	   Memory (MB)          :      165     3000      3000 
	   TimeExecute (s)      :       18                    
	   TimeSlotBusy (s)     :       20                    

	Job terminated of its own accord at 2026-01-22T17:49:30Z with exit-code 0.
...
