000 (9119877.000.000) 01/22 18:45:30 Job submitted from host: <188.185.6.50:9618?addrs=188.185.6.50-9618+[2001-1458-d00-62--100-2b1]-9618&alias=bigbird25.cern.ch&noUDP&sock=schedd_1627_90ad>
...
040 (9119877.000.000) 01/22 18:49:11 Started transferring input files
	Transferring to host: <188.185.214.56:9618?addrs=188.185.214.56-9618+[2001-1458-303-1c--100-34]-9618&alias=b9p29p5411.cern.ch&noUDP&sock=slot1_12_5513_2839_133071>
...
040 (9119877.000.000) 01/22 18:49:11 Finished transferring input files
...
001 (9119877.000.000) 01/22 18:49:12 Job executing on host: <188.185.214.56:9618?addrs=188.185.214.56-9618+[2001-1458-303-1c--100-34]-9618&alias=b9p29p5411.cern.ch&noUDP&sock=startd_4500_3445>
	SlotName: slot1_12@b9p29p5411.cern.ch
	CondorScratchDir = "/pool/condor/dir_2068132"
	Cpus = 1
	Disk = 3773
	GPUs = 0
	Memory = 3000
...
006 (9119877.000.000) 01/22 18:49:23 Image size of job updated: 132144
	0  -  MemoryUsage of job (MB)
	0  -  ResidentSetSize of job (KB)
...
040 (9119877.000.000) 01/22 18:49:23 Started transferring output files
...
040 (9119877.000.000) 01/22 18:49:23 Finished transferring output files
...
005 (9119877.000.000) 01/22 18:49:23 Job terminated.
	(1) Normal termination (return value 0)
		Usr 0 00:00:02, Sys 0 00:00:01  -  Run Remote Usage
		Usr 0 00:00:00, Sys 0 00:00:00  -  Run Local Usage
		Usr 0 00:00:02, Sys 0 00:00:01  -  Total Remote Usage
		Usr 0 00:00:00, Sys 0 00:00:00  -  Total Local Usage
	5992  -  Run Bytes Sent By Job
	317  -  Run Bytes Received By Job
	5992  -  Total Bytes Sent By Job
	317  -  Total Bytes Received By Job
	Partitionable Resources :    Usage  Request Allocated 
	   Cpus                 :        0        1         1 
	   Disk (KB)            :       29        1      3773 
	   GPUs                 :                           0 
	   Memory (MB)          :        0     3000      3000 
	   TimeExecute (s)      :       11                    
	   TimeSlotBusy (s)     :       13                    

	Job terminated of its own accord at 2026-01-22T17:49:23Z with exit-code 0.
...
