000 (9119886.000.000) 01/22 18:45:32 Job submitted from host: <188.185.6.50:9618?addrs=188.185.6.50-9618+[2001-1458-d00-62--100-2b1]-9618&alias=bigbird25.cern.ch&noUDP&sock=schedd_1627_90ad>
...
040 (9119886.000.000) 01/22 18:49:14 Started transferring input files
	Transferring to host: <128.142.192.212:9618?addrs=128.142.192.212-9618+[2001-1458-301-56--100-50]-9618&alias=b9g18p9268.cern.ch&noUDP&sock=slot1_8_3439480_8f52_49478>
...
040 (9119886.000.000) 01/22 18:49:14 Finished transferring input files
...
001 (9119886.000.000) 01/22 18:49:15 Job executing on host: <128.142.192.212:9618?addrs=128.142.192.212-9618+[2001-1458-301-56--100-50]-9618&alias=b9g18p9268.cern.ch&noUDP&sock=startd_3438818_b2a7>
	SlotName: slot1_8@b9g18p9268.cern.ch
	CondorScratchDir = "/pool/condor/dir_2653355"
	Cpus = 1
	Disk = 3696
	GPUs = 0
	Memory = 3000
...
006 (9119886.000.000) 01/22 18:49:28 Image size of job updated: 172044
	169  -  MemoryUsage of job (MB)
	172044  -  ResidentSetSize of job (KB)
...
006 (9119886.000.000) 01/22 18:49:50 Image size of job updated: 264848
	169  -  MemoryUsage of job (MB)
	172044  -  ResidentSetSize of job (KB)
...
040 (9119886.000.000) 01/22 18:49:50 Started transferring output files
...
040 (9119886.000.000) 01/22 18:49:50 Finished transferring output files
...
005 (9119886.000.000) 01/22 18:49:50 Job terminated.
	(1) Normal termination (return value 0)
		Usr 0 00:00:24, Sys 0 00:00:01  -  Run Remote Usage
		Usr 0 00:00:00, Sys 0 00:00:00  -  Run Local Usage
		Usr 0 00:00:24, Sys 0 00:00:01  -  Total Remote Usage
		Usr 0 00:00:00, Sys 0 00:00:00  -  Total Local Usage
	6619  -  Run Bytes Sent By Job
	316  -  Run Bytes Received By Job
	6619  -  Total Bytes Sent By Job
	316  -  Total Bytes Received By Job
	Partitionable Resources :    Usage  Request Allocated 
	   Cpus                 :        0        1         1 
	   Disk (KB)            :       30        1      3696 
	   GPUs                 :                           0 
	   Memory (MB)          :      169     3000      3000 
	   TimeExecute (s)      :       35                    
	   TimeSlotBusy (s)     :       37                    

	Job terminated of its own accord at 2026-01-22T17:49:50Z with exit-code 0.
...
