000 (9119887.000.000) 01/22 18:45:32 Job submitted from host: <188.185.6.50:9618?addrs=188.185.6.50-9618+[2001-1458-d00-62--100-2b1]-9618&alias=bigbird25.cern.ch&noUDP&sock=schedd_1627_90ad>
...
040 (9119887.000.000) 01/22 18:49:15 Started transferring input files
	Transferring to host: <188.185.208.8:9618?addrs=188.185.208.8-9618+[2001-1458-303-f--100-5]-9618&alias=b9p09p5557.cern.ch&noUDP&sock=slot1_12_6200_35f5_108817>
...
040 (9119887.000.000) 01/22 18:49:15 Finished transferring input files
...
001 (9119887.000.000) 01/22 18:49:16 Job executing on host: <188.185.208.8:9618?addrs=188.185.208.8-9618+[2001-1458-303-f--100-5]-9618&alias=b9p09p5557.cern.ch&noUDP&sock=startd_5263_8f08>
	SlotName: slot1_12@b9p09p5557.cern.ch
	CondorScratchDir = "/pool/condor/dir_2215961"
	Cpus = 1
	Disk = 3836
	GPUs = 0
	Memory = 3000
...
006 (9119887.000.000) 01/22 18:49:28 Image size of job updated: 104148
	0  -  MemoryUsage of job (MB)
	0  -  ResidentSetSize of job (KB)
...
040 (9119887.000.000) 01/22 18:49:28 Started transferring output files
...
040 (9119887.000.000) 01/22 18:49:28 Finished transferring output files
...
005 (9119887.000.000) 01/22 18:49:28 Job terminated.
	(1) Normal termination (return value 0)
		Usr 0 00:00:02, Sys 0 00:00:01  -  Run Remote Usage
		Usr 0 00:00:00, Sys 0 00:00:00  -  Run Local Usage
		Usr 0 00:00:02, Sys 0 00:00:01  -  Total Remote Usage
		Usr 0 00:00:00, Sys 0 00:00:00  -  Total Local Usage
	5990  -  Run Bytes Sent By Job
	316  -  Run Bytes Received By Job
	5990  -  Total Bytes Sent By Job
	316  -  Total Bytes Received By Job
	Partitionable Resources :    Usage  Request Allocated 
	   Cpus                 :        0        1         1 
	   Disk (KB)            :       32        1      3836 
	   GPUs                 :                           0 
	   Memory (MB)          :        0     3000      3000 
	   TimeExecute (s)      :       12                    
	   TimeSlotBusy (s)     :       14                    

	Job terminated of its own accord at 2026-01-22T17:49:28Z with exit-code 0.
...
