000 (9119890.000.000) 01/22 18:45:33 Job submitted from host: <188.185.6.50:9618?addrs=188.185.6.50-9618+[2001-1458-d00-62--100-2b1]-9618&alias=bigbird25.cern.ch&noUDP&sock=schedd_1627_90ad>
...
040 (9119890.000.000) 01/22 18:49:16 Started transferring input files
	Transferring to host: <188.185.210.74:9618?addrs=188.185.210.74-9618+[2001-1458-303-1--100-46]-9618&alias=b9p21p5083.cern.ch&noUDP&sock=slot1_3_8962_4a26_130723>
...
040 (9119890.000.000) 01/22 18:49:16 Finished transferring input files
...
001 (9119890.000.000) 01/22 18:49:17 Job executing on host: <188.185.210.74:9618?addrs=188.185.210.74-9618+[2001-1458-303-1--100-46]-9618&alias=b9p21p5083.cern.ch&noUDP&sock=startd_7746_b0b0>
	SlotName: slot1_3@b9p21p5083.cern.ch
	CondorScratchDir = "/pool/condor/dir_2912939"
	Cpus = 1
	Disk = 3782
	GPUs = 0
	Memory = 3000
...
006 (9119890.000.000) 01/22 18:49:30 Image size of job updated: 154208
	151  -  MemoryUsage of job (MB)
	154208  -  ResidentSetSize of job (KB)
...
006 (9119890.000.000) 01/22 18:49:49 Image size of job updated: 166652
	151  -  MemoryUsage of job (MB)
	154208  -  ResidentSetSize of job (KB)
...
040 (9119890.000.000) 01/22 18:49:49 Started transferring output files
...
040 (9119890.000.000) 01/22 18:49:49 Finished transferring output files
...
005 (9119890.000.000) 01/22 18:49:49 Job terminated.
	(1) Normal termination (return value 0)
		Usr 0 00:00:20, Sys 0 00:00:02  -  Run Remote Usage
		Usr 0 00:00:00, Sys 0 00:00:00  -  Run Local Usage
		Usr 0 00:00:20, Sys 0 00:00:02  -  Total Remote Usage
		Usr 0 00:00:00, Sys 0 00:00:00  -  Total Local Usage
	6449  -  Run Bytes Sent By Job
	315  -  Run Bytes Received By Job
	6449  -  Total Bytes Sent By Job
	315  -  Total Bytes Received By Job
	Partitionable Resources :    Usage  Request Allocated 
	   Cpus                 :        0        1         1 
	   Disk (KB)            :       30        1      3782 
	   GPUs                 :                           0 
	   Memory (MB)          :      151     3000      3000 
	   TimeExecute (s)      :       32                    
	   TimeSlotBusy (s)     :       34                    

	Job terminated of its own accord at 2026-01-22T17:49:49Z with exit-code 0.
...
