000 (9119889.000.000) 01/22 18:45:33 Job submitted from host: <188.185.6.50:9618?addrs=188.185.6.50-9618+[2001-1458-d00-62--100-2b1]-9618&alias=bigbird25.cern.ch&noUDP&sock=schedd_1627_90ad>
...
040 (9119889.000.000) 01/22 18:49:15 Started transferring input files
	Transferring to host: <188.185.213.225:9618?addrs=188.185.213.225-9618+[2001-1458-303-1b--100-5d]-9618&alias=b9p28p5179.cern.ch&noUDP&sock=slot1_10_7242_64e0_135009>
...
040 (9119889.000.000) 01/22 18:49:15 Finished transferring input files
...
001 (9119889.000.000) 01/22 18:49:16 Job executing on host: <188.185.213.225:9618?addrs=188.185.213.225-9618+[2001-1458-303-1b--100-5d]-9618&alias=b9p28p5179.cern.ch&noUDP&sock=startd_6702_97d0>
	SlotName: slot1_10@b9p28p5179.cern.ch
	CondorScratchDir = "/pool/condor/dir_2859326"
	Cpus = 1
	Disk = 3860
	GPUs = 0
	Memory = 3000
...
006 (9119889.000.000) 01/22 18:49:29 Image size of job updated: 155724
	153  -  MemoryUsage of job (MB)
	155724  -  ResidentSetSize of job (KB)
...
040 (9119889.000.000) 01/22 18:49:29 Started transferring output files
...
040 (9119889.000.000) 01/22 18:49:29 Finished transferring output files
...
005 (9119889.000.000) 01/22 18:49:29 Job terminated.
	(1) Normal termination (return value 0)
		Usr 0 00:00:03, Sys 0 00:00:02  -  Run Remote Usage
		Usr 0 00:00:00, Sys 0 00:00:00  -  Run Local Usage
		Usr 0 00:00:03, Sys 0 00:00:02  -  Total Remote Usage
		Usr 0 00:00:00, Sys 0 00:00:00  -  Total Local Usage
	5988  -  Run Bytes Sent By Job
	315  -  Run Bytes Received By Job
	5988  -  Total Bytes Sent By Job
	315  -  Total Bytes Received By Job
	Partitionable Resources :    Usage  Request Allocated 
	   Cpus                 :        0        1         1 
	   Disk (KB)            :       29        1      3860 
	   GPUs                 :                           0 
	   Memory (MB)          :      153     3000      3000 
	   TimeExecute (s)      :       13                    
	   TimeSlotBusy (s)     :       15                    

	Job terminated of its own accord at 2026-01-22T17:49:29Z with exit-code 0.
...
