000 (9119891.000.000) 01/22 18:45:33 Job submitted from host: <188.185.6.50:9618?addrs=188.185.6.50-9618+[2001-1458-d00-62--100-2b1]-9618&alias=bigbird25.cern.ch&noUDP&sock=schedd_1627_90ad>
...
040 (9119891.000.000) 01/22 18:49:16 Started transferring input files
	Transferring to host: <128.142.192.145:9618?addrs=128.142.192.145-9618+[2001-1458-301-56--100-d]-9618&alias=b9g18p1820.cern.ch&noUDP&sock=slot1_12_4122_1261_149649>
...
040 (9119891.000.000) 01/22 18:49:16 Finished transferring input files
...
001 (9119891.000.000) 01/22 18:49:17 Job executing on host: <128.142.192.145:9618?addrs=128.142.192.145-9618+[2001-1458-301-56--100-d]-9618&alias=b9g18p1820.cern.ch&noUDP&sock=startd_3291_ee45>
	SlotName: slot1_12@b9g18p1820.cern.ch
	CondorScratchDir = "/pool/condor/dir_2829919"
	Cpus = 1
	Disk = 3827
	GPUs = 0
	Memory = 3000
...
006 (9119891.000.000) 01/22 18:49:30 Image size of job updated: 144676
	142  -  MemoryUsage of job (MB)
	144676  -  ResidentSetSize of job (KB)
...
040 (9119891.000.000) 01/22 18:49:31 Started transferring output files
...
040 (9119891.000.000) 01/22 18:49:31 Finished transferring output files
...
005 (9119891.000.000) 01/22 18:49:31 Job terminated.
	(1) Normal termination (return value 0)
		Usr 0 00:00:04, Sys 0 00:00:01  -  Run Remote Usage
		Usr 0 00:00:00, Sys 0 00:00:00  -  Run Local Usage
		Usr 0 00:00:04, Sys 0 00:00:01  -  Total Remote Usage
		Usr 0 00:00:00, Sys 0 00:00:00  -  Total Local Usage
	5988  -  Run Bytes Sent By Job
	315  -  Run Bytes Received By Job
	5988  -  Total Bytes Sent By Job
	315  -  Total Bytes Received By Job
	Partitionable Resources :    Usage  Request Allocated 
	   Cpus                 :        0        1         1 
	   Disk (KB)            :       29        1      3827 
	   GPUs                 :                           0 
	   Memory (MB)          :      142     3000      3000 
	   TimeExecute (s)      :       14                    
	   TimeSlotBusy (s)     :       16                    

	Job terminated of its own accord at 2026-01-22T17:49:31Z with exit-code 0.
...
