000 (9119894.000.000) 01/22 18:45:34 Job submitted from host: <188.185.6.50:9618?addrs=188.185.6.50-9618+[2001-1458-d00-62--100-2b1]-9618&alias=bigbird25.cern.ch&noUDP&sock=schedd_1627_90ad>
...
040 (9119894.000.000) 01/22 18:49:16 Started transferring input files
	Transferring to host: <188.185.213.58:9618?addrs=188.185.213.58-9618+[2001-1458-303-1a--100-36]-9618&alias=b9p27p2430.cern.ch&noUDP&sock=slot1_19_2339270_15cf_52486>
...
040 (9119894.000.000) 01/22 18:49:16 Finished transferring input files
...
001 (9119894.000.000) 01/22 18:49:17 Job executing on host: <188.185.213.58:9618?addrs=188.185.213.58-9618+[2001-1458-303-1a--100-36]-9618&alias=b9p27p2430.cern.ch&noUDP&sock=startd_4019_4737>
	SlotName: slot1_19@b9p27p2430.cern.ch
	CondorScratchDir = "/pool/condor/dir_2263456"
	Cpus = 1
	Disk = 3761
	GPUs = 0
	Memory = 3000
...
006 (9119894.000.000) 01/22 18:49:30 Image size of job updated: 173276
	170  -  MemoryUsage of job (MB)
	173276  -  ResidentSetSize of job (KB)
...
006 (9119894.000.000) 01/22 18:51:00 Image size of job updated: 258992
	170  -  MemoryUsage of job (MB)
	173276  -  ResidentSetSize of job (KB)
...
040 (9119894.000.000) 01/22 18:51:00 Started transferring output files
...
040 (9119894.000.000) 01/22 18:51:00 Finished transferring output files
...
005 (9119894.000.000) 01/22 18:51:00 Job terminated.
	(1) Normal termination (return value 0)
		Usr 0 00:01:13, Sys 0 00:00:02  -  Run Remote Usage
		Usr 0 00:00:00, Sys 0 00:00:00  -  Run Local Usage
		Usr 0 00:01:13, Sys 0 00:00:02  -  Total Remote Usage
		Usr 0 00:00:00, Sys 0 00:00:00  -  Total Local Usage
	7536  -  Run Bytes Sent By Job
	315  -  Run Bytes Received By Job
	7536  -  Total Bytes Sent By Job
	315  -  Total Bytes Received By Job
	Partitionable Resources :    Usage  Request Allocated 
	   Cpus                 :        0        1         1 
	   Disk (KB)            :       31        1      3761 
	   GPUs                 :                           0 
	   Memory (MB)          :      170     3000      3000 
	   TimeExecute (s)      :      103                    
	   TimeSlotBusy (s)     :      104                    

	Job terminated of its own accord at 2026-01-22T17:51:00Z with exit-code 0.
...
