000 (9119895.000.000) 01/22 18:45:34 Job submitted from host: <188.185.6.50:9618?addrs=188.185.6.50-9618+[2001-1458-d00-62--100-2b1]-9618&alias=bigbird25.cern.ch&noUDP&sock=schedd_1627_90ad>
...
040 (9119895.000.000) 01/22 18:49:17 Started transferring input files
	Transferring to host: <128.142.196.38:9618?addrs=128.142.196.38-9618+[2001-1458-301-3c--100-24]-9618&alias=b9g32p1957.cern.ch&noUDP&sock=slot1_5_3254_7cbd_136329>
...
040 (9119895.000.000) 01/22 18:49:17 Finished transferring input files
...
001 (9119895.000.000) 01/22 18:49:18 Job executing on host: <128.142.196.38:9618?addrs=128.142.196.38-9618+[2001-1458-301-3c--100-24]-9618&alias=b9g32p1957.cern.ch&noUDP&sock=startd_2815_6f30>
	SlotName: slot1_5@b9g32p1957.cern.ch
	CondorScratchDir = "/pool/condor/dir_727276"
	Cpus = 1
	Disk = 3814
	GPUs = 0
	Memory = 3000
...
006 (9119895.000.000) 01/22 18:49:32 Image size of job updated: 66604
	0  -  MemoryUsage of job (MB)
	0  -  ResidentSetSize of job (KB)
...
040 (9119895.000.000) 01/22 18:49:32 Started transferring output files
...
040 (9119895.000.000) 01/22 18:49:32 Finished transferring output files
...
005 (9119895.000.000) 01/22 18:49:32 Job terminated.
	(1) Normal termination (return value 0)
		Usr 0 00:00:03, Sys 0 00:00:02  -  Run Remote Usage
		Usr 0 00:00:00, Sys 0 00:00:00  -  Run Local Usage
		Usr 0 00:00:03, Sys 0 00:00:02  -  Total Remote Usage
		Usr 0 00:00:00, Sys 0 00:00:00  -  Total Local Usage
	5988  -  Run Bytes Sent By Job
	315  -  Run Bytes Received By Job
	5988  -  Total Bytes Sent By Job
	315  -  Total Bytes Received By Job
	Partitionable Resources :    Usage  Request Allocated 
	   Cpus                 :        0        1         1 
	   Disk (KB)            :       29        1      3814 
	   GPUs                 :                           0 
	   Memory (MB)          :        0     3000      3000 
	   TimeExecute (s)      :       14                    
	   TimeSlotBusy (s)     :       16                    

	Job terminated of its own accord at 2026-01-22T17:49:32Z with exit-code 0.
...
