000 (9119892.000.000) 01/22 18:45:34 Job submitted from host: <188.185.6.50:9618?addrs=188.185.6.50-9618+[2001-1458-d00-62--100-2b1]-9618&alias=bigbird25.cern.ch&noUDP&sock=schedd_1627_90ad>
...
040 (9119892.000.000) 01/22 18:49:15 Started transferring input files
	Transferring to host: <128.142.192.179:9618?addrs=128.142.192.179-9618+[2001-1458-301-56--100-2f]-9618&alias=b9g18p1392.cern.ch&noUDP&sock=slot1_4_59678_4cb4_74743>
...
040 (9119892.000.000) 01/22 18:49:15 Finished transferring input files
...
001 (9119892.000.000) 01/22 18:49:16 Job executing on host: <128.142.192.179:9618?addrs=128.142.192.179-9618+[2001-1458-301-56--100-2f]-9618&alias=b9g18p1392.cern.ch&noUDP&sock=startd_3408_2ed9>
	SlotName: slot1_4@b9g18p1392.cern.ch
	CondorScratchDir = "/pool/condor/dir_208546"
	Cpus = 1
	Disk = 3762
	GPUs = 0
	Memory = 3000
...
006 (9119892.000.000) 01/22 18:49:29 Image size of job updated: 40920
	40  -  MemoryUsage of job (MB)
	40920  -  ResidentSetSize of job (KB)
...
006 (9119892.000.000) 01/22 18:52:33 Image size of job updated: 231184
	40  -  MemoryUsage of job (MB)
	40920  -  ResidentSetSize of job (KB)
...
040 (9119892.000.000) 01/22 18:52:33 Started transferring output files
...
040 (9119892.000.000) 01/22 18:52:33 Finished transferring output files
...
005 (9119892.000.000) 01/22 18:52:33 Job terminated.
	(1) Normal termination (return value 0)
		Usr 0 00:02:21, Sys 0 00:00:02  -  Run Remote Usage
		Usr 0 00:00:00, Sys 0 00:00:00  -  Run Local Usage
		Usr 0 00:02:21, Sys 0 00:00:02  -  Total Remote Usage
		Usr 0 00:00:00, Sys 0 00:00:00  -  Total Local Usage
	8019  -  Run Bytes Sent By Job
	316  -  Run Bytes Received By Job
	8019  -  Total Bytes Sent By Job
	316  -  Total Bytes Received By Job
	Partitionable Resources :    Usage  Request Allocated 
	   Cpus                 :        0        1         1 
	   Disk (KB)            :       31        1      3762 
	   GPUs                 :                           0 
	   Memory (MB)          :       40     3000      3000 
	   TimeExecute (s)      :      197                    
	   TimeSlotBusy (s)     :      198                    

	Job terminated of its own accord at 2026-01-22T17:52:33Z with exit-code 0.
...
