000 (9120407.000.000) 01/22 21:52:31 Job submitted from host: <188.185.6.50:9618?addrs=188.185.6.50-9618+[2001-1458-d00-62--100-2b1]-9618&alias=bigbird25.cern.ch&noUDP&sock=schedd_1627_90ad>
...
040 (9120407.000.000) 01/22 21:54:34 Started transferring input files
	Transferring to host: <188.185.205.139:9618?addrs=188.185.205.139-9618+[2001-1458-303-a--100-8]-9618&alias=b9p04p2435.cern.ch&noUDP&sock=slot1_14_6566_1744_121034>
...
040 (9120407.000.000) 01/22 21:54:34 Finished transferring input files
...
001 (9120407.000.000) 01/22 21:54:35 Job executing on host: <188.185.205.139:9618?addrs=188.185.205.139-9618+[2001-1458-303-a--100-8]-9618&alias=b9p04p2435.cern.ch&noUDP&sock=startd_5649_5296>
	SlotName: slot1_14@b9p04p2435.cern.ch
	CondorScratchDir = "/pool/condor/dir_2914346"
	Cpus = 1
	Disk = 3655
	GPUs = 0
	Memory = 3000
...
006 (9120407.000.000) 01/22 21:54:48 Image size of job updated: 107196
	0  -  MemoryUsage of job (MB)
	0  -  ResidentSetSize of job (KB)
...
040 (9120407.000.000) 01/22 21:54:48 Started transferring output files
...
040 (9120407.000.000) 01/22 21:54:48 Finished transferring output files
...
005 (9120407.000.000) 01/22 21:54:48 Job terminated.
	(1) Normal termination (return value 0)
		Usr 0 00:00:03, Sys 0 00:00:01  -  Run Remote Usage
		Usr 0 00:00:00, Sys 0 00:00:00  -  Run Local Usage
		Usr 0 00:00:03, Sys 0 00:00:01  -  Total Remote Usage
		Usr 0 00:00:00, Sys 0 00:00:00  -  Total Local Usage
	6225  -  Run Bytes Sent By Job
	324  -  Run Bytes Received By Job
	6225  -  Total Bytes Sent By Job
	324  -  Total Bytes Received By Job
	Partitionable Resources :    Usage  Request Allocated 
	   Cpus                 :        0        1         1 
	   Disk (KB)            :       30        1      3655 
	   GPUs                 :                           0 
	   Memory (MB)          :        0     3000      3000 
	   TimeExecute (s)      :       13                    
	   TimeSlotBusy (s)     :       15                    

	Job terminated of its own accord at 2026-01-22T20:54:48Z with exit-code 0.
...
