000 (9120410.000.000) 01/22 21:52:32 Job submitted from host: <188.185.6.50:9618?addrs=188.185.6.50-9618+[2001-1458-d00-62--100-2b1]-9618&alias=bigbird25.cern.ch&noUDP&sock=schedd_1627_90ad>
...
040 (9120410.000.000) 01/22 21:54:25 Started transferring input files
	Transferring to host: <188.185.208.187:9618?addrs=188.185.208.187-9618+[2001-1458-303-10--100-38]-9618&alias=b9p10p2030.cern.ch&noUDP&sock=slot1_16_8643_8679_121302>
...
040 (9120410.000.000) 01/22 21:54:25 Finished transferring input files
...
001 (9120410.000.000) 01/22 21:54:26 Job executing on host: <188.185.208.187:9618?addrs=188.185.208.187-9618+[2001-1458-303-10--100-38]-9618&alias=b9p10p2030.cern.ch&noUDP&sock=startd_7353_1ff8>
	SlotName: slot1_16@b9p10p2030.cern.ch
	CondorScratchDir = "/pool/condor/dir_172894"
	Cpus = 1
	Disk = 3589
	GPUs = 0
	Memory = 3000
...
006 (9120410.000.000) 01/22 21:54:39 Image size of job updated: 102164
	100  -  MemoryUsage of job (MB)
	102164  -  ResidentSetSize of job (KB)
...
006 (9120410.000.000) 01/22 21:59:39 Image size of job updated: 436360
	315  -  MemoryUsage of job (MB)
	321596  -  ResidentSetSize of job (KB)
...
040 (9120410.000.000) 01/22 22:00:43 Started transferring output files
...
040 (9120410.000.000) 01/22 22:00:43 Finished transferring output files
...
005 (9120410.000.000) 01/22 22:00:43 Job terminated.
	(1) Normal termination (return value 0)
		Usr 0 00:03:45, Sys 0 00:00:04  -  Run Remote Usage
		Usr 0 00:00:00, Sys 0 00:00:00  -  Run Local Usage
		Usr 0 00:03:45, Sys 0 00:00:04  -  Total Remote Usage
		Usr 0 00:00:00, Sys 0 00:00:00  -  Total Local Usage
	10390  -  Run Bytes Sent By Job
	320  -  Run Bytes Received By Job
	10390  -  Total Bytes Sent By Job
	320  -  Total Bytes Received By Job
	Partitionable Resources :    Usage  Request Allocated 
	   Cpus                 :     0.48        1         1 
	   Disk (KB)            :    34           1      3589 
	   GPUs                 :                           0 
	   Memory (MB)          :   315        3000      3000 
	   TimeExecute (s)      :   377                       
	   TimeSlotBusy (s)     :   379                       

	Job terminated of its own accord at 2026-01-22T21:00:43Z with exit-code 0.
...
