000 (9120412.000.000) 01/22 21:52:33 Job submitted from host: <188.185.6.50:9618?addrs=188.185.6.50-9618+[2001-1458-d00-62--100-2b1]-9618&alias=bigbird25.cern.ch&noUDP&sock=schedd_1627_90ad>
...
040 (9120412.000.000) 01/22 21:54:25 Started transferring input files
	Transferring to host: <188.185.207.208:9618?addrs=188.185.207.208-9618+[2001-1458-303-e--100-4d]-9618&alias=b9p08p9041.cern.ch&noUDP&sock=slot1_13_6585_7a65_116375>
...
040 (9120412.000.000) 01/22 21:54:25 Finished transferring input files
...
001 (9120412.000.000) 01/22 21:54:26 Job executing on host: <188.185.207.208:9618?addrs=188.185.207.208-9618+[2001-1458-303-e--100-4d]-9618&alias=b9p08p9041.cern.ch&noUDP&sock=startd_5597_a7a9>
	SlotName: slot1_13@b9p08p9041.cern.ch
	CondorScratchDir = "/pool/condor/dir_993300"
	Cpus = 1
	Disk = 3740
	GPUs = 0
	Memory = 3000
...
006 (9120412.000.000) 01/22 21:54:38 Image size of job updated: 114520
	0  -  MemoryUsage of job (MB)
	0  -  ResidentSetSize of job (KB)
...
040 (9120412.000.000) 01/22 21:54:38 Started transferring output files
...
040 (9120412.000.000) 01/22 21:54:38 Finished transferring output files
...
005 (9120412.000.000) 01/22 21:54:38 Job terminated.
	(1) Normal termination (return value 0)
		Usr 0 00:00:03, Sys 0 00:00:01  -  Run Remote Usage
		Usr 0 00:00:00, Sys 0 00:00:00  -  Run Local Usage
		Usr 0 00:00:03, Sys 0 00:00:01  -  Total Remote Usage
		Usr 0 00:00:00, Sys 0 00:00:00  -  Total Local Usage
	6014  -  Run Bytes Sent By Job
	320  -  Run Bytes Received By Job
	6014  -  Total Bytes Sent By Job
	320  -  Total Bytes Received By Job
	Partitionable Resources :    Usage  Request Allocated 
	   Cpus                 :        0        1         1 
	   Disk (KB)            :       29        1      3740 
	   GPUs                 :                           0 
	   Memory (MB)          :        0     3000      3000 
	   TimeExecute (s)      :       12                    
	   TimeSlotBusy (s)     :       14                    

	Job terminated of its own accord at 2026-01-22T20:54:38Z with exit-code 0.
...
