000 (9120411.000.000) 01/22 21:52:32 Job submitted from host: <188.185.6.50:9618?addrs=188.185.6.50-9618+[2001-1458-d00-62--100-2b1]-9618&alias=bigbird25.cern.ch&noUDP&sock=schedd_1627_90ad>
...
040 (9120411.000.000) 01/22 21:54:25 Started transferring input files
	Transferring to host: <188.185.205.186:9618?addrs=188.185.205.186-9618+[2001-1458-303-a--100-37]-9618&alias=b9p04p9140.cern.ch&noUDP&sock=slot1_12_4030_3fdd_121616>
...
040 (9120411.000.000) 01/22 21:54:25 Finished transferring input files
...
001 (9120411.000.000) 01/22 21:54:26 Job executing on host: <188.185.205.186:9618?addrs=188.185.205.186-9618+[2001-1458-303-a--100-37]-9618&alias=b9p04p9140.cern.ch&noUDP&sock=startd_3576_6ac2>
	SlotName: slot1_12@b9p04p9140.cern.ch
	CondorScratchDir = "/pool/condor/dir_2859763"
	Cpus = 1
	Disk = 3662
	GPUs = 0
	Memory = 3000
...
006 (9120411.000.000) 01/22 21:54:39 Image size of job updated: 265388
	260  -  MemoryUsage of job (MB)
	265388  -  ResidentSetSize of job (KB)
...
006 (9120411.000.000) 01/22 21:57:49 Image size of job updated: 445236
	260  -  MemoryUsage of job (MB)
	265388  -  ResidentSetSize of job (KB)
...
040 (9120411.000.000) 01/22 21:57:49 Started transferring output files
...
040 (9120411.000.000) 01/22 21:57:49 Finished transferring output files
...
005 (9120411.000.000) 01/22 21:57:49 Job terminated.
	(1) Normal termination (return value 0)
		Usr 0 00:02:37, Sys 0 00:00:04  -  Run Remote Usage
		Usr 0 00:00:00, Sys 0 00:00:00  -  Run Local Usage
		Usr 0 00:02:37, Sys 0 00:00:04  -  Total Remote Usage
		Usr 0 00:00:00, Sys 0 00:00:00  -  Total Local Usage
	9718  -  Run Bytes Sent By Job
	320  -  Run Bytes Received By Job
	9718  -  Total Bytes Sent By Job
	320  -  Total Bytes Received By Job
	Partitionable Resources :    Usage  Request Allocated 
	   Cpus                 :        0        1         1 
	   Disk (KB)            :       33        1      3662 
	   GPUs                 :                           0 
	   Memory (MB)          :      260     3000      3000 
	   TimeExecute (s)      :      203                    
	   TimeSlotBusy (s)     :      205                    

	Job terminated of its own accord at 2026-01-22T20:57:49Z with exit-code 0.
...
