000 (9120408.000.000) 01/22 21:52:32 Job submitted from host: <188.185.6.50:9618?addrs=188.185.6.50-9618+[2001-1458-d00-62--100-2b1]-9618&alias=bigbird25.cern.ch&noUDP&sock=schedd_1627_90ad>
...
040 (9120408.000.000) 01/22 21:54:24 Started transferring input files
	Transferring to host: <188.185.208.9:9618?addrs=188.185.208.9-9618+[2001-1458-303-f--100-6]-9618&alias=b9p09p4155.cern.ch&noUDP&sock=slot1_18_7090_4bd9_115958>
...
040 (9120408.000.000) 01/22 21:54:24 Finished transferring input files
...
001 (9120408.000.000) 01/22 21:54:25 Job executing on host: <188.185.208.9:9618?addrs=188.185.208.9-9618+[2001-1458-303-f--100-6]-9618&alias=b9p09p4155.cern.ch&noUDP&sock=startd_6105_19c6>
	SlotName: slot1_18@b9p09p4155.cern.ch
	CondorScratchDir = "/pool/condor/dir_3205666"
	Cpus = 1
	Disk = 3704
	GPUs = 0
	Memory = 3000
...
006 (9120408.000.000) 01/22 21:54:38 Image size of job updated: 154200
	151  -  MemoryUsage of job (MB)
	154200  -  ResidentSetSize of job (KB)
...
040 (9120408.000.000) 01/22 21:54:38 Started transferring output files
...
040 (9120408.000.000) 01/22 21:54:38 Finished transferring output files
...
005 (9120408.000.000) 01/22 21:54:38 Job terminated.
	(1) Normal termination (return value 0)
		Usr 0 00:00:03, Sys 0 00:00:02  -  Run Remote Usage
		Usr 0 00:00:00, Sys 0 00:00:00  -  Run Local Usage
		Usr 0 00:00:03, Sys 0 00:00:02  -  Total Remote Usage
		Usr 0 00:00:00, Sys 0 00:00:00  -  Total Local Usage
	6023  -  Run Bytes Sent By Job
	324  -  Run Bytes Received By Job
	6023  -  Total Bytes Sent By Job
	324  -  Total Bytes Received By Job
	Partitionable Resources :    Usage  Request Allocated 
	   Cpus                 :        0        1         1 
	   Disk (KB)            :       29        1      3704 
	   GPUs                 :                           0 
	   Memory (MB)          :      151     3000      3000 
	   TimeExecute (s)      :       13                    
	   TimeSlotBusy (s)     :       15                    

	Job terminated of its own accord at 2026-01-22T20:54:38Z with exit-code 0.
...
