000 (9120409.000.000) 01/22 21:52:32 Job submitted from host: <188.185.6.50:9618?addrs=188.185.6.50-9618+[2001-1458-d00-62--100-2b1]-9618&alias=bigbird25.cern.ch&noUDP&sock=schedd_1627_90ad>
...
040 (9120409.000.000) 01/22 21:54:24 Started transferring input files
	Transferring to host: <188.185.209.94:9618?addrs=188.185.209.94-9618+[2001-1458-303-11--100-5b]-9618&alias=b9p11p6418.cern.ch&noUDP&sock=slot1_10_4183169_bcd4_44623>
...
040 (9120409.000.000) 01/22 21:54:24 Finished transferring input files
...
001 (9120409.000.000) 01/22 21:54:25 Job executing on host: <188.185.209.94:9618?addrs=188.185.209.94-9618+[2001-1458-303-11--100-5b]-9618&alias=b9p11p6418.cern.ch&noUDP&sock=startd_4183004_6527>
	SlotName: slot1_10@b9p11p6418.cern.ch
	CondorScratchDir = "/pool/condor/dir_2555965"
	Cpus = 1
	Disk = 3743
	GPUs = 0
	Memory = 3000
...
006 (9120409.000.000) 01/22 21:54:38 Image size of job updated: 180356
	177  -  MemoryUsage of job (MB)
	180356  -  ResidentSetSize of job (KB)
...
006 (9120409.000.000) 01/22 21:58:39 Image size of job updated: 445128
	177  -  MemoryUsage of job (MB)
	180356  -  ResidentSetSize of job (KB)
...
040 (9120409.000.000) 01/22 21:58:39 Started transferring output files
...
040 (9120409.000.000) 01/22 21:58:39 Finished transferring output files
...
005 (9120409.000.000) 01/22 21:58:39 Job terminated.
	(1) Normal termination (return value 0)
		Usr 0 00:02:48, Sys 0 00:00:04  -  Run Remote Usage
		Usr 0 00:00:00, Sys 0 00:00:00  -  Run Local Usage
		Usr 0 00:02:48, Sys 0 00:00:04  -  Total Remote Usage
		Usr 0 00:00:00, Sys 0 00:00:00  -  Total Local Usage
	10268  -  Run Bytes Sent By Job
	320  -  Run Bytes Received By Job
	10268  -  Total Bytes Sent By Job
	320  -  Total Bytes Received By Job
	Partitionable Resources :    Usage  Request Allocated 
	   Cpus                 :        0        1         1 
	   Disk (KB)            :       34        1      3743 
	   GPUs                 :                           0 
	   Memory (MB)          :      177     3000      3000 
	   TimeExecute (s)      :      254                    
	   TimeSlotBusy (s)     :      256                    

	Job terminated of its own accord at 2026-01-22T20:58:39Z with exit-code 0.
...
