000 (9120401.000.000) 01/22 21:52:29 Job submitted from host: <188.185.6.50:9618?addrs=188.185.6.50-9618+[2001-1458-d00-62--100-2b1]-9618&alias=bigbird25.cern.ch&noUDP&sock=schedd_1627_90ad>
...
040 (9120401.000.000) 01/22 21:54:21 Started transferring input files
	Transferring to host: <188.185.206.182:9618?addrs=188.185.206.182-9618+[2001-1458-303-c--100-33]-9618&alias=b9p06p7293.cern.ch&noUDP&sock=slot1_33_7649_2990_122795>
...
040 (9120401.000.000) 01/22 21:54:21 Finished transferring input files
...
001 (9120401.000.000) 01/22 21:54:22 Job executing on host: <188.185.206.182:9618?addrs=188.185.206.182-9618+[2001-1458-303-c--100-33]-9618&alias=b9p06p7293.cern.ch&noUDP&sock=startd_6778_b903>
	SlotName: slot1_33@b9p06p7293.cern.ch
	CondorScratchDir = "/pool/condor/dir_3439247"
	Cpus = 1
	Disk = 3697
	GPUs = 0
	Memory = 3000
...
006 (9120401.000.000) 01/22 21:54:35 Image size of job updated: 172292
	169  -  MemoryUsage of job (MB)
	172292  -  ResidentSetSize of job (KB)
...
006 (9120401.000.000) 01/22 21:54:52 Image size of job updated: 236928
	169  -  MemoryUsage of job (MB)
	172292  -  ResidentSetSize of job (KB)
...
040 (9120401.000.000) 01/22 21:54:52 Started transferring output files
...
040 (9120401.000.000) 01/22 21:54:52 Finished transferring output files
...
005 (9120401.000.000) 01/22 21:54:52 Job terminated.
	(1) Normal termination (return value 0)
		Usr 0 00:00:19, Sys 0 00:00:01  -  Run Remote Usage
		Usr 0 00:00:00, Sys 0 00:00:00  -  Run Local Usage
		Usr 0 00:00:19, Sys 0 00:00:01  -  Total Remote Usage
		Usr 0 00:00:00, Sys 0 00:00:00  -  Total Local Usage
	6992  -  Run Bytes Sent By Job
	324  -  Run Bytes Received By Job
	6992  -  Total Bytes Sent By Job
	324  -  Total Bytes Received By Job
	Partitionable Resources :    Usage  Request Allocated 
	   Cpus                 :                 1         1 
	   Disk (KB)            :       22        1      3697 
	   GPUs                 :                           0 
	   Memory (MB)          :      169     3000      3000 
	   TimeExecute (s)      :       30                    
	   TimeSlotBusy (s)     :       31                    

	Job terminated of its own accord at 2026-01-22T20:54:52Z with exit-code 0.
...
