000 (9120400.000.000) 01/22 21:52:29 Job submitted from host: <188.185.6.50:9618?addrs=188.185.6.50-9618+[2001-1458-d00-62--100-2b1]-9618&alias=bigbird25.cern.ch&noUDP&sock=schedd_1627_90ad>
...
040 (9120400.000.000) 01/22 21:54:21 Started transferring input files
	Transferring to host: <188.185.207.31:9618?addrs=188.185.207.31-9618+[2001-1458-303-d--100-1c]-9618&alias=b9p07p5284.cern.ch&noUDP&sock=slot1_16_5535_a87a_121996>
...
040 (9120400.000.000) 01/22 21:54:21 Finished transferring input files
...
001 (9120400.000.000) 01/22 21:54:22 Job executing on host: <188.185.207.31:9618?addrs=188.185.207.31-9618+[2001-1458-303-d--100-1c]-9618&alias=b9p07p5284.cern.ch&noUDP&sock=startd_4621_333a>
	SlotName: slot1_16@b9p07p5284.cern.ch
	CondorScratchDir = "/pool/condor/dir_1289687"
	Cpus = 1
	Disk = 3772
	GPUs = 0
	Memory = 3000
...
006 (9120400.000.000) 01/22 21:54:36 Image size of job updated: 172328
	169  -  MemoryUsage of job (MB)
	172328  -  ResidentSetSize of job (KB)
...
006 (9120400.000.000) 01/22 21:56:20 Image size of job updated: 248244
	169  -  MemoryUsage of job (MB)
	172328  -  ResidentSetSize of job (KB)
...
040 (9120400.000.000) 01/22 21:56:20 Started transferring output files
...
040 (9120400.000.000) 01/22 21:56:20 Finished transferring output files
...
005 (9120400.000.000) 01/22 21:56:20 Job terminated.
	(1) Normal termination (return value 0)
		Usr 0 00:01:40, Sys 0 00:00:02  -  Run Remote Usage
		Usr 0 00:00:00, Sys 0 00:00:00  -  Run Local Usage
		Usr 0 00:01:40, Sys 0 00:00:02  -  Total Remote Usage
		Usr 0 00:00:00, Sys 0 00:00:00  -  Total Local Usage
	10272  -  Run Bytes Sent By Job
	324  -  Run Bytes Received By Job
	10272  -  Total Bytes Sent By Job
	324  -  Total Bytes Received By Job
	Partitionable Resources :    Usage  Request Allocated 
	   Cpus                 :        0        1         1 
	   Disk (KB)            :       34        1      3772 
	   GPUs                 :                           0 
	   Memory (MB)          :      169     3000      3000 
	   TimeExecute (s)      :      118                    
	   TimeSlotBusy (s)     :      120                    

	Job terminated of its own accord at 2026-01-22T20:56:20Z with exit-code 0.
...
