000 (9120403.000.000) 01/22 21:52:30 Job submitted from host: <188.185.6.50:9618?addrs=188.185.6.50-9618+[2001-1458-d00-62--100-2b1]-9618&alias=bigbird25.cern.ch&noUDP&sock=schedd_1627_90ad>
...
040 (9120403.000.000) 01/22 21:54:23 Started transferring input files
	Transferring to host: <188.185.208.162:9618?addrs=188.185.208.162-9618+[2001-1458-303-10--100-1f]-9618&alias=b9p10p3898.cern.ch&noUDP&sock=slot1_17_6504_6802_119940>
...
040 (9120403.000.000) 01/22 21:54:23 Finished transferring input files
...
001 (9120403.000.000) 01/22 21:54:24 Job executing on host: <188.185.208.162:9618?addrs=188.185.208.162-9618+[2001-1458-303-10--100-1f]-9618&alias=b9p10p3898.cern.ch&noUDP&sock=startd_5679_e66e>
	SlotName: slot1_17@b9p10p3898.cern.ch
	CondorScratchDir = "/pool/condor/dir_2085665"
	Cpus = 1
	Disk = 3673
	GPUs = 0
	Memory = 3000
...
006 (9120403.000.000) 01/22 21:54:38 Image size of job updated: 172348
	169  -  MemoryUsage of job (MB)
	172348  -  ResidentSetSize of job (KB)
...
006 (9120403.000.000) 01/22 21:56:56 Image size of job updated: 247200
	169  -  MemoryUsage of job (MB)
	172348  -  ResidentSetSize of job (KB)
...
040 (9120403.000.000) 01/22 21:56:56 Started transferring output files
...
040 (9120403.000.000) 01/22 21:56:56 Finished transferring output files
...
005 (9120403.000.000) 01/22 21:56:56 Job terminated.
	(1) Normal termination (return value 0)
		Usr 0 00:02:11, Sys 0 00:00:02  -  Run Remote Usage
		Usr 0 00:00:00, Sys 0 00:00:00  -  Run Local Usage
		Usr 0 00:02:11, Sys 0 00:00:02  -  Total Remote Usage
		Usr 0 00:00:00, Sys 0 00:00:00  -  Total Local Usage
	10272  -  Run Bytes Sent By Job
	324  -  Run Bytes Received By Job
	10272  -  Total Bytes Sent By Job
	324  -  Total Bytes Received By Job
	Partitionable Resources :    Usage  Request Allocated 
	   Cpus                 :        0        1         1 
	   Disk (KB)            :       34        1      3673 
	   GPUs                 :                           0 
	   Memory (MB)          :      169     3000      3000 
	   TimeExecute (s)      :      152                    
	   TimeSlotBusy (s)     :      154                    

	Job terminated of its own accord at 2026-01-22T20:56:56Z with exit-code 0.
...
