000 (9120399.000.000) 01/22 21:52:29 Job submitted from host: <188.185.6.50:9618?addrs=188.185.6.50-9618+[2001-1458-d00-62--100-2b1]-9618&alias=bigbird25.cern.ch&noUDP&sock=schedd_1627_90ad>
...
040 (9120399.000.000) 01/22 21:54:22 Started transferring input files
	Transferring to host: <188.185.205.180:9618?addrs=188.185.205.180-9618+[2001-1458-303-a--100-31]-9618&alias=b9p04p8901.cern.ch&noUDP&sock=slot1_5_5493_10b8_120288>
...
040 (9120399.000.000) 01/22 21:54:22 Finished transferring input files
...
001 (9120399.000.000) 01/22 21:54:23 Job executing on host: <188.185.205.180:9618?addrs=188.185.205.180-9618+[2001-1458-303-a--100-31]-9618&alias=b9p04p8901.cern.ch&noUDP&sock=startd_4642_9ab8>
	SlotName: slot1_5@b9p04p8901.cern.ch
	CondorScratchDir = "/pool/condor/dir_58812"
	Cpus = 1
	Disk = 3667
	GPUs = 0
	Memory = 3000
...
006 (9120399.000.000) 01/22 21:54:36 Image size of job updated: 135424
	133  -  MemoryUsage of job (MB)
	135424  -  ResidentSetSize of job (KB)
...
006 (9120399.000.000) 01/22 21:56:54 Image size of job updated: 166672
	133  -  MemoryUsage of job (MB)
	135448  -  ResidentSetSize of job (KB)
...
040 (9120399.000.000) 01/22 21:56:54 Started transferring output files
...
040 (9120399.000.000) 01/22 21:56:54 Finished transferring output files
...
005 (9120399.000.000) 01/22 21:56:54 Job terminated.
	(1) Normal termination (return value 0)
		Usr 0 00:01:35, Sys 0 00:00:03  -  Run Remote Usage
		Usr 0 00:00:00, Sys 0 00:00:00  -  Run Local Usage
		Usr 0 00:01:35, Sys 0 00:00:03  -  Total Remote Usage
		Usr 0 00:00:00, Sys 0 00:00:00  -  Total Local Usage
	8571  -  Run Bytes Sent By Job
	324  -  Run Bytes Received By Job
	8571  -  Total Bytes Sent By Job
	324  -  Total Bytes Received By Job
	Partitionable Resources :    Usage  Request Allocated 
	   Cpus                 :     0.55        1         1 
	   Disk (KB)            :    32           1      3667 
	   GPUs                 :                           0 
	   Memory (MB)          :   133        3000      3000 
	   TimeExecute (s)      :   151                       
	   TimeSlotBusy (s)     :   153                       

	Job terminated of its own accord at 2026-01-22T20:56:54Z with exit-code 0.
...
