000 (9120402.000.000) 01/22 21:52:30 Job submitted from host: <188.185.6.50:9618?addrs=188.185.6.50-9618+[2001-1458-d00-62--100-2b1]-9618&alias=bigbird25.cern.ch&noUDP&sock=schedd_1627_90ad>
...
040 (9120402.000.000) 01/22 21:54:22 Started transferring input files
	Transferring to host: <188.185.209.64:9618?addrs=188.185.209.64-9618+[2001-1458-303-11--100-3d]-9618&alias=b9p11p9443.cern.ch&noUDP&sock=slot1_34_5887_ac88_123246>
...
040 (9120402.000.000) 01/22 21:54:22 Finished transferring input files
...
001 (9120402.000.000) 01/22 21:54:23 Job executing on host: <188.185.209.64:9618?addrs=188.185.209.64-9618+[2001-1458-303-11--100-3d]-9618&alias=b9p11p9443.cern.ch&noUDP&sock=startd_4858_c32c>
	SlotName: slot1_34@b9p11p9443.cern.ch
	CondorScratchDir = "/pool/condor/dir_2039852"
	Cpus = 1
	Disk = 3636
	GPUs = 0
	Memory = 3000
...
006 (9120402.000.000) 01/22 21:54:37 Image size of job updated: 106664
	105  -  MemoryUsage of job (MB)
	106664  -  ResidentSetSize of job (KB)
...
006 (9120402.000.000) 01/22 21:56:34 Image size of job updated: 247396
	105  -  MemoryUsage of job (MB)
	106664  -  ResidentSetSize of job (KB)
...
040 (9120402.000.000) 01/22 21:56:34 Started transferring output files
...
040 (9120402.000.000) 01/22 21:56:34 Finished transferring output files
...
005 (9120402.000.000) 01/22 21:56:34 Job terminated.
	(1) Normal termination (return value 0)
		Usr 0 00:01:28, Sys 0 00:00:02  -  Run Remote Usage
		Usr 0 00:00:00, Sys 0 00:00:00  -  Run Local Usage
		Usr 0 00:01:28, Sys 0 00:00:02  -  Total Remote Usage
		Usr 0 00:00:00, Sys 0 00:00:00  -  Total Local Usage
	8291  -  Run Bytes Sent By Job
	324  -  Run Bytes Received By Job
	8291  -  Total Bytes Sent By Job
	324  -  Total Bytes Received By Job
	Partitionable Resources :    Usage  Request Allocated 
	   Cpus                 :        0        1         1 
	   Disk (KB)            :       32        1      3636 
	   GPUs                 :                           0 
	   Memory (MB)          :      105     3000      3000 
	   TimeExecute (s)      :      131                    
	   TimeSlotBusy (s)     :      133                    

	Job terminated of its own accord at 2026-01-22T20:56:34Z with exit-code 0.
...
