000 (9120406.000.000) 01/22 21:52:31 Job submitted from host: <188.185.6.50:9618?addrs=188.185.6.50-9618+[2001-1458-d00-62--100-2b1]-9618&alias=bigbird25.cern.ch&noUDP&sock=schedd_1627_90ad>
...
040 (9120406.000.000) 01/22 21:54:24 Started transferring input files
	Transferring to host: <188.185.209.227:9618?addrs=188.185.209.227-9618+[2001-1458-303-12--100-60]-9618&alias=b9p12p0819.cern.ch&noUDP&sock=slot1_14_5988_d66d_122506>
...
040 (9120406.000.000) 01/22 21:54:24 Finished transferring input files
...
001 (9120406.000.000) 01/22 21:54:25 Job executing on host: <188.185.209.227:9618?addrs=188.185.209.227-9618+[2001-1458-303-12--100-60]-9618&alias=b9p12p0819.cern.ch&noUDP&sock=startd_4960_b9d5>
	SlotName: slot1_14@b9p12p0819.cern.ch
	CondorScratchDir = "/pool/condor/dir_1934832"
	Cpus = 1
	Disk = 3716
	GPUs = 0
	Memory = 3000
...
006 (9120406.000.000) 01/22 21:54:38 Image size of job updated: 174180
	171  -  MemoryUsage of job (MB)
	174180  -  ResidentSetSize of job (KB)
...
006 (9120406.000.000) 01/22 21:56:24 Image size of job updated: 235204
	171  -  MemoryUsage of job (MB)
	174180  -  ResidentSetSize of job (KB)
...
040 (9120406.000.000) 01/22 21:56:24 Started transferring output files
...
040 (9120406.000.000) 01/22 21:56:24 Finished transferring output files
...
005 (9120406.000.000) 01/22 21:56:24 Job terminated.
	(1) Normal termination (return value 0)
		Usr 0 00:01:38, Sys 0 00:00:02  -  Run Remote Usage
		Usr 0 00:00:00, Sys 0 00:00:00  -  Run Local Usage
		Usr 0 00:01:38, Sys 0 00:00:02  -  Total Remote Usage
		Usr 0 00:00:00, Sys 0 00:00:00  -  Total Local Usage
	9176  -  Run Bytes Sent By Job
	324  -  Run Bytes Received By Job
	9176  -  Total Bytes Sent By Job
	324  -  Total Bytes Received By Job
	Partitionable Resources :    Usage  Request Allocated 
	   Cpus                 :        0        1         1 
	   Disk (KB)            :       33        1      3716 
	   GPUs                 :                           0 
	   Memory (MB)          :      171     3000      3000 
	   TimeExecute (s)      :      119                    
	   TimeSlotBusy (s)     :      121                    

	Job terminated of its own accord at 2026-01-22T20:56:24Z with exit-code 0.
...
