000 (9120404.000.000) 01/22 21:52:30 Job submitted from host: <188.185.6.50:9618?addrs=188.185.6.50-9618+[2001-1458-d00-62--100-2b1]-9618&alias=bigbird25.cern.ch&noUDP&sock=schedd_1627_90ad>
...
040 (9120404.000.000) 01/22 21:54:23 Started transferring input files
	Transferring to host: <188.185.205.145:9618?addrs=188.185.205.145-9618+[2001-1458-303-a--100-e]-9618&alias=b9p04p6807.cern.ch&noUDP&sock=slot1_28_4033_5cfd_120038>
...
040 (9120404.000.000) 01/22 21:54:23 Finished transferring input files
...
001 (9120404.000.000) 01/22 21:54:24 Job executing on host: <188.185.205.145:9618?addrs=188.185.205.145-9618+[2001-1458-303-a--100-e]-9618&alias=b9p04p6807.cern.ch&noUDP&sock=startd_3588_a5e5>
	SlotName: slot1_28@b9p04p6807.cern.ch
	CondorScratchDir = "/pool/condor/dir_2265629"
	Cpus = 1
	Disk = 3619
	GPUs = 0
	Memory = 3000
...
006 (9120404.000.000) 01/22 21:54:38 Image size of job updated: 187552
	184  -  MemoryUsage of job (MB)
	187552  -  ResidentSetSize of job (KB)
...
006 (9120404.000.000) 01/22 21:54:54 Image size of job updated: 205612
	184  -  MemoryUsage of job (MB)
	187552  -  ResidentSetSize of job (KB)
...
040 (9120404.000.000) 01/22 21:54:54 Started transferring output files
...
040 (9120404.000.000) 01/22 21:54:54 Finished transferring output files
...
005 (9120404.000.000) 01/22 21:54:54 Job terminated.
	(1) Normal termination (return value 0)
		Usr 0 00:00:19, Sys 0 00:00:01  -  Run Remote Usage
		Usr 0 00:00:00, Sys 0 00:00:00  -  Run Local Usage
		Usr 0 00:00:19, Sys 0 00:00:01  -  Total Remote Usage
		Usr 0 00:00:00, Sys 0 00:00:00  -  Total Local Usage
	6866  -  Run Bytes Sent By Job
	324  -  Run Bytes Received By Job
	6866  -  Total Bytes Sent By Job
	324  -  Total Bytes Received By Job
	Partitionable Resources :    Usage  Request Allocated 
	   Cpus                 :        0        1         1 
	   Disk (KB)            :       30        1      3619 
	   GPUs                 :                           0 
	   Memory (MB)          :      184     3000      3000 
	   TimeExecute (s)      :       30                    
	   TimeSlotBusy (s)     :       32                    

	Job terminated of its own accord at 2026-01-22T20:54:54Z with exit-code 0.
...
