000 (9120438.000.000) 01/22 21:52:42 Job submitted from host: <188.185.6.50:9618?addrs=188.185.6.50-9618+[2001-1458-d00-62--100-2b1]-9618&alias=bigbird25.cern.ch&noUDP&sock=schedd_1627_90ad>
...
040 (9120438.000.000) 01/22 21:54:34 Started transferring input files
	Transferring to host: <188.185.215.8:9618?addrs=188.185.215.8-9618+[2001-1458-303-1e--100-4]-9618&alias=b9p31p0829.cern.ch&noUDP&sock=slot1_13_6699_cd29_130115>
...
040 (9120438.000.000) 01/22 21:54:34 Finished transferring input files
...
001 (9120438.000.000) 01/22 21:54:35 Job executing on host: <188.185.215.8:9618?addrs=188.185.215.8-9618+[2001-1458-303-1e--100-4]-9618&alias=b9p31p0829.cern.ch&noUDP&sock=startd_5751_493f>
	SlotName: slot1_13@b9p31p0829.cern.ch
	CondorScratchDir = "/pool/condor/dir_3390098"
	Cpus = 1
	Disk = 3807
	GPUs = 0
	Memory = 3000
...
006 (9120438.000.000) 01/22 21:54:49 Image size of job updated: 129152
	127  -  MemoryUsage of job (MB)
	129152  -  ResidentSetSize of job (KB)
...
006 (9120438.000.000) 01/22 21:54:51 Image size of job updated: 149676
	127  -  MemoryUsage of job (MB)
	129152  -  ResidentSetSize of job (KB)
...
040 (9120438.000.000) 01/22 21:54:51 Started transferring output files
...
040 (9120438.000.000) 01/22 21:54:51 Finished transferring output files
...
005 (9120438.000.000) 01/22 21:54:51 Job terminated.
	(1) Normal termination (return value 0)
		Usr 0 00:00:02, Sys 0 00:00:02  -  Run Remote Usage
		Usr 0 00:00:00, Sys 0 00:00:00  -  Run Local Usage
		Usr 0 00:00:02, Sys 0 00:00:02  -  Total Remote Usage
		Usr 0 00:00:00, Sys 0 00:00:00  -  Total Local Usage
	5990  -  Run Bytes Sent By Job
	314  -  Run Bytes Received By Job
	5990  -  Total Bytes Sent By Job
	314  -  Total Bytes Received By Job
	Partitionable Resources :    Usage  Request Allocated 
	   Cpus                 :     0.09        1         1 
	   Disk (KB)            :    29           1      3807 
	   GPUs                 :                           0 
	   Memory (MB)          :   127        3000      3000 
	   TimeExecute (s)      :    16                       
	   TimeSlotBusy (s)     :    18                       

	Job terminated of its own accord at 2026-01-22T20:54:51Z with exit-code 0.
...
