000 (9120435.000.000) 01/22 21:52:41 Job submitted from host: <188.185.6.50:9618?addrs=188.185.6.50-9618+[2001-1458-d00-62--100-2b1]-9618&alias=bigbird25.cern.ch&noUDP&sock=schedd_1627_90ad>
...
040 (9120435.000.000) 01/22 21:54:32 Started transferring input files
	Transferring to host: <188.185.213.192:9618?addrs=188.185.213.192-9618+[2001-1458-303-1b--100-3c]-9618&alias=b9p28p2228.cern.ch&noUDP&sock=slot1_16_9267_3092_132505>
...
040 (9120435.000.000) 01/22 21:54:32 Finished transferring input files
...
001 (9120435.000.000) 01/22 21:54:33 Job executing on host: <188.185.213.192:9618?addrs=188.185.213.192-9618+[2001-1458-303-1b--100-3c]-9618&alias=b9p28p2228.cern.ch&noUDP&sock=startd_8169_d540>
	SlotName: slot1_16@b9p28p2228.cern.ch
	CondorScratchDir = "/pool/condor/dir_2913748"
	Cpus = 1
	Disk = 3882
	GPUs = 0
	Memory = 3000
...
006 (9120435.000.000) 01/22 21:54:47 Image size of job updated: 168608
	165  -  MemoryUsage of job (MB)
	168608  -  ResidentSetSize of job (KB)
...
006 (9120435.000.000) 01/22 21:55:04 Image size of job updated: 168612
	165  -  MemoryUsage of job (MB)
	168608  -  ResidentSetSize of job (KB)
...
040 (9120435.000.000) 01/22 21:55:04 Started transferring output files
...
040 (9120435.000.000) 01/22 21:55:04 Finished transferring output files
...
005 (9120435.000.000) 01/22 21:55:04 Job terminated.
	(1) Normal termination (return value 0)
		Usr 0 00:00:19, Sys 0 00:00:02  -  Run Remote Usage
		Usr 0 00:00:00, Sys 0 00:00:00  -  Run Local Usage
		Usr 0 00:00:19, Sys 0 00:00:02  -  Total Remote Usage
		Usr 0 00:00:00, Sys 0 00:00:00  -  Total Local Usage
	6521  -  Run Bytes Sent By Job
	325  -  Run Bytes Received By Job
	6521  -  Total Bytes Sent By Job
	325  -  Total Bytes Received By Job
	Partitionable Resources :    Usage  Request Allocated 
	   Cpus                 :        0        1         1 
	   Disk (KB)            :       30        1      3882 
	   GPUs                 :                           0 
	   Memory (MB)          :      165     3000      3000 
	   TimeExecute (s)      :       31                    
	   TimeSlotBusy (s)     :       32                    

	Job terminated of its own accord at 2026-01-22T20:55:04Z with exit-code 0.
...
