000 (9120437.000.000) 01/22 21:52:42 Job submitted from host: <188.185.6.50:9618?addrs=188.185.6.50-9618+[2001-1458-d00-62--100-2b1]-9618&alias=bigbird25.cern.ch&noUDP&sock=schedd_1627_90ad>
...
040 (9120437.000.000) 01/22 21:54:33 Started transferring input files
	Transferring to host: <128.142.33.210:9618?addrs=128.142.33.210-9618+[2001-1458-301-39--100-f]-9618&alias=b9g24p4209.cern.ch&noUDP&sock=slot1_21_6983_e7b5_136368>
...
040 (9120437.000.000) 01/22 21:54:33 Finished transferring input files
...
001 (9120437.000.000) 01/22 21:54:34 Job executing on host: <128.142.33.210:9618?addrs=128.142.33.210-9618+[2001-1458-301-39--100-f]-9618&alias=b9g24p4209.cern.ch&noUDP&sock=startd_5924_f322>
	SlotName: slot1_21@b9g24p4209.cern.ch
	CondorScratchDir = "/pool/condor/dir_169504"
	Cpus = 1
	Disk = 3814
	GPUs = 0
	Memory = 3000
...
006 (9120437.000.000) 01/22 21:54:48 Image size of job updated: 166740
	163  -  MemoryUsage of job (MB)
	166740  -  ResidentSetSize of job (KB)
...
006 (9120437.000.000) 01/22 21:55:06 Image size of job updated: 166748
	163  -  MemoryUsage of job (MB)
	166740  -  ResidentSetSize of job (KB)
...
040 (9120437.000.000) 01/22 21:55:06 Started transferring output files
...
040 (9120437.000.000) 01/22 21:55:06 Finished transferring output files
...
005 (9120437.000.000) 01/22 21:55:06 Job terminated.
	(1) Normal termination (return value 0)
		Usr 0 00:00:19, Sys 0 00:00:02  -  Run Remote Usage
		Usr 0 00:00:00, Sys 0 00:00:00  -  Run Local Usage
		Usr 0 00:00:19, Sys 0 00:00:02  -  Total Remote Usage
		Usr 0 00:00:00, Sys 0 00:00:00  -  Total Local Usage
	6488  -  Run Bytes Sent By Job
	314  -  Run Bytes Received By Job
	6488  -  Total Bytes Sent By Job
	314  -  Total Bytes Received By Job
	Partitionable Resources :    Usage  Request Allocated 
	   Cpus                 :        0        1         1 
	   Disk (KB)            :       30        1      3814 
	   GPUs                 :                           0 
	   Memory (MB)          :      163     3000      3000 
	   TimeExecute (s)      :       32                    
	   TimeSlotBusy (s)     :       34                    

	Job terminated of its own accord at 2026-01-22T20:55:06Z with exit-code 0.
...
