000 (9120440.000.000) 01/22 21:52:43 Job submitted from host: <188.185.6.50:9618?addrs=188.185.6.50-9618+[2001-1458-d00-62--100-2b1]-9618&alias=bigbird25.cern.ch&noUDP&sock=schedd_1627_90ad>
...
040 (9120440.000.000) 01/22 21:54:35 Started transferring input files
	Transferring to host: <188.185.206.203:9618?addrs=188.185.206.203-9618+[2001-1458-303-c--100-48]-9618&alias=b9p06p2344.cern.ch&noUDP&sock=slot1_7_7025_7f77_110679>
...
040 (9120440.000.000) 01/22 21:54:35 Finished transferring input files
...
001 (9120440.000.000) 01/22 21:54:36 Job executing on host: <188.185.206.203:9618?addrs=188.185.206.203-9618+[2001-1458-303-c--100-48]-9618&alias=b9p06p2344.cern.ch&noUDP&sock=startd_6167_a0a5>
	SlotName: slot1_7@b9p06p2344.cern.ch
	CondorScratchDir = "/pool/condor/dir_1120740"
	Cpus = 1
	Disk = 3741
	GPUs = 0
	Memory = 3000
...
006 (9120440.000.000) 01/22 21:54:49 Image size of job updated: 124004
	122  -  MemoryUsage of job (MB)
	124004  -  ResidentSetSize of job (KB)
...
006 (9120440.000.000) 01/22 21:54:51 Image size of job updated: 153236
	122  -  MemoryUsage of job (MB)
	124004  -  ResidentSetSize of job (KB)
...
040 (9120440.000.000) 01/22 21:54:51 Started transferring output files
...
040 (9120440.000.000) 01/22 21:54:51 Finished transferring output files
...
005 (9120440.000.000) 01/22 21:54:51 Job terminated.
	(1) Normal termination (return value 0)
		Usr 0 00:00:03, Sys 0 00:00:02  -  Run Remote Usage
		Usr 0 00:00:00, Sys 0 00:00:00  -  Run Local Usage
		Usr 0 00:00:03, Sys 0 00:00:02  -  Total Remote Usage
		Usr 0 00:00:00, Sys 0 00:00:00  -  Total Local Usage
	5998  -  Run Bytes Sent By Job
	318  -  Run Bytes Received By Job
	5998  -  Total Bytes Sent By Job
	318  -  Total Bytes Received By Job
	Partitionable Resources :    Usage  Request Allocated 
	   Cpus                 :        0        1         1 
	   Disk (KB)            :       32        1      3741 
	   GPUs                 :                           0 
	   Memory (MB)          :      122     3000      3000 
	   TimeExecute (s)      :       15                    
	   TimeSlotBusy (s)     :       17                    

	Job terminated of its own accord at 2026-01-22T20:54:51Z with exit-code 0.
...
