000 (9120434.000.000) 01/22 21:52:41 Job submitted from host: <188.185.6.50:9618?addrs=188.185.6.50-9618+[2001-1458-d00-62--100-2b1]-9618&alias=bigbird25.cern.ch&noUDP&sock=schedd_1627_90ad>
...
040 (9120434.000.000) 01/22 21:54:32 Started transferring input files
	Transferring to host: <188.185.215.139:9618?addrs=188.185.215.139-9618+[2001-1458-303-26--100-7]-9618&alias=b9p18p4907.cern.ch&noUDP&sock=slot1_43_3326_37c0_121404>
...
040 (9120434.000.000) 01/22 21:54:32 Finished transferring input files
...
001 (9120434.000.000) 01/22 21:54:33 Job executing on host: <188.185.215.139:9618?addrs=188.185.215.139-9618+[2001-1458-303-26--100-7]-9618&alias=b9p18p4907.cern.ch&noUDP&sock=startd_3189_f79c>
	SlotName: slot1_43@b9p18p4907.cern.ch
	CondorScratchDir = "/pool/condor/dir_1163520"
	Cpus = 1
	Disk = 3878
	GPUs = 0
	Memory = 3000
...
006 (9120434.000.000) 01/22 21:54:47 Image size of job updated: 155732
	153  -  MemoryUsage of job (MB)
	155732  -  ResidentSetSize of job (KB)
...
040 (9120434.000.000) 01/22 21:54:48 Started transferring output files
...
040 (9120434.000.000) 01/22 21:54:48 Finished transferring output files
...
005 (9120434.000.000) 01/22 21:54:48 Job terminated.
	(1) Normal termination (return value 0)
		Usr 0 00:00:04, Sys 0 00:00:01  -  Run Remote Usage
		Usr 0 00:00:00, Sys 0 00:00:00  -  Run Local Usage
		Usr 0 00:00:04, Sys 0 00:00:01  -  Total Remote Usage
		Usr 0 00:00:00, Sys 0 00:00:00  -  Total Local Usage
	6004  -  Run Bytes Sent By Job
	321  -  Run Bytes Received By Job
	6004  -  Total Bytes Sent By Job
	321  -  Total Bytes Received By Job
	Partitionable Resources :    Usage  Request Allocated 
	   Cpus                 :        0        1         1 
	   Disk (KB)            :       30        1      3878 
	   GPUs                 :                           0 
	   Memory (MB)          :      153     3000      3000 
	   TimeExecute (s)      :       15                    
	   TimeSlotBusy (s)     :       17                    

	Job terminated of its own accord at 2026-01-22T20:54:48Z with exit-code 0.
...
