000 (9120439.000.000) 01/22 21:52:42 Job submitted from host: <188.185.6.50:9618?addrs=188.185.6.50-9618+[2001-1458-d00-62--100-2b1]-9618&alias=bigbird25.cern.ch&noUDP&sock=schedd_1627_90ad>
...
040 (9120439.000.000) 01/22 21:54:34 Started transferring input files
	Transferring to host: <188.185.213.212:9618?addrs=188.185.213.212-9618+[2001-1458-303-1b--100-50]-9618&alias=b9p28p2314.cern.ch&noUDP&sock=slot1_22_3151_ea19_157125>
...
040 (9120439.000.000) 01/22 21:54:34 Finished transferring input files
...
001 (9120439.000.000) 01/22 21:54:35 Job executing on host: <188.185.213.212:9618?addrs=188.185.213.212-9618+[2001-1458-303-1b--100-50]-9618&alias=b9p28p2314.cern.ch&noUDP&sock=startd_2685_43e0>
	SlotName: slot1_22@b9p28p2314.cern.ch
	CondorScratchDir = "/pool/condor/dir_568182"
	Cpus = 1
	Disk = 3752
	GPUs = 0
	Memory = 3000
...
006 (9120439.000.000) 01/22 21:54:49 Image size of job updated: 166752
	163  -  MemoryUsage of job (MB)
	166752  -  ResidentSetSize of job (KB)
...
006 (9120439.000.000) 01/22 21:54:58 Image size of job updated: 166756
	163  -  MemoryUsage of job (MB)
	166752  -  ResidentSetSize of job (KB)
...
040 (9120439.000.000) 01/22 21:54:58 Started transferring output files
...
040 (9120439.000.000) 01/22 21:54:58 Finished transferring output files
...
005 (9120439.000.000) 01/22 21:54:58 Job terminated.
	(1) Normal termination (return value 0)
		Usr 0 00:00:13, Sys 0 00:00:01  -  Run Remote Usage
		Usr 0 00:00:00, Sys 0 00:00:00  -  Run Local Usage
		Usr 0 00:00:13, Sys 0 00:00:01  -  Total Remote Usage
		Usr 0 00:00:00, Sys 0 00:00:00  -  Total Local Usage
	6462  -  Run Bytes Sent By Job
	318  -  Run Bytes Received By Job
	6462  -  Total Bytes Sent By Job
	318  -  Total Bytes Received By Job
	Partitionable Resources :    Usage  Request Allocated 
	   Cpus                 :        0        1         1 
	   Disk (KB)            :       30        1      3752 
	   GPUs                 :                           0 
	   Memory (MB)          :      163     3000      3000 
	   TimeExecute (s)      :       23                    
	   TimeSlotBusy (s)     :       25                    

	Job terminated of its own accord at 2026-01-22T20:54:58Z with exit-code 0.
...
