000 (9120433.000.000) 01/22 21:52:40 Job submitted from host: <188.185.6.50:9618?addrs=188.185.6.50-9618+[2001-1458-d00-62--100-2b1]-9618&alias=bigbird25.cern.ch&noUDP&sock=schedd_1627_90ad>
...
040 (9120433.000.000) 01/22 21:54:32 Started transferring input files
	Transferring to host: <188.185.192.75:9618?addrs=188.185.192.75-9618+[2001-1458-303-1f--100-47]-9618&alias=b9p13p9645.cern.ch&noUDP&sock=slot1_27_2161827_707f_63818>
...
040 (9120433.000.000) 01/22 21:54:32 Finished transferring input files
...
001 (9120433.000.000) 01/22 21:54:33 Job executing on host: <188.185.192.75:9618?addrs=188.185.192.75-9618+[2001-1458-303-1f--100-47]-9618&alias=b9p13p9645.cern.ch&noUDP&sock=startd_9688_bd9c>
	SlotName: slot1_27@b9p13p9645.cern.ch
	CondorScratchDir = "/pool/condor/dir_2932926"
	Cpus = 1
	Disk = 3942
	GPUs = 0
	Memory = 3000
...
006 (9120433.000.000) 01/22 21:54:47 Image size of job updated: 154260
	151  -  MemoryUsage of job (MB)
	154260  -  ResidentSetSize of job (KB)
...
006 (9120433.000.000) 01/22 21:55:28 Image size of job updated: 167124
	151  -  MemoryUsage of job (MB)
	154260  -  ResidentSetSize of job (KB)
...
040 (9120433.000.000) 01/22 21:55:28 Started transferring output files
...
040 (9120433.000.000) 01/22 21:55:28 Finished transferring output files
...
005 (9120433.000.000) 01/22 21:55:28 Job terminated.
	(1) Normal termination (return value 0)
		Usr 0 00:00:38, Sys 0 00:00:01  -  Run Remote Usage
		Usr 0 00:00:00, Sys 0 00:00:00  -  Run Local Usage
		Usr 0 00:00:38, Sys 0 00:00:01  -  Total Remote Usage
		Usr 0 00:00:00, Sys 0 00:00:00  -  Total Local Usage
	6758  -  Run Bytes Sent By Job
	321  -  Run Bytes Received By Job
	6758  -  Total Bytes Sent By Job
	321  -  Total Bytes Received By Job
	Partitionable Resources :    Usage  Request Allocated 
	   Cpus                 :        0        1         1 
	   Disk (KB)            :       30        1      3942 
	   GPUs                 :                           0 
	   Memory (MB)          :      151     3000      3000 
	   TimeExecute (s)      :       55                    
	   TimeSlotBusy (s)     :       57                    

	Job terminated of its own accord at 2026-01-22T20:55:28Z with exit-code 0.
...
