000 (9120421.000.000) 01/22 21:52:35 Job submitted from host: <188.185.6.50:9618?addrs=188.185.6.50-9618+[2001-1458-d00-62--100-2b1]-9618&alias=bigbird25.cern.ch&noUDP&sock=schedd_1627_90ad>
...
040 (9120421.000.000) 01/22 21:54:28 Started transferring input files
	Transferring to host: <188.185.204.233:9618?addrs=188.185.204.233-9618+[2001-1458-303-8--100-66]-9618&alias=b9p02p4919.cern.ch&noUDP&sock=slot1_16_4538_2e72_120224>
...
040 (9120421.000.000) 01/22 21:54:28 Finished transferring input files
...
001 (9120421.000.000) 01/22 21:54:29 Job executing on host: <188.185.204.233:9618?addrs=188.185.204.233-9618+[2001-1458-303-8--100-66]-9618&alias=b9p02p4919.cern.ch&noUDP&sock=startd_3804_ce5a>
	SlotName: slot1_16@b9p02p4919.cern.ch
	CondorScratchDir = "/pool/condor/dir_3724418"
	Cpus = 1
	Disk = 3708
	GPUs = 0
	Memory = 3000
...
006 (9120421.000.000) 01/22 21:54:43 Image size of job updated: 180156
	176  -  MemoryUsage of job (MB)
	180156  -  ResidentSetSize of job (KB)
...
006 (9120421.000.000) 01/22 21:55:46 Image size of job updated: 180168
	176  -  MemoryUsage of job (MB)
	180156  -  ResidentSetSize of job (KB)
...
040 (9120421.000.000) 01/22 21:55:46 Started transferring output files
...
040 (9120421.000.000) 01/22 21:55:46 Finished transferring output files
...
005 (9120421.000.000) 01/22 21:55:46 Job terminated.
	(1) Normal termination (return value 0)
		Usr 0 00:00:57, Sys 0 00:00:02  -  Run Remote Usage
		Usr 0 00:00:00, Sys 0 00:00:00  -  Run Local Usage
		Usr 0 00:00:57, Sys 0 00:00:02  -  Total Remote Usage
		Usr 0 00:00:00, Sys 0 00:00:00  -  Total Local Usage
	7623  -  Run Bytes Sent By Job
	321  -  Run Bytes Received By Job
	7623  -  Total Bytes Sent By Job
	321  -  Total Bytes Received By Job
	Partitionable Resources :    Usage  Request Allocated 
	   Cpus                 :        0        1         1 
	   Disk (KB)            :       31        1      3708 
	   GPUs                 :                           0 
	   Memory (MB)          :      176     3000      3000 
	   TimeExecute (s)      :       77                    
	   TimeSlotBusy (s)     :       79                    

	Job terminated of its own accord at 2026-01-22T20:55:46Z with exit-code 0.
...
