000 (9120416.000.000) 01/22 21:52:34 Job submitted from host: <188.185.6.50:9618?addrs=188.185.6.50-9618+[2001-1458-d00-62--100-2b1]-9618&alias=bigbird25.cern.ch&noUDP&sock=schedd_1627_90ad>
...
040 (9120416.000.000) 01/22 21:54:27 Started transferring input files
	Transferring to host: <188.185.205.138:9618?addrs=188.185.205.138-9618+[2001-1458-303-a--100-7]-9618&alias=b9p04p5793.cern.ch&noUDP&sock=slot1_25_4032_a89d_122226>
...
040 (9120416.000.000) 01/22 21:54:27 Finished transferring input files
...
001 (9120416.000.000) 01/22 21:54:28 Job executing on host: <188.185.205.138:9618?addrs=188.185.205.138-9618+[2001-1458-303-a--100-7]-9618&alias=b9p04p5793.cern.ch&noUDP&sock=startd_3589_557e>
	SlotName: slot1_25@b9p04p5793.cern.ch
	CondorScratchDir = "/pool/condor/dir_3862792"
	Cpus = 1
	Disk = 3680
	GPUs = 0
	Memory = 3000
...
006 (9120416.000.000) 01/22 21:54:42 Image size of job updated: 296840
	290  -  MemoryUsage of job (MB)
	296840  -  ResidentSetSize of job (KB)
...
006 (9120416.000.000) 01/22 21:57:16 Image size of job updated: 307856
	290  -  MemoryUsage of job (MB)
	296840  -  ResidentSetSize of job (KB)
...
040 (9120416.000.000) 01/22 21:57:16 Started transferring output files
...
040 (9120416.000.000) 01/22 21:57:16 Finished transferring output files
...
005 (9120416.000.000) 01/22 21:57:16 Job terminated.
	(1) Normal termination (return value 0)
		Usr 0 00:02:18, Sys 0 00:00:02  -  Run Remote Usage
		Usr 0 00:00:00, Sys 0 00:00:00  -  Run Local Usage
		Usr 0 00:02:18, Sys 0 00:00:02  -  Total Remote Usage
		Usr 0 00:00:00, Sys 0 00:00:00  -  Total Local Usage
	10374  -  Run Bytes Sent By Job
	314  -  Run Bytes Received By Job
	10374  -  Total Bytes Sent By Job
	314  -  Total Bytes Received By Job
	Partitionable Resources :    Usage  Request Allocated 
	   Cpus                 :        0        1         1 
	   Disk (KB)            :       34        1      3680 
	   GPUs                 :                           0 
	   Memory (MB)          :      290     3000      3000 
	   TimeExecute (s)      :      168                    
	   TimeSlotBusy (s)     :      170                    

	Job terminated of its own accord at 2026-01-22T20:57:16Z with exit-code 0.
...
