000 (9120418.000.000) 01/22 21:52:35 Job submitted from host: <188.185.6.50:9618?addrs=188.185.6.50-9618+[2001-1458-d00-62--100-2b1]-9618&alias=bigbird25.cern.ch&noUDP&sock=schedd_1627_90ad>
...
040 (9120418.000.000) 01/22 21:54:27 Started transferring input files
	Transferring to host: <188.185.209.99:9618?addrs=188.185.209.99-9618+[2001-1458-303-11--100-60]-9618&alias=b9p11p8251.cern.ch&noUDP&sock=slot1_41_9156_faed_121009>
...
040 (9120418.000.000) 01/22 21:54:27 Finished transferring input files
...
001 (9120418.000.000) 01/22 21:54:28 Job executing on host: <188.185.209.99:9618?addrs=188.185.209.99-9618+[2001-1458-303-11--100-60]-9618&alias=b9p11p8251.cern.ch&noUDP&sock=startd_7858_834b>
	SlotName: slot1_41@b9p11p8251.cern.ch
	CondorScratchDir = "/pool/condor/dir_130745"
	Cpus = 1
	Disk = 3792
	GPUs = 0
	Memory = 3000
...
006 (9120418.000.000) 01/22 21:54:42 Image size of job updated: 154264
	151  -  MemoryUsage of job (MB)
	154264  -  ResidentSetSize of job (KB)
...
040 (9120418.000.000) 01/22 21:54:43 Started transferring output files
...
040 (9120418.000.000) 01/22 21:54:43 Finished transferring output files
...
005 (9120418.000.000) 01/22 21:54:43 Job terminated.
	(1) Normal termination (return value 0)
		Usr 0 00:00:03, Sys 0 00:00:02  -  Run Remote Usage
		Usr 0 00:00:00, Sys 0 00:00:00  -  Run Local Usage
		Usr 0 00:00:03, Sys 0 00:00:02  -  Total Remote Usage
		Usr 0 00:00:00, Sys 0 00:00:00  -  Total Local Usage
	6004  -  Run Bytes Sent By Job
	314  -  Run Bytes Received By Job
	6004  -  Total Bytes Sent By Job
	314  -  Total Bytes Received By Job
	Partitionable Resources :    Usage  Request Allocated 
	   Cpus                 :        0        1         1 
	   Disk (KB)            :       29        1      3792 
	   GPUs                 :                           0 
	   Memory (MB)          :      151     3000      3000 
	   TimeExecute (s)      :       15                    
	   TimeSlotBusy (s)     :       17                    

	Job terminated of its own accord at 2026-01-22T20:54:43Z with exit-code 0.
...
