000 (9120420.000.000) 01/22 21:52:35 Job submitted from host: <188.185.6.50:9618?addrs=188.185.6.50-9618+[2001-1458-d00-62--100-2b1]-9618&alias=bigbird25.cern.ch&noUDP&sock=schedd_1627_90ad>
...
040 (9120420.000.000) 01/22 21:54:28 Started transferring input files
	Transferring to host: <188.185.208.168:9618?addrs=188.185.208.168-9618+[2001-1458-303-10--100-25]-9618&alias=b9p10p1412.cern.ch&noUDP&sock=slot1_24_5204_704d_124769>
...
040 (9120420.000.000) 01/22 21:54:28 Finished transferring input files
...
001 (9120420.000.000) 01/22 21:54:29 Job executing on host: <188.185.208.168:9618?addrs=188.185.208.168-9618+[2001-1458-303-10--100-25]-9618&alias=b9p10p1412.cern.ch&noUDP&sock=startd_4359_7d6a>
	SlotName: slot1_24@b9p10p1412.cern.ch
	CondorScratchDir = "/pool/condor/dir_1058748"
	Cpus = 1
	Disk = 3810
	GPUs = 0
	Memory = 3000
...
006 (9120420.000.000) 01/22 21:54:43 Image size of job updated: 180172
	176  -  MemoryUsage of job (MB)
	180172  -  ResidentSetSize of job (KB)
...
006 (9120420.000.000) 01/22 21:58:46 Image size of job updated: 180184
	176  -  MemoryUsage of job (MB)
	180172  -  ResidentSetSize of job (KB)
...
040 (9120420.000.000) 01/22 21:58:46 Started transferring output files
...
040 (9120420.000.000) 01/22 21:58:46 Finished transferring output files
...
005 (9120420.000.000) 01/22 21:58:46 Job terminated.
	(1) Normal termination (return value 0)
		Usr 0 00:02:48, Sys 0 00:00:03  -  Run Remote Usage
		Usr 0 00:00:00, Sys 0 00:00:00  -  Run Local Usage
		Usr 0 00:02:48, Sys 0 00:00:03  -  Total Remote Usage
		Usr 0 00:00:00, Sys 0 00:00:00  -  Total Local Usage
	10395  -  Run Bytes Sent By Job
	321  -  Run Bytes Received By Job
	10395  -  Total Bytes Sent By Job
	321  -  Total Bytes Received By Job
	Partitionable Resources :    Usage  Request Allocated 
	   Cpus                 :        0        1         1 
	   Disk (KB)            :       34        1      3810 
	   GPUs                 :                           0 
	   Memory (MB)          :      176     3000      3000 
	   TimeExecute (s)      :      257                    
	   TimeSlotBusy (s)     :      259                    

	Job terminated of its own accord at 2026-01-22T20:58:46Z with exit-code 0.
...
