000 (9120415.000.000) 01/22 21:52:33 Job submitted from host: <188.185.6.50:9618?addrs=188.185.6.50-9618+[2001-1458-d00-62--100-2b1]-9618&alias=bigbird25.cern.ch&noUDP&sock=schedd_1627_90ad>
...
040 (9120415.000.000) 01/22 21:54:26 Started transferring input files
	Transferring to host: <188.185.209.77:9618?addrs=188.185.209.77-9618+[2001-1458-303-11--100-4a]-9618&alias=b9p11p6601.cern.ch&noUDP&sock=slot1_20_8087_c5e2_116595>
...
040 (9120415.000.000) 01/22 21:54:26 Finished transferring input files
...
001 (9120415.000.000) 01/22 21:54:27 Job executing on host: <188.185.209.77:9618?addrs=188.185.209.77-9618+[2001-1458-303-11--100-4a]-9618&alias=b9p11p6601.cern.ch&noUDP&sock=startd_7195_c001>
	SlotName: slot1_20@b9p11p6601.cern.ch
	CondorScratchDir = "/pool/condor/dir_78781"
	Cpus = 1
	Disk = 3538
	GPUs = 0
	Memory = 3000
...
006 (9120415.000.000) 01/22 21:54:41 Image size of job updated: 151884
	149  -  MemoryUsage of job (MB)
	151884  -  ResidentSetSize of job (KB)
...
006 (9120415.000.000) 01/22 21:59:06 Image size of job updated: 412168
	150  -  MemoryUsage of job (MB)
	152872  -  ResidentSetSize of job (KB)
...
040 (9120415.000.000) 01/22 21:59:06 Started transferring output files
...
040 (9120415.000.000) 01/22 21:59:06 Finished transferring output files
...
005 (9120415.000.000) 01/22 21:59:06 Job terminated.
	(1) Normal termination (return value 0)
		Usr 0 00:03:13, Sys 0 00:00:04  -  Run Remote Usage
		Usr 0 00:00:00, Sys 0 00:00:00  -  Run Local Usage
		Usr 0 00:03:13, Sys 0 00:00:04  -  Total Remote Usage
		Usr 0 00:00:00, Sys 0 00:00:00  -  Total Local Usage
	10252  -  Run Bytes Sent By Job
	314  -  Run Bytes Received By Job
	10252  -  Total Bytes Sent By Job
	314  -  Total Bytes Received By Job
	Partitionable Resources :    Usage  Request Allocated 
	   Cpus                 :     0.45        1         1 
	   Disk (KB)            :    34           1      3538 
	   GPUs                 :                           0 
	   Memory (MB)          :   150        3000      3000 
	   TimeExecute (s)      :   279                       
	   TimeSlotBusy (s)     :   281                       

	Job terminated of its own accord at 2026-01-22T20:59:06Z with exit-code 0.
...
