000 (9120422.000.000) 01/22 21:52:37 Job submitted from host: <188.185.6.50:9618?addrs=188.185.6.50-9618+[2001-1458-d00-62--100-2b1]-9618&alias=bigbird25.cern.ch&noUDP&sock=schedd_1627_90ad>
...
040 (9120422.000.000) 01/22 21:54:29 Started transferring input files
	Transferring to host: <188.185.204.231:9618?addrs=188.185.204.231-9618+[2001-1458-303-8--100-64]-9618&alias=b9p02p9489.cern.ch&noUDP&sock=slot1_43_1221473_fa60_6946>
...
040 (9120422.000.000) 01/22 21:54:29 Finished transferring input files
...
001 (9120422.000.000) 01/22 21:54:30 Job executing on host: <188.185.204.231:9618?addrs=188.185.204.231-9618+[2001-1458-303-8--100-64]-9618&alias=b9p02p9489.cern.ch&noUDP&sock=startd_5930_10b3>
	SlotName: slot1_43@b9p02p9489.cern.ch
	CondorScratchDir = "/pool/condor/dir_2191729"
	Cpus = 1
	Disk = 3691
	GPUs = 0
	Memory = 3000
...
006 (9120422.000.000) 01/22 21:54:44 Image size of job updated: 77632
	0  -  MemoryUsage of job (MB)
	0  -  ResidentSetSize of job (KB)
...
040 (9120422.000.000) 01/22 21:54:44 Started transferring output files
...
040 (9120422.000.000) 01/22 21:54:44 Finished transferring output files
...
005 (9120422.000.000) 01/22 21:54:44 Job terminated.
	(1) Normal termination (return value 0)
		Usr 0 00:00:03, Sys 0 00:00:01  -  Run Remote Usage
		Usr 0 00:00:00, Sys 0 00:00:00  -  Run Local Usage
		Usr 0 00:00:03, Sys 0 00:00:01  -  Total Remote Usage
		Usr 0 00:00:00, Sys 0 00:00:00  -  Total Local Usage
	6018  -  Run Bytes Sent By Job
	321  -  Run Bytes Received By Job
	6018  -  Total Bytes Sent By Job
	321  -  Total Bytes Received By Job
	Partitionable Resources :    Usage  Request Allocated 
	   Cpus                 :        0        1         1 
	   Disk (KB)            :       29        1      3691 
	   GPUs                 :                           0 
	   Memory (MB)          :        0     3000      3000 
	   TimeExecute (s)      :       14                    
	   TimeSlotBusy (s)     :       16                    

	Job terminated of its own accord at 2026-01-22T20:54:44Z with exit-code 0.
...
