000 (9120414.000.000) 01/22 21:52:33 Job submitted from host: <188.185.6.50:9618?addrs=188.185.6.50-9618+[2001-1458-d00-62--100-2b1]-9618&alias=bigbird25.cern.ch&noUDP&sock=schedd_1627_90ad>
...
040 (9120414.000.000) 01/22 21:54:26 Started transferring input files
	Transferring to host: <188.185.206.197:9618?addrs=188.185.206.197-9618+[2001-1458-303-c--100-42]-9618&alias=b9p06p2472.cern.ch&noUDP&sock=slot1_16_6377_ec5c_120003>
...
040 (9120414.000.000) 01/22 21:54:26 Finished transferring input files
...
001 (9120414.000.000) 01/22 21:54:27 Job executing on host: <188.185.206.197:9618?addrs=188.185.206.197-9618+[2001-1458-303-c--100-42]-9618&alias=b9p06p2472.cern.ch&noUDP&sock=startd_5442_567c>
	SlotName: slot1_16@b9p06p2472.cern.ch
	CondorScratchDir = "/pool/condor/dir_1623005"
	Cpus = 1
	Disk = 3658
	GPUs = 0
	Memory = 3000
...
006 (9120414.000.000) 01/22 21:54:41 Image size of job updated: 154136
	151  -  MemoryUsage of job (MB)
	154136  -  ResidentSetSize of job (KB)
...
040 (9120414.000.000) 01/22 21:54:42 Started transferring output files
...
040 (9120414.000.000) 01/22 21:54:42 Finished transferring output files
...
005 (9120414.000.000) 01/22 21:54:42 Job terminated.
	(1) Normal termination (return value 0)
		Usr 0 00:00:03, Sys 0 00:00:02  -  Run Remote Usage
		Usr 0 00:00:00, Sys 0 00:00:00  -  Run Local Usage
		Usr 0 00:00:03, Sys 0 00:00:02  -  Total Remote Usage
		Usr 0 00:00:00, Sys 0 00:00:00  -  Total Local Usage
	5992  -  Run Bytes Sent By Job
	315  -  Run Bytes Received By Job
	5992  -  Total Bytes Sent By Job
	315  -  Total Bytes Received By Job
	Partitionable Resources :    Usage  Request Allocated 
	   Cpus                 :        0        1         1 
	   Disk (KB)            :       29        1      3658 
	   GPUs                 :                           0 
	   Memory (MB)          :      151     3000      3000 
	   TimeExecute (s)      :       15                    
	   TimeSlotBusy (s)     :       17                    

	Job terminated of its own accord at 2026-01-22T20:54:42Z with exit-code 0.
...
