000 (9120413.000.000) 01/22 21:52:33 Job submitted from host: <188.185.6.50:9618?addrs=188.185.6.50-9618+[2001-1458-d00-62--100-2b1]-9618&alias=bigbird25.cern.ch&noUDP&sock=schedd_1627_90ad>
...
040 (9120413.000.000) 01/22 21:54:26 Started transferring input files
	Transferring to host: <188.185.209.170:9618?addrs=188.185.209.170-9618+[2001-1458-303-12--100-27]-9618&alias=b9p12p6566.cern.ch&noUDP&sock=slot1_12_4589_1d94_121692>
...
040 (9120413.000.000) 01/22 21:54:26 Finished transferring input files
...
001 (9120413.000.000) 01/22 21:54:27 Job executing on host: <188.185.209.170:9618?addrs=188.185.209.170-9618+[2001-1458-303-12--100-27]-9618&alias=b9p12p6566.cern.ch&noUDP&sock=startd_3870_139a>
	SlotName: slot1_12@b9p12p6566.cern.ch
	CondorScratchDir = "/pool/condor/dir_842000"
	Cpus = 1
	Disk = 3700
	GPUs = 0
	Memory = 3000
...
006 (9120413.000.000) 01/22 21:54:41 Image size of job updated: 154172
	151  -  MemoryUsage of job (MB)
	154172  -  ResidentSetSize of job (KB)
...
006 (9120413.000.000) 01/22 21:54:47 Image size of job updated: 168384
	152  -  MemoryUsage of job (MB)
	154756  -  ResidentSetSize of job (KB)
...
040 (9120413.000.000) 01/22 21:54:47 Started transferring output files
...
040 (9120413.000.000) 01/22 21:54:47 Finished transferring output files
...
005 (9120413.000.000) 01/22 21:54:47 Job terminated.
	(1) Normal termination (return value 0)
		Usr 0 00:00:07, Sys 0 00:00:02  -  Run Remote Usage
		Usr 0 00:00:00, Sys 0 00:00:00  -  Run Local Usage
		Usr 0 00:00:07, Sys 0 00:00:02  -  Total Remote Usage
		Usr 0 00:00:00, Sys 0 00:00:00  -  Total Local Usage
	6263  -  Run Bytes Sent By Job
	315  -  Run Bytes Received By Job
	6263  -  Total Bytes Sent By Job
	315  -  Total Bytes Received By Job
	Partitionable Resources :    Usage  Request Allocated 
	   Cpus                 :        0        1         1 
	   Disk (KB)            :       30        1      3700 
	   GPUs                 :                           0 
	   Memory (MB)          :      152     3000      3000 
	   TimeExecute (s)      :       20                    
	   TimeSlotBusy (s)     :       22                    

	Job terminated of its own accord at 2026-01-22T20:54:47Z with exit-code 0.
...
