000 (9120424.000.000) 01/22 21:52:38 Job submitted from host: <188.185.6.50:9618?addrs=188.185.6.50-9618+[2001-1458-d00-62--100-2b1]-9618&alias=bigbird25.cern.ch&noUDP&sock=schedd_1627_90ad>
...
040 (9120424.000.000) 01/22 21:54:29 Started transferring input files
	Transferring to host: <188.185.208.173:9618?addrs=188.185.208.173-9618+[2001-1458-303-10--100-2a]-9618&alias=b9p10p7754.cern.ch&noUDP&sock=slot1_12_8960_e165_122243>
...
040 (9120424.000.000) 01/22 21:54:29 Finished transferring input files
...
001 (9120424.000.000) 01/22 21:54:30 Job executing on host: <188.185.208.173:9618?addrs=188.185.208.173-9618+[2001-1458-303-10--100-2a]-9618&alias=b9p10p7754.cern.ch&noUDP&sock=startd_7349_6197>
	SlotName: slot1_12@b9p10p7754.cern.ch
	CondorScratchDir = "/pool/condor/dir_2838853"
	Cpus = 1
	Disk = 3759
	GPUs = 0
	Memory = 3000
...
006 (9120424.000.000) 01/22 21:54:42 Image size of job updated: 124108
	0  -  MemoryUsage of job (MB)
	0  -  ResidentSetSize of job (KB)
...
040 (9120424.000.000) 01/22 21:54:42 Started transferring output files
...
040 (9120424.000.000) 01/22 21:54:42 Finished transferring output files
...
005 (9120424.000.000) 01/22 21:54:42 Job terminated.
	(1) Normal termination (return value 0)
		Usr 0 00:00:03, Sys 0 00:00:01  -  Run Remote Usage
		Usr 0 00:00:00, Sys 0 00:00:00  -  Run Local Usage
		Usr 0 00:00:03, Sys 0 00:00:01  -  Total Remote Usage
		Usr 0 00:00:00, Sys 0 00:00:00  -  Total Local Usage
	5990  -  Run Bytes Sent By Job
	314  -  Run Bytes Received By Job
	5990  -  Total Bytes Sent By Job
	314  -  Total Bytes Received By Job
	Partitionable Resources :    Usage  Request Allocated 
	   Cpus                 :        0        1         1 
	   Disk (KB)            :       29        1      3759 
	   GPUs                 :                           0 
	   Memory (MB)          :        0     3000      3000 
	   TimeExecute (s)      :       12                    
	   TimeSlotBusy (s)     :       14                    

	Job terminated of its own accord at 2026-01-22T20:54:42Z with exit-code 0.
...
