000 (9120423.000.000) 01/22 21:52:37 Job submitted from host: <188.185.6.50:9618?addrs=188.185.6.50-9618+[2001-1458-d00-62--100-2b1]-9618&alias=bigbird25.cern.ch&noUDP&sock=schedd_1627_90ad>
...
040 (9120423.000.000) 01/22 21:54:29 Started transferring input files
	Transferring to host: <188.185.208.167:9618?addrs=188.185.208.167-9618+[2001-1458-303-10--100-24]-9618&alias=b9p10p2633.cern.ch&noUDP&sock=slot1_21_7217_c77f_118492>
...
040 (9120423.000.000) 01/22 21:54:29 Finished transferring input files
...
001 (9120423.000.000) 01/22 21:54:30 Job executing on host: <188.185.208.167:9618?addrs=188.185.208.167-9618+[2001-1458-303-10--100-24]-9618&alias=b9p10p2633.cern.ch&noUDP&sock=startd_6378_5b21>
	SlotName: slot1_21@b9p10p2633.cern.ch
	CondorScratchDir = "/pool/condor/dir_2129712"
	Cpus = 1
	Disk = 3660
	GPUs = 0
	Memory = 3000
...
006 (9120423.000.000) 01/22 21:54:44 Image size of job updated: 172036
	169  -  MemoryUsage of job (MB)
	172036  -  ResidentSetSize of job (KB)
...
006 (9120423.000.000) 01/22 21:55:01 Image size of job updated: 266428
	169  -  MemoryUsage of job (MB)
	172036  -  ResidentSetSize of job (KB)
...
040 (9120423.000.000) 01/22 21:55:01 Started transferring output files
...
040 (9120423.000.000) 01/22 21:55:01 Finished transferring output files
...
005 (9120423.000.000) 01/22 21:55:01 Job terminated.
	(1) Normal termination (return value 0)
		Usr 0 00:00:20, Sys 0 00:00:01  -  Run Remote Usage
		Usr 0 00:00:00, Sys 0 00:00:00  -  Run Local Usage
		Usr 0 00:00:20, Sys 0 00:00:01  -  Total Remote Usage
		Usr 0 00:00:00, Sys 0 00:00:00  -  Total Local Usage
	6617  -  Run Bytes Sent By Job
	314  -  Run Bytes Received By Job
	6617  -  Total Bytes Sent By Job
	314  -  Total Bytes Received By Job
	Partitionable Resources :    Usage  Request Allocated 
	   Cpus                 :        0        1         1 
	   Disk (KB)            :       30        1      3660 
	   GPUs                 :                           0 
	   Memory (MB)          :      169     3000      3000 
	   TimeExecute (s)      :       31                    
	   TimeSlotBusy (s)     :       33                    

	Job terminated of its own accord at 2026-01-22T20:55:01Z with exit-code 0.
...
