000 (9120428.000.000) 01/22 21:52:39 Job submitted from host: <188.185.6.50:9618?addrs=188.185.6.50-9618+[2001-1458-d00-62--100-2b1]-9618&alias=bigbird25.cern.ch&noUDP&sock=schedd_1627_90ad>
...
040 (9120428.000.000) 01/22 21:54:31 Started transferring input files
	Transferring to host: <188.185.209.149:9618?addrs=188.185.209.149-9618+[2001-1458-303-12--100-12]-9618&alias=b9p12p1627.cern.ch&noUDP&sock=slot1_8_4231_df45_122183>
...
040 (9120428.000.000) 01/22 21:54:31 Finished transferring input files
...
001 (9120428.000.000) 01/22 21:54:32 Job executing on host: <188.185.209.149:9618?addrs=188.185.209.149-9618+[2001-1458-303-12--100-12]-9618&alias=b9p12p1627.cern.ch&noUDP&sock=startd_3604_9f69>
	SlotName: slot1_8@b9p12p1627.cern.ch
	CondorScratchDir = "/pool/condor/dir_1364985"
	Cpus = 1
	Disk = 3656
	GPUs = 0
	Memory = 3000
...
006 (9120428.000.000) 01/22 21:54:44 Image size of job updated: 99820
	0  -  MemoryUsage of job (MB)
	0  -  ResidentSetSize of job (KB)
...
040 (9120428.000.000) 01/22 21:54:44 Started transferring output files
...
040 (9120428.000.000) 01/22 21:54:44 Finished transferring output files
...
005 (9120428.000.000) 01/22 21:54:44 Job terminated.
	(1) Normal termination (return value 0)
		Usr 0 00:00:03, Sys 0 00:00:01  -  Run Remote Usage
		Usr 0 00:00:00, Sys 0 00:00:00  -  Run Local Usage
		Usr 0 00:00:03, Sys 0 00:00:01  -  Total Remote Usage
		Usr 0 00:00:00, Sys 0 00:00:00  -  Total Local Usage
	5988  -  Run Bytes Sent By Job
	313  -  Run Bytes Received By Job
	5988  -  Total Bytes Sent By Job
	313  -  Total Bytes Received By Job
	Partitionable Resources :    Usage  Request Allocated 
	   Cpus                 :        0        1         1 
	   Disk (KB)            :       29        1      3656 
	   GPUs                 :                           0 
	   Memory (MB)          :        0     3000      3000 
	   TimeExecute (s)      :       12                    
	   TimeSlotBusy (s)     :       14                    

	Job terminated of its own accord at 2026-01-22T20:54:44Z with exit-code 0.
...
