000 (9120426.000.000) 01/22 21:52:38 Job submitted from host: <188.185.6.50:9618?addrs=188.185.6.50-9618+[2001-1458-d00-62--100-2b1]-9618&alias=bigbird25.cern.ch&noUDP&sock=schedd_1627_90ad>
...
040 (9120426.000.000) 01/22 21:54:33 Started transferring input files
	Transferring to host: <188.185.204.172:9618?addrs=188.185.204.172-9618+[2001-1458-303-8--100-a0]-9618&alias=b9p02p9818.cern.ch&noUDP&sock=slot1_17_7909_5b1b_121135>
...
040 (9120426.000.000) 01/22 21:54:33 Finished transferring input files
...
001 (9120426.000.000) 01/22 21:54:34 Job executing on host: <188.185.204.172:9618?addrs=188.185.204.172-9618+[2001-1458-303-8--100-a0]-9618&alias=b9p02p9818.cern.ch&noUDP&sock=startd_6791_a3be>
	SlotName: slot1_17@b9p02p9818.cern.ch
	CondorScratchDir = "/pool/condor/dir_3069355"
	Cpus = 1
	Disk = 3682
	GPUs = 0
	Memory = 3000
...
006 (9120426.000.000) 01/22 21:54:47 Image size of job updated: 81852
	0  -  MemoryUsage of job (MB)
	0  -  ResidentSetSize of job (KB)
...
040 (9120426.000.000) 01/22 21:54:47 Started transferring output files
...
040 (9120426.000.000) 01/22 21:54:47 Finished transferring output files
...
005 (9120426.000.000) 01/22 21:54:47 Job terminated.
	(1) Normal termination (return value 0)
		Usr 0 00:00:03, Sys 0 00:00:01  -  Run Remote Usage
		Usr 0 00:00:00, Sys 0 00:00:00  -  Run Local Usage
		Usr 0 00:00:03, Sys 0 00:00:01  -  Total Remote Usage
		Usr 0 00:00:00, Sys 0 00:00:00  -  Total Local Usage
	5988  -  Run Bytes Sent By Job
	313  -  Run Bytes Received By Job
	5988  -  Total Bytes Sent By Job
	313  -  Total Bytes Received By Job
	Partitionable Resources :    Usage  Request Allocated 
	   Cpus                 :        0        1         1 
	   Disk (KB)            :       29        1      3682 
	   GPUs                 :                           0 
	   Memory (MB)          :        0     3000      3000 
	   TimeExecute (s)      :       13                    
	   TimeSlotBusy (s)     :       18                    

	Job terminated of its own accord at 2026-01-22T20:54:47Z with exit-code 0.
...
