000 (9120427.000.000) 01/22 21:52:38 Job submitted from host: <188.185.6.50:9618?addrs=188.185.6.50-9618+[2001-1458-d00-62--100-2b1]-9618&alias=bigbird25.cern.ch&noUDP&sock=schedd_1627_90ad>
...
040 (9120427.000.000) 01/22 21:54:30 Started transferring input files
	Transferring to host: <188.185.205.177:9618?addrs=188.185.205.177-9618+[2001-1458-303-a--100-2e]-9618&alias=b9p04p7919.cern.ch&noUDP&sock=slot1_16_7841_7198_119199>
...
040 (9120427.000.000) 01/22 21:54:30 Finished transferring input files
...
001 (9120427.000.000) 01/22 21:54:31 Job executing on host: <188.185.205.177:9618?addrs=188.185.205.177-9618+[2001-1458-303-a--100-2e]-9618&alias=b9p04p7919.cern.ch&noUDP&sock=startd_7031_4279>
	SlotName: slot1_16@b9p04p7919.cern.ch
	CondorScratchDir = "/pool/condor/dir_3113884"
	Cpus = 1
	Disk = 3724
	GPUs = 0
	Memory = 3000
...
006 (9120427.000.000) 01/22 21:54:44 Image size of job updated: 166672
	163  -  MemoryUsage of job (MB)
	166672  -  ResidentSetSize of job (KB)
...
040 (9120427.000.000) 01/22 21:54:53 Started transferring output files
...
040 (9120427.000.000) 01/22 21:54:53 Finished transferring output files
...
005 (9120427.000.000) 01/22 21:54:53 Job terminated.
	(1) Normal termination (return value 0)
		Usr 0 00:00:11, Sys 0 00:00:01  -  Run Remote Usage
		Usr 0 00:00:00, Sys 0 00:00:00  -  Run Local Usage
		Usr 0 00:00:11, Sys 0 00:00:01  -  Total Remote Usage
		Usr 0 00:00:00, Sys 0 00:00:00  -  Total Local Usage
	6447  -  Run Bytes Sent By Job
	313  -  Run Bytes Received By Job
	6447  -  Total Bytes Sent By Job
	313  -  Total Bytes Received By Job
	Partitionable Resources :    Usage  Request Allocated 
	   Cpus                 :        0        1         1 
	   Disk (KB)            :       30        1      3724 
	   GPUs                 :                           0 
	   Memory (MB)          :      163     3000      3000 
	   TimeExecute (s)      :       22                    
	   TimeSlotBusy (s)     :       24                    

	Job terminated of its own accord at 2026-01-22T20:54:53Z with exit-code 0.
...
