000 (9120425.000.000) 01/22 21:52:38 Job submitted from host: <188.185.6.50:9618?addrs=188.185.6.50-9618+[2001-1458-d00-62--100-2b1]-9618&alias=bigbird25.cern.ch&noUDP&sock=schedd_1627_90ad>
...
040 (9120425.000.000) 01/22 21:54:30 Started transferring input files
	Transferring to host: <188.185.204.198:9618?addrs=188.185.204.198-9618+[2001-1458-303-8--100-ba]-9618&alias=b9p02p4655.cern.ch&noUDP&sock=slot1_14_8623_6ef8_78300>
...
040 (9120425.000.000) 01/22 21:54:30 Finished transferring input files
...
001 (9120425.000.000) 01/22 21:54:31 Job executing on host: <188.185.204.198:9618?addrs=188.185.204.198-9618+[2001-1458-303-8--100-ba]-9618&alias=b9p02p4655.cern.ch&noUDP&sock=startd_7142_657c>
	SlotName: slot1_14@b9p02p4655.cern.ch
	CondorScratchDir = "/pool/condor/dir_3441093"
	Cpus = 1
	Disk = 3693
	GPUs = 0
	Memory = 3000
...
006 (9120425.000.000) 01/22 21:54:44 Image size of job updated: 173200
	170  -  MemoryUsage of job (MB)
	173200  -  ResidentSetSize of job (KB)
...
006 (9120425.000.000) 01/22 21:55:37 Image size of job updated: 173552
	170  -  MemoryUsage of job (MB)
	173200  -  ResidentSetSize of job (KB)
...
040 (9120425.000.000) 01/22 21:55:37 Started transferring output files
...
040 (9120425.000.000) 01/22 21:55:37 Finished transferring output files
...
005 (9120425.000.000) 01/22 21:55:37 Job terminated.
	(1) Normal termination (return value 0)
		Usr 0 00:00:40, Sys 0 00:00:01  -  Run Remote Usage
		Usr 0 00:00:00, Sys 0 00:00:00  -  Run Local Usage
		Usr 0 00:00:40, Sys 0 00:00:01  -  Total Remote Usage
		Usr 0 00:00:00, Sys 0 00:00:00  -  Total Local Usage
	7374  -  Run Bytes Sent By Job
	313  -  Run Bytes Received By Job
	7374  -  Total Bytes Sent By Job
	313  -  Total Bytes Received By Job
	Partitionable Resources :    Usage  Request Allocated 
	   Cpus                 :        0        1         1 
	   Disk (KB)            :       31        1      3693 
	   GPUs                 :                           0 
	   Memory (MB)          :      170     3000      3000 
	   TimeExecute (s)      :       66                    
	   TimeSlotBusy (s)     :       68                    

	Job terminated of its own accord at 2026-01-22T20:55:37Z with exit-code 0.
...
