000 (9120432.000.000) 01/22 21:52:40 Job submitted from host: <188.185.6.50:9618?addrs=188.185.6.50-9618+[2001-1458-d00-62--100-2b1]-9618&alias=bigbird25.cern.ch&noUDP&sock=schedd_1627_90ad>
...
040 (9120432.000.000) 01/22 21:54:35 Started transferring input files
	Transferring to host: <188.185.192.84:9618?addrs=188.185.192.84-9618+[2001-1458-303-1f--100-50]-9618&alias=b9p13p2781.cern.ch&noUDP&sock=slot1_7_1893906_db90_50519>
...
040 (9120432.000.000) 01/22 21:54:35 Finished transferring input files
...
001 (9120432.000.000) 01/22 21:54:36 Job executing on host: <188.185.192.84:9618?addrs=188.185.192.84-9618+[2001-1458-303-1f--100-50]-9618&alias=b9p13p2781.cern.ch&noUDP&sock=startd_1893595_3ef9>
	SlotName: slot1_7@b9p13p2781.cern.ch
	CondorScratchDir = "/pool/condor/dir_1335401"
	Cpus = 1
	Disk = 3777
	GPUs = 0
	Memory = 3000
...
006 (9120432.000.000) 01/22 21:54:49 Image size of job updated: 124108
	122  -  MemoryUsage of job (MB)
	124108  -  ResidentSetSize of job (KB)
...
006 (9120432.000.000) 01/22 21:54:51 Image size of job updated: 155700
	122  -  MemoryUsage of job (MB)
	124108  -  ResidentSetSize of job (KB)
...
040 (9120432.000.000) 01/22 21:54:51 Started transferring output files
...
040 (9120432.000.000) 01/22 21:54:51 Finished transferring output files
...
005 (9120432.000.000) 01/22 21:54:51 Job terminated.
	(1) Normal termination (return value 0)
		Usr 0 00:00:04, Sys 0 00:00:01  -  Run Remote Usage
		Usr 0 00:00:00, Sys 0 00:00:00  -  Run Local Usage
		Usr 0 00:00:04, Sys 0 00:00:01  -  Total Remote Usage
		Usr 0 00:00:00, Sys 0 00:00:00  -  Total Local Usage
	5988  -  Run Bytes Sent By Job
	313  -  Run Bytes Received By Job
	5988  -  Total Bytes Sent By Job
	313  -  Total Bytes Received By Job
	Partitionable Resources :    Usage  Request Allocated 
	   Cpus                 :        0        1         1 
	   Disk (KB)            :       30        1      3777 
	   GPUs                 :                           0 
	   Memory (MB)          :      122     3000      3000 
	   TimeExecute (s)      :       15                    
	   TimeSlotBusy (s)     :       17                    

	Job terminated of its own accord at 2026-01-22T20:54:51Z with exit-code 0.
...
