000 (9120431.000.000) 01/22 21:52:40 Job submitted from host: <188.185.6.50:9618?addrs=188.185.6.50-9618+[2001-1458-d00-62--100-2b1]-9618&alias=bigbird25.cern.ch&noUDP&sock=schedd_1627_90ad>
...
040 (9120431.000.000) 01/22 21:54:32 Started transferring input files
	Transferring to host: <188.185.214.55:9618?addrs=188.185.214.55-9618+[2001-1458-303-1c--100-33]-9618&alias=b9p29p7002.cern.ch&noUDP&sock=slot1_8_773441_e735_51252>
...
040 (9120431.000.000) 01/22 21:54:32 Finished transferring input files
...
001 (9120431.000.000) 01/22 21:54:33 Job executing on host: <188.185.214.55:9618?addrs=188.185.214.55-9618+[2001-1458-303-1c--100-33]-9618&alias=b9p29p7002.cern.ch&noUDP&sock=startd_4917_3b43>
	SlotName: slot1_8@b9p29p7002.cern.ch
	CondorScratchDir = "/pool/condor/dir_1302877"
	Cpus = 1
	Disk = 3744
	GPUs = 0
	Memory = 3000
...
006 (9120431.000.000) 01/22 21:54:47 Image size of job updated: 151452
	148  -  MemoryUsage of job (MB)
	151452  -  ResidentSetSize of job (KB)
...
006 (9120431.000.000) 01/22 21:56:25 Image size of job updated: 255356
	149  -  MemoryUsage of job (MB)
	152084  -  ResidentSetSize of job (KB)
...
040 (9120431.000.000) 01/22 21:56:25 Started transferring output files
...
040 (9120431.000.000) 01/22 21:56:25 Finished transferring output files
...
005 (9120431.000.000) 01/22 21:56:25 Job terminated.
	(1) Normal termination (return value 0)
		Usr 0 00:01:16, Sys 0 00:00:02  -  Run Remote Usage
		Usr 0 00:00:00, Sys 0 00:00:00  -  Run Local Usage
		Usr 0 00:01:16, Sys 0 00:00:02  -  Total Remote Usage
		Usr 0 00:00:00, Sys 0 00:00:00  -  Total Local Usage
	7534  -  Run Bytes Sent By Job
	313  -  Run Bytes Received By Job
	7534  -  Total Bytes Sent By Job
	313  -  Total Bytes Received By Job
	Partitionable Resources :    Usage  Request Allocated 
	   Cpus                 :        0        1         1 
	   Disk (KB)            :       31        1      3744 
	   GPUs                 :                           0 
	   Memory (MB)          :      149     3000      3000 
	   TimeExecute (s)      :      112                    
	   TimeSlotBusy (s)     :      114                    

	Job terminated of its own accord at 2026-01-22T20:56:25Z with exit-code 0.
...
