000 (9120430.000.000) 01/22 21:52:40 Job submitted from host: <188.185.6.50:9618?addrs=188.185.6.50-9618+[2001-1458-d00-62--100-2b1]-9618&alias=bigbird25.cern.ch&noUDP&sock=schedd_1627_90ad>
...
040 (9120430.000.000) 01/22 21:54:31 Started transferring input files
	Transferring to host: <188.185.209.42:9618?addrs=188.185.209.42-9618+[2001-1458-303-11--100-27]-9618&alias=b9p11p1459.cern.ch&noUDP&sock=slot1_32_6010_56ad_121033>
...
040 (9120430.000.000) 01/22 21:54:31 Finished transferring input files
...
001 (9120430.000.000) 01/22 21:54:32 Job executing on host: <188.185.209.42:9618?addrs=188.185.209.42-9618+[2001-1458-303-11--100-27]-9618&alias=b9p11p1459.cern.ch&noUDP&sock=startd_4999_7a07>
	SlotName: slot1_32@b9p11p1459.cern.ch
	CondorScratchDir = "/pool/condor/dir_3327119"
	Cpus = 1
	Disk = 3715
	GPUs = 0
	Memory = 3000
...
006 (9120430.000.000) 01/22 21:54:45 Image size of job updated: 70944
	0  -  MemoryUsage of job (MB)
	0  -  ResidentSetSize of job (KB)
...
040 (9120430.000.000) 01/22 21:54:45 Started transferring output files
...
040 (9120430.000.000) 01/22 21:54:45 Finished transferring output files
...
005 (9120430.000.000) 01/22 21:54:45 Job terminated.
	(1) Normal termination (return value 0)
		Usr 0 00:00:02, Sys 0 00:00:02  -  Run Remote Usage
		Usr 0 00:00:00, Sys 0 00:00:00  -  Run Local Usage
		Usr 0 00:00:02, Sys 0 00:00:02  -  Total Remote Usage
		Usr 0 00:00:00, Sys 0 00:00:00  -  Total Local Usage
	5990  -  Run Bytes Sent By Job
	314  -  Run Bytes Received By Job
	5990  -  Total Bytes Sent By Job
	314  -  Total Bytes Received By Job
	Partitionable Resources :    Usage  Request Allocated 
	   Cpus                 :        0        1         1 
	   Disk (KB)            :       29        1      3715 
	   GPUs                 :                           0 
	   Memory (MB)          :        0     3000      3000 
	   TimeExecute (s)      :       13                    
	   TimeSlotBusy (s)     :       15                    

	Job terminated of its own accord at 2026-01-22T20:54:45Z with exit-code 0.
...
