000 (9098525.000.000) 01/19 17:18:26 Job submitted from host: <188.185.6.50:9618?addrs=188.185.6.50-9618+[2001-1458-d00-62--100-2b1]-9618&alias=bigbird25.cern.ch&noUDP&sock=schedd_1627_90ad>
...
040 (9098525.000.000) 01/19 17:25:41 Started transferring input files
	Transferring to host: <188.185.210.163:9618?addrs=188.185.210.163-9618+[2001-1458-303-15--100-1f]-9618&alias=b9p22p8369.cern.ch&noUDP&sock=slot1_12_9829_2b69_130313>
...
040 (9098525.000.000) 01/19 17:25:41 Finished transferring input files
...
001 (9098525.000.000) 01/19 17:25:42 Job executing on host: <188.185.210.163:9618?addrs=188.185.210.163-9618+[2001-1458-303-15--100-1f]-9618&alias=b9p22p8369.cern.ch&noUDP&sock=startd_8936_ee63>
	SlotName: slot1_12@b9p22p8369.cern.ch
	CondorScratchDir = "/pool/condor/dir_1367341"
	Cpus = 1
	Disk = 3806
	GPUs = 0
	Memory = 3000
...
006 (9098525.000.000) 01/19 17:25:53 Image size of job updated: 134780
	0  -  MemoryUsage of job (MB)
	0  -  ResidentSetSize of job (KB)
...
040 (9098525.000.000) 01/19 17:25:53 Started transferring output files
...
040 (9098525.000.000) 01/19 17:25:53 Finished transferring output files
...
005 (9098525.000.000) 01/19 17:25:53 Job terminated.
	(1) Normal termination (return value 0)
		Usr 0 00:00:02, Sys 0 00:00:01  -  Run Remote Usage
		Usr 0 00:00:00, Sys 0 00:00:00  -  Run Local Usage
		Usr 0 00:00:02, Sys 0 00:00:01  -  Total Remote Usage
		Usr 0 00:00:00, Sys 0 00:00:00  -  Total Local Usage
	6362  -  Run Bytes Sent By Job
	321  -  Run Bytes Received By Job
	6362  -  Total Bytes Sent By Job
	321  -  Total Bytes Received By Job
	Partitionable Resources :    Usage  Request Allocated 
	   Cpus                 :                 1         1 
	   Disk (KB)            :       22        1      3806 
	   GPUs                 :                           0 
	   Memory (MB)          :        0     3000      3000 
	   TimeExecute (s)      :       11                    
	   TimeSlotBusy (s)     :       13                    

	Job terminated of its own accord at 2026-01-19T16:25:53Z with exit-code 0.
...
