000 (9098524.000.000) 01/19 17:18:25 Job submitted from host: <188.185.6.50:9618?addrs=188.185.6.50-9618+[2001-1458-d00-62--100-2b1]-9618&alias=bigbird25.cern.ch&noUDP&sock=schedd_1627_90ad>
...
040 (9098524.000.000) 01/19 17:25:52 Started transferring input files
	Transferring to host: <188.185.212.177:9618?addrs=188.185.212.177-9618+[2001-1458-303-19--100-2d]-9618&alias=b9p26p7045.cern.ch&noUDP&sock=slot1_18_8264_7c49_128852>
...
040 (9098524.000.000) 01/19 17:25:52 Finished transferring input files
...
001 (9098524.000.000) 01/19 17:25:53 Job executing on host: <188.185.212.177:9618?addrs=188.185.212.177-9618+[2001-1458-303-19--100-2d]-9618&alias=b9p26p7045.cern.ch&noUDP&sock=startd_7123_5d2f>
	SlotName: slot1_18@b9p26p7045.cern.ch
	CondorScratchDir = "/pool/condor/dir_2412202"
	Cpus = 1
	Disk = 3810
	GPUs = 0
	Memory = 3000
...
006 (9098524.000.000) 01/19 17:26:07 Image size of job updated: 270504
	265  -  MemoryUsage of job (MB)
	270504  -  ResidentSetSize of job (KB)
...
006 (9098524.000.000) 01/19 17:29:02 Image size of job updated: 445180
	265  -  MemoryUsage of job (MB)
	270504  -  ResidentSetSize of job (KB)
...
040 (9098524.000.000) 01/19 17:29:02 Started transferring output files
...
040 (9098524.000.000) 01/19 17:29:02 Finished transferring output files
...
005 (9098524.000.000) 01/19 17:29:02 Job terminated.
	(1) Normal termination (return value 0)
		Usr 0 00:02:14, Sys 0 00:00:03  -  Run Remote Usage
		Usr 0 00:00:00, Sys 0 00:00:00  -  Run Local Usage
		Usr 0 00:02:14, Sys 0 00:00:03  -  Total Remote Usage
		Usr 0 00:00:00, Sys 0 00:00:00  -  Total Local Usage
	10067  -  Run Bytes Sent By Job
	321  -  Run Bytes Received By Job
	10067  -  Total Bytes Sent By Job
	321  -  Total Bytes Received By Job
	Partitionable Resources :    Usage  Request Allocated 
	   Cpus                 :        0        1         1 
	   Disk (KB)            :       33        1      3810 
	   GPUs                 :                           0 
	   Memory (MB)          :      265     3000      3000 
	   TimeExecute (s)      :      189                    
	   TimeSlotBusy (s)     :      192                    

	Job terminated of its own accord at 2026-01-19T16:29:02Z with exit-code 0.
...
