000 (9098523.000.000) 01/19 17:18:25 Job submitted from host: <188.185.6.50:9618?addrs=188.185.6.50-9618+[2001-1458-d00-62--100-2b1]-9618&alias=bigbird25.cern.ch&noUDP&sock=schedd_1627_90ad>
...
040 (9098523.000.000) 01/19 17:25:51 Started transferring input files
	Transferring to host: <188.185.192.117:9618?addrs=188.185.192.117-9618+[2001-1458-303-1f--100-71]-9618&alias=b9p13p7787.cern.ch&noUDP&sock=slot1_5_10984_f8b8_120187>
...
040 (9098523.000.000) 01/19 17:25:51 Finished transferring input files
...
001 (9098523.000.000) 01/19 17:25:52 Job executing on host: <188.185.192.117:9618?addrs=188.185.192.117-9618+[2001-1458-303-1f--100-71]-9618&alias=b9p13p7787.cern.ch&noUDP&sock=startd_9200_0364>
	SlotName: slot1_5@b9p13p7787.cern.ch
	CondorScratchDir = "/pool/condor/dir_2341178"
	Cpus = 1
	Disk = 3750
	GPUs = 0
	Memory = 3000
...
006 (9098523.000.000) 01/19 17:26:05 Image size of job updated: 131120
	129  -  MemoryUsage of job (MB)
	131120  -  ResidentSetSize of job (KB)
...
006 (9098523.000.000) 01/19 17:31:06 Image size of job updated: 436512
	314  -  MemoryUsage of job (MB)
	321380  -  ResidentSetSize of job (KB)
...
040 (9098523.000.000) 01/19 17:32:19 Started transferring output files
...
040 (9098523.000.000) 01/19 17:32:19 Finished transferring output files
...
005 (9098523.000.000) 01/19 17:32:19 Job terminated.
	(1) Normal termination (return value 0)
		Usr 0 00:04:11, Sys 0 00:00:03  -  Run Remote Usage
		Usr 0 00:00:00, Sys 0 00:00:00  -  Run Local Usage
		Usr 0 00:04:11, Sys 0 00:00:03  -  Total Remote Usage
		Usr 0 00:00:00, Sys 0 00:00:00  -  Total Local Usage
	7991  -  Run Bytes Sent By Job
	321  -  Run Bytes Received By Job
	7991  -  Total Bytes Sent By Job
	321  -  Total Bytes Received By Job
	Partitionable Resources :    Usage  Request Allocated 
	   Cpus                 :        0        1         1 
	   Disk (KB)            :       31        1      3750 
	   GPUs                 :                           0 
	   Memory (MB)          :      314     3000      3000 
	   TimeExecute (s)      :      387                    
	   TimeSlotBusy (s)     :      389                    

	Job terminated of its own accord at 2026-01-19T16:32:19Z with exit-code 0.
...
