000 (9098520.000.000) 01/19 17:18:24 Job submitted from host: <188.185.6.50:9618?addrs=188.185.6.50-9618+[2001-1458-d00-62--100-2b1]-9618&alias=bigbird25.cern.ch&noUDP&sock=schedd_1627_90ad>
...
040 (9098520.000.000) 01/19 17:25:40 Started transferring input files
	Transferring to host: <188.185.213.96:9618?addrs=188.185.213.96-9618+[2001-1458-303-1a--100-5c]-9618&alias=b9p27p4923.cern.ch&noUDP&sock=slot1_24_4585_4c14_131235>
...
040 (9098520.000.000) 01/19 17:25:40 Finished transferring input files
...
001 (9098520.000.000) 01/19 17:25:41 Job executing on host: <188.185.213.96:9618?addrs=188.185.213.96-9618+[2001-1458-303-1a--100-5c]-9618&alias=b9p27p4923.cern.ch&noUDP&sock=startd_3851_0b4e>
	SlotName: slot1_24@b9p27p4923.cern.ch
	CondorScratchDir = "/pool/condor/dir_3485698"
	Cpus = 1
	Disk = 3740
	GPUs = 0
	Memory = 3000
...
006 (9098520.000.000) 01/19 17:25:54 Image size of job updated: 164864
	161  -  MemoryUsage of job (MB)
	164864  -  ResidentSetSize of job (KB)
...
040 (9098520.000.000) 01/19 17:25:55 Started transferring output files
...
040 (9098520.000.000) 01/19 17:25:55 Finished transferring output files
...
005 (9098520.000.000) 01/19 17:25:55 Job terminated.
	(1) Normal termination (return value 0)
		Usr 0 00:00:03, Sys 0 00:00:01  -  Run Remote Usage
		Usr 0 00:00:00, Sys 0 00:00:00  -  Run Local Usage
		Usr 0 00:00:03, Sys 0 00:00:01  -  Total Remote Usage
		Usr 0 00:00:00, Sys 0 00:00:00  -  Total Local Usage
	6574  -  Run Bytes Sent By Job
	325  -  Run Bytes Received By Job
	6574  -  Total Bytes Sent By Job
	325  -  Total Bytes Received By Job
	Partitionable Resources :    Usage  Request Allocated 
	   Cpus                 :        0        1         1 
	   Disk (KB)            :       30        1      3740 
	   GPUs                 :                           0 
	   Memory (MB)          :      161     3000      3000 
	   TimeExecute (s)      :       14                    
	   TimeSlotBusy (s)     :       16                    

	Job terminated of its own accord at 2026-01-19T16:25:55Z with exit-code 0.
...
