000 (9098521.000.000) 01/19 17:18:24 Job submitted from host: <188.185.6.50:9618?addrs=188.185.6.50-9618+[2001-1458-d00-62--100-2b1]-9618&alias=bigbird25.cern.ch&noUDP&sock=schedd_1627_90ad>
...
040 (9098521.000.000) 01/19 17:25:42 Started transferring input files
	Transferring to host: <188.185.215.20:9618?addrs=188.185.215.20-9618+[2001-1458-303-1e--100-10]-9618&alias=b9p31p6744.cern.ch&noUDP&sock=slot1_17_3116_40f8_130488>
...
040 (9098521.000.000) 01/19 17:25:42 Finished transferring input files
...
001 (9098521.000.000) 01/19 17:25:43 Job executing on host: <188.185.215.20:9618?addrs=188.185.215.20-9618+[2001-1458-303-1e--100-10]-9618&alias=b9p31p6744.cern.ch&noUDP&sock=startd_2648_e2df>
	SlotName: slot1_17@b9p31p6744.cern.ch
	CondorScratchDir = "/pool/condor/dir_362846"
	Cpus = 1
	Disk = 3773
	GPUs = 0
	Memory = 3000
...
006 (9098521.000.000) 01/19 17:25:56 Image size of job updated: 76700
	75  -  MemoryUsage of job (MB)
	76700  -  ResidentSetSize of job (KB)
...
006 (9098521.000.000) 01/19 17:26:00 Image size of job updated: 129152
	75  -  MemoryUsage of job (MB)
	76724  -  ResidentSetSize of job (KB)
...
040 (9098521.000.000) 01/19 17:26:00 Started transferring output files
...
040 (9098521.000.000) 01/19 17:26:00 Finished transferring output files
...
005 (9098521.000.000) 01/19 17:26:00 Job terminated.
	(1) Normal termination (return value 0)
		Usr 0 00:00:03, Sys 0 00:00:01  -  Run Remote Usage
		Usr 0 00:00:00, Sys 0 00:00:00  -  Run Local Usage
		Usr 0 00:00:03, Sys 0 00:00:01  -  Total Remote Usage
		Usr 0 00:00:00, Sys 0 00:00:00  -  Total Local Usage
	6371  -  Run Bytes Sent By Job
	325  -  Run Bytes Received By Job
	6371  -  Total Bytes Sent By Job
	325  -  Total Bytes Received By Job
	Partitionable Resources :    Usage  Request Allocated 
	   Cpus                 :     0.01        1         1 
	   Disk (KB)            :    30           1      3773 
	   GPUs                 :                           0 
	   Memory (MB)          :    75        3000      3000 
	   TimeExecute (s)      :    17                       
	   TimeSlotBusy (s)     :    20                       

	Job terminated of its own accord at 2026-01-19T16:26:00Z with exit-code 0.
...
