000 (9098522.000.000) 01/19 17:18:25 Job submitted from host: <188.185.6.50:9618?addrs=188.185.6.50-9618+[2001-1458-d00-62--100-2b1]-9618&alias=bigbird25.cern.ch&noUDP&sock=schedd_1627_90ad>
...
040 (9098522.000.000) 01/19 17:25:41 Started transferring input files
	Transferring to host: <188.185.210.33:9618?addrs=188.185.210.33-9618+[2001-1458-303-1--100-1d]-9618&alias=b9p21p7033.cern.ch&noUDP&sock=slot1_34_1113254_e70f_49255>
...
040 (9098522.000.000) 01/19 17:25:41 Finished transferring input files
...
001 (9098522.000.000) 01/19 17:25:42 Job executing on host: <188.185.210.33:9618?addrs=188.185.210.33-9618+[2001-1458-303-1--100-1d]-9618&alias=b9p21p7033.cern.ch&noUDP&sock=startd_4330_992b>
	SlotName: slot1_34@b9p21p7033.cern.ch
	CondorScratchDir = "/pool/condor/dir_3250919"
	Cpus = 1
	Disk = 3740
	GPUs = 0
	Memory = 3000
...
006 (9098522.000.000) 01/19 17:25:55 Image size of job updated: 180652
	177  -  MemoryUsage of job (MB)
	180652  -  ResidentSetSize of job (KB)
...
006 (9098522.000.000) 01/19 17:30:03 Image size of job updated: 445144
	177  -  MemoryUsage of job (MB)
	180652  -  ResidentSetSize of job (KB)
...
040 (9098522.000.000) 01/19 17:30:03 Started transferring output files
...
040 (9098522.000.000) 01/19 17:30:03 Finished transferring output files
...
005 (9098522.000.000) 01/19 17:30:03 Job terminated.
	(1) Normal termination (return value 0)
		Usr 0 00:02:39, Sys 0 00:00:04  -  Run Remote Usage
		Usr 0 00:00:00, Sys 0 00:00:00  -  Run Local Usage
		Usr 0 00:02:39, Sys 0 00:00:04  -  Total Remote Usage
		Usr 0 00:00:00, Sys 0 00:00:00  -  Total Local Usage
	10617  -  Run Bytes Sent By Job
	321  -  Run Bytes Received By Job
	10617  -  Total Bytes Sent By Job
	321  -  Total Bytes Received By Job
	Partitionable Resources :    Usage  Request Allocated 
	   Cpus                 :     0.71        1         1 
	   Disk (KB)            :    34           1      3740 
	   GPUs                 :                           0 
	   Memory (MB)          :   177        3000      3000 
	   TimeExecute (s)      :   261                       
	   TimeSlotBusy (s)     :   263                       

	Job terminated of its own accord at 2026-01-19T16:30:03Z with exit-code 0.
...
