000 (9098516.000.000) 01/19 17:18:23 Job submitted from host: <188.185.6.50:9618?addrs=188.185.6.50-9618+[2001-1458-d00-62--100-2b1]-9618&alias=bigbird25.cern.ch&noUDP&sock=schedd_1627_90ad>
...
040 (9098516.000.000) 01/19 17:25:51 Started transferring input files
	Transferring to host: <188.185.193.76:9618?addrs=188.185.193.76-9618+[2001-1458-303-20--100-48]-9618&alias=b9p19p5184.cern.ch&noUDP&sock=slot1_13_10294_cddc_117331>
...
040 (9098516.000.000) 01/19 17:25:51 Finished transferring input files
...
001 (9098516.000.000) 01/19 17:25:52 Job executing on host: <188.185.193.76:9618?addrs=188.185.193.76-9618+[2001-1458-303-20--100-48]-9618&alias=b9p19p5184.cern.ch&noUDP&sock=startd_8865_3b2a>
	SlotName: slot1_13@b9p19p5184.cern.ch
	CondorScratchDir = "/pool/condor/dir_1208644"
	Cpus = 1
	Disk = 3664
	GPUs = 0
	Memory = 3000
...
006 (9098516.000.000) 01/19 17:26:05 Image size of job updated: 43684
	43  -  MemoryUsage of job (MB)
	43684  -  ResidentSetSize of job (KB)
...
006 (9098516.000.000) 01/19 17:26:49 Image size of job updated: 204908
	43  -  MemoryUsage of job (MB)
	43780  -  ResidentSetSize of job (KB)
...
040 (9098516.000.000) 01/19 17:26:49 Started transferring output files
...
040 (9098516.000.000) 01/19 17:26:49 Finished transferring output files
...
005 (9098516.000.000) 01/19 17:26:49 Job terminated.
	(1) Normal termination (return value 0)
		Usr 0 00:00:41, Sys 0 00:00:01  -  Run Remote Usage
		Usr 0 00:00:00, Sys 0 00:00:00  -  Run Local Usage
		Usr 0 00:00:41, Sys 0 00:00:01  -  Total Remote Usage
		Usr 0 00:00:00, Sys 0 00:00:00  -  Total Local Usage
	7215  -  Run Bytes Sent By Job
	325  -  Run Bytes Received By Job
	7215  -  Total Bytes Sent By Job
	325  -  Total Bytes Received By Job
	Partitionable Resources :    Usage  Request Allocated 
	   Cpus                 :        0        1         1 
	   Disk (KB)            :       31        1      3664 
	   GPUs                 :                           0 
	   Memory (MB)          :       43     3000      3000 
	   TimeExecute (s)      :       57                    
	   TimeSlotBusy (s)     :       59                    

	Job terminated of its own accord at 2026-01-19T16:26:49Z with exit-code 0.
...
