000 (9098513.000.000) 01/19 17:18:22 Job submitted from host: <188.185.6.50:9618?addrs=188.185.6.50-9618+[2001-1458-d00-62--100-2b1]-9618&alias=bigbird25.cern.ch&noUDP&sock=schedd_1627_90ad>
...
040 (9098513.000.000) 01/19 17:25:39 Started transferring input files
	Transferring to host: <188.185.211.147:9618?addrs=188.185.211.147-9618+[2001-1458-303-17--100-f]-9618&alias=b9p24p3890.cern.ch&noUDP&sock=slot1_2_4766_d3fb_6657>
...
040 (9098513.000.000) 01/19 17:25:39 Finished transferring input files
...
001 (9098513.000.000) 01/19 17:25:40 Job executing on host: <188.185.211.147:9618?addrs=188.185.211.147-9618+[2001-1458-303-17--100-f]-9618&alias=b9p24p3890.cern.ch&noUDP&sock=startd_3989_b360>
	SlotName: slot1_2@b9p24p3890.cern.ch
	CondorScratchDir = "/pool/condor/dir_3317881"
	Cpus = 1
	Disk = 3671
	GPUs = 0
	Memory = 3000
...
006 (9098513.000.000) 01/19 17:25:53 Image size of job updated: 25956
	26  -  MemoryUsage of job (MB)
	25956  -  ResidentSetSize of job (KB)
...
006 (9098513.000.000) 01/19 17:26:56 Image size of job updated: 240416
	26  -  MemoryUsage of job (MB)
	25956  -  ResidentSetSize of job (KB)
...
040 (9098513.000.000) 01/19 17:26:56 Started transferring output files
...
040 (9098513.000.000) 01/19 17:26:56 Finished transferring output files
...
005 (9098513.000.000) 01/19 17:26:56 Job terminated.
	(1) Normal termination (return value 0)
		Usr 0 00:00:43, Sys 0 00:00:03  -  Run Remote Usage
		Usr 0 00:00:00, Sys 0 00:00:00  -  Run Local Usage
		Usr 0 00:00:43, Sys 0 00:00:03  -  Total Remote Usage
		Usr 0 00:00:00, Sys 0 00:00:00  -  Total Local Usage
	7341  -  Run Bytes Sent By Job
	325  -  Run Bytes Received By Job
	7341  -  Total Bytes Sent By Job
	325  -  Total Bytes Received By Job
	Partitionable Resources :    Usage  Request Allocated 
	   Cpus                 :        0        1         1 
	   Disk (KB)            :       31        1      3671 
	   GPUs                 :                           0 
	   Memory (MB)          :       26     3000      3000 
	   TimeExecute (s)      :       76                    
	   TimeSlotBusy (s)     :       78                    

	Job terminated of its own accord at 2026-01-19T16:26:56Z with exit-code 0.
...
