000 (9098518.000.000) 01/19 17:18:23 Job submitted from host: <188.185.6.50:9618?addrs=188.185.6.50-9618+[2001-1458-d00-62--100-2b1]-9618&alias=bigbird25.cern.ch&noUDP&sock=schedd_1627_90ad>
...
040 (9098518.000.000) 01/19 17:25:40 Started transferring input files
	Transferring to host: <188.185.208.79:9618?addrs=188.185.208.79-9618+[2001-1458-303-f--100-4c]-9618&alias=b9p09p3951.cern.ch&noUDP&sock=slot1_25_6272_f0f8_111910>
...
040 (9098518.000.000) 01/19 17:25:40 Finished transferring input files
...
001 (9098518.000.000) 01/19 17:25:41 Job executing on host: <188.185.208.79:9618?addrs=188.185.208.79-9618+[2001-1458-303-f--100-4c]-9618&alias=b9p09p3951.cern.ch&noUDP&sock=startd_5282_9754>
	SlotName: slot1_25@b9p09p3951.cern.ch
	CondorScratchDir = "/pool/condor/dir_2583951"
	Cpus = 1
	Disk = 3760
	GPUs = 0
	Memory = 3000
...
006 (9098518.000.000) 01/19 17:25:54 Image size of job updated: 174364
	171  -  MemoryUsage of job (MB)
	174364  -  ResidentSetSize of job (KB)
...
006 (9098518.000.000) 01/19 17:28:20 Image size of job updated: 244232
	171  -  MemoryUsage of job (MB)
	174364  -  ResidentSetSize of job (KB)
...
040 (9098518.000.000) 01/19 17:28:20 Started transferring output files
...
040 (9098518.000.000) 01/19 17:28:20 Finished transferring output files
...
005 (9098518.000.000) 01/19 17:28:20 Job terminated.
	(1) Normal termination (return value 0)
		Usr 0 00:02:07, Sys 0 00:00:03  -  Run Remote Usage
		Usr 0 00:00:00, Sys 0 00:00:00  -  Run Local Usage
		Usr 0 00:02:07, Sys 0 00:00:03  -  Total Remote Usage
		Usr 0 00:00:00, Sys 0 00:00:00  -  Total Local Usage
	10621  -  Run Bytes Sent By Job
	325  -  Run Bytes Received By Job
	10621  -  Total Bytes Sent By Job
	325  -  Total Bytes Received By Job
	Partitionable Resources :    Usage  Request Allocated 
	   Cpus                 :        0        1         1 
	   Disk (KB)            :       36        1      3760 
	   GPUs                 :                           0 
	   Memory (MB)          :      171     3000      3000 
	   TimeExecute (s)      :      159                    
	   TimeSlotBusy (s)     :      161                    

	Job terminated of its own accord at 2026-01-19T16:28:20Z with exit-code 0.
...
