000 (9098515.000.000) 01/19 17:18:23 Job submitted from host: <188.185.6.50:9618?addrs=188.185.6.50-9618+[2001-1458-d00-62--100-2b1]-9618&alias=bigbird25.cern.ch&noUDP&sock=schedd_1627_90ad>
...
040 (9098515.000.000) 01/19 17:25:50 Started transferring input files
	Transferring to host: <188.185.215.96:9618?addrs=188.185.215.96-9618+[2001-1458-303-1e--100-5c]-9618&alias=b9p31p5861.cern.ch&noUDP&sock=slot1_25_5071_ba67_127171>
...
040 (9098515.000.000) 01/19 17:25:50 Finished transferring input files
...
001 (9098515.000.000) 01/19 17:25:51 Job executing on host: <188.185.215.96:9618?addrs=188.185.215.96-9618+[2001-1458-303-1e--100-5c]-9618&alias=b9p31p5861.cern.ch&noUDP&sock=startd_4093_0939>
	SlotName: slot1_25@b9p31p5861.cern.ch
	CondorScratchDir = "/pool/condor/dir_3745053"
	Cpus = 1
	Disk = 3870
	GPUs = 0
	Memory = 3000
...
006 (9098515.000.000) 01/19 17:26:04 Image size of job updated: 172292
	169  -  MemoryUsage of job (MB)
	172292  -  ResidentSetSize of job (KB)
...
006 (9098515.000.000) 01/19 17:28:29 Image size of job updated: 246844
	169  -  MemoryUsage of job (MB)
	172292  -  ResidentSetSize of job (KB)
...
040 (9098515.000.000) 01/19 17:28:29 Started transferring output files
...
040 (9098515.000.000) 01/19 17:28:29 Finished transferring output files
...
005 (9098515.000.000) 01/19 17:28:29 Job terminated.
	(1) Normal termination (return value 0)
		Usr 0 00:02:14, Sys 0 00:00:02  -  Run Remote Usage
		Usr 0 00:00:00, Sys 0 00:00:00  -  Run Local Usage
		Usr 0 00:02:14, Sys 0 00:00:02  -  Total Remote Usage
		Usr 0 00:00:00, Sys 0 00:00:00  -  Total Local Usage
	10621  -  Run Bytes Sent By Job
	325  -  Run Bytes Received By Job
	10621  -  Total Bytes Sent By Job
	325  -  Total Bytes Received By Job
	Partitionable Resources :    Usage  Request Allocated 
	   Cpus                 :        0        1         1 
	   Disk (KB)            :       34        1      3870 
	   GPUs                 :                           0 
	   Memory (MB)          :      169     3000      3000 
	   TimeExecute (s)      :      158                    
	   TimeSlotBusy (s)     :      160                    

	Job terminated of its own accord at 2026-01-19T16:28:29Z with exit-code 0.
...
