000 (9098519.000.000) 01/19 17:18:24 Job submitted from host: <188.185.6.50:9618?addrs=188.185.6.50-9618+[2001-1458-d00-62--100-2b1]-9618&alias=bigbird25.cern.ch&noUDP&sock=schedd_1627_90ad>
...
040 (9098519.000.000) 01/19 17:25:40 Started transferring input files
	Transferring to host: <188.185.205.223:9618?addrs=188.185.205.223-9618+[2001-1458-303-a--100-5c]-9618&alias=b9p04p6875.cern.ch&noUDP&sock=slot1_21_4074_405f_111792>
...
040 (9098519.000.000) 01/19 17:25:40 Finished transferring input files
...
001 (9098519.000.000) 01/19 17:25:41 Job executing on host: <188.185.205.223:9618?addrs=188.185.205.223-9618+[2001-1458-303-a--100-5c]-9618&alias=b9p04p6875.cern.ch&noUDP&sock=startd_3621_4885>
	SlotName: slot1_21@b9p04p6875.cern.ch
	CondorScratchDir = "/pool/condor/dir_1094484"
	Cpus = 1
	Disk = 3477
	GPUs = 0
	Memory = 3000
...
006 (9098519.000.000) 01/19 17:25:54 Image size of job updated: 174480
	171  -  MemoryUsage of job (MB)
	174480  -  ResidentSetSize of job (KB)
...
006 (9098519.000.000) 01/19 17:27:31 Image size of job updated: 238968
	171  -  MemoryUsage of job (MB)
	174480  -  ResidentSetSize of job (KB)
...
040 (9098519.000.000) 01/19 17:27:31 Started transferring output files
...
040 (9098519.000.000) 01/19 17:27:31 Finished transferring output files
...
005 (9098519.000.000) 01/19 17:27:31 Job terminated.
	(1) Normal termination (return value 0)
		Usr 0 00:01:27, Sys 0 00:00:02  -  Run Remote Usage
		Usr 0 00:00:00, Sys 0 00:00:00  -  Run Local Usage
		Usr 0 00:01:27, Sys 0 00:00:02  -  Total Remote Usage
		Usr 0 00:00:00, Sys 0 00:00:00  -  Total Local Usage
	9525  -  Run Bytes Sent By Job
	325  -  Run Bytes Received By Job
	9525  -  Total Bytes Sent By Job
	325  -  Total Bytes Received By Job
	Partitionable Resources :    Usage  Request Allocated 
	   Cpus                 :        0        1         1 
	   Disk (KB)            :       37        1      3477 
	   GPUs                 :                           0 
	   Memory (MB)          :      171     3000      3000 
	   TimeExecute (s)      :      110                    
	   TimeSlotBusy (s)     :      112                    

	Job terminated of its own accord at 2026-01-19T16:27:31Z with exit-code 0.
...
