000 (9098514.000.000) 01/19 17:18:23 Job submitted from host: <188.185.6.50:9618?addrs=188.185.6.50-9618+[2001-1458-d00-62--100-2b1]-9618&alias=bigbird25.cern.ch&noUDP&sock=schedd_1627_90ad>
...
040 (9098514.000.000) 01/19 17:25:39 Started transferring input files
	Transferring to host: <188.185.212.106:9618?addrs=188.185.212.106-9618+[2001-1458-303-18--100-66]-9618&alias=b9p25p9983.cern.ch&noUDP&sock=slot1_14_5444_8a56_130074>
...
040 (9098514.000.000) 01/19 17:25:39 Finished transferring input files
...
001 (9098514.000.000) 01/19 17:25:40 Job executing on host: <188.185.212.106:9618?addrs=188.185.212.106-9618+[2001-1458-303-18--100-66]-9618&alias=b9p25p9983.cern.ch&noUDP&sock=startd_4479_ccc8>
	SlotName: slot1_14@b9p25p9983.cern.ch
	CondorScratchDir = "/pool/condor/dir_614155"
	Cpus = 1
	Disk = 3644
	GPUs = 0
	Memory = 3000
...
006 (9098514.000.000) 01/19 17:25:53 Image size of job updated: 170084
	167  -  MemoryUsage of job (MB)
	170084  -  ResidentSetSize of job (KB)
...
006 (9098514.000.000) 01/19 17:27:28 Image size of job updated: 246660
	167  -  MemoryUsage of job (MB)
	170084  -  ResidentSetSize of job (KB)
...
040 (9098514.000.000) 01/19 17:27:28 Started transferring output files
...
040 (9098514.000.000) 01/19 17:27:29 Finished transferring output files
...
005 (9098514.000.000) 01/19 17:27:30 Job terminated.
	(1) Normal termination (return value 0)
		Usr 0 00:01:14, Sys 0 00:00:02  -  Run Remote Usage
		Usr 0 00:00:00, Sys 0 00:00:00  -  Run Local Usage
		Usr 0 00:01:14, Sys 0 00:00:02  -  Total Remote Usage
		Usr 0 00:00:00, Sys 0 00:00:00  -  Total Local Usage
	8640  -  Run Bytes Sent By Job
	325  -  Run Bytes Received By Job
	8640  -  Total Bytes Sent By Job
	325  -  Total Bytes Received By Job
	Partitionable Resources :    Usage  Request Allocated 
	   Cpus                 :        0        1         1 
	   Disk (KB)            :       32        1      3644 
	   GPUs                 :                           0 
	   Memory (MB)          :      167     3000      3000 
	   TimeExecute (s)      :      108                    
	   TimeSlotBusy (s)     :      111                    

	Job terminated of its own accord at 2026-01-19T16:27:28Z with exit-code 0.
...
