000 (9098511.000.000) 01/19 17:18:22 Job submitted from host: <188.185.6.50:9618?addrs=188.185.6.50-9618+[2001-1458-d00-62--100-2b1]-9618&alias=bigbird25.cern.ch&noUDP&sock=schedd_1627_90ad>
...
040 (9098511.000.000) 01/19 17:25:38 Started transferring input files
	Transferring to host: <188.185.214.203:9618?addrs=188.185.214.203-9618+[2001-1458-303-1d--100-47]-9618&alias=b9p30p9705.cern.ch&noUDP&sock=slot1_26_4611_9dd5_131133>
...
040 (9098511.000.000) 01/19 17:25:38 Finished transferring input files
...
001 (9098511.000.000) 01/19 17:25:39 Job executing on host: <188.185.214.203:9618?addrs=188.185.214.203-9618+[2001-1458-303-1d--100-47]-9618&alias=b9p30p9705.cern.ch&noUDP&sock=startd_3865_a5a1>
	SlotName: slot1_26@b9p30p9705.cern.ch
	CondorScratchDir = "/pool/condor/dir_782556"
	Cpus = 1
	Disk = 3891
	GPUs = 0
	Memory = 3000
...
006 (9098511.000.000) 01/19 17:25:52 Image size of job updated: 172200
	169  -  MemoryUsage of job (MB)
	172200  -  ResidentSetSize of job (KB)
...
006 (9098511.000.000) 01/19 17:28:15 Image size of job updated: 248372
	169  -  MemoryUsage of job (MB)
	172200  -  ResidentSetSize of job (KB)
...
040 (9098511.000.000) 01/19 17:28:15 Started transferring output files
...
040 (9098511.000.000) 01/19 17:28:15 Finished transferring output files
...
005 (9098511.000.000) 01/19 17:28:15 Job terminated.
	(1) Normal termination (return value 0)
		Usr 0 00:02:17, Sys 0 00:00:03  -  Run Remote Usage
		Usr 0 00:00:00, Sys 0 00:00:00  -  Run Local Usage
		Usr 0 00:02:17, Sys 0 00:00:03  -  Total Remote Usage
		Usr 0 00:00:00, Sys 0 00:00:00  -  Total Local Usage
	10621  -  Run Bytes Sent By Job
	325  -  Run Bytes Received By Job
	10621  -  Total Bytes Sent By Job
	325  -  Total Bytes Received By Job
	Partitionable Resources :    Usage  Request Allocated 
	   Cpus                 :        0        1         1 
	   Disk (KB)            :       34        1      3891 
	   GPUs                 :                           0 
	   Memory (MB)          :      169     3000      3000 
	   TimeExecute (s)      :      156                    
	   TimeSlotBusy (s)     :      158                    

	Job terminated of its own accord at 2026-01-19T16:28:15Z with exit-code 0.
...
