000 (9098555.000.000) 01/19 17:18:33 Job submitted from host: <188.185.6.50:9618?addrs=188.185.6.50-9618+[2001-1458-d00-62--100-2b1]-9618&alias=bigbird25.cern.ch&noUDP&sock=schedd_1627_90ad>
...
040 (9098555.000.000) 01/19 17:25:49 Started transferring input files
	Transferring to host: <188.185.211.152:9618?addrs=188.185.211.152-9618+[2001-1458-303-17--100-14]-9618&alias=b9p24p4603.cern.ch&noUDP&sock=slot1_27_1819664_a705_49156>
...
040 (9098555.000.000) 01/19 17:25:49 Finished transferring input files
...
001 (9098555.000.000) 01/19 17:25:50 Job executing on host: <188.185.211.152:9618?addrs=188.185.211.152-9618+[2001-1458-303-17--100-14]-9618&alias=b9p24p4603.cern.ch&noUDP&sock=startd_3681_7034>
	SlotName: slot1_27@b9p24p4603.cern.ch
	CondorScratchDir = "/pool/condor/dir_2674760"
	Cpus = 1
	Disk = 3766
	GPUs = 0
	Memory = 3000
...
006 (9098555.000.000) 01/19 17:26:03 Image size of job updated: 150380
	147  -  MemoryUsage of job (MB)
	150380  -  ResidentSetSize of job (KB)
...
006 (9098555.000.000) 01/19 17:26:03 Image size of job updated: 150416
	147  -  MemoryUsage of job (MB)
	150416  -  ResidentSetSize of job (KB)
...
040 (9098555.000.000) 01/19 17:26:03 Started transferring output files
...
040 (9098555.000.000) 01/19 17:26:03 Finished transferring output files
...
005 (9098555.000.000) 01/19 17:26:03 Job terminated.
	(1) Normal termination (return value 0)
		Usr 0 00:00:03, Sys 0 00:00:02  -  Run Remote Usage
		Usr 0 00:00:00, Sys 0 00:00:00  -  Run Local Usage
		Usr 0 00:00:03, Sys 0 00:00:02  -  Total Remote Usage
		Usr 0 00:00:00, Sys 0 00:00:00  -  Total Local Usage
	6338  -  Run Bytes Sent By Job
	315  -  Run Bytes Received By Job
	6338  -  Total Bytes Sent By Job
	315  -  Total Bytes Received By Job
	Partitionable Resources :    Usage  Request Allocated 
	   Cpus                 :        0        1         1 
	   Disk (KB)            :       30        1      3766 
	   GPUs                 :                           0 
	   Memory (MB)          :      147     3000      3000 
	   TimeExecute (s)      :       13                    
	   TimeSlotBusy (s)     :       15                    

	Job terminated of its own accord at 2026-01-19T16:26:03Z with exit-code 0.
...
