000 (9098550.000.000) 01/19 17:18:32 Job submitted from host: <188.185.6.50:9618?addrs=188.185.6.50-9618+[2001-1458-d00-62--100-2b1]-9618&alias=bigbird25.cern.ch&noUDP&sock=schedd_1627_90ad>
...
040 (9098550.000.000) 01/19 17:25:48 Started transferring input files
	Transferring to host: <188.185.212.155:9618?addrs=188.185.212.155-9618+[2001-1458-303-19--100-17]-9618&alias=b9p26p5848.cern.ch&noUDP&sock=slot1_18_4181933_dd22_47972>
...
040 (9098550.000.000) 01/19 17:25:48 Finished transferring input files
...
001 (9098550.000.000) 01/19 17:25:49 Job executing on host: <188.185.212.155:9618?addrs=188.185.212.155-9618+[2001-1458-303-19--100-17]-9618&alias=b9p26p5848.cern.ch&noUDP&sock=startd_4181807_5a49>
	SlotName: slot1_18@b9p26p5848.cern.ch
	CondorScratchDir = "/pool/condor/dir_3107834"
	Cpus = 1
	Disk = 3792
	GPUs = 0
	Memory = 3000
...
006 (9098550.000.000) 01/19 17:26:03 Image size of job updated: 167080
	164  -  MemoryUsage of job (MB)
	167080  -  ResidentSetSize of job (KB)
...
040 (9098550.000.000) 01/19 17:26:30 Started transferring output files
...
040 (9098550.000.000) 01/19 17:26:30 Finished transferring output files
...
005 (9098550.000.000) 01/19 17:26:30 Job terminated.
	(1) Normal termination (return value 0)
		Usr 0 00:00:25, Sys 0 00:00:01  -  Run Remote Usage
		Usr 0 00:00:00, Sys 0 00:00:00  -  Run Local Usage
		Usr 0 00:00:25, Sys 0 00:00:01  -  Total Remote Usage
		Usr 0 00:00:00, Sys 0 00:00:00  -  Total Local Usage
	7107  -  Run Bytes Sent By Job
	322  -  Run Bytes Received By Job
	7107  -  Total Bytes Sent By Job
	322  -  Total Bytes Received By Job
	Partitionable Resources :    Usage  Request Allocated 
	   Cpus                 :        0        1         1 
	   Disk (KB)            :       31        1      3792 
	   GPUs                 :                           0 
	   Memory (MB)          :      164     3000      3000 
	   TimeExecute (s)      :       41                    
	   TimeSlotBusy (s)     :       43                    

	Job terminated of its own accord at 2026-01-19T16:26:30Z with exit-code 0.
...
