000 (9098551.000.000) 01/19 17:18:32 Job submitted from host: <188.185.6.50:9618?addrs=188.185.6.50-9618+[2001-1458-d00-62--100-2b1]-9618&alias=bigbird25.cern.ch&noUDP&sock=schedd_1627_90ad>
...
040 (9098551.000.000) 01/19 17:25:49 Started transferring input files
	Transferring to host: <188.185.212.20:9618?addrs=188.185.212.20-9618+[2001-1458-303-18--100-10]-9618&alias=b9p25p4134.cern.ch&noUDP&sock=slot1_24_7259_5f40_125446>
...
040 (9098551.000.000) 01/19 17:25:49 Finished transferring input files
...
001 (9098551.000.000) 01/19 17:25:50 Job executing on host: <188.185.212.20:9618?addrs=188.185.212.20-9618+[2001-1458-303-18--100-10]-9618&alias=b9p25p4134.cern.ch&noUDP&sock=startd_6647_de1b>
	SlotName: slot1_24@b9p25p4134.cern.ch
	CondorScratchDir = "/pool/condor/dir_3224802"
	Cpus = 1
	Disk = 3804
	GPUs = 0
	Memory = 3000
...
006 (9098551.000.000) 01/19 17:26:01 Image size of job updated: 131120
	0  -  MemoryUsage of job (MB)
	0  -  ResidentSetSize of job (KB)
...
040 (9098551.000.000) 01/19 17:26:01 Started transferring output files
...
040 (9098551.000.000) 01/19 17:26:01 Finished transferring output files
...
005 (9098551.000.000) 01/19 17:26:01 Job terminated.
	(1) Normal termination (return value 0)
		Usr 0 00:00:02, Sys 0 00:00:01  -  Run Remote Usage
		Usr 0 00:00:00, Sys 0 00:00:00  -  Run Local Usage
		Usr 0 00:00:02, Sys 0 00:00:01  -  Total Remote Usage
		Usr 0 00:00:00, Sys 0 00:00:00  -  Total Local Usage
	6352  -  Run Bytes Sent By Job
	322  -  Run Bytes Received By Job
	6352  -  Total Bytes Sent By Job
	322  -  Total Bytes Received By Job
	Partitionable Resources :    Usage  Request Allocated 
	   Cpus                 :        0        1         1 
	   Disk (KB)            :       30        1      3804 
	   GPUs                 :                           0 
	   Memory (MB)          :        0     3000      3000 
	   TimeExecute (s)      :       11                    
	   TimeSlotBusy (s)     :       13                    

	Job terminated of its own accord at 2026-01-19T16:26:01Z with exit-code 0.
...
