000 (9098557.000.000) 01/19 17:18:34 Job submitted from host: <188.185.6.50:9618?addrs=188.185.6.50-9618+[2001-1458-d00-62--100-2b1]-9618&alias=bigbird25.cern.ch&noUDP&sock=schedd_1627_90ad>
...
040 (9098557.000.000) 01/19 17:25:50 Started transferring input files
	Transferring to host: <188.185.193.23:9618?addrs=188.185.193.23-9618+[2001-1458-303-20--100-13]-9618&alias=b9p19p8579.cern.ch&noUDP&sock=slot1_35_3268677_6511_55846>
...
040 (9098557.000.000) 01/19 17:25:50 Finished transferring input files
...
001 (9098557.000.000) 01/19 17:25:51 Job executing on host: <188.185.193.23:9618?addrs=188.185.193.23-9618+[2001-1458-303-20--100-13]-9618&alias=b9p19p8579.cern.ch&noUDP&sock=startd_7929_3685>
	SlotName: slot1_35@b9p19p8579.cern.ch
	CondorScratchDir = "/pool/condor/dir_601813"
	Cpus = 1
	Disk = 3603
	GPUs = 0
	Memory = 3000
...
006 (9098557.000.000) 01/19 17:26:04 Image size of job updated: 81824
	80  -  MemoryUsage of job (MB)
	81824  -  ResidentSetSize of job (KB)
...
006 (9098557.000.000) 01/19 17:26:07 Image size of job updated: 136376
	80  -  MemoryUsage of job (MB)
	81832  -  ResidentSetSize of job (KB)
...
040 (9098557.000.000) 01/19 17:26:07 Started transferring output files
...
040 (9098557.000.000) 01/19 17:26:07 Finished transferring output files
...
005 (9098557.000.000) 01/19 17:26:07 Job terminated.
	(1) Normal termination (return value 0)
		Usr 0 00:00:04, Sys 0 00:00:01  -  Run Remote Usage
		Usr 0 00:00:00, Sys 0 00:00:00  -  Run Local Usage
		Usr 0 00:00:04, Sys 0 00:00:01  -  Total Remote Usage
		Usr 0 00:00:00, Sys 0 00:00:00  -  Total Local Usage
	6346  -  Run Bytes Sent By Job
	319  -  Run Bytes Received By Job
	6346  -  Total Bytes Sent By Job
	319  -  Total Bytes Received By Job
	Partitionable Resources :    Usage  Request Allocated 
	   Cpus                 :        0        1         1 
	   Disk (KB)            :       30        1      3603 
	   GPUs                 :                           0 
	   Memory (MB)          :       80     3000      3000 
	   TimeExecute (s)      :       16                    
	   TimeSlotBusy (s)     :       18                    

	Job terminated of its own accord at 2026-01-19T16:26:07Z with exit-code 0.
...
