000 (9098552.000.000) 01/19 17:18:33 Job submitted from host: <188.185.6.50:9618?addrs=188.185.6.50-9618+[2001-1458-d00-62--100-2b1]-9618&alias=bigbird25.cern.ch&noUDP&sock=schedd_1627_90ad>
...
040 (9098552.000.000) 01/19 17:25:52 Started transferring input files
	Transferring to host: <188.185.211.137:9618?addrs=188.185.211.137-9618+[2001-1458-303-17--100-5]-9618&alias=b9p24p0933.cern.ch&noUDP&sock=slot1_4_8039_f3e0_125497>
...
040 (9098552.000.000) 01/19 17:25:52 Finished transferring input files
...
001 (9098552.000.000) 01/19 17:25:53 Job executing on host: <188.185.211.137:9618?addrs=188.185.211.137-9618+[2001-1458-303-17--100-5]-9618&alias=b9p24p0933.cern.ch&noUDP&sock=startd_7053_598e>
	SlotName: slot1_4@b9p24p0933.cern.ch
	CondorScratchDir = "/pool/condor/dir_1648172"
	Cpus = 1
	Disk = 3729
	GPUs = 0
	Memory = 3000
...
006 (9098552.000.000) 01/19 17:26:06 Image size of job updated: 168512
	165  -  MemoryUsage of job (MB)
	168512  -  ResidentSetSize of job (KB)
...
006 (9098552.000.000) 01/19 17:26:22 Image size of job updated: 168528
	165  -  MemoryUsage of job (MB)
	168512  -  ResidentSetSize of job (KB)
...
040 (9098552.000.000) 01/19 17:26:22 Started transferring output files
...
040 (9098552.000.000) 01/19 17:26:22 Finished transferring output files
...
005 (9098552.000.000) 01/19 17:26:22 Job terminated.
	(1) Normal termination (return value 0)
		Usr 0 00:00:16, Sys 0 00:00:02  -  Run Remote Usage
		Usr 0 00:00:00, Sys 0 00:00:00  -  Run Local Usage
		Usr 0 00:00:16, Sys 0 00:00:02  -  Total Remote Usage
		Usr 0 00:00:00, Sys 0 00:00:00  -  Total Local Usage
	6870  -  Run Bytes Sent By Job
	326  -  Run Bytes Received By Job
	6870  -  Total Bytes Sent By Job
	326  -  Total Bytes Received By Job
	Partitionable Resources :    Usage  Request Allocated 
	   Cpus                 :        0        1         1 
	   Disk (KB)            :       30        1      3729 
	   GPUs                 :                           0 
	   Memory (MB)          :      165     3000      3000 
	   TimeExecute (s)      :       29                    
	   TimeSlotBusy (s)     :       31                    

	Job terminated of its own accord at 2026-01-19T16:26:22Z with exit-code 0.
...
