000 (9098532.000.000) 01/19 17:18:27 Job submitted from host: <188.185.6.50:9618?addrs=188.185.6.50-9618+[2001-1458-d00-62--100-2b1]-9618&alias=bigbird25.cern.ch&noUDP&sock=schedd_1627_90ad>
...
040 (9098532.000.000) 01/19 17:25:43 Started transferring input files
	Transferring to host: <188.185.213.182:9618?addrs=188.185.213.182-9618+[2001-1458-303-1b--100-32]-9618&alias=b9p28p3646.cern.ch&noUDP&sock=slot1_16_4730_7679_153631>
...
040 (9098532.000.000) 01/19 17:25:43 Finished transferring input files
...
001 (9098532.000.000) 01/19 17:25:44 Job executing on host: <188.185.213.182:9618?addrs=188.185.213.182-9618+[2001-1458-303-1b--100-32]-9618&alias=b9p28p3646.cern.ch&noUDP&sock=startd_3933_4a12>
	SlotName: slot1_16@b9p28p3646.cern.ch
	CondorScratchDir = "/pool/condor/dir_3193251"
	Cpus = 1
	Disk = 3786
	GPUs = 0
	Memory = 3000
...
006 (9098532.000.000) 01/19 17:25:57 Image size of job updated: 168588
	165  -  MemoryUsage of job (MB)
	168588  -  ResidentSetSize of job (KB)
...
006 (9098532.000.000) 01/19 17:27:02 Image size of job updated: 305224
	165  -  MemoryUsage of job (MB)
	168588  -  ResidentSetSize of job (KB)
...
040 (9098532.000.000) 01/19 17:27:02 Started transferring output files
...
040 (9098532.000.000) 01/19 17:27:02 Finished transferring output files
...
005 (9098532.000.000) 01/19 17:27:02 Job terminated.
	(1) Normal termination (return value 0)
		Usr 0 00:00:54, Sys 0 00:00:02  -  Run Remote Usage
		Usr 0 00:00:00, Sys 0 00:00:00  -  Run Local Usage
		Usr 0 00:00:54, Sys 0 00:00:02  -  Total Remote Usage
		Usr 0 00:00:00, Sys 0 00:00:00  -  Total Local Usage
	7951  -  Run Bytes Sent By Job
	315  -  Run Bytes Received By Job
	7951  -  Total Bytes Sent By Job
	315  -  Total Bytes Received By Job
	Partitionable Resources :    Usage  Request Allocated 
	   Cpus                 :        0        1         1 
	   Disk (KB)            :       31        1      3786 
	   GPUs                 :                           0 
	   Memory (MB)          :      165     3000      3000 
	   TimeExecute (s)      :       78                    
	   TimeSlotBusy (s)     :       80                    

	Job terminated of its own accord at 2026-01-19T16:27:02Z with exit-code 0.
...
