000 (9098530.000.000) 01/19 17:18:26 Job submitted from host: <188.185.6.50:9618?addrs=188.185.6.50-9618+[2001-1458-d00-62--100-2b1]-9618&alias=bigbird25.cern.ch&noUDP&sock=schedd_1627_90ad>
...
040 (9098530.000.000) 01/19 17:25:42 Started transferring input files
	Transferring to host: <188.185.214.76:9618?addrs=188.185.214.76-9618+[2001-1458-303-1c--100-48]-9618&alias=b9p29p1203.cern.ch&noUDP&sock=slot1_9_6871_fdb0_150822>
...
040 (9098530.000.000) 01/19 17:25:42 Finished transferring input files
...
001 (9098530.000.000) 01/19 17:25:43 Job executing on host: <188.185.214.76:9618?addrs=188.185.214.76-9618+[2001-1458-303-1c--100-48]-9618&alias=b9p29p1203.cern.ch&noUDP&sock=startd_5871_989d>
	SlotName: slot1_9@b9p29p1203.cern.ch
	CondorScratchDir = "/pool/condor/dir_304945"
	Cpus = 1
	Disk = 3624
	GPUs = 0
	Memory = 3000
...
006 (9098530.000.000) 01/19 17:25:57 Image size of job updated: 132128
	130  -  MemoryUsage of job (MB)
	132128  -  ResidentSetSize of job (KB)
...
006 (9098530.000.000) 01/19 17:30:22 Image size of job updated: 411988
	130  -  MemoryUsage of job (MB)
	132128  -  ResidentSetSize of job (KB)
...
040 (9098530.000.000) 01/19 17:30:22 Started transferring output files
...
040 (9098530.000.000) 01/19 17:30:22 Finished transferring output files
...
005 (9098530.000.000) 01/19 17:30:23 Job terminated.
	(1) Normal termination (return value 0)
		Usr 0 00:03:08, Sys 0 00:00:04  -  Run Remote Usage
		Usr 0 00:00:00, Sys 0 00:00:00  -  Run Local Usage
		Usr 0 00:03:08, Sys 0 00:00:04  -  Total Remote Usage
		Usr 0 00:00:00, Sys 0 00:00:00  -  Total Local Usage
	10601  -  Run Bytes Sent By Job
	315  -  Run Bytes Received By Job
	10601  -  Total Bytes Sent By Job
	315  -  Total Bytes Received By Job
	Partitionable Resources :    Usage  Request Allocated 
	   Cpus                 :        0        1         1 
	   Disk (KB)            :       34        1      3624 
	   GPUs                 :                           0 
	   Memory (MB)          :      130     3000      3000 
	   TimeExecute (s)      :      279                    
	   TimeSlotBusy (s)     :      281                    

	Job terminated of its own accord at 2026-01-19T16:30:22Z with exit-code 0.
...
