000 (9098535.000.000) 01/19 17:18:28 Job submitted from host: <188.185.6.50:9618?addrs=188.185.6.50-9618+[2001-1458-d00-62--100-2b1]-9618&alias=bigbird25.cern.ch&noUDP&sock=schedd_1627_90ad>
...
040 (9098535.000.000) 01/19 17:25:45 Started transferring input files
	Transferring to host: <188.185.207.8:9618?addrs=188.185.207.8-9618+[2001-1458-303-d--100-5]-9618&alias=b9p07p0229.cern.ch&noUDP&sock=slot1_11_89715_1559_102800>
...
040 (9098535.000.000) 01/19 17:25:45 Finished transferring input files
...
001 (9098535.000.000) 01/19 17:25:46 Job executing on host: <188.185.207.8:9618?addrs=188.185.207.8-9618+[2001-1458-303-d--100-5]-9618&alias=b9p07p0229.cern.ch&noUDP&sock=startd_6581_98db>
	SlotName: slot1_11@b9p07p0229.cern.ch
	CondorScratchDir = "/pool/condor/dir_3884476"
	Cpus = 1
	Disk = 3636
	GPUs = 0
	Memory = 3000
...
006 (9098535.000.000) 01/19 17:26:00 Image size of job updated: 180200
	176  -  MemoryUsage of job (MB)
	180200  -  ResidentSetSize of job (KB)
...
006 (9098535.000.000) 01/19 17:29:30 Image size of job updated: 180212
	176  -  MemoryUsage of job (MB)
	180200  -  ResidentSetSize of job (KB)
...
040 (9098535.000.000) 01/19 17:29:30 Started transferring output files
...
040 (9098535.000.000) 01/19 17:29:30 Finished transferring output files
...
005 (9098535.000.000) 01/19 17:29:30 Job terminated.
	(1) Normal termination (return value 0)
		Usr 0 00:02:12, Sys 0 00:00:02  -  Run Remote Usage
		Usr 0 00:00:00, Sys 0 00:00:00  -  Run Local Usage
		Usr 0 00:02:12, Sys 0 00:00:02  -  Total Remote Usage
		Usr 0 00:00:00, Sys 0 00:00:00  -  Total Local Usage
	10744  -  Run Bytes Sent By Job
	322  -  Run Bytes Received By Job
	10744  -  Total Bytes Sent By Job
	322  -  Total Bytes Received By Job
	Partitionable Resources :    Usage  Request Allocated 
	   Cpus                 :     0.97        1         1 
	   Disk (KB)            :    36           1      3636 
	   GPUs                 :                           0 
	   Memory (MB)          :   176        3000      3000 
	   TimeExecute (s)      :   224                       
	   TimeSlotBusy (s)     :   227                       

	Job terminated of its own accord at 2026-01-19T16:29:30Z with exit-code 0.
...
