000 (9098537.000.000) 01/19 17:18:28 Job submitted from host: <188.185.6.50:9618?addrs=188.185.6.50-9618+[2001-1458-d00-62--100-2b1]-9618&alias=bigbird25.cern.ch&noUDP&sock=schedd_1627_90ad>
...
040 (9098537.000.000) 01/19 17:25:45 Started transferring input files
	Transferring to host: <188.185.210.168:9618?addrs=188.185.210.168-9618+[2001-1458-303-15--100-24]-9618&alias=b9p22p4108.cern.ch&noUDP&sock=slot1_6_4382_43eb_131024>
...
040 (9098537.000.000) 01/19 17:25:45 Finished transferring input files
...
001 (9098537.000.000) 01/19 17:25:46 Job executing on host: <188.185.210.168:9618?addrs=188.185.210.168-9618+[2001-1458-303-15--100-24]-9618&alias=b9p22p4108.cern.ch&noUDP&sock=startd_3728_ad28>
	SlotName: slot1_6@b9p22p4108.cern.ch
	CondorScratchDir = "/pool/condor/dir_101285"
	Cpus = 1
	Disk = 3785
	GPUs = 0
	Memory = 3000
...
006 (9098537.000.000) 01/19 17:25:59 Image size of job updated: 148272
	145  -  MemoryUsage of job (MB)
	148272  -  ResidentSetSize of job (KB)
...
006 (9098537.000.000) 01/19 17:27:18 Image size of job updated: 180232
	145  -  MemoryUsage of job (MB)
	148424  -  ResidentSetSize of job (KB)
...
040 (9098537.000.000) 01/19 17:27:18 Started transferring output files
...
040 (9098537.000.000) 01/19 17:27:18 Finished transferring output files
...
005 (9098537.000.000) 01/19 17:27:18 Job terminated.
	(1) Normal termination (return value 0)
		Usr 0 00:01:04, Sys 0 00:00:02  -  Run Remote Usage
		Usr 0 00:00:00, Sys 0 00:00:00  -  Run Local Usage
		Usr 0 00:01:04, Sys 0 00:00:02  -  Total Remote Usage
		Usr 0 00:00:00, Sys 0 00:00:00  -  Total Local Usage
	7972  -  Run Bytes Sent By Job
	322  -  Run Bytes Received By Job
	7972  -  Total Bytes Sent By Job
	322  -  Total Bytes Received By Job
	Partitionable Resources :    Usage  Request Allocated 
	   Cpus                 :        0        1         1 
	   Disk (KB)            :       31        1      3785 
	   GPUs                 :                           0 
	   Memory (MB)          :      145     3000      3000 
	   TimeExecute (s)      :       92                    
	   TimeSlotBusy (s)     :       95                    

	Job terminated of its own accord at 2026-01-19T16:27:18Z with exit-code 0.
...
