000 (9098533.000.000) 01/19 17:18:27 Job submitted from host: <188.185.6.50:9618?addrs=188.185.6.50-9618+[2001-1458-d00-62--100-2b1]-9618&alias=bigbird25.cern.ch&noUDP&sock=schedd_1627_90ad>
...
040 (9098533.000.000) 01/19 17:25:43 Started transferring input files
	Transferring to host: <188.185.212.166:9618?addrs=188.185.212.166-9618+[2001-1458-303-19--100-22]-9618&alias=b9p26p4943.cern.ch&noUDP&sock=slot1_2_5494_c518_127320>
...
040 (9098533.000.000) 01/19 17:25:43 Finished transferring input files
...
001 (9098533.000.000) 01/19 17:25:44 Job executing on host: <188.185.212.166:9618?addrs=188.185.212.166-9618+[2001-1458-303-19--100-22]-9618&alias=b9p26p4943.cern.ch&noUDP&sock=startd_4485_ea59>
	SlotName: slot1_2@b9p26p4943.cern.ch
	CondorScratchDir = "/pool/condor/dir_3117169"
	Cpus = 1
	Disk = 3745
	GPUs = 0
	Memory = 3000
...
006 (9098533.000.000) 01/19 17:25:58 Image size of job updated: 41444
	41  -  MemoryUsage of job (MB)
	41444  -  ResidentSetSize of job (KB)
...
006 (9098533.000.000) 01/19 17:26:07 Image size of job updated: 131432
	41  -  MemoryUsage of job (MB)
	41596  -  ResidentSetSize of job (KB)
...
040 (9098533.000.000) 01/19 17:26:07 Started transferring output files
...
040 (9098533.000.000) 01/19 17:26:07 Finished transferring output files
...
005 (9098533.000.000) 01/19 17:26:07 Job terminated.
	(1) Normal termination (return value 0)
		Usr 0 00:00:04, Sys 0 00:00:02  -  Run Remote Usage
		Usr 0 00:00:00, Sys 0 00:00:00  -  Run Local Usage
		Usr 0 00:00:04, Sys 0 00:00:02  -  Total Remote Usage
		Usr 0 00:00:00, Sys 0 00:00:00  -  Total Local Usage
	6352  -  Run Bytes Sent By Job
	315  -  Run Bytes Received By Job
	6352  -  Total Bytes Sent By Job
	315  -  Total Bytes Received By Job
	Partitionable Resources :    Usage  Request Allocated 
	   Cpus                 :        0        1         1 
	   Disk (KB)            :       30        1      3745 
	   GPUs                 :                           0 
	   Memory (MB)          :       41     3000      3000 
	   TimeExecute (s)      :       23                    
	   TimeSlotBusy (s)     :       25                    

	Job terminated of its own accord at 2026-01-19T16:26:07Z with exit-code 0.
...
