000 (9098534.000.000) 01/19 17:18:28 Job submitted from host: <188.185.6.50:9618?addrs=188.185.6.50-9618+[2001-1458-d00-62--100-2b1]-9618&alias=bigbird25.cern.ch&noUDP&sock=schedd_1627_90ad>
...
040 (9098534.000.000) 01/19 17:25:44 Started transferring input files
	Transferring to host: <188.185.210.70:9618?addrs=188.185.210.70-9618+[2001-1458-303-1--100-42]-9618&alias=b9p21p2877.cern.ch&noUDP&sock=slot1_11_4751_425a_130009>
...
040 (9098534.000.000) 01/19 17:25:44 Finished transferring input files
...
001 (9098534.000.000) 01/19 17:25:45 Job executing on host: <188.185.210.70:9618?addrs=188.185.210.70-9618+[2001-1458-303-1--100-42]-9618&alias=b9p21p2877.cern.ch&noUDP&sock=startd_3949_4396>
	SlotName: slot1_11@b9p21p2877.cern.ch
	CondorScratchDir = "/pool/condor/dir_3577730"
	Cpus = 1
	Disk = 3854
	GPUs = 0
	Memory = 3000
...
006 (9098534.000.000) 01/19 17:25:58 Image size of job updated: 180168
	176  -  MemoryUsage of job (MB)
	180168  -  ResidentSetSize of job (KB)
...
006 (9098534.000.000) 01/19 17:28:50 Image size of job updated: 180560
	176  -  MemoryUsage of job (MB)
	180168  -  ResidentSetSize of job (KB)
...
040 (9098534.000.000) 01/19 17:28:50 Started transferring output files
...
040 (9098534.000.000) 01/19 17:28:50 Finished transferring output files
...
005 (9098534.000.000) 01/19 17:28:50 Job terminated.
	(1) Normal termination (return value 0)
		Usr 0 00:02:22, Sys 0 00:00:03  -  Run Remote Usage
		Usr 0 00:00:00, Sys 0 00:00:00  -  Run Local Usage
		Usr 0 00:02:22, Sys 0 00:00:03  -  Total Remote Usage
		Usr 0 00:00:00, Sys 0 00:00:00  -  Total Local Usage
	10622  -  Run Bytes Sent By Job
	322  -  Run Bytes Received By Job
	10622  -  Total Bytes Sent By Job
	322  -  Total Bytes Received By Job
	Partitionable Resources :    Usage  Request Allocated 
	   Cpus                 :        0        1         1 
	   Disk (KB)            :       34        1      3854 
	   GPUs                 :                           0 
	   Memory (MB)          :      176     3000      3000 
	   TimeExecute (s)      :      185                    
	   TimeSlotBusy (s)     :      187                    

	Job terminated of its own accord at 2026-01-19T16:28:50Z with exit-code 0.
...
