000 (9098538.000.000) 01/19 17:18:29 Job submitted from host: <188.185.6.50:9618?addrs=188.185.6.50-9618+[2001-1458-d00-62--100-2b1]-9618&alias=bigbird25.cern.ch&noUDP&sock=schedd_1627_90ad>
...
040 (9098538.000.000) 01/19 17:25:45 Started transferring input files
	Transferring to host: <188.185.207.147:9618?addrs=188.185.207.147-9618+[2001-1458-303-e--100-10]-9618&alias=b9p08p3726.cern.ch&noUDP&sock=slot1_26_10265_5efb_109901>
...
040 (9098538.000.000) 01/19 17:25:45 Finished transferring input files
...
001 (9098538.000.000) 01/19 17:25:46 Job executing on host: <188.185.207.147:9618?addrs=188.185.207.147-9618+[2001-1458-303-e--100-10]-9618&alias=b9p08p3726.cern.ch&noUDP&sock=startd_9019_dcc0>
	SlotName: slot1_26@b9p08p3726.cern.ch
	CondorScratchDir = "/pool/condor/dir_2152491"
	Cpus = 1
	Disk = 3586
	GPUs = 0
	Memory = 3000
...
006 (9098538.000.000) 01/19 17:25:59 Image size of job updated: 81760
	0  -  MemoryUsage of job (MB)
	0  -  ResidentSetSize of job (KB)
...
040 (9098538.000.000) 01/19 17:25:59 Started transferring output files
...
040 (9098538.000.000) 01/19 17:25:59 Finished transferring output files
...
005 (9098538.000.000) 01/19 17:25:59 Job terminated.
	(1) Normal termination (return value 0)
		Usr 0 00:00:03, Sys 0 00:00:02  -  Run Remote Usage
		Usr 0 00:00:00, Sys 0 00:00:00  -  Run Local Usage
		Usr 0 00:00:03, Sys 0 00:00:02  -  Total Remote Usage
		Usr 0 00:00:00, Sys 0 00:00:00  -  Total Local Usage
	6366  -  Run Bytes Sent By Job
	322  -  Run Bytes Received By Job
	6366  -  Total Bytes Sent By Job
	322  -  Total Bytes Received By Job
	Partitionable Resources :    Usage  Request Allocated 
	   Cpus                 :        0        1         1 
	   Disk (KB)            :       33        1      3586 
	   GPUs                 :                           0 
	   Memory (MB)          :        0     3000      3000 
	   TimeExecute (s)      :       13                    
	   TimeSlotBusy (s)     :       15                    

	Job terminated of its own accord at 2026-01-19T16:25:59Z with exit-code 0.
...
