000 (9098527.000.000) 01/19 17:18:26 Job submitted from host: <188.185.6.50:9618?addrs=188.185.6.50-9618+[2001-1458-d00-62--100-2b1]-9618&alias=bigbird25.cern.ch&noUDP&sock=schedd_1627_90ad>
...
040 (9098527.000.000) 01/19 17:25:42 Started transferring input files
	Transferring to host: <188.185.211.145:9618?addrs=188.185.211.145-9618+[2001-1458-303-17--100-d]-9618&alias=b9p24p2956.cern.ch&noUDP&sock=slot1_1_9009_67c7_129177>
...
040 (9098527.000.000) 01/19 17:25:42 Finished transferring input files
...
001 (9098527.000.000) 01/19 17:25:43 Job executing on host: <188.185.211.145:9618?addrs=188.185.211.145-9618+[2001-1458-303-17--100-d]-9618&alias=b9p24p2956.cern.ch&noUDP&sock=startd_7699_73bc>
	SlotName: slot1_1@b9p24p2956.cern.ch
	CondorScratchDir = "/pool/condor/dir_166781"
	Cpus = 1
	Disk = 3624
	GPUs = 0
	Memory = 3000
...
006 (9098527.000.000) 01/19 17:25:56 Image size of job updated: 69532
	0  -  MemoryUsage of job (MB)
	0  -  ResidentSetSize of job (KB)
...
040 (9098527.000.000) 01/19 17:25:56 Started transferring output files
...
040 (9098527.000.000) 01/19 17:25:56 Finished transferring output files
...
005 (9098527.000.000) 01/19 17:25:56 Job terminated.
	(1) Normal termination (return value 0)
		Usr 0 00:00:02, Sys 0 00:00:01  -  Run Remote Usage
		Usr 0 00:00:00, Sys 0 00:00:00  -  Run Local Usage
		Usr 0 00:00:02, Sys 0 00:00:01  -  Total Remote Usage
		Usr 0 00:00:00, Sys 0 00:00:00  -  Total Local Usage
	6340  -  Run Bytes Sent By Job
	316  -  Run Bytes Received By Job
	6340  -  Total Bytes Sent By Job
	316  -  Total Bytes Received By Job
	Partitionable Resources :    Usage  Request Allocated 
	   Cpus                 :        0        1         1 
	   Disk (KB)            :       30        1      3624 
	   GPUs                 :                           0 
	   Memory (MB)          :        0     3000      3000 
	   TimeExecute (s)      :       13                    
	   TimeSlotBusy (s)     :       15                    

	Job terminated of its own accord at 2026-01-19T16:25:56Z with exit-code 0.
...
