000 (9098526.000.000) 01/19 17:18:26 Job submitted from host: <188.185.6.50:9618?addrs=188.185.6.50-9618+[2001-1458-d00-62--100-2b1]-9618&alias=bigbird25.cern.ch&noUDP&sock=schedd_1627_90ad>
...
040 (9098526.000.000) 01/19 17:25:42 Started transferring input files
	Transferring to host: <188.185.214.174:9618?addrs=188.185.214.174-9618+[2001-1458-303-1d--100-2a]-9618&alias=b9p30p1572.cern.ch&noUDP&sock=slot1_34_7261_c800_130446>
...
040 (9098526.000.000) 01/19 17:25:42 Finished transferring input files
...
001 (9098526.000.000) 01/19 17:25:43 Job executing on host: <188.185.214.174:9618?addrs=188.185.214.174-9618+[2001-1458-303-1d--100-2a]-9618&alias=b9p30p1572.cern.ch&noUDP&sock=startd_6761_0fe7>
	SlotName: slot1_34@b9p30p1572.cern.ch
	CondorScratchDir = "/pool/condor/dir_76262"
	Cpus = 1
	Disk = 3732
	GPUs = 0
	Memory = 3000
...
006 (9098526.000.000) 01/19 17:25:56 Image size of job updated: 70216
	69  -  MemoryUsage of job (MB)
	70216  -  ResidentSetSize of job (KB)
...
006 (9098526.000.000) 01/19 17:26:08 Image size of job updated: 168572
	69  -  MemoryUsage of job (MB)
	70228  -  ResidentSetSize of job (KB)
...
040 (9098526.000.000) 01/19 17:26:08 Started transferring output files
...
040 (9098526.000.000) 01/19 17:26:08 Finished transferring output files
...
005 (9098526.000.000) 01/19 17:26:08 Job terminated.
	(1) Normal termination (return value 0)
		Usr 0 00:00:09, Sys 0 00:00:02  -  Run Remote Usage
		Usr 0 00:00:00, Sys 0 00:00:00  -  Run Local Usage
		Usr 0 00:00:09, Sys 0 00:00:02  -  Total Remote Usage
		Usr 0 00:00:00, Sys 0 00:00:00  -  Total Local Usage
	6612  -  Run Bytes Sent By Job
	316  -  Run Bytes Received By Job
	6612  -  Total Bytes Sent By Job
	316  -  Total Bytes Received By Job
	Partitionable Resources :    Usage  Request Allocated 
	   Cpus                 :        0        1         1 
	   Disk (KB)            :       30        1      3732 
	   GPUs                 :                           0 
	   Memory (MB)          :       69     3000      3000 
	   TimeExecute (s)      :       25                    
	   TimeSlotBusy (s)     :       27                    

	Job terminated of its own accord at 2026-01-19T16:26:08Z with exit-code 0.
...
