000 (9098539.000.000) 01/19 17:18:29 Job submitted from host: <188.185.6.50:9618?addrs=188.185.6.50-9618+[2001-1458-d00-62--100-2b1]-9618&alias=bigbird25.cern.ch&noUDP&sock=schedd_1627_90ad>
...
040 (9098539.000.000) 01/19 17:25:45 Started transferring input files
	Transferring to host: <188.185.213.26:9618?addrs=188.185.213.26-9618+[2001-1458-303-1a--100-16]-9618&alias=b9p27p0753.cern.ch&noUDP&sock=slot1_5_4459_84ce_128765>
...
040 (9098539.000.000) 01/19 17:25:45 Finished transferring input files
...
001 (9098539.000.000) 01/19 17:25:46 Job executing on host: <188.185.213.26:9618?addrs=188.185.213.26-9618+[2001-1458-303-1a--100-16]-9618&alias=b9p27p0753.cern.ch&noUDP&sock=startd_3764_5e91>
	SlotName: slot1_5@b9p27p0753.cern.ch
	CondorScratchDir = "/pool/condor/dir_3871480"
	Cpus = 1
	Disk = 3769
	GPUs = 0
	Memory = 3000
...
006 (9098539.000.000) 01/19 17:25:59 Image size of job updated: 163164
	160  -  MemoryUsage of job (MB)
	163164  -  ResidentSetSize of job (KB)
...
006 (9098539.000.000) 01/19 17:26:19 Image size of job updated: 265240
	160  -  MemoryUsage of job (MB)
	163648  -  ResidentSetSize of job (KB)
...
040 (9098539.000.000) 01/19 17:26:19 Started transferring output files
...
040 (9098539.000.000) 01/19 17:26:19 Finished transferring output files
...
005 (9098539.000.000) 01/19 17:26:19 Job terminated.
	(1) Normal termination (return value 0)
		Usr 0 00:00:21, Sys 0 00:00:02  -  Run Remote Usage
		Usr 0 00:00:00, Sys 0 00:00:00  -  Run Local Usage
		Usr 0 00:00:21, Sys 0 00:00:02  -  Total Remote Usage
		Usr 0 00:00:00, Sys 0 00:00:00  -  Total Local Usage
	6966  -  Run Bytes Sent By Job
	315  -  Run Bytes Received By Job
	6966  -  Total Bytes Sent By Job
	315  -  Total Bytes Received By Job
	Partitionable Resources :    Usage  Request Allocated 
	   Cpus                 :        0        1         1 
	   Disk (KB)            :       30        1      3769 
	   GPUs                 :                           0 
	   Memory (MB)          :      160     3000      3000 
	   TimeExecute (s)      :       33                    
	   TimeSlotBusy (s)     :       35                    

	Job terminated of its own accord at 2026-01-19T16:26:19Z with exit-code 0.
...
