000 (9098544.000.000) 01/19 17:18:30 Job submitted from host: <188.185.6.50:9618?addrs=188.185.6.50-9618+[2001-1458-d00-62--100-2b1]-9618&alias=bigbird25.cern.ch&noUDP&sock=schedd_1627_90ad>
...
040 (9098544.000.000) 01/19 17:25:46 Started transferring input files
	Transferring to host: <188.185.214.56:9618?addrs=188.185.214.56-9618+[2001-1458-303-1c--100-34]-9618&alias=b9p29p5411.cern.ch&noUDP&sock=slot1_18_5513_2839_128920>
...
040 (9098544.000.000) 01/19 17:25:46 Finished transferring input files
...
001 (9098544.000.000) 01/19 17:25:47 Job executing on host: <188.185.214.56:9618?addrs=188.185.214.56-9618+[2001-1458-303-1c--100-34]-9618&alias=b9p29p5411.cern.ch&noUDP&sock=startd_4500_3445>
	SlotName: slot1_18@b9p29p5411.cern.ch
	CondorScratchDir = "/pool/condor/dir_1920983"
	Cpus = 1
	Disk = 3785
	GPUs = 0
	Memory = 3000
...
006 (9098544.000.000) 01/19 17:26:01 Image size of job updated: 166636
	163  -  MemoryUsage of job (MB)
	166636  -  ResidentSetSize of job (KB)
...
040 (9098544.000.000) 01/19 17:26:13 Started transferring output files
...
040 (9098544.000.000) 01/19 17:26:13 Finished transferring output files
...
005 (9098544.000.000) 01/19 17:26:13 Job terminated.
	(1) Normal termination (return value 0)
		Usr 0 00:00:15, Sys 0 00:00:01  -  Run Remote Usage
		Usr 0 00:00:00, Sys 0 00:00:00  -  Run Local Usage
		Usr 0 00:00:15, Sys 0 00:00:01  -  Total Remote Usage
		Usr 0 00:00:00, Sys 0 00:00:00  -  Total Local Usage
	6796  -  Run Bytes Sent By Job
	314  -  Run Bytes Received By Job
	6796  -  Total Bytes Sent By Job
	314  -  Total Bytes Received By Job
	Partitionable Resources :    Usage  Request Allocated 
	   Cpus                 :        0        1         1 
	   Disk (KB)            :       30        1      3785 
	   GPUs                 :                           0 
	   Memory (MB)          :      163     3000      3000 
	   TimeExecute (s)      :       26                    
	   TimeSlotBusy (s)     :       28                    

	Job terminated of its own accord at 2026-01-19T16:26:13Z with exit-code 0.
...
