000 (9098543.000.000) 01/19 17:18:30 Job submitted from host: <188.185.6.50:9618?addrs=188.185.6.50-9618+[2001-1458-d00-62--100-2b1]-9618&alias=bigbird25.cern.ch&noUDP&sock=schedd_1627_90ad>
...
040 (9098543.000.000) 01/19 17:25:46 Started transferring input files
	Transferring to host: <188.185.212.60:9618?addrs=188.185.212.60-9618+[2001-1458-303-18--100-38]-9618&alias=b9p25p5962.cern.ch&noUDP&sock=slot1_7_4316_c329_127818>
...
040 (9098543.000.000) 01/19 17:25:46 Finished transferring input files
...
001 (9098543.000.000) 01/19 17:25:47 Job executing on host: <188.185.212.60:9618?addrs=188.185.212.60-9618+[2001-1458-303-18--100-38]-9618&alias=b9p25p5962.cern.ch&noUDP&sock=startd_3640_50d2>
	SlotName: slot1_7@b9p25p5962.cern.ch
	CondorScratchDir = "/pool/condor/dir_2633207"
	Cpus = 1
	Disk = 3819
	GPUs = 0
	Memory = 3000
...
006 (9098543.000.000) 01/19 17:25:59 Image size of job updated: 107364
	0  -  MemoryUsage of job (MB)
	0  -  ResidentSetSize of job (KB)
...
040 (9098543.000.000) 01/19 17:25:59 Started transferring output files
...
040 (9098543.000.000) 01/19 17:25:59 Finished transferring output files
...
005 (9098543.000.000) 01/19 17:25:59 Job terminated.
	(1) Normal termination (return value 0)
		Usr 0 00:00:02, Sys 0 00:00:01  -  Run Remote Usage
		Usr 0 00:00:00, Sys 0 00:00:00  -  Run Local Usage
		Usr 0 00:00:02, Sys 0 00:00:01  -  Total Remote Usage
		Usr 0 00:00:00, Sys 0 00:00:00  -  Total Local Usage
	6336  -  Run Bytes Sent By Job
	314  -  Run Bytes Received By Job
	6336  -  Total Bytes Sent By Job
	314  -  Total Bytes Received By Job
	Partitionable Resources :    Usage  Request Allocated 
	   Cpus                 :        0        1         1 
	   Disk (KB)            :       30        1      3819 
	   GPUs                 :                           0 
	   Memory (MB)          :        0     3000      3000 
	   TimeExecute (s)      :       12                    
	   TimeSlotBusy (s)     :       14                    

	Job terminated of its own accord at 2026-01-19T16:25:59Z with exit-code 0.
...
