000 (9098545.000.000) 01/19 17:18:31 Job submitted from host: <188.185.6.50:9618?addrs=188.185.6.50-9618+[2001-1458-d00-62--100-2b1]-9618&alias=bigbird25.cern.ch&noUDP&sock=schedd_1627_90ad>
...
040 (9098545.000.000) 01/19 17:25:48 Started transferring input files
	Transferring to host: <188.185.212.42:9618?addrs=188.185.212.42-9618+[2001-1458-303-18--100-26]-9618&alias=b9p25p1322.cern.ch&noUDP&sock=slot1_6_4163671_a1fb_49077>
...
040 (9098545.000.000) 01/19 17:25:48 Finished transferring input files
...
001 (9098545.000.000) 01/19 17:25:49 Job executing on host: <188.185.212.42:9618?addrs=188.185.212.42-9618+[2001-1458-303-18--100-26]-9618&alias=b9p25p1322.cern.ch&noUDP&sock=startd_4163584_e3f2>
	SlotName: slot1_6@b9p25p1322.cern.ch
	CondorScratchDir = "/pool/condor/dir_1493945"
	Cpus = 1
	Disk = 3722
	GPUs = 0
	Memory = 3000
...
006 (9098545.000.000) 01/19 17:25:59 Image size of job updated: 154208
	0  -  MemoryUsage of job (MB)
	0  -  ResidentSetSize of job (KB)
...
040 (9098545.000.000) 01/19 17:25:59 Started transferring output files
...
040 (9098545.000.000) 01/19 17:25:59 Finished transferring output files
...
005 (9098545.000.000) 01/19 17:25:59 Job terminated.
	(1) Normal termination (return value 0)
		Usr 0 00:00:02, Sys 0 00:00:01  -  Run Remote Usage
		Usr 0 00:00:00, Sys 0 00:00:00  -  Run Local Usage
		Usr 0 00:00:02, Sys 0 00:00:01  -  Total Remote Usage
		Usr 0 00:00:00, Sys 0 00:00:00  -  Total Local Usage
	6336  -  Run Bytes Sent By Job
	314  -  Run Bytes Received By Job
	6336  -  Total Bytes Sent By Job
	314  -  Total Bytes Received By Job
	Partitionable Resources :    Usage  Request Allocated 
	   Cpus                 :        0        1         1 
	   Disk (KB)            :       30        1      3722 
	   GPUs                 :                           0 
	   Memory (MB)          :        0     3000      3000 
	   TimeExecute (s)      :       10                    
	   TimeSlotBusy (s)     :       13                    

	Job terminated of its own accord at 2026-01-19T16:25:59Z with exit-code 0.
...
