000 (9098541.000.000) 01/19 17:18:30 Job submitted from host: <188.185.6.50:9618?addrs=188.185.6.50-9618+[2001-1458-d00-62--100-2b1]-9618&alias=bigbird25.cern.ch&noUDP&sock=schedd_1627_90ad>
...
040 (9098541.000.000) 01/19 17:25:46 Started transferring input files
	Transferring to host: <188.185.215.190:9618?addrs=188.185.215.190-9618+[2001-1458-303-26--100-3a]-9618&alias=b9p18p9631.cern.ch&noUDP&sock=slot1_11_7956_78bd_50080>
...
040 (9098541.000.000) 01/19 17:25:46 Finished transferring input files
...
001 (9098541.000.000) 01/19 17:25:47 Job executing on host: <188.185.215.190:9618?addrs=188.185.215.190-9618+[2001-1458-303-26--100-3a]-9618&alias=b9p18p9631.cern.ch&noUDP&sock=startd_4324_7b9a>
	SlotName: slot1_11@b9p18p9631.cern.ch
	CondorScratchDir = "/pool/condor/dir_207929"
	Cpus = 1
	Disk = 3858
	GPUs = 0
	Memory = 3000
...
006 (9098541.000.000) 01/19 17:26:01 Image size of job updated: 173164
	170  -  MemoryUsage of job (MB)
	173164  -  ResidentSetSize of job (KB)
...
006 (9098541.000.000) 01/19 17:27:04 Image size of job updated: 173508
	170  -  MemoryUsage of job (MB)
	173164  -  ResidentSetSize of job (KB)
...
040 (9098541.000.000) 01/19 17:27:04 Started transferring output files
...
040 (9098541.000.000) 01/19 17:27:04 Finished transferring output files
...
005 (9098541.000.000) 01/19 17:27:04 Job terminated.
	(1) Normal termination (return value 0)
		Usr 0 00:00:48, Sys 0 00:00:01  -  Run Remote Usage
		Usr 0 00:00:00, Sys 0 00:00:00  -  Run Local Usage
		Usr 0 00:00:48, Sys 0 00:00:01  -  Total Remote Usage
		Usr 0 00:00:00, Sys 0 00:00:00  -  Total Local Usage
	7723  -  Run Bytes Sent By Job
	314  -  Run Bytes Received By Job
	7723  -  Total Bytes Sent By Job
	314  -  Total Bytes Received By Job
	Partitionable Resources :    Usage  Request Allocated 
	   Cpus                 :        0        1         1 
	   Disk (KB)            :       31        1      3858 
	   GPUs                 :                           0 
	   Memory (MB)          :      170     3000      3000 
	   TimeExecute (s)      :       77                    
	   TimeSlotBusy (s)     :       79                    

	Job terminated of its own accord at 2026-01-19T16:27:04Z with exit-code 0.
...
