000 (9098549.000.000) 01/19 17:18:32 Job submitted from host: <188.185.6.50:9618?addrs=188.185.6.50-9618+[2001-1458-d00-62--100-2b1]-9618&alias=bigbird25.cern.ch&noUDP&sock=schedd_1627_90ad>
...
040 (9098549.000.000) 01/19 17:25:49 Started transferring input files
	Transferring to host: <188.185.211.28:9618?addrs=188.185.211.28-9618+[2001-1458-303-16--100-18]-9618&alias=b9p23p1756.cern.ch&noUDP&sock=slot1_6_241744_4460_48632>
...
040 (9098549.000.000) 01/19 17:25:49 Finished transferring input files
...
001 (9098549.000.000) 01/19 17:25:50 Job executing on host: <188.185.211.28:9618?addrs=188.185.211.28-9618+[2001-1458-303-16--100-18]-9618&alias=b9p23p1756.cern.ch&noUDP&sock=startd_241096_6187>
	SlotName: slot1_6@b9p23p1756.cern.ch
	CondorScratchDir = "/pool/condor/dir_2528980"
	Cpus = 1
	Disk = 3742
	GPUs = 0
	Memory = 3000
...
006 (9098549.000.000) 01/19 17:26:01 Image size of job updated: 131404
	0  -  MemoryUsage of job (MB)
	0  -  ResidentSetSize of job (KB)
...
040 (9098549.000.000) 01/19 17:26:01 Started transferring output files
...
040 (9098549.000.000) 01/19 17:26:01 Finished transferring output files
...
005 (9098549.000.000) 01/19 17:26:01 Job terminated.
	(1) Normal termination (return value 0)
		Usr 0 00:00:02, Sys 0 00:00:01  -  Run Remote Usage
		Usr 0 00:00:00, Sys 0 00:00:00  -  Run Local Usage
		Usr 0 00:00:02, Sys 0 00:00:01  -  Total Remote Usage
		Usr 0 00:00:00, Sys 0 00:00:00  -  Total Local Usage
	6336  -  Run Bytes Sent By Job
	314  -  Run Bytes Received By Job
	6336  -  Total Bytes Sent By Job
	314  -  Total Bytes Received By Job
	Partitionable Resources :    Usage  Request Allocated 
	   Cpus                 :        0        1         1 
	   Disk (KB)            :       30        1      3742 
	   GPUs                 :                           0 
	   Memory (MB)          :        0     3000      3000 
	   TimeExecute (s)      :       11                    
	   TimeSlotBusy (s)     :       14                    

	Job terminated of its own accord at 2026-01-19T16:26:01Z with exit-code 0.
...
