000 (9098547.000.000) 01/19 17:18:31 Job submitted from host: <188.185.6.50:9618?addrs=188.185.6.50-9618+[2001-1458-d00-62--100-2b1]-9618&alias=bigbird25.cern.ch&noUDP&sock=schedd_1627_90ad>
...
040 (9098547.000.000) 01/19 17:25:50 Started transferring input files
	Transferring to host: <188.185.214.66:9618?addrs=188.185.214.66-9618+[2001-1458-303-1c--100-3e]-9618&alias=b9p29p9588.cern.ch&noUDP&sock=slot1_17_5430_ad16_124267>
...
040 (9098547.000.000) 01/19 17:25:50 Finished transferring input files
...
001 (9098547.000.000) 01/19 17:25:51 Job executing on host: <188.185.214.66:9618?addrs=188.185.214.66-9618+[2001-1458-303-1c--100-3e]-9618&alias=b9p29p9588.cern.ch&noUDP&sock=startd_4421_0449>
	SlotName: slot1_17@b9p29p9588.cern.ch
	CondorScratchDir = "/pool/condor/dir_1416531"
	Cpus = 1
	Disk = 3792
	GPUs = 0
	Memory = 3000
...
006 (9098547.000.000) 01/19 17:26:02 Image size of job updated: 129244
	0  -  MemoryUsage of job (MB)
	0  -  ResidentSetSize of job (KB)
...
040 (9098547.000.000) 01/19 17:26:02 Started transferring output files
...
040 (9098547.000.000) 01/19 17:26:02 Finished transferring output files
...
005 (9098547.000.000) 01/19 17:26:02 Job terminated.
	(1) Normal termination (return value 0)
		Usr 0 00:00:02, Sys 0 00:00:01  -  Run Remote Usage
		Usr 0 00:00:00, Sys 0 00:00:00  -  Run Local Usage
		Usr 0 00:00:02, Sys 0 00:00:01  -  Total Remote Usage
		Usr 0 00:00:00, Sys 0 00:00:00  -  Total Local Usage
	6338  -  Run Bytes Sent By Job
	315  -  Run Bytes Received By Job
	6338  -  Total Bytes Sent By Job
	315  -  Total Bytes Received By Job
	Partitionable Resources :    Usage  Request Allocated 
	   Cpus                 :        0        1         1 
	   Disk (KB)            :       30        1      3792 
	   GPUs                 :                           0 
	   Memory (MB)          :        0     3000      3000 
	   TimeExecute (s)      :       11                    
	   TimeSlotBusy (s)     :       16                    

	Job terminated of its own accord at 2026-01-19T16:26:02Z with exit-code 0.
...
