000 (9098546.000.000) 01/19 17:18:31 Job submitted from host: <188.185.6.50:9618?addrs=188.185.6.50-9618+[2001-1458-d00-62--100-2b1]-9618&alias=bigbird25.cern.ch&noUDP&sock=schedd_1627_90ad>
...
040 (9098546.000.000) 01/19 17:25:47 Started transferring input files
	Transferring to host: <188.185.196.28:9618?addrs=188.185.196.28-9618+[2001-1458-303-23--100-18]-9618&alias=b9p16p9803.cern.ch&noUDP&sock=slot1_29_6099_0c11_121912>
...
040 (9098546.000.000) 01/19 17:25:47 Finished transferring input files
...
001 (9098546.000.000) 01/19 17:25:48 Job executing on host: <188.185.196.28:9618?addrs=188.185.196.28-9618+[2001-1458-303-23--100-18]-9618&alias=b9p16p9803.cern.ch&noUDP&sock=startd_5157_d9fe>
	SlotName: slot1_29@b9p16p9803.cern.ch
	CondorScratchDir = "/pool/condor/dir_1967234"
	Cpus = 1
	Disk = 3761
	GPUs = 0
	Memory = 3000
...
006 (9098546.000.000) 01/19 17:26:01 Image size of job updated: 55100
	54  -  MemoryUsage of job (MB)
	55100  -  ResidentSetSize of job (KB)
...
006 (9098546.000.000) 01/19 17:27:59 Image size of job updated: 234008
	54  -  MemoryUsage of job (MB)
	55248  -  ResidentSetSize of job (KB)
...
040 (9098546.000.000) 01/19 17:27:59 Started transferring output files
...
040 (9098546.000.000) 01/19 17:27:59 Finished transferring output files
...
005 (9098546.000.000) 01/19 17:27:59 Job terminated.
	(1) Normal termination (return value 0)
		Usr 0 00:01:35, Sys 0 00:00:02  -  Run Remote Usage
		Usr 0 00:00:00, Sys 0 00:00:00  -  Run Local Usage
		Usr 0 00:01:35, Sys 0 00:00:02  -  Total Remote Usage
		Usr 0 00:00:00, Sys 0 00:00:00  -  Total Local Usage
	8366  -  Run Bytes Sent By Job
	315  -  Run Bytes Received By Job
	8366  -  Total Bytes Sent By Job
	315  -  Total Bytes Received By Job
	Partitionable Resources :    Usage  Request Allocated 
	   Cpus                 :        0        1         1 
	   Disk (KB)            :       32        1      3761 
	   GPUs                 :                           0 
	   Memory (MB)          :       54     3000      3000 
	   TimeExecute (s)      :      131                    
	   TimeSlotBusy (s)     :      133                    

	Job terminated of its own accord at 2026-01-19T16:27:59Z with exit-code 0.
...
