000 (9098548.000.000) 01/19 17:18:31 Job submitted from host: <188.185.6.50:9618?addrs=188.185.6.50-9618+[2001-1458-d00-62--100-2b1]-9618&alias=bigbird25.cern.ch&noUDP&sock=schedd_1627_90ad>
...
040 (9098548.000.000) 01/19 17:25:48 Started transferring input files
	Transferring to host: <188.185.214.68:9618?addrs=188.185.214.68-9618+[2001-1458-303-1c--100-40]-9618&alias=b9p29p9608.cern.ch&noUDP&sock=slot1_17_10040_d691_149473>
...
040 (9098548.000.000) 01/19 17:25:48 Finished transferring input files
...
001 (9098548.000.000) 01/19 17:25:49 Job executing on host: <188.185.214.68:9618?addrs=188.185.214.68-9618+[2001-1458-303-1c--100-40]-9618&alias=b9p29p9608.cern.ch&noUDP&sock=startd_9082_1337>
	SlotName: slot1_17@b9p29p9608.cern.ch
	CondorScratchDir = "/pool/condor/dir_3240758"
	Cpus = 1
	Disk = 3694
	GPUs = 0
	Memory = 3000
...
006 (9098548.000.000) 01/19 17:26:03 Image size of job updated: 144768
	142  -  MemoryUsage of job (MB)
	144768  -  ResidentSetSize of job (KB)
...
006 (9098548.000.000) 01/19 17:27:36 Image size of job updated: 256360
	142  -  MemoryUsage of job (MB)
	144792  -  ResidentSetSize of job (KB)
...
040 (9098548.000.000) 01/19 17:27:36 Started transferring output files
...
040 (9098548.000.000) 01/19 17:27:36 Finished transferring output files
...
005 (9098548.000.000) 01/19 17:27:36 Job terminated.
	(1) Normal termination (return value 0)
		Usr 0 00:01:13, Sys 0 00:00:02  -  Run Remote Usage
		Usr 0 00:00:00, Sys 0 00:00:00  -  Run Local Usage
		Usr 0 00:01:13, Sys 0 00:00:02  -  Total Remote Usage
		Usr 0 00:00:00, Sys 0 00:00:00  -  Total Local Usage
	7883  -  Run Bytes Sent By Job
	314  -  Run Bytes Received By Job
	7883  -  Total Bytes Sent By Job
	314  -  Total Bytes Received By Job
	Partitionable Resources :    Usage  Request Allocated 
	   Cpus                 :     0.90        1         1 
	   Disk (KB)            :    31           1      3694 
	   GPUs                 :                           0 
	   Memory (MB)          :   142        3000      3000 
	   TimeExecute (s)      :   107                       
	   TimeSlotBusy (s)     :   109                       

	Job terminated of its own accord at 2026-01-19T16:27:36Z with exit-code 0.
...
