000 (9120155.000.000) 01/22 20:11:26 Job submitted from host: <188.185.6.50:9618?addrs=188.185.6.50-9618+[2001-1458-d00-62--100-2b1]-9618&alias=bigbird25.cern.ch&noUDP&sock=schedd_1627_90ad>
...
040 (9120155.000.000) 01/22 20:13:49 Started transferring input files
	Transferring to host: <188.185.210.194:9618?addrs=188.185.210.194-9618+[2001-1458-303-15--100-3e]-9618&alias=b9p22p1324.cern.ch&noUDP&sock=slot1_6_4875_a0df_157123>
...
040 (9120155.000.000) 01/22 20:13:49 Finished transferring input files
...
001 (9120155.000.000) 01/22 20:13:50 Job executing on host: <188.185.210.194:9618?addrs=188.185.210.194-9618+[2001-1458-303-15--100-3e]-9618&alias=b9p22p1324.cern.ch&noUDP&sock=startd_3981_369e>
	SlotName: slot1_6@b9p22p1324.cern.ch
	CondorScratchDir = "/pool/condor/dir_118794"
	Cpus = 1
	Disk = 3770
	GPUs = 0
	Memory = 3000
...
006 (9120155.000.000) 01/22 20:14:04 Image size of job updated: 180604
	177  -  MemoryUsage of job (MB)
	180604  -  ResidentSetSize of job (KB)
...
006 (9120155.000.000) 01/22 20:17:49 Image size of job updated: 445128
	177  -  MemoryUsage of job (MB)
	180604  -  ResidentSetSize of job (KB)
...
040 (9120155.000.000) 01/22 20:17:49 Started transferring output files
...
040 (9120155.000.000) 01/22 20:17:49 Finished transferring output files
...
005 (9120155.000.000) 01/22 20:17:49 Job terminated.
	(1) Normal termination (return value 0)
		Usr 0 00:02:35, Sys 0 00:00:04  -  Run Remote Usage
		Usr 0 00:00:00, Sys 0 00:00:00  -  Run Local Usage
		Usr 0 00:02:35, Sys 0 00:00:04  -  Total Remote Usage
		Usr 0 00:00:00, Sys 0 00:00:00  -  Total Local Usage
	10266  -  Run Bytes Sent By Job
	318  -  Run Bytes Received By Job
	10266  -  Total Bytes Sent By Job
	318  -  Total Bytes Received By Job
	Partitionable Resources :    Usage  Request Allocated 
	   Cpus                 :        0        1         1 
	   Disk (KB)            :       33        1      3770 
	   GPUs                 :                           0 
	   Memory (MB)          :      177     3000      3000 
	   TimeExecute (s)      :      239                    
	   TimeSlotBusy (s)     :      241                    

	Job terminated of its own accord at 2026-01-22T19:17:49Z with exit-code 0.
...
