000 (9120158.000.000) 01/22 20:11:27 Job submitted from host: <188.185.6.50:9618?addrs=188.185.6.50-9618+[2001-1458-d00-62--100-2b1]-9618&alias=bigbird25.cern.ch&noUDP&sock=schedd_1627_90ad>
...
040 (9120158.000.000) 01/22 20:13:50 Started transferring input files
	Transferring to host: <188.185.213.166:9618?addrs=188.185.213.166-9618+[2001-1458-303-1b--100-22]-9618&alias=b9p28p3001.cern.ch&noUDP&sock=slot1_23_7694_de72_155097>
...
040 (9120158.000.000) 01/22 20:13:50 Finished transferring input files
...
001 (9120158.000.000) 01/22 20:13:51 Job executing on host: <188.185.213.166:9618?addrs=188.185.213.166-9618+[2001-1458-303-1b--100-22]-9618&alias=b9p28p3001.cern.ch&noUDP&sock=startd_7065_94b1>
	SlotName: slot1_23@b9p28p3001.cern.ch
	CondorScratchDir = "/pool/condor/dir_3871602"
	Cpus = 1
	Disk = 3931
	GPUs = 0
	Memory = 3000
...
006 (9120158.000.000) 01/22 20:14:02 Image size of job updated: 148752
	0  -  MemoryUsage of job (MB)
	0  -  ResidentSetSize of job (KB)
...
040 (9120158.000.000) 01/22 20:14:02 Started transferring output files
...
040 (9120158.000.000) 01/22 20:14:02 Finished transferring output files
...
005 (9120158.000.000) 01/22 20:14:02 Job terminated.
	(1) Normal termination (return value 0)
		Usr 0 00:00:02, Sys 0 00:00:01  -  Run Remote Usage
		Usr 0 00:00:00, Sys 0 00:00:00  -  Run Local Usage
		Usr 0 00:00:02, Sys 0 00:00:01  -  Total Remote Usage
		Usr 0 00:00:00, Sys 0 00:00:00  -  Total Local Usage
	6014  -  Run Bytes Sent By Job
	318  -  Run Bytes Received By Job
	6014  -  Total Bytes Sent By Job
	318  -  Total Bytes Received By Job
	Partitionable Resources :    Usage  Request Allocated 
	   Cpus                 :        0        1         1 
	   Disk (KB)            :       29        1      3931 
	   GPUs                 :                           0 
	   Memory (MB)          :        0     3000      3000 
	   TimeExecute (s)      :       11                    
	   TimeSlotBusy (s)     :       13                    

	Job terminated of its own accord at 2026-01-22T19:14:02Z with exit-code 0.
...
