000 (9120156.000.000) 01/22 20:11:26 Job submitted from host: <188.185.6.50:9618?addrs=188.185.6.50-9618+[2001-1458-d00-62--100-2b1]-9618&alias=bigbird25.cern.ch&noUDP&sock=schedd_1627_90ad>
...
040 (9120156.000.000) 01/22 20:13:51 Started transferring input files
	Transferring to host: <188.185.213.235:9618?addrs=188.185.213.235-9618+[2001-1458-303-1b--100-67]-9618&alias=b9p28p1439.cern.ch&noUDP&sock=slot1_12_1867526_c2df_52242>
...
040 (9120156.000.000) 01/22 20:13:51 Finished transferring input files
...
001 (9120156.000.000) 01/22 20:13:52 Job executing on host: <188.185.213.235:9618?addrs=188.185.213.235-9618+[2001-1458-303-1b--100-67]-9618&alias=b9p28p1439.cern.ch&noUDP&sock=startd_4542_033f>
	SlotName: slot1_12@b9p28p1439.cern.ch
	CondorScratchDir = "/pool/condor/dir_2870901"
	Cpus = 1
	Disk = 3807
	GPUs = 0
	Memory = 3000
...
006 (9120156.000.000) 01/22 20:14:05 Image size of job updated: 180544
	177  -  MemoryUsage of job (MB)
	180544  -  ResidentSetSize of job (KB)
...
006 (9120156.000.000) 01/22 20:18:48 Image size of job updated: 436448
	177  -  MemoryUsage of job (MB)
	180544  -  ResidentSetSize of job (KB)
...
040 (9120156.000.000) 01/22 20:18:48 Started transferring output files
...
040 (9120156.000.000) 01/22 20:18:48 Finished transferring output files
...
005 (9120156.000.000) 01/22 20:18:48 Job terminated.
	(1) Normal termination (return value 0)
		Usr 0 00:02:49, Sys 0 00:00:03  -  Run Remote Usage
		Usr 0 00:00:00, Sys 0 00:00:00  -  Run Local Usage
		Usr 0 00:02:49, Sys 0 00:00:03  -  Total Remote Usage
		Usr 0 00:00:00, Sys 0 00:00:00  -  Total Local Usage
	10388  -  Run Bytes Sent By Job
	318  -  Run Bytes Received By Job
	10388  -  Total Bytes Sent By Job
	318  -  Total Bytes Received By Job
	Partitionable Resources :    Usage  Request Allocated 
	   Cpus                 :     0.63        1         1 
	   Disk (KB)            :    34           1      3807 
	   GPUs                 :                           0 
	   Memory (MB)          :   177        3000      3000 
	   TimeExecute (s)      :   296                       
	   TimeSlotBusy (s)     :   297                       

	Job terminated of its own accord at 2026-01-22T19:18:48Z with exit-code 0.
...
