000 (9120149.000.000) 01/22 20:11:25 Job submitted from host: <188.185.6.50:9618?addrs=188.185.6.50-9618+[2001-1458-d00-62--100-2b1]-9618&alias=bigbird25.cern.ch&noUDP&sock=schedd_1627_90ad>
...
040 (9120149.000.000) 01/22 20:13:49 Started transferring input files
	Transferring to host: <188.185.209.101:9618?addrs=188.185.209.101-9618+[2001-1458-303-11--100-62]-9618&alias=b9p11p7000.cern.ch&noUDP&sock=slot1_35_7015_73b6_113277>
...
040 (9120149.000.000) 01/22 20:13:49 Finished transferring input files
...
001 (9120149.000.000) 01/22 20:13:50 Job executing on host: <188.185.209.101:9618?addrs=188.185.209.101-9618+[2001-1458-303-11--100-62]-9618&alias=b9p11p7000.cern.ch&noUDP&sock=startd_6001_c3ec>
	SlotName: slot1_35@b9p11p7000.cern.ch
	CondorScratchDir = "/pool/condor/dir_1317923"
	Cpus = 1
	Disk = 3737
	GPUs = 0
	Memory = 3000
...
006 (9120149.000.000) 01/22 20:14:04 Image size of job updated: 132344
	130  -  MemoryUsage of job (MB)
	132344  -  ResidentSetSize of job (KB)
...
006 (9120149.000.000) 01/22 20:17:31 Image size of job updated: 246988
	130  -  MemoryUsage of job (MB)
	132344  -  ResidentSetSize of job (KB)
...
040 (9120149.000.000) 01/22 20:17:31 Started transferring output files
...
040 (9120149.000.000) 01/22 20:17:31 Finished transferring output files
...
005 (9120149.000.000) 01/22 20:17:31 Job terminated.
	(1) Normal termination (return value 0)
		Usr 0 00:02:41, Sys 0 00:00:03  -  Run Remote Usage
		Usr 0 00:00:00, Sys 0 00:00:00  -  Run Local Usage
		Usr 0 00:02:41, Sys 0 00:00:03  -  Total Remote Usage
		Usr 0 00:00:00, Sys 0 00:00:00  -  Total Local Usage
	10270  -  Run Bytes Sent By Job
	322  -  Run Bytes Received By Job
	10270  -  Total Bytes Sent By Job
	322  -  Total Bytes Received By Job
	Partitionable Resources :    Usage  Request Allocated 
	   Cpus                 :        0        1         1 
	   Disk (KB)            :       37        1      3737 
	   GPUs                 :                           0 
	   Memory (MB)          :      130     3000      3000 
	   TimeExecute (s)      :      221                    
	   TimeSlotBusy (s)     :      224                    

	Job terminated of its own accord at 2026-01-22T19:17:31Z with exit-code 0.
...
