000 (9120147.000.000) 01/22 20:11:24 Job submitted from host: <188.185.6.50:9618?addrs=188.185.6.50-9618+[2001-1458-d00-62--100-2b1]-9618&alias=bigbird25.cern.ch&noUDP&sock=schedd_1627_90ad>
...
040 (9120147.000.000) 01/22 20:13:47 Started transferring input files
	Transferring to host: <188.185.203.199:9618?addrs=188.185.203.199-9618+[2001-1458-303-6--100-44]-9618&alias=b9p34p0005.cern.ch&noUDP&sock=slot1_22_7277_0e01_2061>
...
040 (9120147.000.000) 01/22 20:13:47 Finished transferring input files
...
001 (9120147.000.000) 01/22 20:13:48 Job executing on host: <188.185.203.199:9618?addrs=188.185.203.199-9618+[2001-1458-303-6--100-44]-9618&alias=b9p34p0005.cern.ch&noUDP&sock=startd_7230_c1d2>
	SlotName: slot1_22@b9p34p0005.cern.ch
	CondorScratchDir = "/pool/condor/dir_1695573"
	Cpus = 1
	Disk = 7087
	GPUs = 0
	Memory = 3000
...
006 (9120147.000.000) 01/22 20:14:02 Image size of job updated: 66140
	65  -  MemoryUsage of job (MB)
	66140  -  ResidentSetSize of job (KB)
...
006 (9120147.000.000) 01/22 20:14:27 Image size of job updated: 231924
	65  -  MemoryUsage of job (MB)
	66140  -  ResidentSetSize of job (KB)
...
040 (9120147.000.000) 01/22 20:14:27 Started transferring output files
...
040 (9120147.000.000) 01/22 20:14:27 Finished transferring output files
...
005 (9120147.000.000) 01/22 20:14:27 Job terminated.
	(1) Normal termination (return value 0)
		Usr 0 00:00:22, Sys 0 00:00:01  -  Run Remote Usage
		Usr 0 00:00:00, Sys 0 00:00:00  -  Run Local Usage
		Usr 0 00:00:22, Sys 0 00:00:01  -  Total Remote Usage
		Usr 0 00:00:00, Sys 0 00:00:00  -  Total Local Usage
	6990  -  Run Bytes Sent By Job
	322  -  Run Bytes Received By Job
	6990  -  Total Bytes Sent By Job
	322  -  Total Bytes Received By Job
	Partitionable Resources :    Usage  Request Allocated 
	   Cpus                 :                 1         1 
	   Disk (KB)            :       23        1      7087 
	   GPUs                 :                           0 
	   Memory (MB)          :       65     3000      3000 
	   TimeExecute (s)      :       39                    
	   TimeSlotBusy (s)     :       41                    

	Job terminated of its own accord at 2026-01-22T19:14:27Z with exit-code 0.
...
