000 (9120150.000.000) 01/22 20:11:25 Job submitted from host: <188.185.6.50:9618?addrs=188.185.6.50-9618+[2001-1458-d00-62--100-2b1]-9618&alias=bigbird25.cern.ch&noUDP&sock=schedd_1627_90ad>
...
040 (9120150.000.000) 01/22 20:13:48 Started transferring input files
	Transferring to host: <188.185.206.38:9618?addrs=188.185.206.38-9618+[2001-1458-303-b--100-23]-9618&alias=b9p05p7906.cern.ch&noUDP&sock=slot1_12_7079_8bb9_113211>
...
040 (9120150.000.000) 01/22 20:13:48 Finished transferring input files
...
001 (9120150.000.000) 01/22 20:13:49 Job executing on host: <188.185.206.38:9618?addrs=188.185.206.38-9618+[2001-1458-303-b--100-23]-9618&alias=b9p05p7906.cern.ch&noUDP&sock=startd_6144_d9f7>
	SlotName: slot1_12@b9p05p7906.cern.ch
	CondorScratchDir = "/pool/condor/dir_997149"
	Cpus = 1
	Disk = 3603
	GPUs = 0
	Memory = 3000
...
006 (9120150.000.000) 01/22 20:14:03 Image size of job updated: 147588
	145  -  MemoryUsage of job (MB)
	147588  -  ResidentSetSize of job (KB)
...
006 (9120150.000.000) 01/22 20:14:33 Image size of job updated: 206604
	145  -  MemoryUsage of job (MB)
	148032  -  ResidentSetSize of job (KB)
...
040 (9120150.000.000) 01/22 20:14:33 Started transferring output files
...
040 (9120150.000.000) 01/22 20:14:33 Finished transferring output files
...
005 (9120150.000.000) 01/22 20:14:33 Job terminated.
	(1) Normal termination (return value 0)
		Usr 0 00:00:28, Sys 0 00:00:02  -  Run Remote Usage
		Usr 0 00:00:00, Sys 0 00:00:00  -  Run Local Usage
		Usr 0 00:00:28, Sys 0 00:00:02  -  Total Remote Usage
		Usr 0 00:00:00, Sys 0 00:00:00  -  Total Local Usage
	6864  -  Run Bytes Sent By Job
	322  -  Run Bytes Received By Job
	6864  -  Total Bytes Sent By Job
	322  -  Total Bytes Received By Job
	Partitionable Resources :    Usage  Request Allocated 
	   Cpus                 :        0        1         1 
	   Disk (KB)            :       32        1      3603 
	   GPUs                 :                           0 
	   Memory (MB)          :      145     3000      3000 
	   TimeExecute (s)      :       44                    
	   TimeSlotBusy (s)     :       46                    

	Job terminated of its own accord at 2026-01-22T19:14:33Z with exit-code 0.
...
