000 (9120145.000.000) 01/22 20:11:24 Job submitted from host: <188.185.6.50:9618?addrs=188.185.6.50-9618+[2001-1458-d00-62--100-2b1]-9618&alias=bigbird25.cern.ch&noUDP&sock=schedd_1627_90ad>
...
040 (9120145.000.000) 01/22 20:13:47 Started transferring input files
	Transferring to host: <188.185.207.55:9618?addrs=188.185.207.55-9618+[2001-1458-303-d--100-34]-9618&alias=b9p07p0358.cern.ch&noUDP&sock=slot1_20_6509_ede2_110021>
...
040 (9120145.000.000) 01/22 20:13:47 Finished transferring input files
...
001 (9120145.000.000) 01/22 20:13:48 Job executing on host: <188.185.207.55:9618?addrs=188.185.207.55-9618+[2001-1458-303-d--100-34]-9618&alias=b9p07p0358.cern.ch&noUDP&sock=startd_5465_1d29>
	SlotName: slot1_20@b9p07p0358.cern.ch
	CondorScratchDir = "/pool/condor/dir_98057"
	Cpus = 1
	Disk = 3728
	GPUs = 0
	Memory = 3000
...
006 (9120145.000.000) 01/22 20:14:02 Image size of job updated: 38660
	38  -  MemoryUsage of job (MB)
	38660  -  ResidentSetSize of job (KB)
...
006 (9120145.000.000) 01/22 20:16:48 Image size of job updated: 166716
	38  -  MemoryUsage of job (MB)
	38776  -  ResidentSetSize of job (KB)
...
040 (9120145.000.000) 01/22 20:16:48 Started transferring output files
...
040 (9120145.000.000) 01/22 20:16:48 Finished transferring output files
...
005 (9120145.000.000) 01/22 20:16:48 Job terminated.
	(1) Normal termination (return value 0)
		Usr 0 00:01:48, Sys 0 00:00:03  -  Run Remote Usage
		Usr 0 00:00:00, Sys 0 00:00:00  -  Run Local Usage
		Usr 0 00:01:48, Sys 0 00:00:03  -  Total Remote Usage
		Usr 0 00:00:00, Sys 0 00:00:00  -  Total Local Usage
	8569  -  Run Bytes Sent By Job
	322  -  Run Bytes Received By Job
	8569  -  Total Bytes Sent By Job
	322  -  Total Bytes Received By Job
	Partitionable Resources :    Usage  Request Allocated 
	   Cpus                 :     0.70        1         1 
	   Disk (KB)            :    37           1      3728 
	   GPUs                 :                           0 
	   Memory (MB)          :    38        3000      3000 
	   TimeExecute (s)      :   180                       
	   TimeSlotBusy (s)     :   182                       

	Job terminated of its own accord at 2026-01-22T19:16:48Z with exit-code 0.
...
