000 (9120152.000.000) 01/22 20:11:25 Job submitted from host: <188.185.6.50:9618?addrs=188.185.6.50-9618+[2001-1458-d00-62--100-2b1]-9618&alias=bigbird25.cern.ch&noUDP&sock=schedd_1627_90ad>
...
040 (9120152.000.000) 01/22 20:13:51 Started transferring input files
	Transferring to host: <188.185.195.78:9618?addrs=188.185.195.78-9618+[2001-1458-303-22--100-4a]-9618&alias=b9p17p1349.cern.ch&noUDP&sock=slot1_30_10918_77f5_125118>
...
040 (9120152.000.000) 01/22 20:13:51 Finished transferring input files
...
001 (9120152.000.000) 01/22 20:13:52 Job executing on host: <188.185.195.78:9618?addrs=188.185.195.78-9618+[2001-1458-303-22--100-4a]-9618&alias=b9p17p1349.cern.ch&noUDP&sock=startd_10042_8e22>
	SlotName: slot1_30@b9p17p1349.cern.ch
	CondorScratchDir = "/pool/condor/dir_3464978"
	Cpus = 1
	Disk = 3813
	GPUs = 0
	Memory = 3000
...
006 (9120152.000.000) 01/22 20:14:06 Image size of job updated: 129176
	127  -  MemoryUsage of job (MB)
	129176  -  ResidentSetSize of job (KB)
...
006 (9120152.000.000) 01/22 20:16:50 Image size of job updated: 233212
	127  -  MemoryUsage of job (MB)
	129176  -  ResidentSetSize of job (KB)
...
040 (9120152.000.000) 01/22 20:16:50 Started transferring output files
...
040 (9120152.000.000) 01/22 20:16:50 Finished transferring output files
...
005 (9120152.000.000) 01/22 20:16:50 Job terminated.
	(1) Normal termination (return value 0)
		Usr 0 00:02:33, Sys 0 00:00:02  -  Run Remote Usage
		Usr 0 00:00:00, Sys 0 00:00:00  -  Run Local Usage
		Usr 0 00:02:33, Sys 0 00:00:02  -  Total Remote Usage
		Usr 0 00:00:00, Sys 0 00:00:00  -  Total Local Usage
	9174  -  Run Bytes Sent By Job
	322  -  Run Bytes Received By Job
	9174  -  Total Bytes Sent By Job
	322  -  Total Bytes Received By Job
	Partitionable Resources :    Usage  Request Allocated 
	   Cpus                 :        0        1         1 
	   Disk (KB)            :       33        1      3813 
	   GPUs                 :                           0 
	   Memory (MB)          :      127     3000      3000 
	   TimeExecute (s)      :      178                    
	   TimeSlotBusy (s)     :      180                    

	Job terminated of its own accord at 2026-01-22T19:16:50Z with exit-code 0.
...
