000 (9120151.000.000) 01/22 20:11:25 Job submitted from host: <188.185.6.50:9618?addrs=188.185.6.50-9618+[2001-1458-d00-62--100-2b1]-9618&alias=bigbird25.cern.ch&noUDP&sock=schedd_1627_90ad>
...
040 (9120151.000.000) 01/22 20:13:49 Started transferring input files
	Transferring to host: <188.185.212.44:9618?addrs=188.185.212.44-9618+[2001-1458-303-18--100-28]-9618&alias=b9p25p2071.cern.ch&noUDP&sock=slot1_18_3056733_ac66_51486>
...
040 (9120151.000.000) 01/22 20:13:49 Finished transferring input files
...
001 (9120151.000.000) 01/22 20:13:50 Job executing on host: <188.185.212.44:9618?addrs=188.185.212.44-9618+[2001-1458-303-18--100-28]-9618&alias=b9p25p2071.cern.ch&noUDP&sock=startd_3056573_6bf0>
	SlotName: slot1_18@b9p25p2071.cern.ch
	CondorScratchDir = "/pool/condor/dir_878314"
	Cpus = 1
	Disk = 3765
	GPUs = 0
	Memory = 3000
...
006 (9120151.000.000) 01/22 20:14:04 Image size of job updated: 132128
	130  -  MemoryUsage of job (MB)
	132128  -  ResidentSetSize of job (KB)
...
006 (9120151.000.000) 01/22 20:17:28 Image size of job updated: 243696
	130  -  MemoryUsage of job (MB)
	132132  -  ResidentSetSize of job (KB)
...
040 (9120151.000.000) 01/22 20:17:28 Started transferring output files
...
040 (9120151.000.000) 01/22 20:17:28 Finished transferring output files
...
005 (9120151.000.000) 01/22 20:17:28 Job terminated.
	(1) Normal termination (return value 0)
		Usr 0 00:02:57, Sys 0 00:00:03  -  Run Remote Usage
		Usr 0 00:00:00, Sys 0 00:00:00  -  Run Local Usage
		Usr 0 00:02:57, Sys 0 00:00:03  -  Total Remote Usage
		Usr 0 00:00:00, Sys 0 00:00:00  -  Total Local Usage
	10270  -  Run Bytes Sent By Job
	322  -  Run Bytes Received By Job
	10270  -  Total Bytes Sent By Job
	322  -  Total Bytes Received By Job
	Partitionable Resources :    Usage  Request Allocated 
	   Cpus                 :        0        1         1 
	   Disk (KB)            :       34        1      3765 
	   GPUs                 :                           0 
	   Memory (MB)          :      130     3000      3000 
	   TimeExecute (s)      :      218                    
	   TimeSlotBusy (s)     :      220                    

	Job terminated of its own accord at 2026-01-22T19:17:28Z with exit-code 0.
...
