000 (9120148.000.000) 01/22 20:11:24 Job submitted from host: <188.185.6.50:9618?addrs=188.185.6.50-9618+[2001-1458-d00-62--100-2b1]-9618&alias=bigbird25.cern.ch&noUDP&sock=schedd_1627_90ad>
...
040 (9120148.000.000) 01/22 20:13:48 Started transferring input files
	Transferring to host: <188.185.212.203:9618?addrs=188.185.212.203-9618+[2001-1458-303-19--100-47]-9618&alias=b9p26p5206.cern.ch&noUDP&sock=slot1_22_4162_4162_132825>
...
040 (9120148.000.000) 01/22 20:13:48 Finished transferring input files
...
001 (9120148.000.000) 01/22 20:13:49 Job executing on host: <188.185.212.203:9618?addrs=188.185.212.203-9618+[2001-1458-303-19--100-47]-9618&alias=b9p26p5206.cern.ch&noUDP&sock=startd_3554_53ad>
	SlotName: slot1_22@b9p26p5206.cern.ch
	CondorScratchDir = "/pool/condor/dir_1104313"
	Cpus = 1
	Disk = 3889
	GPUs = 0
	Memory = 3000
...
006 (9120148.000.000) 01/22 20:14:02 Image size of job updated: 132036
	129  -  MemoryUsage of job (MB)
	132036  -  ResidentSetSize of job (KB)
...
006 (9120148.000.000) 01/22 20:16:03 Image size of job updated: 246364
	129  -  MemoryUsage of job (MB)
	132036  -  ResidentSetSize of job (KB)
...
040 (9120148.000.000) 01/22 20:16:03 Started transferring output files
...
040 (9120148.000.000) 01/22 20:16:03 Finished transferring output files
...
005 (9120148.000.000) 01/22 20:16:03 Job terminated.
	(1) Normal termination (return value 0)
		Usr 0 00:01:32, Sys 0 00:00:02  -  Run Remote Usage
		Usr 0 00:00:00, Sys 0 00:00:00  -  Run Local Usage
		Usr 0 00:01:32, Sys 0 00:00:02  -  Total Remote Usage
		Usr 0 00:00:00, Sys 0 00:00:00  -  Total Local Usage
	8289  -  Run Bytes Sent By Job
	322  -  Run Bytes Received By Job
	8289  -  Total Bytes Sent By Job
	322  -  Total Bytes Received By Job
	Partitionable Resources :    Usage  Request Allocated 
	   Cpus                 :        0        1         1 
	   Disk (KB)            :       32        1      3889 
	   GPUs                 :                           0 
	   Memory (MB)          :      129     3000      3000 
	   TimeExecute (s)      :      134                    
	   TimeSlotBusy (s)     :      136                    

	Job terminated of its own accord at 2026-01-22T19:16:03Z with exit-code 0.
...
