/afs/cern.ch/user/s/svashish/CMSSW_14_1_0_pre4/src/TauFW/Fitter/MuTauFR

UL2017 : ST : ST_tW_antitop : norm = 0.17632621
baseNames :  ['VV']   split :  False

Setting config for sample ST_tW_antitop ->
Setting cuts for Z->tau(mu)tau(h) selection
muonPtCut 26.0
muonEtaCut 2.4
muonIsoCut 0.15
tauPtCut 22.0
tauEtaCut 2.5
mtCut 40.0
drCut 0.5
antiJet 6
antiMu 2
antiE 6
momScale 0.03

starting entry 0
ending entry 799711

processes 0 out of 799711 events
processes 100000 out of 799711 events
processes 200000 out of 799711 events
processes 300000 out of 799711 events
processes 400000 out of 799711 events
processes 500000 out of 799711 events
processes 600000 out of 799711 events
processes 700000 out of 799711 events
opening file /afs/cern.ch/user/s/svashish/MuTauFR/selection/mutau_UL2017_TightVsJet_LooseVsMu_TightVsE/ST_tW_antitop_0.root
