000 (9120181.000.000) 01/22 20:11:32 Job submitted from host: <188.185.6.50:9618?addrs=188.185.6.50-9618+[2001-1458-d00-62--100-2b1]-9618&alias=bigbird25.cern.ch&noUDP&sock=schedd_1627_90ad>
...
040 (9120181.000.000) 01/22 20:13:59 Started transferring input files
	Transferring to host: <188.185.215.39:9618?addrs=188.185.215.39-9618+[2001-1458-303-1e--100-23]-9618&alias=b9p31p4711.cern.ch&noUDP&sock=slot1_16_5130_4c8a_131449>
...
040 (9120181.000.000) 01/22 20:13:59 Finished transferring input files
...
001 (9120181.000.000) 01/22 20:14:00 Job executing on host: <188.185.215.39:9618?addrs=188.185.215.39-9618+[2001-1458-303-1e--100-23]-9618&alias=b9p31p4711.cern.ch&noUDP&sock=startd_4126_abd9>
	SlotName: slot1_16@b9p31p4711.cern.ch
	CondorScratchDir = "/pool/condor/dir_2354519"
	Cpus = 1
	Disk = 3857
	GPUs = 0
	Memory = 3000
...
006 (9120181.000.000) 01/22 20:14:14 Image size of job updated: 168528
	165  -  MemoryUsage of job (MB)
	168528  -  ResidentSetSize of job (KB)
...
006 (9120181.000.000) 01/22 20:14:29 Image size of job updated: 168536
	165  -  MemoryUsage of job (MB)
	168528  -  ResidentSetSize of job (KB)
...
040 (9120181.000.000) 01/22 20:14:29 Started transferring output files
...
040 (9120181.000.000) 01/22 20:14:29 Finished transferring output files
...
005 (9120181.000.000) 01/22 20:14:29 Job terminated.
	(1) Normal termination (return value 0)
		Usr 0 00:00:17, Sys 0 00:00:02  -  Run Remote Usage
		Usr 0 00:00:00, Sys 0 00:00:00  -  Run Local Usage
		Usr 0 00:00:17, Sys 0 00:00:02  -  Total Remote Usage
		Usr 0 00:00:00, Sys 0 00:00:00  -  Total Local Usage
	6519  -  Run Bytes Sent By Job
	323  -  Run Bytes Received By Job
	6519  -  Total Bytes Sent By Job
	323  -  Total Bytes Received By Job
	Partitionable Resources :    Usage  Request Allocated 
	   Cpus                 :        0        1         1 
	   Disk (KB)            :       30        1      3857 
	   GPUs                 :                           0 
	   Memory (MB)          :      165     3000      3000 
	   TimeExecute (s)      :       29                    
	   TimeSlotBusy (s)     :       31                    

	Job terminated of its own accord at 2026-01-22T19:14:29Z with exit-code 0.
...
