000 (9120183.000.000) 01/22 20:11:33 Job submitted from host: <188.185.6.50:9618?addrs=188.185.6.50-9618+[2001-1458-d00-62--100-2b1]-9618&alias=bigbird25.cern.ch&noUDP&sock=schedd_1627_90ad>
...
040 (9120183.000.000) 01/22 20:13:59 Started transferring input files
	Transferring to host: <188.185.212.139:9618?addrs=188.185.212.139-9618+[2001-1458-303-19--100-7]-9618&alias=b9p26p2376.cern.ch&noUDP&sock=slot1_36_5627_7afe_128301>
...
040 (9120183.000.000) 01/22 20:13:59 Finished transferring input files
...
001 (9120183.000.000) 01/22 20:14:00 Job executing on host: <188.185.212.139:9618?addrs=188.185.212.139-9618+[2001-1458-303-19--100-7]-9618&alias=b9p26p2376.cern.ch&noUDP&sock=startd_4620_83a2>
	SlotName: slot1_36@b9p26p2376.cern.ch
	CondorScratchDir = "/pool/condor/dir_3505151"
	Cpus = 1
	Disk = 3693
	GPUs = 0
	Memory = 3000
...
006 (9120183.000.000) 01/22 20:14:13 Image size of job updated: 132036
	129  -  MemoryUsage of job (MB)
	132036  -  ResidentSetSize of job (KB)
...
006 (9120183.000.000) 01/22 20:14:32 Image size of job updated: 166716
	129  -  MemoryUsage of job (MB)
	132036  -  ResidentSetSize of job (KB)
...
040 (9120183.000.000) 01/22 20:14:32 Started transferring output files
...
040 (9120183.000.000) 01/22 20:14:32 Finished transferring output files
...
005 (9120183.000.000) 01/22 20:14:32 Job terminated.
	(1) Normal termination (return value 0)
		Usr 0 00:00:19, Sys 0 00:00:02  -  Run Remote Usage
		Usr 0 00:00:00, Sys 0 00:00:00  -  Run Local Usage
		Usr 0 00:00:19, Sys 0 00:00:02  -  Total Remote Usage
		Usr 0 00:00:00, Sys 0 00:00:00  -  Total Local Usage
	6486  -  Run Bytes Sent By Job
	312  -  Run Bytes Received By Job
	6486  -  Total Bytes Sent By Job
	312  -  Total Bytes Received By Job
	Partitionable Resources :    Usage  Request Allocated 
	   Cpus                 :     0.51        1         1 
	   Disk (KB)            :    30           1      3693 
	   GPUs                 :                           0 
	   Memory (MB)          :   129        3000      3000 
	   TimeExecute (s)      :    32                       
	   TimeSlotBusy (s)     :    34                       

	Job terminated of its own accord at 2026-01-22T19:14:32Z with exit-code 0.
...
