000 (9120179.000.000) 01/22 20:11:32 Job submitted from host: <188.185.6.50:9618?addrs=188.185.6.50-9618+[2001-1458-d00-62--100-2b1]-9618&alias=bigbird25.cern.ch&noUDP&sock=schedd_1627_90ad>
...
040 (9120179.000.000) 01/22 20:13:58 Started transferring input files
	Transferring to host: <188.185.214.36:9618?addrs=188.185.214.36-9618+[2001-1458-303-1c--100-20]-9618&alias=b9p29p0370.cern.ch&noUDP&sock=slot1_34_4248_d9a6_135093>
...
040 (9120179.000.000) 01/22 20:13:58 Finished transferring input files
...
001 (9120179.000.000) 01/22 20:13:59 Job executing on host: <188.185.214.36:9618?addrs=188.185.214.36-9618+[2001-1458-303-1c--100-20]-9618&alias=b9p29p0370.cern.ch&noUDP&sock=startd_3561_20d7>
	SlotName: slot1_34@b9p29p0370.cern.ch
	CondorScratchDir = "/pool/condor/dir_54552"
	Cpus = 1
	Disk = 3742
	GPUs = 0
	Memory = 3000
...
006 (9120179.000.000) 01/22 20:14:12 Image size of job updated: 153156
	150  -  MemoryUsage of job (MB)
	153156  -  ResidentSetSize of job (KB)
...
006 (9120179.000.000) 01/22 20:14:45 Image size of job updated: 167132
	150  -  MemoryUsage of job (MB)
	153156  -  ResidentSetSize of job (KB)
...
040 (9120179.000.000) 01/22 20:14:46 Started transferring output files
...
040 (9120179.000.000) 01/22 20:14:46 Finished transferring output files
...
005 (9120179.000.000) 01/22 20:14:46 Job terminated.
	(1) Normal termination (return value 0)
		Usr 0 00:00:29, Sys 0 00:00:02  -  Run Remote Usage
		Usr 0 00:00:00, Sys 0 00:00:00  -  Run Local Usage
		Usr 0 00:00:29, Sys 0 00:00:02  -  Total Remote Usage
		Usr 0 00:00:00, Sys 0 00:00:00  -  Total Local Usage
	6756  -  Run Bytes Sent By Job
	319  -  Run Bytes Received By Job
	6756  -  Total Bytes Sent By Job
	319  -  Total Bytes Received By Job
	Partitionable Resources :    Usage  Request Allocated 
	   Cpus                 :        0        1         1 
	   Disk (KB)            :       30        1      3742 
	   GPUs                 :                           0 
	   Memory (MB)          :      150     3000      3000 
	   TimeExecute (s)      :       46                    
	   TimeSlotBusy (s)     :       49                    

	Job terminated of its own accord at 2026-01-22T19:14:45Z with exit-code 0.
...
