000 (9120186.000.000) 01/22 20:11:33 Job submitted from host: <188.185.6.50:9618?addrs=188.185.6.50-9618+[2001-1458-d00-62--100-2b1]-9618&alias=bigbird25.cern.ch&noUDP&sock=schedd_1627_90ad>
...
040 (9120186.000.000) 01/22 20:14:02 Started transferring input files
	Transferring to host: <188.185.210.212:9618?addrs=188.185.210.212-9618+[2001-1458-303-15--100-50]-9618&alias=b9p22p6763.cern.ch&noUDP&sock=slot1_25_6204_0775_131405>
...
040 (9120186.000.000) 01/22 20:14:02 Finished transferring input files
...
001 (9120186.000.000) 01/22 20:14:03 Job executing on host: <188.185.210.212:9618?addrs=188.185.210.212-9618+[2001-1458-303-15--100-50]-9618&alias=b9p22p6763.cern.ch&noUDP&sock=startd_5434_d9ba>
	SlotName: slot1_25@b9p22p6763.cern.ch
	CondorScratchDir = "/pool/condor/dir_1061152"
	Cpus = 1
	Disk = 3910
	GPUs = 0
	Memory = 3000
...
006 (9120186.000.000) 01/22 20:14:16 Image size of job updated: 149140
	146  -  MemoryUsage of job (MB)
	149140  -  ResidentSetSize of job (KB)
...
006 (9120186.000.000) 01/22 20:14:17 Image size of job updated: 149160
	146  -  MemoryUsage of job (MB)
	149160  -  ResidentSetSize of job (KB)
...
040 (9120186.000.000) 01/22 20:14:17 Started transferring output files
...
040 (9120186.000.000) 01/22 20:14:17 Finished transferring output files
...
005 (9120186.000.000) 01/22 20:14:17 Job terminated.
	(1) Normal termination (return value 0)
		Usr 0 00:00:03, Sys 0 00:00:01  -  Run Remote Usage
		Usr 0 00:00:00, Sys 0 00:00:00  -  Run Local Usage
		Usr 0 00:00:03, Sys 0 00:00:01  -  Total Remote Usage
		Usr 0 00:00:00, Sys 0 00:00:00  -  Total Local Usage
	5998  -  Run Bytes Sent By Job
	316  -  Run Bytes Received By Job
	5998  -  Total Bytes Sent By Job
	316  -  Total Bytes Received By Job
	Partitionable Resources :    Usage  Request Allocated 
	   Cpus                 :        0        1         1 
	   Disk (KB)            :       29        1      3910 
	   GPUs                 :                           0 
	   Memory (MB)          :      146     3000      3000 
	   TimeExecute (s)      :       14                    
	   TimeSlotBusy (s)     :       18                    

	Job terminated of its own accord at 2026-01-22T19:14:17Z with exit-code 0.
...
