000 (9120185.000.000) 01/22 20:11:33 Job submitted from host: <188.185.6.50:9618?addrs=188.185.6.50-9618+[2001-1458-d00-62--100-2b1]-9618&alias=bigbird25.cern.ch&noUDP&sock=schedd_1627_90ad>
...
040 (9120185.000.000) 01/22 20:14:00 Started transferring input files
	Transferring to host: <188.185.212.144:9618?addrs=188.185.212.144-9618+[2001-1458-303-19--100-c]-9618&alias=b9p26p7759.cern.ch&noUDP&sock=slot1_17_6535_3fa3_127615>
...
040 (9120185.000.000) 01/22 20:14:00 Finished transferring input files
...
001 (9120185.000.000) 01/22 20:14:01 Job executing on host: <188.185.212.144:9618?addrs=188.185.212.144-9618+[2001-1458-303-19--100-c]-9618&alias=b9p26p7759.cern.ch&noUDP&sock=startd_5691_2191>
	SlotName: slot1_17@b9p26p7759.cern.ch
	CondorScratchDir = "/pool/condor/dir_4021099"
	Cpus = 1
	Disk = 3793
	GPUs = 0
	Memory = 3000
...
006 (9120185.000.000) 01/22 20:14:14 Image size of job updated: 65060
	64  -  MemoryUsage of job (MB)
	65060  -  ResidentSetSize of job (KB)
...
006 (9120185.000.000) 01/22 20:14:37 Image size of job updated: 166724
	64  -  MemoryUsage of job (MB)
	65112  -  ResidentSetSize of job (KB)
...
040 (9120185.000.000) 01/22 20:14:37 Started transferring output files
...
040 (9120185.000.000) 01/22 20:14:37 Finished transferring output files
...
005 (9120185.000.000) 01/22 20:14:37 Job terminated.
	(1) Normal termination (return value 0)
		Usr 0 00:00:19, Sys 0 00:00:02  -  Run Remote Usage
		Usr 0 00:00:00, Sys 0 00:00:00  -  Run Local Usage
		Usr 0 00:00:19, Sys 0 00:00:02  -  Total Remote Usage
		Usr 0 00:00:00, Sys 0 00:00:00  -  Total Local Usage
	6460  -  Run Bytes Sent By Job
	316  -  Run Bytes Received By Job
	6460  -  Total Bytes Sent By Job
	316  -  Total Bytes Received By Job
	Partitionable Resources :    Usage  Request Allocated 
	   Cpus                 :        0        1         1 
	   Disk (KB)            :       30        1      3793 
	   GPUs                 :                           0 
	   Memory (MB)          :       64     3000      3000 
	   TimeExecute (s)      :       36                    
	   TimeSlotBusy (s)     :       38                    

	Job terminated of its own accord at 2026-01-22T19:14:37Z with exit-code 0.
...
