000 (9120165.000.000) 01/22 20:11:28 Job submitted from host: <188.185.6.50:9618?addrs=188.185.6.50-9618+[2001-1458-d00-62--100-2b1]-9618&alias=bigbird25.cern.ch&noUDP&sock=schedd_1627_90ad>
...
040 (9120165.000.000) 01/22 20:13:51 Started transferring input files
	Transferring to host: <188.185.196.168:9618?addrs=188.185.196.168-9618+[2001-1458-303-23--100-a4]-9618&alias=b9p16p7936.cern.ch&noUDP&sock=slot1_19_3431_3325_124253>
...
040 (9120165.000.000) 01/22 20:13:51 Finished transferring input files
...
001 (9120165.000.000) 01/22 20:13:52 Job executing on host: <188.185.196.168:9618?addrs=188.185.196.168-9618+[2001-1458-303-23--100-a4]-9618&alias=b9p16p7936.cern.ch&noUDP&sock=startd_2801_d4dd>
	SlotName: slot1_19@b9p16p7936.cern.ch
	CondorScratchDir = "/pool/condor/dir_1251092"
	Cpus = 1
	Disk = 3834
	GPUs = 0
	Memory = 3000
...
006 (9120165.000.000) 01/22 20:14:06 Image size of job updated: 142920
	140  -  MemoryUsage of job (MB)
	142920  -  ResidentSetSize of job (KB)
...
006 (9120165.000.000) 01/22 20:18:19 Image size of job updated: 180188
	140  -  MemoryUsage of job (MB)
	142936  -  ResidentSetSize of job (KB)
...
040 (9120165.000.000) 01/22 20:18:19 Started transferring output files
...
040 (9120165.000.000) 01/22 20:18:19 Finished transferring output files
...
005 (9120165.000.000) 01/22 20:18:19 Job terminated.
	(1) Normal termination (return value 0)
		Usr 0 00:03:46, Sys 0 00:00:03  -  Run Remote Usage
		Usr 0 00:00:00, Sys 0 00:00:00  -  Run Local Usage
		Usr 0 00:03:46, Sys 0 00:00:03  -  Total Remote Usage
		Usr 0 00:00:00, Sys 0 00:00:00  -  Total Local Usage
	10271  -  Run Bytes Sent By Job
	319  -  Run Bytes Received By Job
	10271  -  Total Bytes Sent By Job
	319  -  Total Bytes Received By Job
	Partitionable Resources :    Usage  Request Allocated 
	   Cpus                 :        0        1         1 
	   Disk (KB)            :       34        1      3834 
	   GPUs                 :                           0 
	   Memory (MB)          :      140     3000      3000 
	   TimeExecute (s)      :      267                    
	   TimeSlotBusy (s)     :      269                    

	Job terminated of its own accord at 2026-01-22T19:18:19Z with exit-code 0.
...
