000 (9120163.000.000) 01/22 20:11:28 Job submitted from host: <188.185.6.50:9618?addrs=188.185.6.50-9618+[2001-1458-d00-62--100-2b1]-9618&alias=bigbird25.cern.ch&noUDP&sock=schedd_1627_90ad>
...
040 (9120163.000.000) 01/22 20:13:54 Started transferring input files
	Transferring to host: <188.185.193.87:9618?addrs=188.185.193.87-9618+[2001-1458-303-20--100-53]-9618&alias=b9p19p9662.cern.ch&noUDP&sock=slot1_23_4719_b659_115306>
...
040 (9120163.000.000) 01/22 20:13:54 Finished transferring input files
...
001 (9120163.000.000) 01/22 20:13:55 Job executing on host: <188.185.193.87:9618?addrs=188.185.193.87-9618+[2001-1458-303-20--100-53]-9618&alias=b9p19p9662.cern.ch&noUDP&sock=startd_3762_ff60>
	SlotName: slot1_23@b9p19p9662.cern.ch
	CondorScratchDir = "/pool/condor/dir_632387"
	Cpus = 1
	Disk = 3722
	GPUs = 0
	Memory = 3000
...
006 (9120163.000.000) 01/22 20:14:09 Image size of job updated: 32556
	32  -  MemoryUsage of job (MB)
	32556  -  ResidentSetSize of job (KB)
...
006 (9120163.000.000) 01/22 20:15:57 Image size of job updated: 305212
	32  -  MemoryUsage of job (MB)
	32724  -  ResidentSetSize of job (KB)
...
040 (9120163.000.000) 01/22 20:15:57 Started transferring output files
...
040 (9120163.000.000) 01/22 20:15:57 Finished transferring output files
...
005 (9120163.000.000) 01/22 20:15:57 Job terminated.
	(1) Normal termination (return value 0)
		Usr 0 00:01:30, Sys 0 00:00:02  -  Run Remote Usage
		Usr 0 00:00:00, Sys 0 00:00:00  -  Run Local Usage
		Usr 0 00:01:30, Sys 0 00:00:02  -  Total Remote Usage
		Usr 0 00:00:00, Sys 0 00:00:00  -  Total Local Usage
	7600  -  Run Bytes Sent By Job
	312  -  Run Bytes Received By Job
	7600  -  Total Bytes Sent By Job
	312  -  Total Bytes Received By Job
	Partitionable Resources :    Usage  Request Allocated 
	   Cpus                 :        0        1         1 
	   Disk (KB)            :       31        1      3722 
	   GPUs                 :                           0 
	   Memory (MB)          :       32     3000      3000 
	   TimeExecute (s)      :      122                    
	   TimeSlotBusy (s)     :      124                    

	Job terminated of its own accord at 2026-01-22T19:15:57Z with exit-code 0.
...
