000 (9120161.000.000) 01/22 20:11:27 Job submitted from host: <188.185.6.50:9618?addrs=188.185.6.50-9618+[2001-1458-d00-62--100-2b1]-9618&alias=bigbird25.cern.ch&noUDP&sock=schedd_1627_90ad>
...
040 (9120161.000.000) 01/22 20:13:54 Started transferring input files
	Transferring to host: <188.185.212.71:9618?addrs=188.185.212.71-9618+[2001-1458-303-18--100-43]-9618&alias=b9p25p6396.cern.ch&noUDP&sock=slot1_42_5705_7041_133353>
...
040 (9120161.000.000) 01/22 20:13:54 Finished transferring input files
...
001 (9120161.000.000) 01/22 20:13:55 Job executing on host: <188.185.212.71:9618?addrs=188.185.212.71-9618+[2001-1458-303-18--100-43]-9618&alias=b9p25p6396.cern.ch&noUDP&sock=startd_4826_d025>
	SlotName: slot1_42@b9p25p6396.cern.ch
	CondorScratchDir = "/pool/condor/dir_506817"
	Cpus = 1
	Disk = 3895
	GPUs = 0
	Memory = 3000
...
006 (9120161.000.000) 01/22 20:14:08 Image size of job updated: 81704
	80  -  MemoryUsage of job (MB)
	81704  -  ResidentSetSize of job (KB)
...
006 (9120161.000.000) 01/22 20:19:08 Image size of job updated: 412148
	403  -  MemoryUsage of job (MB)
	412148  -  ResidentSetSize of job (KB)
...
040 (9120161.000.000) 01/22 20:19:13 Started transferring output files
...
040 (9120161.000.000) 01/22 20:19:13 Finished transferring output files
...
005 (9120161.000.000) 01/22 20:19:14 Job terminated.
	(1) Normal termination (return value 0)
		Usr 0 00:03:31, Sys 0 00:00:04  -  Run Remote Usage
		Usr 0 00:00:00, Sys 0 00:00:00  -  Run Local Usage
		Usr 0 00:03:31, Sys 0 00:00:04  -  Total Remote Usage
		Usr 0 00:00:00, Sys 0 00:00:00  -  Total Local Usage
	10250  -  Run Bytes Sent By Job
	312  -  Run Bytes Received By Job
	10250  -  Total Bytes Sent By Job
	312  -  Total Bytes Received By Job
	Partitionable Resources :    Usage  Request Allocated 
	   Cpus                 :                 1         1 
	   Disk (KB)            :       25        1      3895 
	   GPUs                 :                           0 
	   Memory (MB)          :      403     3000      3000 
	   TimeExecute (s)      :      318                    
	   TimeSlotBusy (s)     :      321                    

	Job terminated of its own accord at 2026-01-22T19:19:13Z with exit-code 0.
...
