000 (9120168.000.000) 01/22 20:11:29 Job submitted from host: <188.185.6.50:9618?addrs=188.185.6.50-9618+[2001-1458-d00-62--100-2b1]-9618&alias=bigbird25.cern.ch&noUDP&sock=schedd_1627_90ad>
...
040 (9120168.000.000) 01/22 20:13:55 Started transferring input files
	Transferring to host: <188.185.215.74:9618?addrs=188.185.215.74-9618+[2001-1458-303-1e--100-46]-9618&alias=b9p31p1177.cern.ch&noUDP&sock=slot1_24_4588_6934_133898>
...
040 (9120168.000.000) 01/22 20:13:55 Finished transferring input files
...
001 (9120168.000.000) 01/22 20:13:56 Job executing on host: <188.185.215.74:9618?addrs=188.185.215.74-9618+[2001-1458-303-1e--100-46]-9618&alias=b9p31p1177.cern.ch&noUDP&sock=startd_3877_e0c4>
	SlotName: slot1_24@b9p31p1177.cern.ch
	CondorScratchDir = "/pool/condor/dir_2142941"
	Cpus = 1
	Disk = 3814
	GPUs = 0
	Memory = 3000
...
006 (9120168.000.000) 01/22 20:14:09 Image size of job updated: 170328
	167  -  MemoryUsage of job (MB)
	170328  -  ResidentSetSize of job (KB)
...
006 (9120168.000.000) 01/22 20:14:09 Image size of job updated: 170880
	167  -  MemoryUsage of job (MB)
	170880  -  ResidentSetSize of job (KB)
...
040 (9120168.000.000) 01/22 20:14:09 Started transferring output files
...
040 (9120168.000.000) 01/22 20:14:09 Finished transferring output files
...
005 (9120168.000.000) 01/22 20:14:09 Job terminated.
	(1) Normal termination (return value 0)
		Usr 0 00:00:03, Sys 0 00:00:02  -  Run Remote Usage
		Usr 0 00:00:00, Sys 0 00:00:00  -  Run Local Usage
		Usr 0 00:00:03, Sys 0 00:00:02  -  Total Remote Usage
		Usr 0 00:00:00, Sys 0 00:00:00  -  Total Local Usage
	6018  -  Run Bytes Sent By Job
	319  -  Run Bytes Received By Job
	6018  -  Total Bytes Sent By Job
	319  -  Total Bytes Received By Job
	Partitionable Resources :    Usage  Request Allocated 
	   Cpus                 :        0        1         1 
	   Disk (KB)            :       29        1      3814 
	   GPUs                 :                           0 
	   Memory (MB)          :      167     3000      3000 
	   TimeExecute (s)      :       13                    
	   TimeSlotBusy (s)     :       15                    

	Job terminated of its own accord at 2026-01-22T19:14:09Z with exit-code 0.
...
