000 (9120164.000.000) 01/22 20:11:28 Job submitted from host: <188.185.6.50:9618?addrs=188.185.6.50-9618+[2001-1458-d00-62--100-2b1]-9618&alias=bigbird25.cern.ch&noUDP&sock=schedd_1627_90ad>
...
040 (9120164.000.000) 01/22 20:13:54 Started transferring input files
	Transferring to host: <188.185.194.18:9618?addrs=188.185.194.18-9618+[2001-1458-303-21--100-e]-9618&alias=b9p20p9442.cern.ch&noUDP&sock=slot1_59_6652_af88_119789>
...
040 (9120164.000.000) 01/22 20:13:54 Finished transferring input files
...
001 (9120164.000.000) 01/22 20:13:55 Job executing on host: <188.185.194.18:9618?addrs=188.185.194.18-9618+[2001-1458-303-21--100-e]-9618&alias=b9p20p9442.cern.ch&noUDP&sock=startd_5375_61a3>
	SlotName: slot1_59@b9p20p9442.cern.ch
	CondorScratchDir = "/pool/condor/dir_878708"
	Cpus = 1
	Disk = 3910
	GPUs = 0
	Memory = 3000
...
006 (9120164.000.000) 01/22 20:14:09 Image size of job updated: 14768
	15  -  MemoryUsage of job (MB)
	14768  -  ResidentSetSize of job (KB)
...
006 (9120164.000.000) 01/22 20:14:19 Image size of job updated: 109384
	15  -  MemoryUsage of job (MB)
	14768  -  ResidentSetSize of job (KB)
...
040 (9120164.000.000) 01/22 20:14:19 Started transferring output files
...
040 (9120164.000.000) 01/22 20:14:19 Finished transferring output files
...
005 (9120164.000.000) 01/22 20:14:19 Job terminated.
	(1) Normal termination (return value 0)
		Usr 0 00:00:05, Sys 0 00:00:01  -  Run Remote Usage
		Usr 0 00:00:00, Sys 0 00:00:00  -  Run Local Usage
		Usr 0 00:00:05, Sys 0 00:00:01  -  Total Remote Usage
		Usr 0 00:00:00, Sys 0 00:00:00  -  Total Local Usage
	6004  -  Run Bytes Sent By Job
	312  -  Run Bytes Received By Job
	6004  -  Total Bytes Sent By Job
	312  -  Total Bytes Received By Job
	Partitionable Resources :    Usage  Request Allocated 
	   Cpus                 :        0        1         1 
	   Disk (KB)            :       29        1      3910 
	   GPUs                 :                           0 
	   Memory (MB)          :       15     3000      3000 
	   TimeExecute (s)      :       24                    
	   TimeSlotBusy (s)     :       26                    

	Job terminated of its own accord at 2026-01-22T19:14:19Z with exit-code 0.
...
