000 (9120167.000.000) 01/22 20:11:29 Job submitted from host: <188.185.6.50:9618?addrs=188.185.6.50-9618+[2001-1458-d00-62--100-2b1]-9618&alias=bigbird25.cern.ch&noUDP&sock=schedd_1627_90ad>
...
040 (9120167.000.000) 01/22 20:13:55 Started transferring input files
	Transferring to host: <188.185.196.124:9618?addrs=188.185.196.124-9618+[2001-1458-303-23--100-78]-9618&alias=b9p16p7082.cern.ch&noUDP&sock=slot1_34_3257_99de_121031>
...
040 (9120167.000.000) 01/22 20:13:55 Finished transferring input files
...
001 (9120167.000.000) 01/22 20:13:56 Job executing on host: <188.185.196.124:9618?addrs=188.185.196.124-9618+[2001-1458-303-23--100-78]-9618&alias=b9p16p7082.cern.ch&noUDP&sock=startd_2530_f2b2>
	SlotName: slot1_34@b9p16p7082.cern.ch
	CondorScratchDir = "/pool/condor/dir_502281"
	Cpus = 1
	Disk = 3855
	GPUs = 0
	Memory = 3000
...
006 (9120167.000.000) 01/22 20:14:09 Image size of job updated: 129156
	127  -  MemoryUsage of job (MB)
	129156  -  ResidentSetSize of job (KB)
...
006 (9120167.000.000) 01/22 20:15:47 Image size of job updated: 180220
	127  -  MemoryUsage of job (MB)
	129156  -  ResidentSetSize of job (KB)
...
040 (9120167.000.000) 01/22 20:15:47 Started transferring output files
...
040 (9120167.000.000) 01/22 20:15:47 Finished transferring output files
...
005 (9120167.000.000) 01/22 20:15:47 Job terminated.
	(1) Normal termination (return value 0)
		Usr 0 00:01:30, Sys 0 00:00:02  -  Run Remote Usage
		Usr 0 00:00:00, Sys 0 00:00:00  -  Run Local Usage
		Usr 0 00:01:30, Sys 0 00:00:02  -  Total Remote Usage
		Usr 0 00:00:00, Sys 0 00:00:00  -  Total Local Usage
	7621  -  Run Bytes Sent By Job
	319  -  Run Bytes Received By Job
	7621  -  Total Bytes Sent By Job
	319  -  Total Bytes Received By Job
	Partitionable Resources :    Usage  Request Allocated 
	   Cpus                 :        0        1         1 
	   Disk (KB)            :       31        1      3855 
	   GPUs                 :                           0 
	   Memory (MB)          :      127     3000      3000 
	   TimeExecute (s)      :      111                    
	   TimeSlotBusy (s)     :      113                    

	Job terminated of its own accord at 2026-01-22T19:15:47Z with exit-code 0.
...
