000 (9120162.000.000) 01/22 20:11:28 Job submitted from host: <188.185.6.50:9618?addrs=188.185.6.50-9618+[2001-1458-d00-62--100-2b1]-9618&alias=bigbird25.cern.ch&noUDP&sock=schedd_1627_90ad>
...
040 (9120162.000.000) 01/22 20:13:53 Started transferring input files
	Transferring to host: <188.185.211.33:9618?addrs=188.185.211.33-9618+[2001-1458-303-16--100-1d]-9618&alias=b9p23p7111.cern.ch&noUDP&sock=slot1_31_10112_9194_127069>
...
040 (9120162.000.000) 01/22 20:13:53 Finished transferring input files
...
001 (9120162.000.000) 01/22 20:13:54 Job executing on host: <188.185.211.33:9618?addrs=188.185.211.33-9618+[2001-1458-303-16--100-1d]-9618&alias=b9p23p7111.cern.ch&noUDP&sock=startd_9638_71df>
	SlotName: slot1_31@b9p23p7111.cern.ch
	CondorScratchDir = "/pool/condor/dir_2378104"
	Cpus = 1
	Disk = 3925
	GPUs = 0
	Memory = 3000
...
006 (9120162.000.000) 01/22 20:14:07 Image size of job updated: 180232
	177  -  MemoryUsage of job (MB)
	180232  -  ResidentSetSize of job (KB)
...
006 (9120162.000.000) 01/22 20:16:50 Image size of job updated: 411364
	177  -  MemoryUsage of job (MB)
	180232  -  ResidentSetSize of job (KB)
...
040 (9120162.000.000) 01/22 20:16:50 Started transferring output files
...
040 (9120162.000.000) 01/22 20:16:50 Finished transferring output files
...
005 (9120162.000.000) 01/22 20:16:50 Job terminated.
	(1) Normal termination (return value 0)
		Usr 0 00:02:22, Sys 0 00:00:03  -  Run Remote Usage
		Usr 0 00:00:00, Sys 0 00:00:00  -  Run Local Usage
		Usr 0 00:02:22, Sys 0 00:00:03  -  Total Remote Usage
		Usr 0 00:00:00, Sys 0 00:00:00  -  Total Local Usage
	10372  -  Run Bytes Sent By Job
	312  -  Run Bytes Received By Job
	10372  -  Total Bytes Sent By Job
	312  -  Total Bytes Received By Job
	Partitionable Resources :    Usage  Request Allocated 
	   Cpus                 :     0.88        1         1 
	   Disk (KB)            :    34           1      3925 
	   GPUs                 :                           0 
	   Memory (MB)          :   177        3000      3000 
	   TimeExecute (s)      :   176                       
	   TimeSlotBusy (s)     :   178                       

	Job terminated of its own accord at 2026-01-22T19:16:50Z with exit-code 0.
...
