000 (9120159.000.000) 01/22 20:11:27 Job submitted from host: <188.185.6.50:9618?addrs=188.185.6.50-9618+[2001-1458-d00-62--100-2b1]-9618&alias=bigbird25.cern.ch&noUDP&sock=schedd_1627_90ad>
...
040 (9120159.000.000) 01/22 20:13:55 Started transferring input files
	Transferring to host: <188.185.195.15:9618?addrs=188.185.195.15-9618+[2001-1458-303-22--100-b]-9618&alias=b9p17p8817.cern.ch&noUDP&sock=slot1_17_6028_056e_125229>
...
040 (9120159.000.000) 01/22 20:13:55 Finished transferring input files
...
001 (9120159.000.000) 01/22 20:13:56 Job executing on host: <188.185.195.15:9618?addrs=188.185.195.15-9618+[2001-1458-303-22--100-b]-9618&alias=b9p17p8817.cern.ch&noUDP&sock=startd_5057_4285>
	SlotName: slot1_17@b9p17p8817.cern.ch
	CondorScratchDir = "/pool/condor/dir_1732638"
	Cpus = 1
	Disk = 3832
	GPUs = 0
	Memory = 3000
...
006 (9120159.000.000) 01/22 20:14:09 Image size of job updated: 24100
	24  -  MemoryUsage of job (MB)
	24100  -  ResidentSetSize of job (KB)
...
006 (9120159.000.000) 01/22 20:14:25 Image size of job updated: 168624
	24  -  MemoryUsage of job (MB)
	24100  -  ResidentSetSize of job (KB)
...
040 (9120159.000.000) 01/22 20:14:25 Started transferring output files
...
040 (9120159.000.000) 01/22 20:14:25 Finished transferring output files
...
005 (9120159.000.000) 01/22 20:14:25 Job terminated.
	(1) Normal termination (return value 0)
		Usr 0 00:00:11, Sys 0 00:00:01  -  Run Remote Usage
		Usr 0 00:00:00, Sys 0 00:00:00  -  Run Local Usage
		Usr 0 00:00:11, Sys 0 00:00:01  -  Total Remote Usage
		Usr 0 00:00:00, Sys 0 00:00:00  -  Total Local Usage
	6261  -  Run Bytes Sent By Job
	313  -  Run Bytes Received By Job
	6261  -  Total Bytes Sent By Job
	313  -  Total Bytes Received By Job
	Partitionable Resources :    Usage  Request Allocated 
	   Cpus                 :        0        1         1 
	   Disk (KB)            :       30        1      3832 
	   GPUs                 :                           0 
	   Memory (MB)          :       24     3000      3000 
	   TimeExecute (s)      :       29                    
	   TimeSlotBusy (s)     :       34                    

	Job terminated of its own accord at 2026-01-22T19:14:25Z with exit-code 0.
...
