000 (9120160.000.000) 01/22 20:11:27 Job submitted from host: <188.185.6.50:9618?addrs=188.185.6.50-9618+[2001-1458-d00-62--100-2b1]-9618&alias=bigbird25.cern.ch&noUDP&sock=schedd_1627_90ad>
...
040 (9120160.000.000) 01/22 20:13:53 Started transferring input files
	Transferring to host: <188.185.212.52:9618?addrs=188.185.212.52-9618+[2001-1458-303-18--100-30]-9618&alias=b9p25p7786.cern.ch&noUDP&sock=slot1_4_5838_2626_132506>
...
040 (9120160.000.000) 01/22 20:13:53 Finished transferring input files
...
001 (9120160.000.000) 01/22 20:13:54 Job executing on host: <188.185.212.52:9618?addrs=188.185.212.52-9618+[2001-1458-303-18--100-30]-9618&alias=b9p25p7786.cern.ch&noUDP&sock=startd_4925_b805>
	SlotName: slot1_4@b9p25p7786.cern.ch
	CondorScratchDir = "/pool/condor/dir_2005537"
	Cpus = 1
	Disk = 3767
	GPUs = 0
	Memory = 3000
...
006 (9120160.000.000) 01/22 20:14:07 Image size of job updated: 36268
	36  -  MemoryUsage of job (MB)
	36268  -  ResidentSetSize of job (KB)
...
006 (9120160.000.000) 01/22 20:14:11 Image size of job updated: 111672
	36  -  MemoryUsage of job (MB)
	36272  -  ResidentSetSize of job (KB)
...
040 (9120160.000.000) 01/22 20:14:11 Started transferring output files
...
040 (9120160.000.000) 01/22 20:14:11 Finished transferring output files
...
005 (9120160.000.000) 01/22 20:14:12 Job terminated.
	(1) Normal termination (return value 0)
		Usr 0 00:00:03, Sys 0 00:00:02  -  Run Remote Usage
		Usr 0 00:00:00, Sys 0 00:00:00  -  Run Local Usage
		Usr 0 00:00:03, Sys 0 00:00:02  -  Total Remote Usage
		Usr 0 00:00:00, Sys 0 00:00:00  -  Total Local Usage
	5992  -  Run Bytes Sent By Job
	313  -  Run Bytes Received By Job
	5992  -  Total Bytes Sent By Job
	313  -  Total Bytes Received By Job
	Partitionable Resources :    Usage  Request Allocated 
	   Cpus                 :        0        1         1 
	   Disk (KB)            :       29        1      3767 
	   GPUs                 :                           0 
	   Memory (MB)          :       36     3000      3000 
	   TimeExecute (s)      :       17                    
	   TimeSlotBusy (s)     :       19                    

	Job terminated of its own accord at 2026-01-22T19:14:11Z with exit-code 0.
...
