000 (9120169.000.000) 01/22 20:11:29 Job submitted from host: <188.185.6.50:9618?addrs=188.185.6.50-9618+[2001-1458-d00-62--100-2b1]-9618&alias=bigbird25.cern.ch&noUDP&sock=schedd_1627_90ad>
...
040 (9120169.000.000) 01/22 20:13:50 Started transferring input files
	Transferring to host: <188.185.213.172:9618?addrs=188.185.213.172-9618+[2001-1458-303-1b--100-28]-9618&alias=b9p28p9572.cern.ch&noUDP&sock=slot1_30_3543_1d29_128203>
...
040 (9120169.000.000) 01/22 20:13:50 Finished transferring input files
...
001 (9120169.000.000) 01/22 20:13:51 Job executing on host: <188.185.213.172:9618?addrs=188.185.213.172-9618+[2001-1458-303-1b--100-28]-9618&alias=b9p28p9572.cern.ch&noUDP&sock=startd_3029_3874>
	SlotName: slot1_30@b9p28p9572.cern.ch
	CondorScratchDir = "/pool/condor/dir_2449050"
	Cpus = 1
	Disk = 3816
	GPUs = 0
	Memory = 3000
...
006 (9120169.000.000) 01/22 20:14:04 Image size of job updated: 112748
	111  -  MemoryUsage of job (MB)
	112748  -  ResidentSetSize of job (KB)
...
006 (9120169.000.000) 01/22 20:14:33 Image size of job updated: 266972
	111  -  MemoryUsage of job (MB)
	112756  -  ResidentSetSize of job (KB)
...
040 (9120169.000.000) 01/22 20:14:33 Started transferring output files
...
040 (9120169.000.000) 01/22 20:14:33 Finished transferring output files
...
005 (9120169.000.000) 01/22 20:14:33 Job terminated.
	(1) Normal termination (return value 0)
		Usr 0 00:00:26, Sys 0 00:00:02  -  Run Remote Usage
		Usr 0 00:00:00, Sys 0 00:00:00  -  Run Local Usage
		Usr 0 00:00:26, Sys 0 00:00:02  -  Total Remote Usage
		Usr 0 00:00:00, Sys 0 00:00:00  -  Total Local Usage
	6615  -  Run Bytes Sent By Job
	312  -  Run Bytes Received By Job
	6615  -  Total Bytes Sent By Job
	312  -  Total Bytes Received By Job
	Partitionable Resources :    Usage  Request Allocated 
	   Cpus                 :        0        1         1 
	   Disk (KB)            :       30        1      3816 
	   GPUs                 :                           0 
	   Memory (MB)          :      111     3000      3000 
	   TimeExecute (s)      :       42                    
	   TimeSlotBusy (s)     :       44                    

	Job terminated of its own accord at 2026-01-22T19:14:33Z with exit-code 0.
...
