000 (9120173.000.000) 01/22 20:11:30 Job submitted from host: <188.185.6.50:9618?addrs=188.185.6.50-9618+[2001-1458-d00-62--100-2b1]-9618&alias=bigbird25.cern.ch&noUDP&sock=schedd_1627_90ad>
...
040 (9120173.000.000) 01/22 20:13:57 Started transferring input files
	Transferring to host: <188.185.212.176:9618?addrs=188.185.212.176-9618+[2001-1458-303-19--100-2c]-9618&alias=b9p26p1659.cern.ch&noUDP&sock=slot1_36_4607_cc54_131227>
...
040 (9120173.000.000) 01/22 20:13:57 Finished transferring input files
...
001 (9120173.000.000) 01/22 20:13:58 Job executing on host: <188.185.212.176:9618?addrs=188.185.212.176-9618+[2001-1458-303-19--100-2c]-9618&alias=b9p26p1659.cern.ch&noUDP&sock=startd_3898_4841>
	SlotName: slot1_36@b9p26p1659.cern.ch
	CondorScratchDir = "/pool/condor/dir_1109836"
	Cpus = 1
	Disk = 3761
	GPUs = 0
	Memory = 3000
...
006 (9120173.000.000) 01/22 20:14:12 Image size of job updated: 129520
	127  -  MemoryUsage of job (MB)
	129520  -  ResidentSetSize of job (KB)
...
006 (9120173.000.000) 01/22 20:14:32 Image size of job updated: 166668
	127  -  MemoryUsage of job (MB)
	129520  -  ResidentSetSize of job (KB)
...
040 (9120173.000.000) 01/22 20:14:32 Started transferring output files
...
040 (9120173.000.000) 01/22 20:14:32 Finished transferring output files
...
005 (9120173.000.000) 01/22 20:14:32 Job terminated.
	(1) Normal termination (return value 0)
		Usr 0 00:00:18, Sys 0 00:00:02  -  Run Remote Usage
		Usr 0 00:00:00, Sys 0 00:00:00  -  Run Local Usage
		Usr 0 00:00:18, Sys 0 00:00:02  -  Total Remote Usage
		Usr 0 00:00:00, Sys 0 00:00:00  -  Total Local Usage
	6445  -  Run Bytes Sent By Job
	311  -  Run Bytes Received By Job
	6445  -  Total Bytes Sent By Job
	311  -  Total Bytes Received By Job
	Partitionable Resources :    Usage  Request Allocated 
	   Cpus                 :        0        1         1 
	   Disk (KB)            :       30        1      3761 
	   GPUs                 :                           0 
	   Memory (MB)          :      127     3000      3000 
	   TimeExecute (s)      :       34                    
	   TimeSlotBusy (s)     :       36                    

	Job terminated of its own accord at 2026-01-22T19:14:32Z with exit-code 0.
...
