000 (9120174.000.000) 01/22 20:11:30 Job submitted from host: <188.185.6.50:9618?addrs=188.185.6.50-9618+[2001-1458-d00-62--100-2b1]-9618&alias=bigbird25.cern.ch&noUDP&sock=schedd_1627_90ad>
...
040 (9120174.000.000) 01/22 20:13:57 Started transferring input files
	Transferring to host: <188.185.196.166:9618?addrs=188.185.196.166-9618+[2001-1458-303-23--100-a2]-9618&alias=b9p16p1963.cern.ch&noUDP&sock=slot1_31_5227_a4ee_120136>
...
040 (9120174.000.000) 01/22 20:13:57 Finished transferring input files
...
001 (9120174.000.000) 01/22 20:13:58 Job executing on host: <188.185.196.166:9618?addrs=188.185.196.166-9618+[2001-1458-303-23--100-a2]-9618&alias=b9p16p1963.cern.ch&noUDP&sock=startd_4143_54f5>
	SlotName: slot1_31@b9p16p1963.cern.ch
	CondorScratchDir = "/pool/condor/dir_2989885"
	Cpus = 1
	Disk = 3825
	GPUs = 0
	Memory = 3000
...
006 (9120174.000.000) 01/22 20:14:12 Image size of job updated: 132156
	130  -  MemoryUsage of job (MB)
	132156  -  ResidentSetSize of job (KB)
...
006 (9120174.000.000) 01/22 20:14:14 Image size of job updated: 150112
	130  -  MemoryUsage of job (MB)
	132156  -  ResidentSetSize of job (KB)
...
040 (9120174.000.000) 01/22 20:14:14 Started transferring output files
...
040 (9120174.000.000) 01/22 20:14:14 Finished transferring output files
...
005 (9120174.000.000) 01/22 20:14:14 Job terminated.
	(1) Normal termination (return value 0)
		Usr 0 00:00:05, Sys 0 00:00:01  -  Run Remote Usage
		Usr 0 00:00:00, Sys 0 00:00:00  -  Run Local Usage
		Usr 0 00:00:05, Sys 0 00:00:01  -  Total Remote Usage
		Usr 0 00:00:00, Sys 0 00:00:00  -  Total Local Usage
	5988  -  Run Bytes Sent By Job
	311  -  Run Bytes Received By Job
	5988  -  Total Bytes Sent By Job
	311  -  Total Bytes Received By Job
	Partitionable Resources :    Usage  Request Allocated 
	   Cpus                 :        0        1         1 
	   Disk (KB)            :       29        1      3825 
	   GPUs                 :                           0 
	   Memory (MB)          :      130     3000      3000 
	   TimeExecute (s)      :       16                    
	   TimeSlotBusy (s)     :       18                    

	Job terminated of its own accord at 2026-01-22T19:14:14Z with exit-code 0.
...
