000 (9120172.000.000) 01/22 20:11:30 Job submitted from host: <188.185.6.50:9618?addrs=188.185.6.50-9618+[2001-1458-d00-62--100-2b1]-9618&alias=bigbird25.cern.ch&noUDP&sock=schedd_1627_90ad>
...
040 (9120172.000.000) 01/22 20:13:59 Started transferring input files
	Transferring to host: <188.185.195.62:9618?addrs=188.185.195.62-9618+[2001-1458-303-22--100-3a]-9618&alias=b9p17p5734.cern.ch&noUDP&sock=slot1_47_5023_e865_119632>
...
040 (9120172.000.000) 01/22 20:13:59 Finished transferring input files
...
001 (9120172.000.000) 01/22 20:14:00 Job executing on host: <188.185.195.62:9618?addrs=188.185.195.62-9618+[2001-1458-303-22--100-3a]-9618&alias=b9p17p5734.cern.ch&noUDP&sock=startd_4012_7a0d>
	SlotName: slot1_47@b9p17p5734.cern.ch
	CondorScratchDir = "/pool/condor/dir_3454553"
	Cpus = 1
	Disk = 3818
	GPUs = 0
	Memory = 3000
...
006 (9120172.000.000) 01/22 20:14:13 Image size of job updated: 108848
	107  -  MemoryUsage of job (MB)
	108848  -  ResidentSetSize of job (KB)
...
006 (9120172.000.000) 01/22 20:14:17 Image size of job updated: 142972
	107  -  MemoryUsage of job (MB)
	108908  -  ResidentSetSize of job (KB)
...
040 (9120172.000.000) 01/22 20:14:17 Started transferring output files
...
040 (9120172.000.000) 01/22 20:14:17 Finished transferring output files
...
005 (9120172.000.000) 01/22 20:14:17 Job terminated.
	(1) Normal termination (return value 0)
		Usr 0 00:00:05, Sys 0 00:00:01  -  Run Remote Usage
		Usr 0 00:00:00, Sys 0 00:00:00  -  Run Local Usage
		Usr 0 00:00:05, Sys 0 00:00:01  -  Total Remote Usage
		Usr 0 00:00:00, Sys 0 00:00:00  -  Total Local Usage
	5988  -  Run Bytes Sent By Job
	311  -  Run Bytes Received By Job
	5988  -  Total Bytes Sent By Job
	311  -  Total Bytes Received By Job
	Partitionable Resources :    Usage  Request Allocated 
	   Cpus                 :        0        1         1 
	   Disk (KB)            :       29        1      3818 
	   GPUs                 :                           0 
	   Memory (MB)          :      107     3000      3000 
	   TimeExecute (s)      :       17                    
	   TimeSlotBusy (s)     :       22                    

	Job terminated of its own accord at 2026-01-22T19:14:17Z with exit-code 0.
...
