000 (9120178.000.000) 01/22 20:11:31 Job submitted from host: <188.185.6.50:9618?addrs=188.185.6.50-9618+[2001-1458-d00-62--100-2b1]-9618&alias=bigbird25.cern.ch&noUDP&sock=schedd_1627_90ad>
...
040 (9120178.000.000) 01/22 20:13:50 Started transferring input files
	Transferring to host: <188.185.213.155:9618?addrs=188.185.213.155-9618+[2001-1458-303-1b--100-17]-9618&alias=b9p28p9598.cern.ch&noUDP&sock=slot1_22_3894_6cd7_155894>
...
040 (9120178.000.000) 01/22 20:13:50 Finished transferring input files
...
001 (9120178.000.000) 01/22 20:13:51 Job executing on host: <188.185.213.155:9618?addrs=188.185.213.155-9618+[2001-1458-303-1b--100-17]-9618&alias=b9p28p9598.cern.ch&noUDP&sock=startd_3184_89a2>
	SlotName: slot1_22@b9p28p9598.cern.ch
	CondorScratchDir = "/pool/condor/dir_1994234"
	Cpus = 1
	Disk = 3922
	GPUs = 0
	Memory = 3000
...
006 (9120178.000.000) 01/22 20:14:02 Image size of job updated: 154204
	0  -  MemoryUsage of job (MB)
	0  -  ResidentSetSize of job (KB)
...
040 (9120178.000.000) 01/22 20:14:02 Started transferring output files
...
040 (9120178.000.000) 01/22 20:14:02 Finished transferring output files
...
005 (9120178.000.000) 01/22 20:14:02 Job terminated.
	(1) Normal termination (return value 0)
		Usr 0 00:00:02, Sys 0 00:00:01  -  Run Remote Usage
		Usr 0 00:00:00, Sys 0 00:00:00  -  Run Local Usage
		Usr 0 00:00:02, Sys 0 00:00:01  -  Total Remote Usage
		Usr 0 00:00:00, Sys 0 00:00:00  -  Total Local Usage
	5988  -  Run Bytes Sent By Job
	311  -  Run Bytes Received By Job
	5988  -  Total Bytes Sent By Job
	311  -  Total Bytes Received By Job
	Partitionable Resources :    Usage  Request Allocated 
	   Cpus                 :        0        1         1 
	   Disk (KB)            :       29        1      3922 
	   GPUs                 :                           0 
	   Memory (MB)          :        0     3000      3000 
	   TimeExecute (s)      :       11                    
	   TimeSlotBusy (s)     :       12                    

	Job terminated of its own accord at 2026-01-22T19:14:02Z with exit-code 0.
...
