000 (9120177.000.000) 01/22 20:11:31 Job submitted from host: <188.185.6.50:9618?addrs=188.185.6.50-9618+[2001-1458-d00-62--100-2b1]-9618&alias=bigbird25.cern.ch&noUDP&sock=schedd_1627_90ad>
...
040 (9120177.000.000) 01/22 20:13:58 Started transferring input files
	Transferring to host: <188.185.212.193:9618?addrs=188.185.212.193-9618+[2001-1458-303-19--100-3d]-9618&alias=b9p26p7832.cern.ch&noUDP&sock=slot1_45_7028_9c97_131528>
...
040 (9120177.000.000) 01/22 20:13:58 Finished transferring input files
...
001 (9120177.000.000) 01/22 20:13:59 Job executing on host: <188.185.212.193:9618?addrs=188.185.212.193-9618+[2001-1458-303-19--100-3d]-9618&alias=b9p26p7832.cern.ch&noUDP&sock=startd_6004_d2b5>
	SlotName: slot1_45@b9p26p7832.cern.ch
	CondorScratchDir = "/pool/condor/dir_1213291"
	Cpus = 1
	Disk = 3713
	GPUs = 0
	Memory = 3000
...
006 (9120177.000.000) 01/22 20:14:12 Image size of job updated: 172992
	169  -  MemoryUsage of job (MB)
	172992  -  ResidentSetSize of job (KB)
...
006 (9120177.000.000) 01/22 20:15:35 Image size of job updated: 252568
	169  -  MemoryUsage of job (MB)
	172992  -  ResidentSetSize of job (KB)
...
040 (9120177.000.000) 01/22 20:15:35 Started transferring output files
...
040 (9120177.000.000) 01/22 20:15:35 Finished transferring output files
...
005 (9120177.000.000) 01/22 20:15:35 Job terminated.
	(1) Normal termination (return value 0)
		Usr 0 00:01:06, Sys 0 00:00:02  -  Run Remote Usage
		Usr 0 00:00:00, Sys 0 00:00:00  -  Run Local Usage
		Usr 0 00:01:06, Sys 0 00:00:02  -  Total Remote Usage
		Usr 0 00:00:00, Sys 0 00:00:00  -  Total Local Usage
	7532  -  Run Bytes Sent By Job
	311  -  Run Bytes Received By Job
	7532  -  Total Bytes Sent By Job
	311  -  Total Bytes Received By Job
	Partitionable Resources :    Usage  Request Allocated 
	   Cpus                 :     0.73        1         1 
	   Disk (KB)            :    31           1      3713 
	   GPUs                 :                           0 
	   Memory (MB)          :   169        3000      3000 
	   TimeExecute (s)      :    96                       
	   TimeSlotBusy (s)     :    98                       

	Job terminated of its own accord at 2026-01-22T19:15:35Z with exit-code 0.
...
