000 (9120195.000.000) 01/22 20:39:19 Job submitted from host: <188.185.6.50:9618?addrs=188.185.6.50-9618+[2001-1458-d00-62--100-2b1]-9618&alias=bigbird25.cern.ch&noUDP&sock=schedd_1627_90ad>
...
040 (9120195.000.000) 01/22 20:43:26 Started transferring input files
	Transferring to host: <188.185.212.152:9618?addrs=188.185.212.152-9618+[2001-1458-303-19--100-14]-9618&alias=b9p26p0567.cern.ch&noUDP&sock=slot1_54_8937_acc4_135023>
...
040 (9120195.000.000) 01/22 20:43:26 Finished transferring input files
...
001 (9120195.000.000) 01/22 20:43:27 Job executing on host: <188.185.212.152:9618?addrs=188.185.212.152-9618+[2001-1458-303-19--100-14]-9618&alias=b9p26p0567.cern.ch&noUDP&sock=startd_7599_dc44>
	SlotName: slot1_54@b9p26p0567.cern.ch
	CondorScratchDir = "/pool/condor/dir_3898159"
	Cpus = 1
	Disk = 3772
	GPUs = 0
	Memory = 3000
...
006 (9120195.000.000) 01/22 20:43:40 Image size of job updated: 164908
	162  -  MemoryUsage of job (MB)
	164908  -  ResidentSetSize of job (KB)
...
040 (9120195.000.000) 01/22 20:43:41 Started transferring output files
...
040 (9120195.000.000) 01/22 20:43:41 Finished transferring output files
...
005 (9120195.000.000) 01/22 20:43:41 Job terminated.
	(1) Normal termination (return value 0)
		Usr 0 00:00:03, Sys 0 00:00:01  -  Run Remote Usage
		Usr 0 00:00:00, Sys 0 00:00:00  -  Run Local Usage
		Usr 0 00:00:03, Sys 0 00:00:01  -  Total Remote Usage
		Usr 0 00:00:00, Sys 0 00:00:00  -  Total Local Usage
	6225  -  Run Bytes Sent By Job
	324  -  Run Bytes Received By Job
	6225  -  Total Bytes Sent By Job
	324  -  Total Bytes Received By Job
	Partitionable Resources :    Usage  Request Allocated 
	   Cpus                 :        0        1         1 
	   Disk (KB)            :       30        1      3772 
	   GPUs                 :                           0 
	   Memory (MB)          :      162     3000      3000 
	   TimeExecute (s)      :       14                    
	   TimeSlotBusy (s)     :       16                    

	Job terminated of its own accord at 2026-01-22T19:43:41Z with exit-code 0.
...
