000 (9120200.000.000) 01/22 20:39:20 Job submitted from host: <188.185.6.50:9618?addrs=188.185.6.50-9618+[2001-1458-d00-62--100-2b1]-9618&alias=bigbird25.cern.ch&noUDP&sock=schedd_1627_90ad>
...
040 (9120200.000.000) 01/22 20:43:21 Started transferring input files
	Transferring to host: <188.185.209.21:9618?addrs=188.185.209.21-9618+[2001-1458-303-11--100-12]-9618&alias=b9p11p6444.cern.ch&noUDP&sock=slot1_5_10605_ee88_115699>
...
040 (9120200.000.000) 01/22 20:43:21 Finished transferring input files
...
001 (9120200.000.000) 01/22 20:43:22 Job executing on host: <188.185.209.21:9618?addrs=188.185.209.21-9618+[2001-1458-303-11--100-12]-9618&alias=b9p11p6444.cern.ch&noUDP&sock=startd_10137_b7a2>
	SlotName: slot1_5@b9p11p6444.cern.ch
	CondorScratchDir = "/pool/condor/dir_3165580"
	Cpus = 1
	Disk = 3691
	GPUs = 0
	Memory = 3000
...
006 (9120200.000.000) 01/22 20:43:36 Image size of job updated: 58156
	57  -  MemoryUsage of job (MB)
	58156  -  ResidentSetSize of job (KB)
...
006 (9120200.000.000) 01/22 20:43:42 Image size of job updated: 77328
	57  -  MemoryUsage of job (MB)
	58156  -  ResidentSetSize of job (KB)
...
040 (9120200.000.000) 01/22 20:43:42 Started transferring output files
...
040 (9120200.000.000) 01/22 20:43:42 Finished transferring output files
...
005 (9120200.000.000) 01/22 20:43:42 Job terminated.
	(1) Normal termination (return value 0)
		Usr 0 00:00:03, Sys 0 00:00:02  -  Run Remote Usage
		Usr 0 00:00:00, Sys 0 00:00:00  -  Run Local Usage
		Usr 0 00:00:03, Sys 0 00:00:02  -  Total Remote Usage
		Usr 0 00:00:00, Sys 0 00:00:00  -  Total Local Usage
	6014  -  Run Bytes Sent By Job
	320  -  Run Bytes Received By Job
	6014  -  Total Bytes Sent By Job
	320  -  Total Bytes Received By Job
	Partitionable Resources :    Usage  Request Allocated 
	   Cpus                 :        0        1         1 
	   Disk (KB)            :       34        1      3691 
	   GPUs                 :                           0 
	   Memory (MB)          :       57     3000      3000 
	   TimeExecute (s)      :       20                    
	   TimeSlotBusy (s)     :       22                    

	Job terminated of its own accord at 2026-01-22T19:43:42Z with exit-code 0.
...
