000 (9120199.000.000) 01/22 20:39:20 Job submitted from host: <188.185.6.50:9618?addrs=188.185.6.50-9618+[2001-1458-d00-62--100-2b1]-9618&alias=bigbird25.cern.ch&noUDP&sock=schedd_1627_90ad>
...
040 (9120199.000.000) 01/22 20:43:20 Started transferring input files
	Transferring to host: <188.185.214.26:9618?addrs=188.185.214.26-9618+[2001-1458-303-1c--100-16]-9618&alias=b9p29p0550.cern.ch&noUDP&sock=slot1_16_6799_42ae_130085>
...
040 (9120199.000.000) 01/22 20:43:20 Finished transferring input files
...
001 (9120199.000.000) 01/22 20:43:21 Job executing on host: <188.185.214.26:9618?addrs=188.185.214.26-9618+[2001-1458-303-1c--100-16]-9618&alias=b9p29p0550.cern.ch&noUDP&sock=startd_5906_9a6d>
	SlotName: slot1_16@b9p29p0550.cern.ch
	CondorScratchDir = "/pool/condor/dir_2761222"
	Cpus = 1
	Disk = 3819
	GPUs = 0
	Memory = 3000
...
006 (9120199.000.000) 01/22 20:43:34 Image size of job updated: 129160
	127  -  MemoryUsage of job (MB)
	129160  -  ResidentSetSize of job (KB)
...
006 (9120199.000.000) 01/22 20:47:01 Image size of job updated: 445176
	127  -  MemoryUsage of job (MB)
	129160  -  ResidentSetSize of job (KB)
...
040 (9120199.000.000) 01/22 20:47:01 Started transferring output files
...
040 (9120199.000.000) 01/22 20:47:01 Finished transferring output files
...
005 (9120199.000.000) 01/22 20:47:01 Job terminated.
	(1) Normal termination (return value 0)
		Usr 0 00:02:46, Sys 0 00:00:03  -  Run Remote Usage
		Usr 0 00:00:00, Sys 0 00:00:00  -  Run Local Usage
		Usr 0 00:02:46, Sys 0 00:00:03  -  Total Remote Usage
		Usr 0 00:00:00, Sys 0 00:00:00  -  Total Local Usage
	9718  -  Run Bytes Sent By Job
	320  -  Run Bytes Received By Job
	9718  -  Total Bytes Sent By Job
	320  -  Total Bytes Received By Job
	Partitionable Resources :    Usage  Request Allocated 
	   Cpus                 :        0        1         1 
	   Disk (KB)            :       33        1      3819 
	   GPUs                 :                           0 
	   Memory (MB)          :      127     3000      3000 
	   TimeExecute (s)      :      220                    
	   TimeSlotBusy (s)     :      222                    

	Job terminated of its own accord at 2026-01-22T19:47:01Z with exit-code 0.
...
