000 (9120196.000.000) 01/22 20:39:19 Job submitted from host: <188.185.6.50:9618?addrs=188.185.6.50-9618+[2001-1458-d00-62--100-2b1]-9618&alias=bigbird25.cern.ch&noUDP&sock=schedd_1627_90ad>
...
040 (9120196.000.000) 01/22 20:43:19 Started transferring input files
	Transferring to host: <188.185.214.51:9618?addrs=188.185.214.51-9618+[2001-1458-303-1c--100-2f]-9618&alias=b9p29p9485.cern.ch&noUDP&sock=slot1_24_213758_992d_54505>
...
040 (9120196.000.000) 01/22 20:43:19 Finished transferring input files
...
001 (9120196.000.000) 01/22 20:43:20 Job executing on host: <188.185.214.51:9618?addrs=188.185.214.51-9618+[2001-1458-303-1c--100-2f]-9618&alias=b9p29p9485.cern.ch&noUDP&sock=startd_3721_dffe>
	SlotName: slot1_24@b9p29p9485.cern.ch
	CondorScratchDir = "/pool/condor/dir_1620415"
	Cpus = 1
	Disk = 3777
	GPUs = 0
	Memory = 3000
...
006 (9120196.000.000) 01/22 20:43:34 Image size of job updated: 155156
	152  -  MemoryUsage of job (MB)
	155156  -  ResidentSetSize of job (KB)
...
006 (9120196.000.000) 01/22 20:43:34 Image size of job updated: 155312
	152  -  MemoryUsage of job (MB)
	155312  -  ResidentSetSize of job (KB)
...
040 (9120196.000.000) 01/22 20:43:35 Started transferring output files
...
040 (9120196.000.000) 01/22 20:43:35 Finished transferring output files
...
005 (9120196.000.000) 01/22 20:43:35 Job terminated.
	(1) Normal termination (return value 0)
		Usr 0 00:00:03, Sys 0 00:00:01  -  Run Remote Usage
		Usr 0 00:00:00, Sys 0 00:00:00  -  Run Local Usage
		Usr 0 00:00:03, Sys 0 00:00:01  -  Total Remote Usage
		Usr 0 00:00:00, Sys 0 00:00:00  -  Total Local Usage
	6023  -  Run Bytes Sent By Job
	324  -  Run Bytes Received By Job
	6023  -  Total Bytes Sent By Job
	324  -  Total Bytes Received By Job
	Partitionable Resources :    Usage  Request Allocated 
	   Cpus                 :        0        1         1 
	   Disk (KB)            :       29        1      3777 
	   GPUs                 :                           0 
	   Memory (MB)          :      152     3000      3000 
	   TimeExecute (s)      :       14                    
	   TimeSlotBusy (s)     :       17                    

	Job terminated of its own accord at 2026-01-22T19:43:34Z with exit-code 0.
...
