000 (9120190.000.000) 01/22 20:39:18 Job submitted from host: <188.185.6.50:9618?addrs=188.185.6.50-9618+[2001-1458-d00-62--100-2b1]-9618&alias=bigbird25.cern.ch&noUDP&sock=schedd_1627_90ad>
...
040 (9120190.000.000) 01/22 20:43:18 Started transferring input files
	Transferring to host: <128.142.192.208:9618?addrs=128.142.192.208-9618+[2001-1458-301-56--100-4c]-9618&alias=b9g18p2076.cern.ch&noUDP&sock=slot1_5_4143_de42_151844>
...
040 (9120190.000.000) 01/22 20:43:18 Finished transferring input files
...
001 (9120190.000.000) 01/22 20:43:19 Job executing on host: <128.142.192.208:9618?addrs=128.142.192.208-9618+[2001-1458-301-56--100-4c]-9618&alias=b9g18p2076.cern.ch&noUDP&sock=startd_3129_cfed>
	SlotName: slot1_5@b9g18p2076.cern.ch
	CondorScratchDir = "/pool/condor/dir_3732084"
	Cpus = 1
	Disk = 3757
	GPUs = 0
	Memory = 3000
...
006 (9120190.000.000) 01/22 20:43:33 Image size of job updated: 66140
	65  -  MemoryUsage of job (MB)
	66140  -  ResidentSetSize of job (KB)
...
006 (9120190.000.000) 01/22 20:47:01 Image size of job updated: 247356
	65  -  MemoryUsage of job (MB)
	66144  -  ResidentSetSize of job (KB)
...
040 (9120190.000.000) 01/22 20:47:01 Started transferring output files
...
040 (9120190.000.000) 01/22 20:47:01 Finished transferring output files
...
005 (9120190.000.000) 01/22 20:47:01 Job terminated.
	(1) Normal termination (return value 0)
		Usr 0 00:02:43, Sys 0 00:00:02  -  Run Remote Usage
		Usr 0 00:00:00, Sys 0 00:00:00  -  Run Local Usage
		Usr 0 00:02:43, Sys 0 00:00:02  -  Total Remote Usage
		Usr 0 00:00:00, Sys 0 00:00:00  -  Total Local Usage
	8291  -  Run Bytes Sent By Job
	324  -  Run Bytes Received By Job
	8291  -  Total Bytes Sent By Job
	324  -  Total Bytes Received By Job
	Partitionable Resources :    Usage  Request Allocated 
	   Cpus                 :        0        1         1 
	   Disk (KB)            :       31        1      3757 
	   GPUs                 :                           0 
	   Memory (MB)          :       65     3000      3000 
	   TimeExecute (s)      :      222                    
	   TimeSlotBusy (s)     :      224                    

	Job terminated of its own accord at 2026-01-22T19:47:01Z with exit-code 0.
...
