000 (9120194.000.000) 01/22 20:39:18 Job submitted from host: <188.185.6.50:9618?addrs=188.185.6.50-9618+[2001-1458-d00-62--100-2b1]-9618&alias=bigbird25.cern.ch&noUDP&sock=schedd_1627_90ad>
...
040 (9120194.000.000) 01/22 20:43:19 Started transferring input files
	Transferring to host: <188.185.206.222:9618?addrs=188.185.206.222-9618+[2001-1458-303-c--100-5b]-9618&alias=b9p06p8710.cern.ch&noUDP&sock=slot1_12_2148753_9fab_4129>
...
040 (9120194.000.000) 01/22 20:43:19 Finished transferring input files
...
001 (9120194.000.000) 01/22 20:43:20 Job executing on host: <188.185.206.222:9618?addrs=188.185.206.222-9618+[2001-1458-303-c--100-5b]-9618&alias=b9p06p8710.cern.ch&noUDP&sock=startd_3603_efd1>
	SlotName: slot1_12@b9p06p8710.cern.ch
	CondorScratchDir = "/pool/condor/dir_1983893"
	Cpus = 1
	Disk = 3653
	GPUs = 0
	Memory = 3000
...
006 (9120194.000.000) 01/22 20:43:34 Image size of job updated: 174364
	171  -  MemoryUsage of job (MB)
	174364  -  ResidentSetSize of job (KB)
...
006 (9120194.000.000) 01/22 20:45:22 Image size of job updated: 236556
	171  -  MemoryUsage of job (MB)
	174364  -  ResidentSetSize of job (KB)
...
040 (9120194.000.000) 01/22 20:45:22 Started transferring output files
...
040 (9120194.000.000) 01/22 20:45:22 Finished transferring output files
...
005 (9120194.000.000) 01/22 20:45:22 Job terminated.
	(1) Normal termination (return value 0)
		Usr 0 00:01:39, Sys 0 00:00:03  -  Run Remote Usage
		Usr 0 00:00:00, Sys 0 00:00:00  -  Run Local Usage
		Usr 0 00:01:39, Sys 0 00:00:03  -  Total Remote Usage
		Usr 0 00:00:00, Sys 0 00:00:00  -  Total Local Usage
	9176  -  Run Bytes Sent By Job
	324  -  Run Bytes Received By Job
	9176  -  Total Bytes Sent By Job
	324  -  Total Bytes Received By Job
	Partitionable Resources :    Usage  Request Allocated 
	   Cpus                 :        0        1         1 
	   Disk (KB)            :       35        1      3653 
	   GPUs                 :                           0 
	   Memory (MB)          :      171     3000      3000 
	   TimeExecute (s)      :      122                    
	   TimeSlotBusy (s)     :      124                    

	Job terminated of its own accord at 2026-01-22T19:45:22Z with exit-code 0.
...
