000 (9120191.000.000) 01/22 20:39:18 Job submitted from host: <188.185.6.50:9618?addrs=188.185.6.50-9618+[2001-1458-d00-62--100-2b1]-9618&alias=bigbird25.cern.ch&noUDP&sock=schedd_1627_90ad>
...
040 (9120191.000.000) 01/22 20:43:18 Started transferring input files
	Transferring to host: <128.142.192.200:9618?addrs=128.142.192.200-9618+[2001-1458-301-56--100-44]-9618&alias=b9g18p0307.cern.ch&noUDP&sock=slot1_22_3095462_c1ed_71124>
...
040 (9120191.000.000) 01/22 20:43:18 Finished transferring input files
...
001 (9120191.000.000) 01/22 20:43:19 Job executing on host: <128.142.192.200:9618?addrs=128.142.192.200-9618+[2001-1458-301-56--100-44]-9618&alias=b9g18p0307.cern.ch&noUDP&sock=startd_3613_cbc4>
	SlotName: slot1_22@b9g18p0307.cern.ch
	CondorScratchDir = "/pool/condor/dir_3903847"
	Cpus = 1
	Disk = 3793
	GPUs = 0
	Memory = 3000
...
006 (9120191.000.000) 01/22 20:43:33 Image size of job updated: 159656
	156  -  MemoryUsage of job (MB)
	159656  -  ResidentSetSize of job (KB)
...
006 (9120191.000.000) 01/22 20:47:52 Image size of job updated: 246492
	157  -  MemoryUsage of job (MB)
	159800  -  ResidentSetSize of job (KB)
...
040 (9120191.000.000) 01/22 20:47:52 Started transferring output files
...
040 (9120191.000.000) 01/22 20:47:52 Finished transferring output files
...
005 (9120191.000.000) 01/22 20:47:52 Job terminated.
	(1) Normal termination (return value 0)
		Usr 0 00:04:06, Sys 0 00:00:03  -  Run Remote Usage
		Usr 0 00:00:00, Sys 0 00:00:00  -  Run Local Usage
		Usr 0 00:04:06, Sys 0 00:00:03  -  Total Remote Usage
		Usr 0 00:00:00, Sys 0 00:00:00  -  Total Local Usage
	10272  -  Run Bytes Sent By Job
	324  -  Run Bytes Received By Job
	10272  -  Total Bytes Sent By Job
	324  -  Total Bytes Received By Job
	Partitionable Resources :    Usage  Request Allocated 
	   Cpus                 :     0.82        1         1 
	   Disk (KB)            :    33           1      3793 
	   GPUs                 :                           0 
	   Memory (MB)          :   157        3000      3000 
	   TimeExecute (s)      :   273                       
	   TimeSlotBusy (s)     :   275                       

	Job terminated of its own accord at 2026-01-22T19:47:52Z with exit-code 0.
...
