000 (9120192.000.000) 01/22 20:39:18 Job submitted from host: <188.185.6.50:9618?addrs=188.185.6.50-9618+[2001-1458-d00-62--100-2b1]-9618&alias=bigbird25.cern.ch&noUDP&sock=schedd_1627_90ad>
...
040 (9120192.000.000) 01/22 20:43:18 Started transferring input files
	Transferring to host: <188.185.214.179:9618?addrs=188.185.214.179-9618+[2001-1458-303-1d--100-2f]-9618&alias=b9p30p2749.cern.ch&noUDP&sock=slot1_24_5078_a908_131252>
...
040 (9120192.000.000) 01/22 20:43:18 Finished transferring input files
...
001 (9120192.000.000) 01/22 20:43:19 Job executing on host: <188.185.214.179:9618?addrs=188.185.214.179-9618+[2001-1458-303-1d--100-2f]-9618&alias=b9p30p2749.cern.ch&noUDP&sock=startd_4140_462d>
	SlotName: slot1_24@b9p30p2749.cern.ch
	CondorScratchDir = "/pool/condor/dir_1636761"
	Cpus = 1
	Disk = 3739
	GPUs = 0
	Memory = 3000
...
006 (9120192.000.000) 01/22 20:43:32 Image size of job updated: 162440
	159  -  MemoryUsage of job (MB)
	162440  -  ResidentSetSize of job (KB)
...
006 (9120192.000.000) 01/22 20:44:00 Image size of job updated: 212920
	159  -  MemoryUsage of job (MB)
	162728  -  ResidentSetSize of job (KB)
...
040 (9120192.000.000) 01/22 20:44:00 Started transferring output files
...
040 (9120192.000.000) 01/22 20:44:00 Finished transferring output files
...
005 (9120192.000.000) 01/22 20:44:00 Job terminated.
	(1) Normal termination (return value 0)
		Usr 0 00:00:28, Sys 0 00:00:02  -  Run Remote Usage
		Usr 0 00:00:00, Sys 0 00:00:00  -  Run Local Usage
		Usr 0 00:00:28, Sys 0 00:00:02  -  Total Remote Usage
		Usr 0 00:00:00, Sys 0 00:00:00  -  Total Local Usage
	6866  -  Run Bytes Sent By Job
	324  -  Run Bytes Received By Job
	6866  -  Total Bytes Sent By Job
	324  -  Total Bytes Received By Job
	Partitionable Resources :    Usage  Request Allocated 
	   Cpus                 :        0        1         1 
	   Disk (KB)            :       30        1      3739 
	   GPUs                 :                           0 
	   Memory (MB)          :      159     3000      3000 
	   TimeExecute (s)      :       41                    
	   TimeSlotBusy (s)     :       43                    

	Job terminated of its own accord at 2026-01-22T19:44:00Z with exit-code 0.
...
