000 (9120187.000.000) 01/22 20:39:17 Job submitted from host: <188.185.6.50:9618?addrs=188.185.6.50-9618+[2001-1458-d00-62--100-2b1]-9618&alias=bigbird25.cern.ch&noUDP&sock=schedd_1627_90ad>
...
040 (9120187.000.000) 01/22 20:43:17 Started transferring input files
	Transferring to host: <188.185.210.201:9618?addrs=188.185.210.201-9618+[2001-1458-303-15--100-45]-9618&alias=b9p22p5174.cern.ch&noUDP&sock=slot1_10_6601_c066_79647>
...
040 (9120187.000.000) 01/22 20:43:17 Finished transferring input files
...
001 (9120187.000.000) 01/22 20:43:18 Job executing on host: <188.185.210.201:9618?addrs=188.185.210.201-9618+[2001-1458-303-15--100-45]-9618&alias=b9p22p5174.cern.ch&noUDP&sock=startd_6312_15e1>
	SlotName: slot1_10@b9p22p5174.cern.ch
	CondorScratchDir = "/pool/condor/dir_2300925"
	Cpus = 1
	Disk = 3837
	GPUs = 0
	Memory = 3000
...
006 (9120187.000.000) 01/22 20:43:31 Image size of job updated: 154196
	151  -  MemoryUsage of job (MB)
	154196  -  ResidentSetSize of job (KB)
...
006 (9120187.000.000) 01/22 20:45:56 Image size of job updated: 166672
	151  -  MemoryUsage of job (MB)
	154196  -  ResidentSetSize of job (KB)
...
040 (9120187.000.000) 01/22 20:45:56 Started transferring output files
...
040 (9120187.000.000) 01/22 20:45:56 Finished transferring output files
...
005 (9120187.000.000) 01/22 20:45:56 Job terminated.
	(1) Normal termination (return value 0)
		Usr 0 00:01:51, Sys 0 00:00:03  -  Run Remote Usage
		Usr 0 00:00:00, Sys 0 00:00:00  -  Run Local Usage
		Usr 0 00:01:51, Sys 0 00:00:03  -  Total Remote Usage
		Usr 0 00:00:00, Sys 0 00:00:00  -  Total Local Usage
	8571  -  Run Bytes Sent By Job
	324  -  Run Bytes Received By Job
	8571  -  Total Bytes Sent By Job
	324  -  Total Bytes Received By Job
	Partitionable Resources :    Usage  Request Allocated 
	   Cpus                 :                 1         1 
	   Disk (KB)            :       24        1      3837 
	   GPUs                 :                           0 
	   Memory (MB)          :      151     3000      3000 
	   TimeExecute (s)      :      158                    
	   TimeSlotBusy (s)     :      160                    

	Job terminated of its own accord at 2026-01-22T19:45:56Z with exit-code 0.
...
