000 (9120189.000.000) 01/22 20:39:17 Job submitted from host: <188.185.6.50:9618?addrs=188.185.6.50-9618+[2001-1458-d00-62--100-2b1]-9618&alias=bigbird25.cern.ch&noUDP&sock=schedd_1627_90ad>
...
040 (9120189.000.000) 01/22 20:43:16 Started transferring input files
	Transferring to host: <188.185.213.193:9618?addrs=188.185.213.193-9618+[2001-1458-303-1b--100-3d]-9618&alias=b9p28p6761.cern.ch&noUDP&sock=slot1_13_7044_e298_157563>
...
040 (9120189.000.000) 01/22 20:43:16 Finished transferring input files
...
001 (9120189.000.000) 01/22 20:43:17 Job executing on host: <188.185.213.193:9618?addrs=188.185.213.193-9618+[2001-1458-303-1b--100-3d]-9618&alias=b9p28p6761.cern.ch&noUDP&sock=startd_6222_5a5b>
	SlotName: slot1_13@b9p28p6761.cern.ch
	CondorScratchDir = "/pool/condor/dir_3129941"
	Cpus = 1
	Disk = 3862
	GPUs = 0
	Memory = 3000
...
006 (9120189.000.000) 01/22 20:43:30 Image size of job updated: 176236
	173  -  MemoryUsage of job (MB)
	176236  -  ResidentSetSize of job (KB)
...
006 (9120189.000.000) 01/22 20:43:57 Image size of job updated: 239628
	173  -  MemoryUsage of job (MB)
	176236  -  ResidentSetSize of job (KB)
...
040 (9120189.000.000) 01/22 20:43:57 Started transferring output files
...
040 (9120189.000.000) 01/22 20:43:57 Finished transferring output files
...
005 (9120189.000.000) 01/22 20:43:57 Job terminated.
	(1) Normal termination (return value 0)
		Usr 0 00:00:29, Sys 0 00:00:02  -  Run Remote Usage
		Usr 0 00:00:00, Sys 0 00:00:00  -  Run Local Usage
		Usr 0 00:00:29, Sys 0 00:00:02  -  Total Remote Usage
		Usr 0 00:00:00, Sys 0 00:00:00  -  Total Local Usage
	6992  -  Run Bytes Sent By Job
	324  -  Run Bytes Received By Job
	6992  -  Total Bytes Sent By Job
	324  -  Total Bytes Received By Job
	Partitionable Resources :    Usage  Request Allocated 
	   Cpus                 :                 1         1 
	   Disk (KB)            :       22        1      3862 
	   GPUs                 :                           0 
	   Memory (MB)          :      173     3000      3000 
	   TimeExecute (s)      :       40                    
	   TimeSlotBusy (s)     :       41                    

	Job terminated of its own accord at 2026-01-22T19:43:57Z with exit-code 0.
...
