000 (9120222.000.000) 01/22 20:39:25 Job submitted from host: <188.185.6.50:9618?addrs=188.185.6.50-9618+[2001-1458-d00-62--100-2b1]-9618&alias=bigbird25.cern.ch&noUDP&sock=schedd_1627_90ad>
...
040 (9120222.000.000) 01/22 20:43:25 Started transferring input files
	Transferring to host: <188.185.214.33:9618?addrs=188.185.214.33-9618+[2001-1458-303-1c--100-1d]-9618&alias=b9p29p1446.cern.ch&noUDP&sock=slot1_9_3522_5148_133654>
...
040 (9120222.000.000) 01/22 20:43:25 Finished transferring input files
...
001 (9120222.000.000) 01/22 20:43:26 Job executing on host: <188.185.214.33:9618?addrs=188.185.214.33-9618+[2001-1458-303-1c--100-1d]-9618&alias=b9p29p1446.cern.ch&noUDP&sock=startd_3000_5435>
	SlotName: slot1_9@b9p29p1446.cern.ch
	CondorScratchDir = "/pool/condor/dir_1221271"
	Cpus = 1
	Disk = 3796
	GPUs = 0
	Memory = 3000
...
006 (9120222.000.000) 01/22 20:43:39 Image size of job updated: 106740
	105  -  MemoryUsage of job (MB)
	106740  -  ResidentSetSize of job (KB)
...
006 (9120222.000.000) 01/22 20:43:42 Image size of job updated: 148424
	105  -  MemoryUsage of job (MB)
	107100  -  ResidentSetSize of job (KB)
...
040 (9120222.000.000) 01/22 20:43:42 Started transferring output files
...
040 (9120222.000.000) 01/22 20:43:42 Finished transferring output files
...
005 (9120222.000.000) 01/22 20:43:42 Job terminated.
	(1) Normal termination (return value 0)
		Usr 0 00:00:03, Sys 0 00:00:02  -  Run Remote Usage
		Usr 0 00:00:00, Sys 0 00:00:00  -  Run Local Usage
		Usr 0 00:00:03, Sys 0 00:00:02  -  Total Remote Usage
		Usr 0 00:00:00, Sys 0 00:00:00  -  Total Local Usage
	6004  -  Run Bytes Sent By Job
	321  -  Run Bytes Received By Job
	6004  -  Total Bytes Sent By Job
	321  -  Total Bytes Received By Job
	Partitionable Resources :    Usage  Request Allocated 
	   Cpus                 :        0        1         1 
	   Disk (KB)            :       29        1      3796 
	   GPUs                 :                           0 
	   Memory (MB)          :      105     3000      3000 
	   TimeExecute (s)      :       16                    
	   TimeSlotBusy (s)     :       18                    

	Job terminated of its own accord at 2026-01-22T19:43:42Z with exit-code 0.
...
