000 (9120228.000.000) 01/22 20:39:26 Job submitted from host: <188.185.6.50:9618?addrs=188.185.6.50-9618+[2001-1458-d00-62--100-2b1]-9618&alias=bigbird25.cern.ch&noUDP&sock=schedd_1627_90ad>
...
040 (9120228.000.000) 01/22 20:43:30 Started transferring input files
	Transferring to host: <128.142.33.209:9618?addrs=128.142.33.209-9618+[2001-1458-301-39--100-e]-9618&alias=b9g24p9133.cern.ch&noUDP&sock=slot1_7_4893_4fa0_134789>
...
040 (9120228.000.000) 01/22 20:43:30 Finished transferring input files
...
001 (9120228.000.000) 01/22 20:43:31 Job executing on host: <128.142.33.209:9618?addrs=128.142.33.209-9618+[2001-1458-301-39--100-e]-9618&alias=b9g24p9133.cern.ch&noUDP&sock=startd_4066_842a>
	SlotName: slot1_7@b9g24p9133.cern.ch
	CondorScratchDir = "/pool/condor/dir_1049492"
	Cpus = 1
	Disk = 3782
	GPUs = 0
	Memory = 3000
...
006 (9120228.000.000) 01/22 20:43:44 Image size of job updated: 155076
	152  -  MemoryUsage of job (MB)
	155076  -  ResidentSetSize of job (KB)
...
006 (9120228.000.000) 01/22 20:43:44 Image size of job updated: 155280
	152  -  MemoryUsage of job (MB)
	155280  -  ResidentSetSize of job (KB)
...
040 (9120228.000.000) 01/22 20:43:44 Started transferring output files
...
040 (9120228.000.000) 01/22 20:43:44 Finished transferring output files
...
005 (9120228.000.000) 01/22 20:43:44 Job terminated.
	(1) Normal termination (return value 0)
		Usr 0 00:00:03, Sys 0 00:00:02  -  Run Remote Usage
		Usr 0 00:00:00, Sys 0 00:00:00  -  Run Local Usage
		Usr 0 00:00:03, Sys 0 00:00:02  -  Total Remote Usage
		Usr 0 00:00:00, Sys 0 00:00:00  -  Total Local Usage
	5998  -  Run Bytes Sent By Job
	318  -  Run Bytes Received By Job
	5998  -  Total Bytes Sent By Job
	318  -  Total Bytes Received By Job
	Partitionable Resources :    Usage  Request Allocated 
	   Cpus                 :        0        1         1 
	   Disk (KB)            :       29        1      3782 
	   GPUs                 :                           0 
	   Memory (MB)          :      152     3000      3000 
	   TimeExecute (s)      :       13                    
	   TimeSlotBusy (s)     :       15                    

	Job terminated of its own accord at 2026-01-22T19:43:44Z with exit-code 0.
...
