000 (9120223.000.000) 01/22 20:39:25 Job submitted from host: <188.185.6.50:9618?addrs=188.185.6.50-9618+[2001-1458-d00-62--100-2b1]-9618&alias=bigbird25.cern.ch&noUDP&sock=schedd_1627_90ad>
...
040 (9120223.000.000) 01/22 20:43:26 Started transferring input files
	Transferring to host: <188.185.210.63:9618?addrs=188.185.210.63-9618+[2001-1458-303-1--100-3b]-9618&alias=b9p21p3315.cern.ch&noUDP&sock=slot1_17_7781_2b15_93205>
...
040 (9120223.000.000) 01/22 20:43:26 Finished transferring input files
...
001 (9120223.000.000) 01/22 20:43:27 Job executing on host: <188.185.210.63:9618?addrs=188.185.210.63-9618+[2001-1458-303-1--100-3b]-9618&alias=b9p21p3315.cern.ch&noUDP&sock=startd_7099_e6e9>
	SlotName: slot1_17@b9p21p3315.cern.ch
	CondorScratchDir = "/pool/condor/dir_2235570"
	Cpus = 1
	Disk = 3878
	GPUs = 0
	Memory = 3000
...
006 (9120223.000.000) 01/22 20:43:40 Image size of job updated: 154208
	151  -  MemoryUsage of job (MB)
	154208  -  ResidentSetSize of job (KB)
...
006 (9120223.000.000) 01/22 20:44:00 Image size of job updated: 168496
	151  -  MemoryUsage of job (MB)
	154208  -  ResidentSetSize of job (KB)
...
040 (9120223.000.000) 01/22 20:44:00 Started transferring output files
...
040 (9120223.000.000) 01/22 20:44:00 Finished transferring output files
...
005 (9120223.000.000) 01/22 20:44:00 Job terminated.
	(1) Normal termination (return value 0)
		Usr 0 00:00:19, Sys 0 00:00:01  -  Run Remote Usage
		Usr 0 00:00:00, Sys 0 00:00:00  -  Run Local Usage
		Usr 0 00:00:19, Sys 0 00:00:01  -  Total Remote Usage
		Usr 0 00:00:00, Sys 0 00:00:00  -  Total Local Usage
	6521  -  Run Bytes Sent By Job
	325  -  Run Bytes Received By Job
	6521  -  Total Bytes Sent By Job
	325  -  Total Bytes Received By Job
	Partitionable Resources :    Usage  Request Allocated 
	   Cpus                 :        0        1         1 
	   Disk (KB)            :       30        1      3878 
	   GPUs                 :                           0 
	   Memory (MB)          :      151     3000      3000 
	   TimeExecute (s)      :       33                    
	   TimeSlotBusy (s)     :       35                    

	Job terminated of its own accord at 2026-01-22T19:44:00Z with exit-code 0.
...
