000 (9120227.000.000) 01/22 20:39:26 Job submitted from host: <188.185.6.50:9618?addrs=188.185.6.50-9618+[2001-1458-d00-62--100-2b1]-9618&alias=bigbird25.cern.ch&noUDP&sock=schedd_1627_90ad>
...
040 (9120227.000.000) 01/22 20:43:29 Started transferring input files
	Transferring to host: <188.185.215.64:9618?addrs=188.185.215.64-9618+[2001-1458-303-1e--100-3c]-9618&alias=b9p31p9925.cern.ch&noUDP&sock=slot1_21_4071_233f_133828>
...
040 (9120227.000.000) 01/22 20:43:29 Finished transferring input files
...
001 (9120227.000.000) 01/22 20:43:30 Job executing on host: <188.185.215.64:9618?addrs=188.185.215.64-9618+[2001-1458-303-1e--100-3c]-9618&alias=b9p31p9925.cern.ch&noUDP&sock=startd_3400_b217>
	SlotName: slot1_21@b9p31p9925.cern.ch
	CondorScratchDir = "/pool/condor/dir_22626"
	Cpus = 1
	Disk = 3723
	GPUs = 0
	Memory = 3000
...
006 (9120227.000.000) 01/22 20:43:43 Image size of job updated: 166736
	163  -  MemoryUsage of job (MB)
	166736  -  ResidentSetSize of job (KB)
...
040 (9120227.000.000) 01/22 20:43:58 Started transferring output files
...
040 (9120227.000.000) 01/22 20:43:58 Finished transferring output files
...
005 (9120227.000.000) 01/22 20:43:58 Job terminated.
	(1) Normal termination (return value 0)
		Usr 0 00:00:17, Sys 0 00:00:02  -  Run Remote Usage
		Usr 0 00:00:00, Sys 0 00:00:00  -  Run Local Usage
		Usr 0 00:00:17, Sys 0 00:00:02  -  Total Remote Usage
		Usr 0 00:00:00, Sys 0 00:00:00  -  Total Local Usage
	6462  -  Run Bytes Sent By Job
	318  -  Run Bytes Received By Job
	6462  -  Total Bytes Sent By Job
	318  -  Total Bytes Received By Job
	Partitionable Resources :    Usage  Request Allocated 
	   Cpus                 :        0        1         1 
	   Disk (KB)            :       30        1      3723 
	   GPUs                 :                           0 
	   Memory (MB)          :      163     3000      3000 
	   TimeExecute (s)      :       28                    
	   TimeSlotBusy (s)     :       30                    

	Job terminated of its own accord at 2026-01-22T19:43:58Z with exit-code 0.
...
