000 (9120226.000.000) 01/22 20:39:26 Job submitted from host: <188.185.6.50:9618?addrs=188.185.6.50-9618+[2001-1458-d00-62--100-2b1]-9618&alias=bigbird25.cern.ch&noUDP&sock=schedd_1627_90ad>
...
040 (9120226.000.000) 01/22 20:43:29 Started transferring input files
	Transferring to host: <188.185.205.205:9618?addrs=188.185.205.205-9618+[2001-1458-303-a--100-4a]-9618&alias=b9p04p7493.cern.ch&noUDP&sock=slot1_37_6460_6780_110987>
...
040 (9120226.000.000) 01/22 20:43:29 Finished transferring input files
...
001 (9120226.000.000) 01/22 20:43:30 Job executing on host: <188.185.205.205:9618?addrs=188.185.205.205-9618+[2001-1458-303-a--100-4a]-9618&alias=b9p04p7493.cern.ch&noUDP&sock=startd_5522_360f>
	SlotName: slot1_37@b9p04p7493.cern.ch
	CondorScratchDir = "/pool/condor/dir_660688"
	Cpus = 1
	Disk = 3622
	GPUs = 0
	Memory = 3000
...
006 (9120226.000.000) 01/22 20:43:40 Image size of job updated: 154192
	0  -  MemoryUsage of job (MB)
	0  -  ResidentSetSize of job (KB)
...
040 (9120226.000.000) 01/22 20:43:40 Started transferring output files
...
040 (9120226.000.000) 01/22 20:43:40 Finished transferring output files
...
005 (9120226.000.000) 01/22 20:43:40 Job terminated.
	(1) Normal termination (return value 0)
		Usr 0 00:00:02, Sys 0 00:00:01  -  Run Remote Usage
		Usr 0 00:00:00, Sys 0 00:00:00  -  Run Local Usage
		Usr 0 00:00:02, Sys 0 00:00:01  -  Total Remote Usage
		Usr 0 00:00:00, Sys 0 00:00:00  -  Total Local Usage
	5990  -  Run Bytes Sent By Job
	314  -  Run Bytes Received By Job
	5990  -  Total Bytes Sent By Job
	314  -  Total Bytes Received By Job
	Partitionable Resources :    Usage  Request Allocated 
	   Cpus                 :        0        1         1 
	   Disk (KB)            :       33        1      3622 
	   GPUs                 :                           0 
	   Memory (MB)          :        0     3000      3000 
	   TimeExecute (s)      :       10                    
	   TimeSlotBusy (s)     :       11                    

	Job terminated of its own accord at 2026-01-22T19:43:40Z with exit-code 0.
...
