000 (9120225.000.000) 01/22 20:39:26 Job submitted from host: <188.185.6.50:9618?addrs=188.185.6.50-9618+[2001-1458-d00-62--100-2b1]-9618&alias=bigbird25.cern.ch&noUDP&sock=schedd_1627_90ad>
...
040 (9120225.000.000) 01/22 20:43:29 Started transferring input files
	Transferring to host: <188.185.211.234:9618?addrs=188.185.211.234-9618+[2001-1458-303-17--100-66]-9618&alias=b9p24p9047.cern.ch&noUDP&sock=slot1_30_4118_40e1_133355>
...
040 (9120225.000.000) 01/22 20:43:29 Finished transferring input files
...
001 (9120225.000.000) 01/22 20:43:30 Job executing on host: <188.185.211.234:9618?addrs=188.185.211.234-9618+[2001-1458-303-17--100-66]-9618&alias=b9p24p9047.cern.ch&noUDP&sock=startd_3522_60a5>
	SlotName: slot1_30@b9p24p9047.cern.ch
	CondorScratchDir = "/pool/condor/dir_746952"
	Cpus = 1
	Disk = 3805
	GPUs = 0
	Memory = 3000
...
006 (9120225.000.000) 01/22 20:43:43 Image size of job updated: 166732
	163  -  MemoryUsage of job (MB)
	166732  -  ResidentSetSize of job (KB)
...
040 (9120225.000.000) 01/22 20:43:57 Started transferring output files
...
040 (9120225.000.000) 01/22 20:43:57 Finished transferring output files
...
005 (9120225.000.000) 01/22 20:43:57 Job terminated.
	(1) Normal termination (return value 0)
		Usr 0 00:00:15, Sys 0 00:00:02  -  Run Remote Usage
		Usr 0 00:00:00, Sys 0 00:00:00  -  Run Local Usage
		Usr 0 00:00:15, Sys 0 00:00:02  -  Total Remote Usage
		Usr 0 00:00:00, Sys 0 00:00:00  -  Total Local Usage
	6488  -  Run Bytes Sent By Job
	314  -  Run Bytes Received By Job
	6488  -  Total Bytes Sent By Job
	314  -  Total Bytes Received By Job
	Partitionable Resources :    Usage  Request Allocated 
	   Cpus                 :        0        1         1 
	   Disk (KB)            :       30        1      3805 
	   GPUs                 :                           0 
	   Memory (MB)          :      163     3000      3000 
	   TimeExecute (s)      :       27                    
	   TimeSlotBusy (s)     :       29                    

	Job terminated of its own accord at 2026-01-22T19:43:57Z with exit-code 0.
...
