000 (9120209.000.000) 01/22 20:39:22 Job submitted from host: <188.185.6.50:9618?addrs=188.185.6.50-9618+[2001-1458-d00-62--100-2b1]-9618&alias=bigbird25.cern.ch&noUDP&sock=schedd_1627_90ad>
...
040 (9120209.000.000) 01/22 20:43:23 Started transferring input files
	Transferring to host: <188.185.212.52:9618?addrs=188.185.212.52-9618+[2001-1458-303-18--100-30]-9618&alias=b9p25p7786.cern.ch&noUDP&sock=slot1_46_5838_2626_132529>
...
040 (9120209.000.000) 01/22 20:43:23 Finished transferring input files
...
001 (9120209.000.000) 01/22 20:43:24 Job executing on host: <188.185.212.52:9618?addrs=188.185.212.52-9618+[2001-1458-303-18--100-30]-9618&alias=b9p25p7786.cern.ch&noUDP&sock=startd_4925_b805>
	SlotName: slot1_46@b9p25p7786.cern.ch
	CondorScratchDir = "/pool/condor/dir_2016005"
	Cpus = 1
	Disk = 3751
	GPUs = 0
	Memory = 3000
...
006 (9120209.000.000) 01/22 20:43:37 Image size of job updated: 129124
	127  -  MemoryUsage of job (MB)
	129124  -  ResidentSetSize of job (KB)
...
006 (9120209.000.000) 01/22 20:45:04 Image size of job updated: 180164
	127  -  MemoryUsage of job (MB)
	129124  -  ResidentSetSize of job (KB)
...
040 (9120209.000.000) 01/22 20:45:04 Started transferring output files
...
040 (9120209.000.000) 01/22 20:45:04 Finished transferring output files
...
005 (9120209.000.000) 01/22 20:45:04 Job terminated.
	(1) Normal termination (return value 0)
		Usr 0 00:01:12, Sys 0 00:00:02  -  Run Remote Usage
		Usr 0 00:00:00, Sys 0 00:00:00  -  Run Local Usage
		Usr 0 00:01:12, Sys 0 00:00:02  -  Total Remote Usage
		Usr 0 00:00:00, Sys 0 00:00:00  -  Total Local Usage
	7623  -  Run Bytes Sent By Job
	321  -  Run Bytes Received By Job
	7623  -  Total Bytes Sent By Job
	321  -  Total Bytes Received By Job
	Partitionable Resources :    Usage  Request Allocated 
	   Cpus                 :        0        1         1 
	   Disk (KB)            :       31        1      3751 
	   GPUs                 :                           0 
	   Memory (MB)          :      127     3000      3000 
	   TimeExecute (s)      :      100                    
	   TimeSlotBusy (s)     :      102                    

	Job terminated of its own accord at 2026-01-22T19:45:04Z with exit-code 0.
...
