000 (9120207.000.000) 01/22 20:39:21 Job submitted from host: <188.185.6.50:9618?addrs=188.185.6.50-9618+[2001-1458-d00-62--100-2b1]-9618&alias=bigbird25.cern.ch&noUDP&sock=schedd_1627_90ad>
...
040 (9120207.000.000) 01/22 20:43:27 Started transferring input files
	Transferring to host: <188.185.206.139:9618?addrs=188.185.206.139-9618+[2001-1458-303-c--100-8]-9618&alias=b9p06p3069.cern.ch&noUDP&sock=slot1_16_4788_543c_108723>
...
040 (9120207.000.000) 01/22 20:43:27 Finished transferring input files
...
001 (9120207.000.000) 01/22 20:43:28 Job executing on host: <188.185.206.139:9618?addrs=188.185.206.139-9618+[2001-1458-303-c--100-8]-9618&alias=b9p06p3069.cern.ch&noUDP&sock=startd_4009_6b45>
	SlotName: slot1_16@b9p06p3069.cern.ch
	CondorScratchDir = "/pool/condor/dir_2982085"
	Cpus = 1
	Disk = 3676
	GPUs = 0
	Memory = 3000
...
006 (9120207.000.000) 01/22 20:43:41 Image size of job updated: 180176
	176  -  MemoryUsage of job (MB)
	180176  -  ResidentSetSize of job (KB)
...
006 (9120207.000.000) 01/22 20:46:25 Image size of job updated: 180184
	176  -  MemoryUsage of job (MB)
	180176  -  ResidentSetSize of job (KB)
...
040 (9120207.000.000) 01/22 20:46:25 Started transferring output files
...
040 (9120207.000.000) 01/22 20:46:25 Finished transferring output files
...
005 (9120207.000.000) 01/22 20:46:25 Job terminated.
	(1) Normal termination (return value 0)
		Usr 0 00:02:17, Sys 0 00:00:03  -  Run Remote Usage
		Usr 0 00:00:00, Sys 0 00:00:00  -  Run Local Usage
		Usr 0 00:02:17, Sys 0 00:00:03  -  Total Remote Usage
		Usr 0 00:00:00, Sys 0 00:00:00  -  Total Local Usage
	10273  -  Run Bytes Sent By Job
	321  -  Run Bytes Received By Job
	10273  -  Total Bytes Sent By Job
	321  -  Total Bytes Received By Job
	Partitionable Resources :    Usage  Request Allocated 
	   Cpus                 :     0.97        1         1 
	   Disk (KB)            :    37           1      3676 
	   GPUs                 :                           0 
	   Memory (MB)          :   176        3000      3000 
	   TimeExecute (s)      :   177                       
	   TimeSlotBusy (s)     :   179                       

	Job terminated of its own accord at 2026-01-22T19:46:25Z with exit-code 0.
...
