000 (9120203.000.000) 01/22 20:39:21 Job submitted from host: <188.185.6.50:9618?addrs=188.185.6.50-9618+[2001-1458-d00-62--100-2b1]-9618&alias=bigbird25.cern.ch&noUDP&sock=schedd_1627_90ad>
...
040 (9120203.000.000) 01/22 20:43:20 Started transferring input files
	Transferring to host: <188.185.213.166:9618?addrs=188.185.213.166-9618+[2001-1458-303-1b--100-22]-9618&alias=b9p28p3001.cern.ch&noUDP&sock=slot1_28_7694_de72_155138>
...
040 (9120203.000.000) 01/22 20:43:20 Finished transferring input files
...
001 (9120203.000.000) 01/22 20:43:21 Job executing on host: <188.185.213.166:9618?addrs=188.185.213.166-9618+[2001-1458-303-1b--100-22]-9618&alias=b9p28p3001.cern.ch&noUDP&sock=startd_7065_94b1>
	SlotName: slot1_28@b9p28p3001.cern.ch
	CondorScratchDir = "/pool/condor/dir_3919683"
	Cpus = 1
	Disk = 3917
	GPUs = 0
	Memory = 3000
...
006 (9120203.000.000) 01/22 20:43:34 Image size of job updated: 180124
	176  -  MemoryUsage of job (MB)
	180124  -  ResidentSetSize of job (KB)
...
006 (9120203.000.000) 01/22 20:47:01 Image size of job updated: 412140
	176  -  MemoryUsage of job (MB)
	180124  -  ResidentSetSize of job (KB)
...
040 (9120203.000.000) 01/22 20:47:01 Started transferring output files
...
040 (9120203.000.000) 01/22 20:47:01 Finished transferring output files
...
005 (9120203.000.000) 01/22 20:47:01 Job terminated.
	(1) Normal termination (return value 0)
		Usr 0 00:02:22, Sys 0 00:00:03  -  Run Remote Usage
		Usr 0 00:00:00, Sys 0 00:00:00  -  Run Local Usage
		Usr 0 00:02:22, Sys 0 00:00:03  -  Total Remote Usage
		Usr 0 00:00:00, Sys 0 00:00:00  -  Total Local Usage
	10252  -  Run Bytes Sent By Job
	314  -  Run Bytes Received By Job
	10252  -  Total Bytes Sent By Job
	314  -  Total Bytes Received By Job
	Partitionable Resources :    Usage  Request Allocated 
	   Cpus                 :        0        1         1 
	   Disk (KB)            :       33        1      3917 
	   GPUs                 :                           0 
	   Memory (MB)          :      176     3000      3000 
	   TimeExecute (s)      :      220                    
	   TimeSlotBusy (s)     :      221                    

	Job terminated of its own accord at 2026-01-22T19:47:01Z with exit-code 0.
...
