000 (9120205.000.000) 01/22 20:39:21 Job submitted from host: <188.185.6.50:9618?addrs=188.185.6.50-9618+[2001-1458-d00-62--100-2b1]-9618&alias=bigbird25.cern.ch&noUDP&sock=schedd_1627_90ad>
...
040 (9120205.000.000) 01/22 20:43:22 Started transferring input files
	Transferring to host: <188.185.214.182:9618?addrs=188.185.214.182-9618+[2001-1458-303-1d--100-32]-9618&alias=b9p30p9629.cern.ch&noUDP&sock=slot1_3_4331_54c9_127574>
...
040 (9120205.000.000) 01/22 20:43:22 Finished transferring input files
...
001 (9120205.000.000) 01/22 20:43:23 Job executing on host: <188.185.214.182:9618?addrs=188.185.214.182-9618+[2001-1458-303-1d--100-32]-9618&alias=b9p30p9629.cern.ch&noUDP&sock=startd_3711_040c>
	SlotName: slot1_3@b9p30p9629.cern.ch
	CondorScratchDir = "/pool/condor/dir_859612"
	Cpus = 1
	Disk = 3872
	GPUs = 0
	Memory = 3000
...
006 (9120205.000.000) 01/22 20:43:36 Image size of job updated: 76520
	75  -  MemoryUsage of job (MB)
	76520  -  ResidentSetSize of job (KB)
...
006 (9120205.000.000) 01/22 20:44:59 Image size of job updated: 305228
	75  -  MemoryUsage of job (MB)
	76544  -  ResidentSetSize of job (KB)
...
040 (9120205.000.000) 01/22 20:44:59 Started transferring output files
...
040 (9120205.000.000) 01/22 20:44:59 Finished transferring output files
...
005 (9120205.000.000) 01/22 20:44:59 Job terminated.
	(1) Normal termination (return value 0)
		Usr 0 00:01:10, Sys 0 00:00:02  -  Run Remote Usage
		Usr 0 00:00:00, Sys 0 00:00:00  -  Run Local Usage
		Usr 0 00:01:10, Sys 0 00:00:02  -  Total Remote Usage
		Usr 0 00:00:00, Sys 0 00:00:00  -  Total Local Usage
	7602  -  Run Bytes Sent By Job
	314  -  Run Bytes Received By Job
	7602  -  Total Bytes Sent By Job
	314  -  Total Bytes Received By Job
	Partitionable Resources :    Usage  Request Allocated 
	   Cpus                 :        0        1         1 
	   Disk (KB)            :       31        1      3872 
	   GPUs                 :                           0 
	   Memory (MB)          :       75     3000      3000 
	   TimeExecute (s)      :       96                    
	   TimeSlotBusy (s)     :       98                    

	Job terminated of its own accord at 2026-01-22T19:44:59Z with exit-code 0.
...
