000 (9120201.000.000) 01/22 20:39:20 Job submitted from host: <188.185.6.50:9618?addrs=188.185.6.50-9618+[2001-1458-d00-62--100-2b1]-9618&alias=bigbird25.cern.ch&noUDP&sock=schedd_1627_90ad>
...
040 (9120201.000.000) 01/22 20:43:26 Started transferring input files
	Transferring to host: <188.185.215.54:9618?addrs=188.185.215.54-9618+[2001-1458-303-1e--100-32]-9618&alias=b9p31p5250.cern.ch&noUDP&sock=slot1_2_4029_8b7d_135585>
...
040 (9120201.000.000) 01/22 20:43:26 Finished transferring input files
...
001 (9120201.000.000) 01/22 20:43:27 Job executing on host: <188.185.215.54:9618?addrs=188.185.215.54-9618+[2001-1458-303-1e--100-32]-9618&alias=b9p31p5250.cern.ch&noUDP&sock=startd_3452_5d04>
	SlotName: slot1_2@b9p31p5250.cern.ch
	CondorScratchDir = "/pool/condor/dir_3381592"
	Cpus = 1
	Disk = 3749
	GPUs = 0
	Memory = 3000
...
006 (9120201.000.000) 01/22 20:43:40 Image size of job updated: 6728
	7  -  MemoryUsage of job (MB)
	6728  -  ResidentSetSize of job (KB)
...
006 (9120201.000.000) 01/22 20:43:57 Image size of job updated: 168520
	7  -  MemoryUsage of job (MB)
	6728  -  ResidentSetSize of job (KB)
...
040 (9120201.000.000) 01/22 20:43:57 Started transferring output files
...
040 (9120201.000.000) 01/22 20:43:57 Finished transferring output files
...
005 (9120201.000.000) 01/22 20:43:57 Job terminated.
	(1) Normal termination (return value 0)
		Usr 0 00:00:08, Sys 0 00:00:01  -  Run Remote Usage
		Usr 0 00:00:00, Sys 0 00:00:00  -  Run Local Usage
		Usr 0 00:00:08, Sys 0 00:00:01  -  Total Remote Usage
		Usr 0 00:00:00, Sys 0 00:00:00  -  Total Local Usage
	6263  -  Run Bytes Sent By Job
	315  -  Run Bytes Received By Job
	6263  -  Total Bytes Sent By Job
	315  -  Total Bytes Received By Job
	Partitionable Resources :    Usage  Request Allocated 
	   Cpus                 :        0        1         1 
	   Disk (KB)            :       30        1      3749 
	   GPUs                 :                           0 
	   Memory (MB)          :        7     3000      3000 
	   TimeExecute (s)      :       30                    
	   TimeSlotBusy (s)     :       32                    

	Job terminated of its own accord at 2026-01-22T19:43:57Z with exit-code 0.
...
