000 (9120211.000.000) 01/22 20:39:23 Job submitted from host: <188.185.6.50:9618?addrs=188.185.6.50-9618+[2001-1458-d00-62--100-2b1]-9618&alias=bigbird25.cern.ch&noUDP&sock=schedd_1627_90ad>
...
040 (9120211.000.000) 01/22 20:43:24 Started transferring input files
	Transferring to host: <188.185.207.25:9618?addrs=188.185.207.25-9618+[2001-1458-303-d--100-16]-9618&alias=b9p07p3143.cern.ch&noUDP&sock=slot1_11_5900_d569_108557>
...
040 (9120211.000.000) 01/22 20:43:24 Finished transferring input files
...
001 (9120211.000.000) 01/22 20:43:25 Job executing on host: <188.185.207.25:9618?addrs=188.185.207.25-9618+[2001-1458-303-d--100-16]-9618&alias=b9p07p3143.cern.ch&noUDP&sock=startd_4855_b464>
	SlotName: slot1_11@b9p07p3143.cern.ch
	CondorScratchDir = "/pool/condor/dir_2505490"
	Cpus = 1
	Disk = 3788
	GPUs = 0
	Memory = 3000
...
006 (9120211.000.000) 01/22 20:43:38 Image size of job updated: 11844
	7  -  MemoryUsage of job (MB)
	6736  -  ResidentSetSize of job (KB)
...
006 (9120211.000.000) 01/22 20:44:24 Image size of job updated: 264716
	7  -  MemoryUsage of job (MB)
	6736  -  ResidentSetSize of job (KB)
...
040 (9120211.000.000) 01/22 20:44:24 Started transferring output files
...
040 (9120211.000.000) 01/22 20:44:24 Finished transferring output files
...
005 (9120211.000.000) 01/22 20:44:24 Job terminated.
	(1) Normal termination (return value 0)
		Usr 0 00:00:27, Sys 0 00:00:02  -  Run Remote Usage
		Usr 0 00:00:00, Sys 0 00:00:00  -  Run Local Usage
		Usr 0 00:00:27, Sys 0 00:00:02  -  Total Remote Usage
		Usr 0 00:00:00, Sys 0 00:00:00  -  Total Local Usage
	6617  -  Run Bytes Sent By Job
	314  -  Run Bytes Received By Job
	6617  -  Total Bytes Sent By Job
	314  -  Total Bytes Received By Job
	Partitionable Resources :    Usage  Request Allocated 
	   Cpus                 :        0        1         1 
	   Disk (KB)            :       33        1      3788 
	   GPUs                 :                           0 
	   Memory (MB)          :        7     3000      3000 
	   TimeExecute (s)      :       59                    
	   TimeSlotBusy (s)     :       62                    

	Job terminated of its own accord at 2026-01-22T19:44:24Z with exit-code 0.
...
