000 (9120212.000.000) 01/22 20:39:23 Job submitted from host: <188.185.6.50:9618?addrs=188.185.6.50-9618+[2001-1458-d00-62--100-2b1]-9618&alias=bigbird25.cern.ch&noUDP&sock=schedd_1627_90ad>
...
040 (9120212.000.000) 01/22 20:43:24 Started transferring input files
	Transferring to host: <188.185.215.173:9618?addrs=188.185.215.173-9618+[2001-1458-303-26--100-29]-9618&alias=b9p18p4420.cern.ch&noUDP&sock=slot1_33_5625_123e_133337>
...
040 (9120212.000.000) 01/22 20:43:24 Finished transferring input files
...
001 (9120212.000.000) 01/22 20:43:25 Job executing on host: <188.185.215.173:9618?addrs=188.185.215.173-9618+[2001-1458-303-26--100-29]-9618&alias=b9p18p4420.cern.ch&noUDP&sock=startd_4589_4033>
	SlotName: slot1_33@b9p18p4420.cern.ch
	CondorScratchDir = "/pool/condor/dir_2854697"
	Cpus = 1
	Disk = 3695
	GPUs = 0
	Memory = 3000
...
006 (9120212.000.000) 01/22 20:43:38 Image size of job updated: 105676
	104  -  MemoryUsage of job (MB)
	105676  -  ResidentSetSize of job (KB)
...
006 (9120212.000.000) 01/22 20:43:42 Image size of job updated: 142920
	104  -  MemoryUsage of job (MB)
	105872  -  ResidentSetSize of job (KB)
...
040 (9120212.000.000) 01/22 20:43:42 Started transferring output files
...
040 (9120212.000.000) 01/22 20:43:42 Finished transferring output files
...
005 (9120212.000.000) 01/22 20:43:42 Job terminated.
	(1) Normal termination (return value 0)
		Usr 0 00:00:03, Sys 0 00:00:02  -  Run Remote Usage
		Usr 0 00:00:00, Sys 0 00:00:00  -  Run Local Usage
		Usr 0 00:00:03, Sys 0 00:00:02  -  Total Remote Usage
		Usr 0 00:00:00, Sys 0 00:00:00  -  Total Local Usage
	5990  -  Run Bytes Sent By Job
	314  -  Run Bytes Received By Job
	5990  -  Total Bytes Sent By Job
	314  -  Total Bytes Received By Job
	Partitionable Resources :    Usage  Request Allocated 
	   Cpus                 :        0        1         1 
	   Disk (KB)            :       29        1      3695 
	   GPUs                 :                           0 
	   Memory (MB)          :      104     3000      3000 
	   TimeExecute (s)      :       17                    
	   TimeSlotBusy (s)     :       19                    

	Job terminated of its own accord at 2026-01-22T19:43:42Z with exit-code 0.
...
