000 (9120215.000.000) 01/22 20:39:23 Job submitted from host: <188.185.6.50:9618?addrs=188.185.6.50-9618+[2001-1458-d00-62--100-2b1]-9618&alias=bigbird25.cern.ch&noUDP&sock=schedd_1627_90ad>
...
040 (9120215.000.000) 01/22 20:43:28 Started transferring input files
	Transferring to host: <188.185.205.205:9618?addrs=188.185.205.205-9618+[2001-1458-303-a--100-4a]-9618&alias=b9p04p7493.cern.ch&noUDP&sock=slot1_28_6460_6780_110986>
...
040 (9120215.000.000) 01/22 20:43:28 Finished transferring input files
...
001 (9120215.000.000) 01/22 20:43:29 Job executing on host: <188.185.205.205:9618?addrs=188.185.205.205-9618+[2001-1458-303-a--100-4a]-9618&alias=b9p04p7493.cern.ch&noUDP&sock=startd_5522_360f>
	SlotName: slot1_28@b9p04p7493.cern.ch
	CondorScratchDir = "/pool/condor/dir_660401"
	Cpus = 1
	Disk = 3622
	GPUs = 0
	Memory = 3000
...
006 (9120215.000.000) 01/22 20:43:42 Image size of job updated: 166628
	163  -  MemoryUsage of job (MB)
	166628  -  ResidentSetSize of job (KB)
...
006 (9120215.000.000) 01/22 20:43:49 Image size of job updated: 166636
	163  -  MemoryUsage of job (MB)
	166628  -  ResidentSetSize of job (KB)
...
040 (9120215.000.000) 01/22 20:43:49 Started transferring output files
...
040 (9120215.000.000) 01/22 20:43:50 Finished transferring output files
...
005 (9120215.000.000) 01/22 20:43:50 Job terminated.
	(1) Normal termination (return value 0)
		Usr 0 00:00:10, Sys 0 00:00:01  -  Run Remote Usage
		Usr 0 00:00:00, Sys 0 00:00:00  -  Run Local Usage
		Usr 0 00:00:10, Sys 0 00:00:01  -  Total Remote Usage
		Usr 0 00:00:00, Sys 0 00:00:00  -  Total Local Usage
	6447  -  Run Bytes Sent By Job
	313  -  Run Bytes Received By Job
	6447  -  Total Bytes Sent By Job
	313  -  Total Bytes Received By Job
	Partitionable Resources :    Usage  Request Allocated 
	   Cpus                 :        0        1         1 
	   Disk (KB)            :       34        1      3622 
	   GPUs                 :                           0 
	   Memory (MB)          :      163     3000      3000 
	   TimeExecute (s)      :       20                    
	   TimeSlotBusy (s)     :       24                    

	Job terminated of its own accord at 2026-01-22T19:43:49Z with exit-code 0.
...
