000 (9120213.000.000) 01/22 20:39:23 Job submitted from host: <188.185.6.50:9618?addrs=188.185.6.50-9618+[2001-1458-d00-62--100-2b1]-9618&alias=bigbird25.cern.ch&noUDP&sock=schedd_1627_90ad>
...
040 (9120213.000.000) 01/22 20:43:24 Started transferring input files
	Transferring to host: <188.185.211.233:9618?addrs=188.185.211.233-9618+[2001-1458-303-17--100-65]-9618&alias=b9p24p5936.cern.ch&noUDP&sock=slot1_2_6949_f2f4_133296>
...
040 (9120213.000.000) 01/22 20:43:24 Finished transferring input files
...
001 (9120213.000.000) 01/22 20:43:25 Job executing on host: <188.185.211.233:9618?addrs=188.185.211.233-9618+[2001-1458-303-17--100-65]-9618&alias=b9p24p5936.cern.ch&noUDP&sock=startd_5795_776a>
	SlotName: slot1_2@b9p24p5936.cern.ch
	CondorScratchDir = "/pool/condor/dir_626480"
	Cpus = 1
	Disk = 3735
	GPUs = 0
	Memory = 3000
...
006 (9120213.000.000) 01/22 20:43:38 Image size of job updated: 52028
	51  -  MemoryUsage of job (MB)
	52028  -  ResidentSetSize of job (KB)
...
006 (9120213.000.000) 01/22 20:45:08 Image size of job updated: 173456
	51  -  MemoryUsage of job (MB)
	52104  -  ResidentSetSize of job (KB)
...
040 (9120213.000.000) 01/22 20:45:08 Started transferring output files
...
040 (9120213.000.000) 01/22 20:45:08 Finished transferring output files
...
005 (9120213.000.000) 01/22 20:45:08 Job terminated.
	(1) Normal termination (return value 0)
		Usr 0 00:01:06, Sys 0 00:00:02  -  Run Remote Usage
		Usr 0 00:00:00, Sys 0 00:00:00  -  Run Local Usage
		Usr 0 00:01:06, Sys 0 00:00:02  -  Total Remote Usage
		Usr 0 00:00:00, Sys 0 00:00:00  -  Total Local Usage
	7374  -  Run Bytes Sent By Job
	313  -  Run Bytes Received By Job
	7374  -  Total Bytes Sent By Job
	313  -  Total Bytes Received By Job
	Partitionable Resources :    Usage  Request Allocated 
	   Cpus                 :        0        1         1 
	   Disk (KB)            :       31        1      3735 
	   GPUs                 :                           0 
	   Memory (MB)          :       51     3000      3000 
	   TimeExecute (s)      :      103                    
	   TimeSlotBusy (s)     :      105                    

	Job terminated of its own accord at 2026-01-22T19:45:08Z with exit-code 0.
...
