000 (9120216.000.000) 01/22 20:39:24 Job submitted from host: <188.185.6.50:9618?addrs=188.185.6.50-9618+[2001-1458-d00-62--100-2b1]-9618&alias=bigbird25.cern.ch&noUDP&sock=schedd_1627_90ad>
...
040 (9120216.000.000) 01/22 20:43:25 Started transferring input files
	Transferring to host: <188.185.213.96:9618?addrs=188.185.213.96-9618+[2001-1458-303-1a--100-5c]-9618&alias=b9p27p4923.cern.ch&noUDP&sock=slot1_5_4585_4c14_135061>
...
040 (9120216.000.000) 01/22 20:43:25 Finished transferring input files
...
001 (9120216.000.000) 01/22 20:43:26 Job executing on host: <188.185.213.96:9618?addrs=188.185.213.96-9618+[2001-1458-303-1a--100-5c]-9618&alias=b9p27p4923.cern.ch&noUDP&sock=startd_3851_0b4e>
	SlotName: slot1_5@b9p27p4923.cern.ch
	CondorScratchDir = "/pool/condor/dir_946570"
	Cpus = 1
	Disk = 3872
	GPUs = 0
	Memory = 3000
...
006 (9120216.000.000) 01/22 20:43:39 Image size of job updated: 117872
	116  -  MemoryUsage of job (MB)
	117872  -  ResidentSetSize of job (KB)
...
006 (9120216.000.000) 01/22 20:43:42 Image size of job updated: 154168
	116  -  MemoryUsage of job (MB)
	118704  -  ResidentSetSize of job (KB)
...
040 (9120216.000.000) 01/22 20:43:42 Started transferring output files
...
040 (9120216.000.000) 01/22 20:43:42 Finished transferring output files
...
005 (9120216.000.000) 01/22 20:43:42 Job terminated.
	(1) Normal termination (return value 0)
		Usr 0 00:00:03, Sys 0 00:00:01  -  Run Remote Usage
		Usr 0 00:00:00, Sys 0 00:00:00  -  Run Local Usage
		Usr 0 00:00:03, Sys 0 00:00:01  -  Total Remote Usage
		Usr 0 00:00:00, Sys 0 00:00:00  -  Total Local Usage
	5988  -  Run Bytes Sent By Job
	313  -  Run Bytes Received By Job
	5988  -  Total Bytes Sent By Job
	313  -  Total Bytes Received By Job
	Partitionable Resources :    Usage  Request Allocated 
	   Cpus                 :        0        1         1 
	   Disk (KB)            :       29        1      3872 
	   GPUs                 :                           0 
	   Memory (MB)          :      116     3000      3000 
	   TimeExecute (s)      :       16                    
	   TimeSlotBusy (s)     :       18                    

	Job terminated of its own accord at 2026-01-22T19:43:42Z with exit-code 0.
...
