000 (9120214.000.000) 01/22 20:39:23 Job submitted from host: <188.185.6.50:9618?addrs=188.185.6.50-9618+[2001-1458-d00-62--100-2b1]-9618&alias=bigbird25.cern.ch&noUDP&sock=schedd_1627_90ad>
...
040 (9120214.000.000) 01/22 20:43:24 Started transferring input files
	Transferring to host: <188.185.211.175:9618?addrs=188.185.211.175-9618+[2001-1458-303-17--100-2b]-9618&alias=b9p24p5604.cern.ch&noUDP&sock=slot1_35_7271_d3c1_134746>
...
040 (9120214.000.000) 01/22 20:43:24 Finished transferring input files
...
001 (9120214.000.000) 01/22 20:43:25 Job executing on host: <188.185.211.175:9618?addrs=188.185.211.175-9618+[2001-1458-303-17--100-2b]-9618&alias=b9p24p5604.cern.ch&noUDP&sock=startd_6389_e6ab>
	SlotName: slot1_35@b9p24p5604.cern.ch
	CondorScratchDir = "/pool/condor/dir_2790206"
	Cpus = 1
	Disk = 3855
	GPUs = 0
	Memory = 3000
...
006 (9120214.000.000) 01/22 20:43:38 Image size of job updated: 77612
	76  -  MemoryUsage of job (MB)
	77612  -  ResidentSetSize of job (KB)
...
006 (9120214.000.000) 01/22 20:43:42 Image size of job updated: 135424
	76  -  MemoryUsage of job (MB)
	77620  -  ResidentSetSize of job (KB)
...
040 (9120214.000.000) 01/22 20:43:42 Started transferring output files
...
040 (9120214.000.000) 01/22 20:43:42 Finished transferring output files
...
005 (9120214.000.000) 01/22 20:43:42 Job terminated.
	(1) Normal termination (return value 0)
		Usr 0 00:00:03, Sys 0 00:00:02  -  Run Remote Usage
		Usr 0 00:00:00, Sys 0 00:00:00  -  Run Local Usage
		Usr 0 00:00:03, Sys 0 00:00:02  -  Total Remote Usage
		Usr 0 00:00:00, Sys 0 00:00:00  -  Total Local Usage
	5988  -  Run Bytes Sent By Job
	313  -  Run Bytes Received By Job
	5988  -  Total Bytes Sent By Job
	313  -  Total Bytes Received By Job
	Partitionable Resources :    Usage  Request Allocated 
	   Cpus                 :        0        1         1 
	   Disk (KB)            :       29        1      3855 
	   GPUs                 :                           0 
	   Memory (MB)          :       76     3000      3000 
	   TimeExecute (s)      :       17                    
	   TimeSlotBusy (s)     :       19                    

	Job terminated of its own accord at 2026-01-22T19:43:42Z with exit-code 0.
...
