000 (9120217.000.000) 01/22 20:39:24 Job submitted from host: <188.185.6.50:9618?addrs=188.185.6.50-9618+[2001-1458-d00-62--100-2b1]-9618&alias=bigbird25.cern.ch&noUDP&sock=schedd_1627_90ad>
...
040 (9120217.000.000) 01/22 20:43:28 Started transferring input files
	Transferring to host: <128.142.196.65:9618?addrs=128.142.196.65-9618+[2001-1458-301-3c--100-3f]-9618&alias=b9g32p1856.cern.ch&noUDP&sock=slot1_13_3161_f5da_133785>
...
040 (9120217.000.000) 01/22 20:43:28 Finished transferring input files
...
001 (9120217.000.000) 01/22 20:43:29 Job executing on host: <128.142.196.65:9618?addrs=128.142.196.65-9618+[2001-1458-301-3c--100-3f]-9618&alias=b9g32p1856.cern.ch&noUDP&sock=startd_2735_8f9c>
	SlotName: slot1_13@b9g32p1856.cern.ch
	CondorScratchDir = "/pool/condor/dir_2344574"
	Cpus = 1
	Disk = 3849
	GPUs = 0
	Memory = 3000
...
006 (9120217.000.000) 01/22 20:43:43 Image size of job updated: 173420
	170  -  MemoryUsage of job (MB)
	173420  -  ResidentSetSize of job (KB)
...
006 (9120217.000.000) 01/22 20:45:18 Image size of job updated: 230144
	170  -  MemoryUsage of job (MB)
	173420  -  ResidentSetSize of job (KB)
...
040 (9120217.000.000) 01/22 20:45:18 Started transferring output files
...
040 (9120217.000.000) 01/22 20:45:18 Finished transferring output files
...
005 (9120217.000.000) 01/22 20:45:18 Job terminated.
	(1) Normal termination (return value 0)
		Usr 0 00:01:13, Sys 0 00:00:02  -  Run Remote Usage
		Usr 0 00:00:00, Sys 0 00:00:00  -  Run Local Usage
		Usr 0 00:01:13, Sys 0 00:00:02  -  Total Remote Usage
		Usr 0 00:00:00, Sys 0 00:00:00  -  Total Local Usage
	8017  -  Run Bytes Sent By Job
	314  -  Run Bytes Received By Job
	8017  -  Total Bytes Sent By Job
	314  -  Total Bytes Received By Job
	Partitionable Resources :    Usage  Request Allocated 
	   Cpus                 :        0        1         1 
	   Disk (KB)            :       31        1      3849 
	   GPUs                 :                           0 
	   Memory (MB)          :      170     3000      3000 
	   TimeExecute (s)      :      109                    
	   TimeSlotBusy (s)     :      111                    

	Job terminated of its own accord at 2026-01-22T19:45:18Z with exit-code 0.
...
