000 (9120218.000.000) 01/22 20:39:24 Job submitted from host: <188.185.6.50:9618?addrs=188.185.6.50-9618+[2001-1458-d00-62--100-2b1]-9618&alias=bigbird25.cern.ch&noUDP&sock=schedd_1627_90ad>
...
040 (9120218.000.000) 01/22 20:43:29 Started transferring input files
	Transferring to host: <188.185.212.165:9618?addrs=188.185.212.165-9618+[2001-1458-303-19--100-21]-9618&alias=b9p26p3733.cern.ch&noUDP&sock=slot1_42_4570_ba73_130912>
...
040 (9120218.000.000) 01/22 20:43:29 Finished transferring input files
...
001 (9120218.000.000) 01/22 20:43:30 Job executing on host: <188.185.212.165:9618?addrs=188.185.212.165-9618+[2001-1458-303-19--100-21]-9618&alias=b9p26p3733.cern.ch&noUDP&sock=startd_3863_4671>
	SlotName: slot1_42@b9p26p3733.cern.ch
	CondorScratchDir = "/pool/condor/dir_186758"
	Cpus = 1
	Disk = 3820
	GPUs = 0
	Memory = 3000
...
006 (9120218.000.000) 01/22 20:43:43 Image size of job updated: 65688
	65  -  MemoryUsage of job (MB)
	65688  -  ResidentSetSize of job (KB)
...
006 (9120218.000.000) 01/22 20:43:47 Image size of job updated: 129180
	65  -  MemoryUsage of job (MB)
	65740  -  ResidentSetSize of job (KB)
...
040 (9120218.000.000) 01/22 20:43:47 Started transferring output files
...
040 (9120218.000.000) 01/22 20:43:47 Finished transferring output files
...
005 (9120218.000.000) 01/22 20:43:47 Job terminated.
	(1) Normal termination (return value 0)
		Usr 0 00:00:04, Sys 0 00:00:02  -  Run Remote Usage
		Usr 0 00:00:00, Sys 0 00:00:00  -  Run Local Usage
		Usr 0 00:00:04, Sys 0 00:00:02  -  Total Remote Usage
		Usr 0 00:00:00, Sys 0 00:00:00  -  Total Local Usage
	5990  -  Run Bytes Sent By Job
	314  -  Run Bytes Received By Job
	5990  -  Total Bytes Sent By Job
	314  -  Total Bytes Received By Job
	Partitionable Resources :    Usage  Request Allocated 
	   Cpus                 :        0        1         1 
	   Disk (KB)            :       29        1      3820 
	   GPUs                 :                           0 
	   Memory (MB)          :       65     3000      3000 
	   TimeExecute (s)      :       17                    
	   TimeSlotBusy (s)     :       18                    

	Job terminated of its own accord at 2026-01-22T19:43:47Z with exit-code 0.
...
