000 (9120219.000.000) 01/22 20:39:24 Job submitted from host: <188.185.6.50:9618?addrs=188.185.6.50-9618+[2001-1458-d00-62--100-2b1]-9618&alias=bigbird25.cern.ch&noUDP&sock=schedd_1627_90ad>
...
040 (9120219.000.000) 01/22 20:43:25 Started transferring input files
	Transferring to host: <188.185.204.187:9618?addrs=188.185.204.187-9618+[2001-1458-303-8--100-af]-9618&alias=b9p02p6866.cern.ch&noUDP&sock=slot1_18_10792_b0b0_112227>
...
040 (9120219.000.000) 01/22 20:43:25 Finished transferring input files
...
001 (9120219.000.000) 01/22 20:43:26 Job executing on host: <188.185.204.187:9618?addrs=188.185.204.187-9618+[2001-1458-303-8--100-af]-9618&alias=b9p02p6866.cern.ch&noUDP&sock=startd_10253_489e>
	SlotName: slot1_18@b9p02p6866.cern.ch
	CondorScratchDir = "/pool/condor/dir_907782"
	Cpus = 1
	Disk = 3793
	GPUs = 0
	Memory = 3000
...
006 (9120219.000.000) 01/22 20:43:39 Image size of job updated: 173228
	170  -  MemoryUsage of job (MB)
	173228  -  ResidentSetSize of job (KB)
...
006 (9120219.000.000) 01/22 20:44:38 Image size of job updated: 254608
	170  -  MemoryUsage of job (MB)
	173228  -  ResidentSetSize of job (KB)
...
040 (9120219.000.000) 01/22 20:44:38 Started transferring output files
...
040 (9120219.000.000) 01/22 20:44:38 Finished transferring output files
...
005 (9120219.000.000) 01/22 20:44:38 Job terminated.
	(1) Normal termination (return value 0)
		Usr 0 00:00:42, Sys 0 00:00:01  -  Run Remote Usage
		Usr 0 00:00:00, Sys 0 00:00:00  -  Run Local Usage
		Usr 0 00:00:42, Sys 0 00:00:01  -  Total Remote Usage
		Usr 0 00:00:00, Sys 0 00:00:00  -  Total Local Usage
	7534  -  Run Bytes Sent By Job
	313  -  Run Bytes Received By Job
	7534  -  Total Bytes Sent By Job
	313  -  Total Bytes Received By Job
	Partitionable Resources :    Usage  Request Allocated 
	   Cpus                 :        0        1         1 
	   Disk (KB)            :       34        1      3793 
	   GPUs                 :                           0 
	   Memory (MB)          :      170     3000      3000 
	   TimeExecute (s)      :       72                    
	   TimeSlotBusy (s)     :       74                    

	Job terminated of its own accord at 2026-01-22T19:44:38Z with exit-code 0.
...
