000 (9117589.000.000) 01/22 14:56:44 Job submitted from host: <188.185.6.50:9618?addrs=188.185.6.50-9618+[2001-1458-d00-62--100-2b1]-9618&alias=bigbird25.cern.ch&noUDP&sock=schedd_1627_90ad>
...
040 (9117589.000.000) 01/22 14:59:57 Started transferring input files
	Transferring to host: <188.185.210.188:9618?addrs=188.185.210.188-9618+[2001-1458-303-15--100-38]-9618&alias=b9p22p8460.cern.ch&noUDP&sock=slot1_10_7047_ffb8_155300>
...
040 (9117589.000.000) 01/22 14:59:57 Finished transferring input files
...
001 (9117589.000.000) 01/22 14:59:58 Job executing on host: <188.185.210.188:9618?addrs=188.185.210.188-9618+[2001-1458-303-15--100-38]-9618&alias=b9p22p8460.cern.ch&noUDP&sock=startd_6221_aac2>
	SlotName: slot1_10@b9p22p8460.cern.ch
	CondorScratchDir = "/pool/condor/dir_989392"
	Cpus = 1
	Disk = 3746
	GPUs = 0
	Memory = 3000
...
006 (9117589.000.000) 01/22 15:00:11 Image size of job updated: 273652
	268  -  MemoryUsage of job (MB)
	273652  -  ResidentSetSize of job (KB)
...
006 (9117589.000.000) 01/22 15:04:15 Image size of job updated: 436616
	268  -  MemoryUsage of job (MB)
	273652  -  ResidentSetSize of job (KB)
...
040 (9117589.000.000) 01/22 15:04:15 Started transferring output files
...
040 (9117589.000.000) 01/22 15:04:15 Finished transferring output files
...
005 (9117589.000.000) 01/22 15:04:15 Job terminated.
	(1) Normal termination (return value 0)
		Usr 0 00:02:34, Sys 0 00:00:02  -  Run Remote Usage
		Usr 0 00:00:00, Sys 0 00:00:00  -  Run Local Usage
		Usr 0 00:02:34, Sys 0 00:00:02  -  Total Remote Usage
		Usr 0 00:00:00, Sys 0 00:00:00  -  Total Local Usage
	10389  -  Run Bytes Sent By Job
	319  -  Run Bytes Received By Job
	10389  -  Total Bytes Sent By Job
	319  -  Total Bytes Received By Job
	Partitionable Resources :    Usage  Request Allocated 
	   Cpus                 :        0        1         1 
	   Disk (KB)            :       34        1      3746 
	   GPUs                 :                           0 
	   Memory (MB)          :      268     3000      3000 
	   TimeExecute (s)      :      257                    
	   TimeSlotBusy (s)     :      258                    

	Job terminated of its own accord at 2026-01-22T14:04:15Z with exit-code 0.
...
