000 (9117588.000.000) 01/22 14:56:44 Job submitted from host: <188.185.6.50:9618?addrs=188.185.6.50-9618+[2001-1458-d00-62--100-2b1]-9618&alias=bigbird25.cern.ch&noUDP&sock=schedd_1627_90ad>
...
040 (9117588.000.000) 01/22 14:59:58 Started transferring input files
	Transferring to host: <188.185.214.18:9618?addrs=188.185.214.18-9618+[2001-1458-303-1c--100-e]-9618&alias=b9p29p4113.cern.ch&noUDP&sock=slot1_4_5135_d26a_12371>
...
040 (9117588.000.000) 01/22 14:59:58 Finished transferring input files
...
001 (9117588.000.000) 01/22 14:59:59 Job executing on host: <188.185.214.18:9618?addrs=188.185.214.18-9618+[2001-1458-303-1c--100-e]-9618&alias=b9p29p4113.cern.ch&noUDP&sock=startd_4246_fb37>
	SlotName: slot1_4@b9p29p4113.cern.ch
	CondorScratchDir = "/pool/condor/dir_896009"
	Cpus = 1
	Disk = 3736
	GPUs = 0
	Memory = 3000
...
006 (9117588.000.000) 01/22 15:00:12 Image size of job updated: 180768
	177  -  MemoryUsage of job (MB)
	180768  -  ResidentSetSize of job (KB)
...
006 (9117588.000.000) 01/22 15:04:19 Image size of job updated: 445172
	177  -  MemoryUsage of job (MB)
	180768  -  ResidentSetSize of job (KB)
...
040 (9117588.000.000) 01/22 15:04:19 Started transferring output files
...
040 (9117588.000.000) 01/22 15:04:19 Finished transferring output files
...
005 (9117588.000.000) 01/22 15:04:20 Job terminated.
	(1) Normal termination (return value 0)
		Usr 0 00:02:31, Sys 0 00:00:03  -  Run Remote Usage
		Usr 0 00:00:00, Sys 0 00:00:00  -  Run Local Usage
		Usr 0 00:02:31, Sys 0 00:00:03  -  Total Remote Usage
		Usr 0 00:00:00, Sys 0 00:00:00  -  Total Local Usage
	10267  -  Run Bytes Sent By Job
	319  -  Run Bytes Received By Job
	10267  -  Total Bytes Sent By Job
	319  -  Total Bytes Received By Job
	Partitionable Resources :    Usage  Request Allocated 
	   Cpus                 :        0        1         1 
	   Disk (KB)            :       33        1      3736 
	   GPUs                 :                           0 
	   Memory (MB)          :      177     3000      3000 
	   TimeExecute (s)      :      260                    
	   TimeSlotBusy (s)     :      262                    

	Job terminated of its own accord at 2026-01-22T14:04:19Z with exit-code 0.
...
