000 (9117587.000.000) 01/22 14:56:43 Job submitted from host: <188.185.6.50:9618?addrs=188.185.6.50-9618+[2001-1458-d00-62--100-2b1]-9618&alias=bigbird25.cern.ch&noUDP&sock=schedd_1627_90ad>
...
040 (9117587.000.000) 01/22 14:59:58 Started transferring input files
	Transferring to host: <188.185.213.196:9618?addrs=188.185.213.196-9618+[2001-1458-303-1b--100-40]-9618&alias=b9p28p7375.cern.ch&noUDP&sock=slot1_7_8341_bd2c_153912>
...
040 (9117587.000.000) 01/22 14:59:58 Finished transferring input files
...
001 (9117587.000.000) 01/22 14:59:59 Job executing on host: <188.185.213.196:9618?addrs=188.185.213.196-9618+[2001-1458-303-1b--100-40]-9618&alias=b9p28p7375.cern.ch&noUDP&sock=startd_7229_1239>
	SlotName: slot1_7@b9p28p7375.cern.ch
	CondorScratchDir = "/pool/condor/dir_3635769"
	Cpus = 1
	Disk = 3838
	GPUs = 0
	Memory = 3000
...
006 (9117587.000.000) 01/22 15:00:10 Image size of job updated: 129144
	0  -  MemoryUsage of job (MB)
	0  -  ResidentSetSize of job (KB)
...
040 (9117587.000.000) 01/22 15:00:10 Started transferring output files
...
040 (9117587.000.000) 01/22 15:00:10 Finished transferring output files
...
005 (9117587.000.000) 01/22 15:00:10 Job terminated.
	(1) Normal termination (return value 0)
		Usr 0 00:00:02, Sys 0 00:00:01  -  Run Remote Usage
		Usr 0 00:00:00, Sys 0 00:00:00  -  Run Local Usage
		Usr 0 00:00:02, Sys 0 00:00:01  -  Total Remote Usage
		Usr 0 00:00:00, Sys 0 00:00:00  -  Total Local Usage
	6023  -  Run Bytes Sent By Job
	323  -  Run Bytes Received By Job
	6023  -  Total Bytes Sent By Job
	323  -  Total Bytes Received By Job
	Partitionable Resources :    Usage  Request Allocated 
	   Cpus                 :        0        1         1 
	   Disk (KB)            :       29        1      3838 
	   GPUs                 :                           0 
	   Memory (MB)          :        0     3000      3000 
	   TimeExecute (s)      :       11                    
	   TimeSlotBusy (s)     :       13                    

	Job terminated of its own accord at 2026-01-22T14:00:10Z with exit-code 0.
...
