000 (9117590.000.000) 01/22 14:56:44 Job submitted from host: <188.185.6.50:9618?addrs=188.185.6.50-9618+[2001-1458-d00-62--100-2b1]-9618&alias=bigbird25.cern.ch&noUDP&sock=schedd_1627_90ad>
...
040 (9117590.000.000) 01/22 14:59:59 Started transferring input files
	Transferring to host: <188.185.213.176:9618?addrs=188.185.213.176-9618+[2001-1458-303-1b--100-2c]-9618&alias=b9p28p9743.cern.ch&noUDP&sock=slot1_9_4217_0205_154609>
...
040 (9117590.000.000) 01/22 14:59:59 Finished transferring input files
...
001 (9117590.000.000) 01/22 15:00:00 Job executing on host: <188.185.213.176:9618?addrs=188.185.213.176-9618+[2001-1458-303-1b--100-2c]-9618&alias=b9p28p9743.cern.ch&noUDP&sock=startd_3520_0175>
	SlotName: slot1_9@b9p28p9743.cern.ch
	CondorScratchDir = "/pool/condor/dir_305841"
	Cpus = 1
	Disk = 3865
	GPUs = 0
	Memory = 3000
...
006 (9117590.000.000) 01/22 15:00:14 Image size of job updated: 7420
	8  -  MemoryUsage of job (MB)
	7420  -  ResidentSetSize of job (KB)
...
006 (9117590.000.000) 01/22 15:04:29 Image size of job updated: 445212
	8  -  MemoryUsage of job (MB)
	7424  -  ResidentSetSize of job (KB)
...
040 (9117590.000.000) 01/22 15:04:29 Started transferring output files
...
040 (9117590.000.000) 01/22 15:04:29 Finished transferring output files
...
005 (9117590.000.000) 01/22 15:04:29 Job terminated.
	(1) Normal termination (return value 0)
		Usr 0 00:02:59, Sys 0 00:00:03  -  Run Remote Usage
		Usr 0 00:00:00, Sys 0 00:00:00  -  Run Local Usage
		Usr 0 00:02:59, Sys 0 00:00:03  -  Total Remote Usage
		Usr 0 00:00:00, Sys 0 00:00:00  -  Total Local Usage
	9717  -  Run Bytes Sent By Job
	319  -  Run Bytes Received By Job
	9717  -  Total Bytes Sent By Job
	319  -  Total Bytes Received By Job
	Partitionable Resources :    Usage  Request Allocated 
	   Cpus                 :        0        1         1 
	   Disk (KB)            :       33        1      3865 
	   GPUs                 :                           0 
	   Memory (MB)          :        8     3000      3000 
	   TimeExecute (s)      :      269                    
	   TimeSlotBusy (s)     :      271                    

	Job terminated of its own accord at 2026-01-22T14:04:29Z with exit-code 0.
...
