000 (9117586.000.000) 01/22 14:56:43 Job submitted from host: <188.185.6.50:9618?addrs=188.185.6.50-9618+[2001-1458-d00-62--100-2b1]-9618&alias=bigbird25.cern.ch&noUDP&sock=schedd_1627_90ad>
...
040 (9117586.000.000) 01/22 14:59:57 Started transferring input files
	Transferring to host: <188.185.205.202:9618?addrs=188.185.205.202-9618+[2001-1458-303-a--100-47]-9618&alias=b9p04p1577.cern.ch&noUDP&sock=slot1_7_4053_747e_111857>
...
040 (9117586.000.000) 01/22 14:59:57 Finished transferring input files
...
001 (9117586.000.000) 01/22 14:59:58 Job executing on host: <188.185.205.202:9618?addrs=188.185.205.202-9618+[2001-1458-303-a--100-47]-9618&alias=b9p04p1577.cern.ch&noUDP&sock=startd_3603_efd1>
	SlotName: slot1_7@b9p04p1577.cern.ch
	CondorScratchDir = "/pool/condor/dir_371794"
	Cpus = 1
	Disk = 3803
	GPUs = 0
	Memory = 3000
...
006 (9117586.000.000) 01/22 15:00:12 Image size of job updated: 164916
	162  -  MemoryUsage of job (MB)
	164916  -  ResidentSetSize of job (KB)
...
040 (9117586.000.000) 01/22 15:00:13 Started transferring output files
...
040 (9117586.000.000) 01/22 15:00:13 Finished transferring output files
...
005 (9117586.000.000) 01/22 15:00:13 Job terminated.
	(1) Normal termination (return value 0)
		Usr 0 00:00:04, Sys 0 00:00:02  -  Run Remote Usage
		Usr 0 00:00:00, Sys 0 00:00:00  -  Run Local Usage
		Usr 0 00:00:04, Sys 0 00:00:02  -  Total Remote Usage
		Usr 0 00:00:00, Sys 0 00:00:00  -  Total Local Usage
	6224  -  Run Bytes Sent By Job
	323  -  Run Bytes Received By Job
	6224  -  Total Bytes Sent By Job
	323  -  Total Bytes Received By Job
	Partitionable Resources :    Usage  Request Allocated 
	   Cpus                 :        0        1         1 
	   Disk (KB)            :       32        1      3803 
	   GPUs                 :                           0 
	   Memory (MB)          :      162     3000      3000 
	   TimeExecute (s)      :       15                    
	   TimeSlotBusy (s)     :       17                    

	Job terminated of its own accord at 2026-01-22T14:00:13Z with exit-code 0.
...
