000 (9117591.000.000) 01/22 14:56:45 Job submitted from host: <188.185.6.50:9618?addrs=188.185.6.50-9618+[2001-1458-d00-62--100-2b1]-9618&alias=bigbird25.cern.ch&noUDP&sock=schedd_1627_90ad>
...
040 (9117591.000.000) 01/22 14:59:59 Started transferring input files
	Transferring to host: <188.185.210.141:9618?addrs=188.185.210.141-9618+[2001-1458-303-15--100-9]-9618&alias=b9p22p1147.cern.ch&noUDP&sock=slot1_33_4463_564f_158256>
...
040 (9117591.000.000) 01/22 14:59:59 Finished transferring input files
...
001 (9117591.000.000) 01/22 15:00:00 Job executing on host: <188.185.210.141:9618?addrs=188.185.210.141-9618+[2001-1458-303-15--100-9]-9618&alias=b9p22p1147.cern.ch&noUDP&sock=startd_3820_c7de>
	SlotName: slot1_33@b9p22p1147.cern.ch
	CondorScratchDir = "/pool/condor/dir_1803570"
	Cpus = 1
	Disk = 3869
	GPUs = 0
	Memory = 3000
...
006 (9117591.000.000) 01/22 15:00:11 Image size of job updated: 144780
	0  -  MemoryUsage of job (MB)
	0  -  ResidentSetSize of job (KB)
...
040 (9117591.000.000) 01/22 15:00:11 Started transferring output files
...
040 (9117591.000.000) 01/22 15:00:11 Finished transferring output files
...
005 (9117591.000.000) 01/22 15:00:11 Job terminated.
	(1) Normal termination (return value 0)
		Usr 0 00:00:02, Sys 0 00:00:01  -  Run Remote Usage
		Usr 0 00:00:00, Sys 0 00:00:00  -  Run Local Usage
		Usr 0 00:00:02, Sys 0 00:00:01  -  Total Remote Usage
		Usr 0 00:00:00, Sys 0 00:00:00  -  Total Local Usage
	6014  -  Run Bytes Sent By Job
	319  -  Run Bytes Received By Job
	6014  -  Total Bytes Sent By Job
	319  -  Total Bytes Received By Job
	Partitionable Resources :    Usage  Request Allocated 
	   Cpus                 :        0        1         1 
	   Disk (KB)            :       29        1      3869 
	   GPUs                 :                           0 
	   Memory (MB)          :        0     3000      3000 
	   TimeExecute (s)      :       11                    
	   TimeSlotBusy (s)     :       13                    

	Job terminated of its own accord at 2026-01-22T14:00:11Z with exit-code 0.
...
