000 (9117579.000.000) 01/22 14:56:41 Job submitted from host: <188.185.6.50:9618?addrs=188.185.6.50-9618+[2001-1458-d00-62--100-2b1]-9618&alias=bigbird25.cern.ch&noUDP&sock=schedd_1627_90ad>
...
040 (9117579.000.000) 01/22 15:00:06 Started transferring input files
	Transferring to host: <188.185.204.251:9618?addrs=188.185.204.251-9618+[2001-1458-303-8--100-78]-9618&alias=b9p02p8722.cern.ch&noUDP&sock=slot1_60_11985_4440_111531>
...
040 (9117579.000.000) 01/22 15:00:06 Finished transferring input files
...
001 (9117579.000.000) 01/22 15:00:07 Job executing on host: <188.185.204.251:9618?addrs=188.185.204.251-9618+[2001-1458-303-8--100-78]-9618&alias=b9p02p8722.cern.ch&noUDP&sock=startd_11580_7ecb>
	SlotName: slot1_60@b9p02p8722.cern.ch
	CondorScratchDir = "/pool/condor/dir_1142150"
	Cpus = 1
	Disk = 3826
	GPUs = 0
	Memory = 3000
...
006 (9117579.000.000) 01/22 15:00:21 Image size of job updated: 123532
	121  -  MemoryUsage of job (MB)
	123532  -  ResidentSetSize of job (KB)
...
006 (9117579.000.000) 01/22 15:04:00 Image size of job updated: 248512
	121  -  MemoryUsage of job (MB)
	123532  -  ResidentSetSize of job (KB)
...
040 (9117579.000.000) 01/22 15:04:00 Started transferring output files
...
040 (9117579.000.000) 01/22 15:04:00 Finished transferring output files
...
005 (9117579.000.000) 01/22 15:04:00 Job terminated.
	(1) Normal termination (return value 0)
		Usr 0 00:02:59, Sys 0 00:00:03  -  Run Remote Usage
		Usr 0 00:00:00, Sys 0 00:00:00  -  Run Local Usage
		Usr 0 00:02:59, Sys 0 00:00:03  -  Total Remote Usage
		Usr 0 00:00:00, Sys 0 00:00:00  -  Total Local Usage
	10271  -  Run Bytes Sent By Job
	323  -  Run Bytes Received By Job
	10271  -  Total Bytes Sent By Job
	323  -  Total Bytes Received By Job
	Partitionable Resources :    Usage  Request Allocated 
	   Cpus                 :     0.02        1         1 
	   Disk (KB)            :    38           1      3826 
	   GPUs                 :                           0 
	   Memory (MB)          :   121        3000      3000 
	   TimeExecute (s)      :   233                       
	   TimeSlotBusy (s)     :   235                       

	Job terminated of its own accord at 2026-01-22T14:04:00Z with exit-code 0.
...
