000 (9117584.000.000) 01/22 14:56:42 Job submitted from host: <188.185.6.50:9618?addrs=188.185.6.50-9618+[2001-1458-d00-62--100-2b1]-9618&alias=bigbird25.cern.ch&noUDP&sock=schedd_1627_90ad>
...
040 (9117584.000.000) 01/22 14:59:57 Started transferring input files
	Transferring to host: <188.185.206.139:9618?addrs=188.185.206.139-9618+[2001-1458-303-c--100-8]-9618&alias=b9p06p3069.cern.ch&noUDP&sock=slot1_26_4788_543c_108427>
...
040 (9117584.000.000) 01/22 14:59:57 Finished transferring input files
...
001 (9117584.000.000) 01/22 14:59:58 Job executing on host: <188.185.206.139:9618?addrs=188.185.206.139-9618+[2001-1458-303-c--100-8]-9618&alias=b9p06p3069.cern.ch&noUDP&sock=startd_4009_6b45>
	SlotName: slot1_26@b9p06p3069.cern.ch
	CondorScratchDir = "/pool/condor/dir_2058243"
	Cpus = 1
	Disk = 3722
	GPUs = 0
	Memory = 3000
...
006 (9117584.000.000) 01/22 15:00:12 Image size of job updated: 149280
	146  -  MemoryUsage of job (MB)
	149280  -  ResidentSetSize of job (KB)
...
006 (9117584.000.000) 01/22 15:03:24 Image size of job updated: 244252
	146  -  MemoryUsage of job (MB)
	149320  -  ResidentSetSize of job (KB)
...
040 (9117584.000.000) 01/22 15:03:24 Started transferring output files
...
040 (9117584.000.000) 01/22 15:03:24 Finished transferring output files
...
005 (9117584.000.000) 01/22 15:03:24 Job terminated.
	(1) Normal termination (return value 0)
		Usr 0 00:02:40, Sys 0 00:00:03  -  Run Remote Usage
		Usr 0 00:00:00, Sys 0 00:00:00  -  Run Local Usage
		Usr 0 00:02:40, Sys 0 00:00:03  -  Total Remote Usage
		Usr 0 00:00:00, Sys 0 00:00:00  -  Total Local Usage
	10271  -  Run Bytes Sent By Job
	323  -  Run Bytes Received By Job
	10271  -  Total Bytes Sent By Job
	323  -  Total Bytes Received By Job
	Partitionable Resources :    Usage  Request Allocated 
	   Cpus                 :        0        1         1 
	   Disk (KB)            :       37        1      3722 
	   GPUs                 :                           0 
	   Memory (MB)          :      146     3000      3000 
	   TimeExecute (s)      :      206                    
	   TimeSlotBusy (s)     :      208                    

	Job terminated of its own accord at 2026-01-22T14:03:24Z with exit-code 0.
...
