000 (9117580.000.000) 01/22 14:56:41 Job submitted from host: <188.185.6.50:9618?addrs=188.185.6.50-9618+[2001-1458-d00-62--100-2b1]-9618&alias=bigbird25.cern.ch&noUDP&sock=schedd_1627_90ad>
...
040 (9117580.000.000) 01/22 14:59:55 Started transferring input files
	Transferring to host: <188.185.209.16:9618?addrs=188.185.209.16-9618+[2001-1458-303-11--100-d]-9618&alias=b9p11p3843.cern.ch&noUDP&sock=slot1_39_9162_352e_109988>
...
040 (9117580.000.000) 01/22 14:59:55 Finished transferring input files
...
001 (9117580.000.000) 01/22 14:59:56 Job executing on host: <188.185.209.16:9618?addrs=188.185.209.16-9618+[2001-1458-303-11--100-d]-9618&alias=b9p11p3843.cern.ch&noUDP&sock=startd_7636_3d45>
	SlotName: slot1_39@b9p11p3843.cern.ch
	CondorScratchDir = "/pool/condor/dir_3846692"
	Cpus = 1
	Disk = 3584
	GPUs = 0
	Memory = 3000
...
006 (9117580.000.000) 01/22 15:00:09 Image size of job updated: 154264
	151  -  MemoryUsage of job (MB)
	154264  -  ResidentSetSize of job (KB)
...
006 (9117580.000.000) 01/22 15:00:44 Image size of job updated: 241948
	151  -  MemoryUsage of job (MB)
	154264  -  ResidentSetSize of job (KB)
...
040 (9117580.000.000) 01/22 15:00:44 Started transferring output files
...
040 (9117580.000.000) 01/22 15:00:44 Finished transferring output files
...
005 (9117580.000.000) 01/22 15:00:44 Job terminated.
	(1) Normal termination (return value 0)
		Usr 0 00:00:33, Sys 0 00:00:02  -  Run Remote Usage
		Usr 0 00:00:00, Sys 0 00:00:00  -  Run Local Usage
		Usr 0 00:00:33, Sys 0 00:00:02  -  Total Remote Usage
		Usr 0 00:00:00, Sys 0 00:00:00  -  Total Local Usage
	6991  -  Run Bytes Sent By Job
	323  -  Run Bytes Received By Job
	6991  -  Total Bytes Sent By Job
	323  -  Total Bytes Received By Job
	Partitionable Resources :    Usage  Request Allocated 
	   Cpus                 :                 1         1 
	   Disk (KB)            :       24        1      3584 
	   GPUs                 :                           0 
	   Memory (MB)          :      151     3000      3000 
	   TimeExecute (s)      :       48                    
	   TimeSlotBusy (s)     :       50                    

	Job terminated of its own accord at 2026-01-22T14:00:44Z with exit-code 0.
...
