000 (9117583.000.000) 01/22 14:56:42 Job submitted from host: <188.185.6.50:9618?addrs=188.185.6.50-9618+[2001-1458-d00-62--100-2b1]-9618&alias=bigbird25.cern.ch&noUDP&sock=schedd_1627_90ad>
...
040 (9117583.000.000) 01/22 14:59:56 Started transferring input files
	Transferring to host: <188.185.208.90:9618?addrs=188.185.208.90-9618+[2001-1458-303-f--100-57]-9618&alias=b9p09p3138.cern.ch&noUDP&sock=slot1_13_4267_3cc7_114861>
...
040 (9117583.000.000) 01/22 14:59:56 Finished transferring input files
...
001 (9117583.000.000) 01/22 14:59:57 Job executing on host: <188.185.208.90:9618?addrs=188.185.208.90-9618+[2001-1458-303-f--100-57]-9618&alias=b9p09p3138.cern.ch&noUDP&sock=startd_3673_f372>
	SlotName: slot1_13@b9p09p3138.cern.ch
	CondorScratchDir = "/pool/condor/dir_973838"
	Cpus = 1
	Disk = 3643
	GPUs = 0
	Memory = 3000
...
006 (9117583.000.000) 01/22 15:00:10 Image size of job updated: 154216
	151  -  MemoryUsage of job (MB)
	154216  -  ResidentSetSize of job (KB)
...
006 (9117583.000.000) 01/22 15:00:39 Image size of job updated: 204956
	151  -  MemoryUsage of job (MB)
	154216  -  ResidentSetSize of job (KB)
...
040 (9117583.000.000) 01/22 15:00:39 Started transferring output files
...
040 (9117583.000.000) 01/22 15:00:39 Finished transferring output files
...
005 (9117583.000.000) 01/22 15:00:39 Job terminated.
	(1) Normal termination (return value 0)
		Usr 0 00:00:27, Sys 0 00:00:02  -  Run Remote Usage
		Usr 0 00:00:00, Sys 0 00:00:00  -  Run Local Usage
		Usr 0 00:00:27, Sys 0 00:00:02  -  Total Remote Usage
		Usr 0 00:00:00, Sys 0 00:00:00  -  Total Local Usage
	6865  -  Run Bytes Sent By Job
	323  -  Run Bytes Received By Job
	6865  -  Total Bytes Sent By Job
	323  -  Total Bytes Received By Job
	Partitionable Resources :    Usage  Request Allocated 
	   Cpus                 :        0        1         1 
	   Disk (KB)            :       34        1      3643 
	   GPUs                 :                           0 
	   Memory (MB)          :      151     3000      3000 
	   TimeExecute (s)      :       42                    
	   TimeSlotBusy (s)     :       44                    

	Job terminated of its own accord at 2026-01-22T14:00:39Z with exit-code 0.
...
