000 (9117585.000.000) 01/22 14:56:43 Job submitted from host: <188.185.6.50:9618?addrs=188.185.6.50-9618+[2001-1458-d00-62--100-2b1]-9618&alias=bigbird25.cern.ch&noUDP&sock=schedd_1627_90ad>
...
040 (9117585.000.000) 01/22 14:59:57 Started transferring input files
	Transferring to host: <188.185.205.151:9618?addrs=188.185.205.151-9618+[2001-1458-303-a--100-14]-9618&alias=b9p04p6494.cern.ch&noUDP&sock=slot1_3_6728_3c0b_110026>
...
040 (9117585.000.000) 01/22 14:59:57 Finished transferring input files
...
001 (9117585.000.000) 01/22 14:59:58 Job executing on host: <188.185.205.151:9618?addrs=188.185.205.151-9618+[2001-1458-303-a--100-14]-9618&alias=b9p04p6494.cern.ch&noUDP&sock=startd_5646_43ce>
	SlotName: slot1_3@b9p04p6494.cern.ch
	CondorScratchDir = "/pool/condor/dir_709966"
	Cpus = 1
	Disk = 3682
	GPUs = 0
	Memory = 3000
...
006 (9117585.000.000) 01/22 15:00:12 Image size of job updated: 174208
	171  -  MemoryUsage of job (MB)
	174208  -  ResidentSetSize of job (KB)
...
006 (9117585.000.000) 01/22 15:02:20 Image size of job updated: 233576
	171  -  MemoryUsage of job (MB)
	174208  -  ResidentSetSize of job (KB)
...
040 (9117585.000.000) 01/22 15:02:20 Started transferring output files
...
040 (9117585.000.000) 01/22 15:02:20 Finished transferring output files
...
005 (9117585.000.000) 01/22 15:02:20 Job terminated.
	(1) Normal termination (return value 0)
		Usr 0 00:01:58, Sys 0 00:00:03  -  Run Remote Usage
		Usr 0 00:00:00, Sys 0 00:00:00  -  Run Local Usage
		Usr 0 00:01:58, Sys 0 00:00:03  -  Total Remote Usage
		Usr 0 00:00:00, Sys 0 00:00:00  -  Total Local Usage
	9175  -  Run Bytes Sent By Job
	323  -  Run Bytes Received By Job
	9175  -  Total Bytes Sent By Job
	323  -  Total Bytes Received By Job
	Partitionable Resources :    Usage  Request Allocated 
	   Cpus                 :        0        1         1 
	   Disk (KB)            :       36        1      3682 
	   GPUs                 :                           0 
	   Memory (MB)          :      171     3000      3000 
	   TimeExecute (s)      :      142                    
	   TimeSlotBusy (s)     :      144                    

	Job terminated of its own accord at 2026-01-22T14:02:20Z with exit-code 0.
...
