000 (9117614.000.000) 01/22 14:56:52 Job submitted from host: <188.185.6.50:9618?addrs=188.185.6.50-9618+[2001-1458-d00-62--100-2b1]-9618&alias=bigbird25.cern.ch&noUDP&sock=schedd_1627_90ad>
...
040 (9117614.000.000) 01/22 15:00:07 Started transferring input files
	Transferring to host: <188.185.212.185:9618?addrs=188.185.212.185-9618+[2001-1458-303-19--100-35]-9618&alias=b9p26p4565.cern.ch&noUDP&sock=slot1_29_5684_a460_132565>
...
040 (9117614.000.000) 01/22 15:00:07 Finished transferring input files
...
001 (9117614.000.000) 01/22 15:00:08 Job executing on host: <188.185.212.185:9618?addrs=188.185.212.185-9618+[2001-1458-303-19--100-35]-9618&alias=b9p26p4565.cern.ch&noUDP&sock=startd_4778_e399>
	SlotName: slot1_29@b9p26p4565.cern.ch
	CondorScratchDir = "/pool/condor/dir_1430387"
	Cpus = 1
	Disk = 3781
	GPUs = 0
	Memory = 3000
...
006 (9117614.000.000) 01/22 15:00:22 Image size of job updated: 168528
	165  -  MemoryUsage of job (MB)
	168528  -  ResidentSetSize of job (KB)
...
006 (9117614.000.000) 01/22 15:00:38 Image size of job updated: 168536
	165  -  MemoryUsage of job (MB)
	168528  -  ResidentSetSize of job (KB)
...
040 (9117614.000.000) 01/22 15:00:39 Started transferring output files
...
040 (9117614.000.000) 01/22 15:00:39 Finished transferring output files
...
005 (9117614.000.000) 01/22 15:00:39 Job terminated.
	(1) Normal termination (return value 0)
		Usr 0 00:00:19, Sys 0 00:00:02  -  Run Remote Usage
		Usr 0 00:00:00, Sys 0 00:00:00  -  Run Local Usage
		Usr 0 00:00:19, Sys 0 00:00:02  -  Total Remote Usage
		Usr 0 00:00:00, Sys 0 00:00:00  -  Total Local Usage
	6520  -  Run Bytes Sent By Job
	324  -  Run Bytes Received By Job
	6520  -  Total Bytes Sent By Job
	324  -  Total Bytes Received By Job
	Partitionable Resources :    Usage  Request Allocated 
	   Cpus                 :        0        1         1 
	   Disk (KB)            :       30        1      3781 
	   GPUs                 :                           0 
	   Memory (MB)          :      165     3000      3000 
	   TimeExecute (s)      :       30                    
	   TimeSlotBusy (s)     :       32                    

	Job terminated of its own accord at 2026-01-22T14:00:38Z with exit-code 0.
...
