000 (9117617.000.000) 01/22 14:56:52 Job submitted from host: <188.185.6.50:9618?addrs=188.185.6.50-9618+[2001-1458-d00-62--100-2b1]-9618&alias=bigbird25.cern.ch&noUDP&sock=schedd_1627_90ad>
...
040 (9117617.000.000) 01/22 15:00:08 Started transferring input files
	Transferring to host: <188.185.211.184:9618?addrs=188.185.211.184-9618+[2001-1458-303-17--100-34]-9618&alias=b9p24p6475.cern.ch&noUDP&sock=slot1_14_6907_5b32_132220>
...
040 (9117617.000.000) 01/22 15:00:08 Finished transferring input files
...
001 (9117617.000.000) 01/22 15:00:09 Job executing on host: <188.185.211.184:9618?addrs=188.185.211.184-9618+[2001-1458-303-17--100-34]-9618&alias=b9p24p6475.cern.ch&noUDP&sock=startd_5885_32f0>
	SlotName: slot1_14@b9p24p6475.cern.ch
	CondorScratchDir = "/pool/condor/dir_159968"
	Cpus = 1
	Disk = 3838
	GPUs = 0
	Memory = 3000
...
006 (9117617.000.000) 01/22 15:00:23 Image size of job updated: 154208
	151  -  MemoryUsage of job (MB)
	154208  -  ResidentSetSize of job (KB)
...
040 (9117617.000.000) 01/22 15:00:24 Started transferring output files
...
040 (9117617.000.000) 01/22 15:00:24 Finished transferring output files
...
005 (9117617.000.000) 01/22 15:00:24 Job terminated.
	(1) Normal termination (return value 0)
		Usr 0 00:00:03, Sys 0 00:00:01  -  Run Remote Usage
		Usr 0 00:00:00, Sys 0 00:00:00  -  Run Local Usage
		Usr 0 00:00:03, Sys 0 00:00:01  -  Total Remote Usage
		Usr 0 00:00:00, Sys 0 00:00:00  -  Total Local Usage
	5990  -  Run Bytes Sent By Job
	313  -  Run Bytes Received By Job
	5990  -  Total Bytes Sent By Job
	313  -  Total Bytes Received By Job
	Partitionable Resources :    Usage  Request Allocated 
	   Cpus                 :        0        1         1 
	   Disk (KB)            :       29        1      3838 
	   GPUs                 :                           0 
	   Memory (MB)          :      151     3000      3000 
	   TimeExecute (s)      :       15                    
	   TimeSlotBusy (s)     :       17                    

	Job terminated of its own accord at 2026-01-22T14:00:24Z with exit-code 0.
...
