000 (9117615.000.000) 01/22 14:56:52 Job submitted from host: <188.185.6.50:9618?addrs=188.185.6.50-9618+[2001-1458-d00-62--100-2b1]-9618&alias=bigbird25.cern.ch&noUDP&sock=schedd_1627_90ad>
...
040 (9117615.000.000) 01/22 15:00:05 Started transferring input files
	Transferring to host: <188.185.215.103:9618?addrs=188.185.215.103-9618+[2001-1458-303-1e--100-63]-9618&alias=b9p31p8298.cern.ch&noUDP&sock=slot1_47_4202_7064_133697>
...
040 (9117615.000.000) 01/22 15:00:05 Finished transferring input files
...
001 (9117615.000.000) 01/22 15:00:06 Job executing on host: <188.185.215.103:9618?addrs=188.185.215.103-9618+[2001-1458-303-1e--100-63]-9618&alias=b9p31p8298.cern.ch&noUDP&sock=startd_3550_954c>
	SlotName: slot1_47@b9p31p8298.cern.ch
	CondorScratchDir = "/pool/condor/dir_3028101"
	Cpus = 1
	Disk = 3774
	GPUs = 0
	Memory = 3000
...
006 (9117615.000.000) 01/22 15:00:20 Image size of job updated: 64248
	0  -  MemoryUsage of job (MB)
	0  -  ResidentSetSize of job (KB)
...
040 (9117615.000.000) 01/22 15:00:20 Started transferring output files
...
040 (9117615.000.000) 01/22 15:00:20 Finished transferring output files
...
005 (9117615.000.000) 01/22 15:00:23 Job terminated.
	(1) Normal termination (return value 0)
		Usr 0 00:00:03, Sys 0 00:00:02  -  Run Remote Usage
		Usr 0 00:00:00, Sys 0 00:00:00  -  Run Local Usage
		Usr 0 00:00:03, Sys 0 00:00:02  -  Total Remote Usage
		Usr 0 00:00:00, Sys 0 00:00:00  -  Total Local Usage
	6012  -  Run Bytes Sent By Job
	324  -  Run Bytes Received By Job
	6012  -  Total Bytes Sent By Job
	324  -  Total Bytes Received By Job
	Partitionable Resources :    Usage  Request Allocated 
	   Cpus                 :        0        1         1 
	   Disk (KB)            :       30        1      3774 
	   GPUs                 :                           0 
	   Memory (MB)          :        0     3000      3000 
	   TimeExecute (s)      :       14                    
	   TimeSlotBusy (s)     :       16                    

	Job terminated of its own accord at 2026-01-22T14:00:20Z with exit-code 0.
...
