000 (9117618.000.000) 01/22 14:56:53 Job submitted from host: <188.185.6.50:9618?addrs=188.185.6.50-9618+[2001-1458-d00-62--100-2b1]-9618&alias=bigbird25.cern.ch&noUDP&sock=schedd_1627_90ad>
...
040 (9117618.000.000) 01/22 15:00:08 Started transferring input files
	Transferring to host: <188.185.212.36:9618?addrs=188.185.212.36-9618+[2001-1458-303-18--100-20]-9618&alias=b9p25p3594.cern.ch&noUDP&sock=slot1_19_4482_b96f_129291>
...
040 (9117618.000.000) 01/22 15:00:08 Finished transferring input files
...
001 (9117618.000.000) 01/22 15:00:09 Job executing on host: <188.185.212.36:9618?addrs=188.185.212.36-9618+[2001-1458-303-18--100-20]-9618&alias=b9p25p3594.cern.ch&noUDP&sock=startd_3842_def4>
	SlotName: slot1_19@b9p25p3594.cern.ch
	CondorScratchDir = "/pool/condor/dir_3358276"
	Cpus = 1
	Disk = 3798
	GPUs = 0
	Memory = 3000
...
006 (9117618.000.000) 01/22 15:00:23 Image size of job updated: 123492
	121  -  MemoryUsage of job (MB)
	123492  -  ResidentSetSize of job (KB)
...
006 (9117618.000.000) 01/22 15:00:55 Image size of job updated: 166752
	121  -  MemoryUsage of job (MB)
	123492  -  ResidentSetSize of job (KB)
...
040 (9117618.000.000) 01/22 15:00:55 Started transferring output files
...
040 (9117618.000.000) 01/22 15:00:55 Finished transferring output files
...
005 (9117618.000.000) 01/22 15:00:55 Job terminated.
	(1) Normal termination (return value 0)
		Usr 0 00:00:29, Sys 0 00:00:02  -  Run Remote Usage
		Usr 0 00:00:00, Sys 0 00:00:00  -  Run Local Usage
		Usr 0 00:00:29, Sys 0 00:00:02  -  Total Remote Usage
		Usr 0 00:00:00, Sys 0 00:00:00  -  Total Local Usage
	6461  -  Run Bytes Sent By Job
	317  -  Run Bytes Received By Job
	6461  -  Total Bytes Sent By Job
	317  -  Total Bytes Received By Job
	Partitionable Resources :    Usage  Request Allocated 
	   Cpus                 :        0        1         1 
	   Disk (KB)            :       30        1      3798 
	   GPUs                 :                           0 
	   Memory (MB)          :      121     3000      3000 
	   TimeExecute (s)      :       46                    
	   TimeSlotBusy (s)     :       48                    

	Job terminated of its own accord at 2026-01-22T14:00:55Z with exit-code 0.
...
