000 (9117616.000.000) 01/22 14:56:52 Job submitted from host: <188.185.6.50:9618?addrs=188.185.6.50-9618+[2001-1458-d00-62--100-2b1]-9618&alias=bigbird25.cern.ch&noUDP&sock=schedd_1627_90ad>
...
040 (9117616.000.000) 01/22 15:00:07 Started transferring input files
	Transferring to host: <188.185.213.27:9618?addrs=188.185.213.27-9618+[2001-1458-303-1a--100-17]-9618&alias=b9p27p9649.cern.ch&noUDP&sock=slot1_19_5502_6819_135193>
...
040 (9117616.000.000) 01/22 15:00:07 Finished transferring input files
...
001 (9117616.000.000) 01/22 15:00:08 Job executing on host: <188.185.213.27:9618?addrs=188.185.213.27-9618+[2001-1458-303-1a--100-17]-9618&alias=b9p27p9649.cern.ch&noUDP&sock=startd_4507_016f>
	SlotName: slot1_19@b9p27p9649.cern.ch
	CondorScratchDir = "/pool/condor/dir_2673434"
	Cpus = 1
	Disk = 3785
	GPUs = 0
	Memory = 3000
...
006 (9117616.000.000) 01/22 15:00:22 Image size of job updated: 124116
	122  -  MemoryUsage of job (MB)
	124116  -  ResidentSetSize of job (KB)
...
006 (9117616.000.000) 01/22 15:00:44 Image size of job updated: 166716
	122  -  MemoryUsage of job (MB)
	124116  -  ResidentSetSize of job (KB)
...
040 (9117616.000.000) 01/22 15:00:44 Started transferring output files
...
040 (9117616.000.000) 01/22 15:00:44 Finished transferring output files
...
005 (9117616.000.000) 01/22 15:00:44 Job terminated.
	(1) Normal termination (return value 0)
		Usr 0 00:00:19, Sys 0 00:00:02  -  Run Remote Usage
		Usr 0 00:00:00, Sys 0 00:00:00  -  Run Local Usage
		Usr 0 00:00:19, Sys 0 00:00:02  -  Total Remote Usage
		Usr 0 00:00:00, Sys 0 00:00:00  -  Total Local Usage
	6487  -  Run Bytes Sent By Job
	313  -  Run Bytes Received By Job
	6487  -  Total Bytes Sent By Job
	313  -  Total Bytes Received By Job
	Partitionable Resources :    Usage  Request Allocated 
	   Cpus                 :        0        1         1 
	   Disk (KB)            :       30        1      3785 
	   GPUs                 :                           0 
	   Memory (MB)          :      122     3000      3000 
	   TimeExecute (s)      :       36                    
	   TimeSlotBusy (s)     :       39                    

	Job terminated of its own accord at 2026-01-22T14:00:44Z with exit-code 0.
...
