000 (9117599.000.000) 01/22 14:56:47 Job submitted from host: <188.185.6.50:9618?addrs=188.185.6.50-9618+[2001-1458-d00-62--100-2b1]-9618&alias=bigbird25.cern.ch&noUDP&sock=schedd_1627_90ad>
...
040 (9117599.000.000) 01/22 15:00:02 Started transferring input files
	Transferring to host: <128.142.161.145:9618?addrs=128.142.161.145-9618+[2001-1458-301-b9--100-e]-9618&alias=b9g03p7833.cern.ch&noUDP&sock=slot1_8_2371613_a792_57439>
...
040 (9117599.000.000) 01/22 15:00:02 Finished transferring input files
...
001 (9117599.000.000) 01/22 15:00:03 Job executing on host: <128.142.161.145:9618?addrs=128.142.161.145-9618+[2001-1458-301-b9--100-e]-9618&alias=b9g03p7833.cern.ch&noUDP&sock=startd_2371511_dee3>
	SlotName: slot1_8@b9g03p7833.cern.ch
	CondorScratchDir = "/pool/condor/dir_2921761"
	Cpus = 1
	Disk = 4048
	GPUs = 0
	Memory = 3000
...
006 (9117599.000.000) 01/22 15:00:17 Image size of job updated: 180236
	177  -  MemoryUsage of job (MB)
	180236  -  ResidentSetSize of job (KB)
...
006 (9117599.000.000) 01/22 15:04:24 Image size of job updated: 180248
	177  -  MemoryUsage of job (MB)
	180236  -  ResidentSetSize of job (KB)
...
040 (9117599.000.000) 01/22 15:04:24 Started transferring output files
...
040 (9117599.000.000) 01/22 15:04:24 Finished transferring output files
...
005 (9117599.000.000) 01/22 15:04:24 Job terminated.
	(1) Normal termination (return value 0)
		Usr 0 00:02:32, Sys 0 00:00:02  -  Run Remote Usage
		Usr 0 00:00:00, Sys 0 00:00:00  -  Run Local Usage
		Usr 0 00:02:32, Sys 0 00:00:02  -  Total Remote Usage
		Usr 0 00:00:00, Sys 0 00:00:00  -  Total Local Usage
	10394  -  Run Bytes Sent By Job
	320  -  Run Bytes Received By Job
	10394  -  Total Bytes Sent By Job
	320  -  Total Bytes Received By Job
	Partitionable Resources :    Usage  Request Allocated 
	   Cpus                 :        0        1         1 
	   Disk (KB)            :       34        1      4048 
	   GPUs                 :                           0 
	   Memory (MB)          :      177     3000      3000 
	   TimeExecute (s)      :      261                    
	   TimeSlotBusy (s)     :      263                    

	Job terminated of its own accord at 2026-01-22T14:04:24Z with exit-code 0.
...
