000 (9117595.000.000) 01/22 14:56:46 Job submitted from host: <188.185.6.50:9618?addrs=188.185.6.50-9618+[2001-1458-d00-62--100-2b1]-9618&alias=bigbird25.cern.ch&noUDP&sock=schedd_1627_90ad>
...
040 (9117595.000.000) 01/22 15:00:00 Started transferring input files
	Transferring to host: <188.185.206.149:9618?addrs=188.185.206.149-9618+[2001-1458-303-c--100-12]-9618&alias=b9p06p7867.cern.ch&noUDP&sock=slot1_6_4123844_e888_42517>
...
040 (9117595.000.000) 01/22 15:00:00 Finished transferring input files
...
001 (9117595.000.000) 01/22 15:00:01 Job executing on host: <188.185.206.149:9618?addrs=188.185.206.149-9618+[2001-1458-303-c--100-12]-9618&alias=b9p06p7867.cern.ch&noUDP&sock=startd_4123648_1dbb>
	SlotName: slot1_6@b9p06p7867.cern.ch
	CondorScratchDir = "/pool/condor/dir_1864849"
	Cpus = 1
	Disk = 3534
	GPUs = 0
	Memory = 3000
...
006 (9117595.000.000) 01/22 15:00:15 Image size of job updated: 179856
	176  -  MemoryUsage of job (MB)
	179856  -  ResidentSetSize of job (KB)
...
006 (9117595.000.000) 01/22 15:04:10 Image size of job updated: 412132
	176  -  MemoryUsage of job (MB)
	179856  -  ResidentSetSize of job (KB)
...
040 (9117595.000.000) 01/22 15:04:10 Started transferring output files
...
040 (9117595.000.000) 01/22 15:04:10 Finished transferring output files
...
005 (9117595.000.000) 01/22 15:04:10 Job terminated.
	(1) Normal termination (return value 0)
		Usr 0 00:03:04, Sys 0 00:00:03  -  Run Remote Usage
		Usr 0 00:00:00, Sys 0 00:00:00  -  Run Local Usage
		Usr 0 00:03:04, Sys 0 00:00:03  -  Total Remote Usage
		Usr 0 00:00:00, Sys 0 00:00:00  -  Total Local Usage
	10373  -  Run Bytes Sent By Job
	313  -  Run Bytes Received By Job
	10373  -  Total Bytes Sent By Job
	313  -  Total Bytes Received By Job
	Partitionable Resources :    Usage  Request Allocated 
	   Cpus                 :        0        1         1 
	   Disk (KB)            :       37        1      3534 
	   GPUs                 :                           0 
	   Memory (MB)          :      176     3000      3000 
	   TimeExecute (s)      :      249                    
	   TimeSlotBusy (s)     :      251                    

	Job terminated of its own accord at 2026-01-22T14:04:10Z with exit-code 0.
...
