000 (9117600.000.000) 01/22 14:56:47 Job submitted from host: <188.185.6.50:9618?addrs=188.185.6.50-9618+[2001-1458-d00-62--100-2b1]-9618&alias=bigbird25.cern.ch&noUDP&sock=schedd_1627_90ad>
...
040 (9117600.000.000) 01/22 15:00:02 Started transferring input files
	Transferring to host: <188.185.213.96:9618?addrs=188.185.213.96-9618+[2001-1458-303-1a--100-5c]-9618&alias=b9p27p4923.cern.ch&noUDP&sock=slot1_9_4585_4c14_134796>
...
040 (9117600.000.000) 01/22 15:00:02 Finished transferring input files
...
001 (9117600.000.000) 01/22 15:00:03 Job executing on host: <188.185.213.96:9618?addrs=188.185.213.96-9618+[2001-1458-303-1a--100-5c]-9618&alias=b9p27p4923.cern.ch&noUDP&sock=startd_3851_0b4e>
	SlotName: slot1_9@b9p27p4923.cern.ch
	CondorScratchDir = "/pool/condor/dir_693489"
	Cpus = 1
	Disk = 3890
	GPUs = 0
	Memory = 3000
...
006 (9117600.000.000) 01/22 15:00:17 Image size of job updated: 124164
	122  -  MemoryUsage of job (MB)
	124164  -  ResidentSetSize of job (KB)
...
006 (9117600.000.000) 01/22 15:01:43 Image size of job updated: 180236
	122  -  MemoryUsage of job (MB)
	124164  -  ResidentSetSize of job (KB)
...
040 (9117600.000.000) 01/22 15:01:43 Started transferring output files
...
040 (9117600.000.000) 01/22 15:01:43 Finished transferring output files
...
005 (9117600.000.000) 01/22 15:01:43 Job terminated.
	(1) Normal termination (return value 0)
		Usr 0 00:01:10, Sys 0 00:00:02  -  Run Remote Usage
		Usr 0 00:00:00, Sys 0 00:00:00  -  Run Local Usage
		Usr 0 00:01:10, Sys 0 00:00:02  -  Total Remote Usage
		Usr 0 00:00:00, Sys 0 00:00:00  -  Total Local Usage
	7622  -  Run Bytes Sent By Job
	320  -  Run Bytes Received By Job
	7622  -  Total Bytes Sent By Job
	320  -  Total Bytes Received By Job
	Partitionable Resources :    Usage  Request Allocated 
	   Cpus                 :     0.46        1         1 
	   Disk (KB)            :    31           1      3890 
	   GPUs                 :                           0 
	   Memory (MB)          :   122        3000      3000 
	   TimeExecute (s)      :   100                       
	   TimeSlotBusy (s)     :   102                       

	Job terminated of its own accord at 2026-01-22T14:01:43Z with exit-code 0.
...
