000 (9117597.000.000) 01/22 14:56:46 Job submitted from host: <188.185.6.50:9618?addrs=188.185.6.50-9618+[2001-1458-d00-62--100-2b1]-9618&alias=bigbird25.cern.ch&noUDP&sock=schedd_1627_90ad>
...
040 (9117597.000.000) 01/22 15:00:01 Started transferring input files
	Transferring to host: <188.185.211.180:9618?addrs=188.185.211.180-9618+[2001-1458-303-17--100-30]-9618&alias=b9p24p7079.cern.ch&noUDP&sock=slot1_4_3045171_32d0_55960>
...
040 (9117597.000.000) 01/22 15:00:01 Finished transferring input files
...
001 (9117597.000.000) 01/22 15:00:02 Job executing on host: <188.185.211.180:9618?addrs=188.185.211.180-9618+[2001-1458-303-17--100-30]-9618&alias=b9p24p7079.cern.ch&noUDP&sock=startd_3044476_e2c5>
	SlotName: slot1_4@b9p24p7079.cern.ch
	CondorScratchDir = "/pool/condor/dir_2971903"
	Cpus = 1
	Disk = 3746
	GPUs = 0
	Memory = 3000
...
006 (9117597.000.000) 01/22 15:00:15 Image size of job updated: 155236
	152  -  MemoryUsage of job (MB)
	155236  -  ResidentSetSize of job (KB)
...
040 (9117597.000.000) 01/22 15:00:15 Started transferring output files
...
040 (9117597.000.000) 01/22 15:00:15 Finished transferring output files
...
005 (9117597.000.000) 01/22 15:00:15 Job terminated.
	(1) Normal termination (return value 0)
		Usr 0 00:00:03, Sys 0 00:00:01  -  Run Remote Usage
		Usr 0 00:00:00, Sys 0 00:00:00  -  Run Local Usage
		Usr 0 00:00:03, Sys 0 00:00:01  -  Total Remote Usage
		Usr 0 00:00:00, Sys 0 00:00:00  -  Total Local Usage
	6004  -  Run Bytes Sent By Job
	313  -  Run Bytes Received By Job
	6004  -  Total Bytes Sent By Job
	313  -  Total Bytes Received By Job
	Partitionable Resources :    Usage  Request Allocated 
	   Cpus                 :        0        1         1 
	   Disk (KB)            :       29        1      3746 
	   GPUs                 :                           0 
	   Memory (MB)          :      152     3000      3000 
	   TimeExecute (s)      :       13                    
	   TimeSlotBusy (s)     :       15                    

	Job terminated of its own accord at 2026-01-22T14:00:15Z with exit-code 0.
...
