000 (9117598.000.000) 01/22 14:56:47 Job submitted from host: <188.185.6.50:9618?addrs=188.185.6.50-9618+[2001-1458-d00-62--100-2b1]-9618&alias=bigbird25.cern.ch&noUDP&sock=schedd_1627_90ad>
...
040 (9117598.000.000) 01/22 15:00:01 Started transferring input files
	Transferring to host: <188.185.205.154:9618?addrs=188.185.205.154-9618+[2001-1458-303-a--100-17]-9618&alias=b9p04p9101.cern.ch&noUDP&sock=slot1_26_3810698_390a_43432>
...
040 (9117598.000.000) 01/22 15:00:01 Finished transferring input files
...
001 (9117598.000.000) 01/22 15:00:02 Job executing on host: <188.185.205.154:9618?addrs=188.185.205.154-9618+[2001-1458-303-a--100-17]-9618&alias=b9p04p9101.cern.ch&noUDP&sock=startd_3604_9f69>
	SlotName: slot1_26@b9p04p9101.cern.ch
	CondorScratchDir = "/pool/condor/dir_603818"
	Cpus = 1
	Disk = 3693
	GPUs = 0
	Memory = 3000
...
006 (9117598.000.000) 01/22 15:00:15 Image size of job updated: 135856
	133  -  MemoryUsage of job (MB)
	135856  -  ResidentSetSize of job (KB)
...
006 (9117598.000.000) 01/22 15:03:47 Image size of job updated: 180184
	133  -  MemoryUsage of job (MB)
	135856  -  ResidentSetSize of job (KB)
...
040 (9117598.000.000) 01/22 15:03:47 Started transferring output files
...
040 (9117598.000.000) 01/22 15:03:47 Finished transferring output files
...
005 (9117598.000.000) 01/22 15:03:47 Job terminated.
	(1) Normal termination (return value 0)
		Usr 0 00:03:02, Sys 0 00:00:04  -  Run Remote Usage
		Usr 0 00:00:00, Sys 0 00:00:00  -  Run Local Usage
		Usr 0 00:03:02, Sys 0 00:00:04  -  Total Remote Usage
		Usr 0 00:00:00, Sys 0 00:00:00  -  Total Local Usage
	10272  -  Run Bytes Sent By Job
	320  -  Run Bytes Received By Job
	10272  -  Total Bytes Sent By Job
	320  -  Total Bytes Received By Job
	Partitionable Resources :    Usage  Request Allocated 
	   Cpus                 :        0        1         1 
	   Disk (KB)            :       37        1      3693 
	   GPUs                 :                           0 
	   Memory (MB)          :      133     3000      3000 
	   TimeExecute (s)      :      225                    
	   TimeSlotBusy (s)     :      227                    

	Job terminated of its own accord at 2026-01-22T14:03:47Z with exit-code 0.
...
