000 (9117594.000.000) 01/22 14:56:45 Job submitted from host: <188.185.6.50:9618?addrs=188.185.6.50-9618+[2001-1458-d00-62--100-2b1]-9618&alias=bigbird25.cern.ch&noUDP&sock=schedd_1627_90ad>
...
040 (9117594.000.000) 01/22 15:00:00 Started transferring input files
	Transferring to host: <188.185.210.201:9618?addrs=188.185.210.201-9618+[2001-1458-303-15--100-45]-9618&alias=b9p22p5174.cern.ch&noUDP&sock=slot1_1_6601_c066_79150>
...
040 (9117594.000.000) 01/22 15:00:00 Finished transferring input files
...
001 (9117594.000.000) 01/22 15:00:01 Job executing on host: <188.185.210.201:9618?addrs=188.185.210.201-9618+[2001-1458-303-15--100-45]-9618&alias=b9p22p5174.cern.ch&noUDP&sock=startd_6312_15e1>
	SlotName: slot1_1@b9p22p5174.cern.ch
	CondorScratchDir = "/pool/condor/dir_1553387"
	Cpus = 1
	Disk = 3750
	GPUs = 0
	Memory = 3000
...
006 (9117594.000.000) 01/22 15:00:15 Image size of job updated: 180224
	176  -  MemoryUsage of job (MB)
	180224  -  ResidentSetSize of job (KB)
...
006 (9117594.000.000) 01/22 15:03:55 Image size of job updated: 412092
	176  -  MemoryUsage of job (MB)
	180224  -  ResidentSetSize of job (KB)
...
040 (9117594.000.000) 01/22 15:03:55 Started transferring output files
...
040 (9117594.000.000) 01/22 15:03:55 Finished transferring output files
...
005 (9117594.000.000) 01/22 15:03:55 Job terminated.
	(1) Normal termination (return value 0)
		Usr 0 00:02:30, Sys 0 00:00:03  -  Run Remote Usage
		Usr 0 00:00:00, Sys 0 00:00:00  -  Run Local Usage
		Usr 0 00:02:30, Sys 0 00:00:03  -  Total Remote Usage
		Usr 0 00:00:00, Sys 0 00:00:00  -  Total Local Usage
	10251  -  Run Bytes Sent By Job
	313  -  Run Bytes Received By Job
	10251  -  Total Bytes Sent By Job
	313  -  Total Bytes Received By Job
	Partitionable Resources :    Usage  Request Allocated 
	   Cpus                 :     0.07        1         1 
	   Disk (KB)            :    33           1      3750 
	   GPUs                 :                           0 
	   Memory (MB)          :   176        3000      3000 
	   TimeExecute (s)      :   234                       
	   TimeSlotBusy (s)     :   236                       

	Job terminated of its own accord at 2026-01-22T14:03:55Z with exit-code 0.
...
