000 (9117592.000.000) 01/22 14:56:45 Job submitted from host: <188.185.6.50:9618?addrs=188.185.6.50-9618+[2001-1458-d00-62--100-2b1]-9618&alias=bigbird25.cern.ch&noUDP&sock=schedd_1627_90ad>
...
040 (9117592.000.000) 01/22 14:59:59 Started transferring input files
	Transferring to host: <188.185.212.13:9618?addrs=188.185.212.13-9618+[2001-1458-303-18--100-9]-9618&alias=b9p25p7735.cern.ch&noUDP&sock=slot1_19_8049_ffa0_132709>
...
040 (9117592.000.000) 01/22 14:59:59 Finished transferring input files
...
001 (9117592.000.000) 01/22 15:00:00 Job executing on host: <188.185.212.13:9618?addrs=188.185.212.13-9618+[2001-1458-303-18--100-9]-9618&alias=b9p25p7735.cern.ch&noUDP&sock=startd_7195_c001>
	SlotName: slot1_19@b9p25p7735.cern.ch
	CondorScratchDir = "/pool/condor/dir_2504893"
	Cpus = 1
	Disk = 3787
	GPUs = 0
	Memory = 3000
...
006 (9117592.000.000) 01/22 15:00:14 Image size of job updated: 168596
	165  -  MemoryUsage of job (MB)
	168596  -  ResidentSetSize of job (KB)
...
006 (9117592.000.000) 01/22 15:00:19 Image size of job updated: 168628
	165  -  MemoryUsage of job (MB)
	168596  -  ResidentSetSize of job (KB)
...
040 (9117592.000.000) 01/22 15:00:19 Started transferring output files
...
040 (9117592.000.000) 01/22 15:00:19 Finished transferring output files
...
005 (9117592.000.000) 01/22 15:00:19 Job terminated.
	(1) Normal termination (return value 0)
		Usr 0 00:00:07, Sys 0 00:00:02  -  Run Remote Usage
		Usr 0 00:00:00, Sys 0 00:00:00  -  Run Local Usage
		Usr 0 00:00:07, Sys 0 00:00:02  -  Total Remote Usage
		Usr 0 00:00:00, Sys 0 00:00:00  -  Total Local Usage
	6262  -  Run Bytes Sent By Job
	314  -  Run Bytes Received By Job
	6262  -  Total Bytes Sent By Job
	314  -  Total Bytes Received By Job
	Partitionable Resources :    Usage  Request Allocated 
	   Cpus                 :        0        1         1 
	   Disk (KB)            :       30        1      3787 
	   GPUs                 :                           0 
	   Memory (MB)          :      165     3000      3000 
	   TimeExecute (s)      :       19                    
	   TimeSlotBusy (s)     :       21                    

	Job terminated of its own accord at 2026-01-22T14:00:19Z with exit-code 0.
...
