/afs/cern.ch/user/s/svashish/CMSSW_14_1_0_pre4/src/TauFW/Fitter/MuTauFR

UL2017 : VV : WZTo2Q2L : norm = 0.01468090
baseNames :  ['VV']   split :  False

Setting config for sample WZTo2Q2L ->
Setting cuts for Z->tau(mu)tau(h) selection
muonPtCut 26.0
muonEtaCut 2.4
muonIsoCut 0.15
tauPtCut 22.0
tauEtaCut 2.5
mtCut 40.0
drCut 0.5
antiJet 4
antiMu 1
antiE 6
momScale 0.03

starting entry 0
ending entry 3057347

processes 0 out of 3057347 events
processes 100000 out of 3057347 events
processes 200000 out of 3057347 events
processes 300000 out of 3057347 events
processes 400000 out of 3057347 events
processes 500000 out of 3057347 events
processes 600000 out of 3057347 events
processes 700000 out of 3057347 events
processes 800000 out of 3057347 events
processes 900000 out of 3057347 events
processes 1000000 out of 3057347 events
processes 1100000 out of 3057347 events
processes 1200000 out of 3057347 events
processes 1300000 out of 3057347 events
processes 1400000 out of 3057347 events
processes 1500000 out of 3057347 events
processes 1600000 out of 3057347 events
processes 1700000 out of 3057347 events
processes 1800000 out of 3057347 events
processes 1900000 out of 3057347 events
processes 2000000 out of 3057347 events
processes 2100000 out of 3057347 events
processes 2200000 out of 3057347 events
processes 2300000 out of 3057347 events
processes 2400000 out of 3057347 events
processes 2500000 out of 3057347 events
processes 2600000 out of 3057347 events
processes 2700000 out of 3057347 events
processes 2800000 out of 3057347 events
processes 2900000 out of 3057347 events
processes 3000000 out of 3057347 events
opening file /afs/cern.ch/user/s/svashish/MuTauFR/selection/mutau_UL2017_LooseVsJet_VLooseVsMu_TightVsE/WZTo2Q2L_0.root
