/afs/cern.ch/user/s/svashish/CMSSW_14_1_0_pre4/src/TauFW/Fitter/MuTauFR

UL2017 : VV : WZTo3LNu : norm = 0.03167401
baseNames :  ['VV']   split :  False

Setting config for sample WZTo3LNu ->
Setting cuts for Z->tau(mu)tau(h) selection
muonPtCut 26.0
muonEtaCut 2.4
muonIsoCut 0.15
tauPtCut 22.0
tauEtaCut 2.5
mtCut 40.0
drCut 0.5
antiJet 4
antiMu 1
antiE 6
momScale 0.03

starting entry 0
ending entry 794331

processes 0 out of 794331 events
processes 100000 out of 794331 events
processes 200000 out of 794331 events
processes 300000 out of 794331 events
processes 400000 out of 794331 events
processes 500000 out of 794331 events
processes 600000 out of 794331 events
processes 700000 out of 794331 events
opening file /afs/cern.ch/user/s/svashish/MuTauFR/selection/mutau_UL2017_LooseVsJet_VLooseVsMu_TightVsE/WZTo3LNu_0.root
