000 (9117604.000.000) 01/22 14:56:48 Job submitted from host: <188.185.6.50:9618?addrs=188.185.6.50-9618+[2001-1458-d00-62--100-2b1]-9618&alias=bigbird25.cern.ch&noUDP&sock=schedd_1627_90ad>
...
040 (9117604.000.000) 01/22 15:00:03 Started transferring input files
	Transferring to host: <188.185.214.89:9618?addrs=188.185.214.89-9618+[2001-1458-303-1c--100-55]-9618&alias=b9p29p0520.cern.ch&noUDP&sock=slot1_30_7952_a73c_130857>
...
040 (9117604.000.000) 01/22 15:00:03 Finished transferring input files
...
001 (9117604.000.000) 01/22 15:00:04 Job executing on host: <188.185.214.89:9618?addrs=188.185.214.89-9618+[2001-1458-303-1c--100-55]-9618&alias=b9p29p0520.cern.ch&noUDP&sock=startd_7033_a1a9>
	SlotName: slot1_30@b9p29p0520.cern.ch
	CondorScratchDir = "/pool/condor/dir_285246"
	Cpus = 1
	Disk = 3799
	GPUs = 0
	Memory = 3000
...
006 (9117604.000.000) 01/22 15:00:18 Image size of job updated: 136056
	133  -  MemoryUsage of job (MB)
	136056  -  ResidentSetSize of job (KB)
...
006 (9117604.000.000) 01/22 15:01:45 Image size of job updated: 173564
	133  -  MemoryUsage of job (MB)
	136056  -  ResidentSetSize of job (KB)
...
040 (9117604.000.000) 01/22 15:01:45 Started transferring output files
...
040 (9117604.000.000) 01/22 15:01:45 Finished transferring output files
...
005 (9117604.000.000) 01/22 15:01:45 Job terminated.
	(1) Normal termination (return value 0)
		Usr 0 00:01:08, Sys 0 00:00:02  -  Run Remote Usage
		Usr 0 00:00:00, Sys 0 00:00:00  -  Run Local Usage
		Usr 0 00:01:08, Sys 0 00:00:02  -  Total Remote Usage
		Usr 0 00:00:00, Sys 0 00:00:00  -  Total Local Usage
	7373  -  Run Bytes Sent By Job
	312  -  Run Bytes Received By Job
	7373  -  Total Bytes Sent By Job
	312  -  Total Bytes Received By Job
	Partitionable Resources :    Usage  Request Allocated 
	   Cpus                 :        0        1         1 
	   Disk (KB)            :       31        1      3799 
	   GPUs                 :                           0 
	   Memory (MB)          :      133     3000      3000 
	   TimeExecute (s)      :      101                    
	   TimeSlotBusy (s)     :      103                    

	Job terminated of its own accord at 2026-01-22T14:01:45Z with exit-code 0.
...
