000 (9117606.000.000) 01/22 14:56:49 Job submitted from host: <188.185.6.50:9618?addrs=188.185.6.50-9618+[2001-1458-d00-62--100-2b1]-9618&alias=bigbird25.cern.ch&noUDP&sock=schedd_1627_90ad>
...
040 (9117606.000.000) 01/22 15:00:04 Started transferring input files
	Transferring to host: <188.185.214.207:9618?addrs=188.185.214.207-9618+[2001-1458-303-1d--100-4b]-9618&alias=b9p30p1683.cern.ch&noUDP&sock=slot1_7_7007_d0b6_129734>
...
040 (9117606.000.000) 01/22 15:00:04 Finished transferring input files
...
001 (9117606.000.000) 01/22 15:00:05 Job executing on host: <188.185.214.207:9618?addrs=188.185.214.207-9618+[2001-1458-303-1d--100-4b]-9618&alias=b9p30p1683.cern.ch&noUDP&sock=startd_6109_d827>
	SlotName: slot1_7@b9p30p1683.cern.ch
	CondorScratchDir = "/pool/condor/dir_2017301"
	Cpus = 1
	Disk = 3896
	GPUs = 0
	Memory = 3000
...
006 (9117606.000.000) 01/22 15:00:19 Image size of job updated: 166628
	163  -  MemoryUsage of job (MB)
	166628  -  ResidentSetSize of job (KB)
...
006 (9117606.000.000) 01/22 15:00:32 Image size of job updated: 166636
	163  -  MemoryUsage of job (MB)
	166628  -  ResidentSetSize of job (KB)
...
040 (9117606.000.000) 01/22 15:00:32 Started transferring output files
...
040 (9117606.000.000) 01/22 15:00:32 Finished transferring output files
...
005 (9117606.000.000) 01/22 15:00:32 Job terminated.
	(1) Normal termination (return value 0)
		Usr 0 00:00:15, Sys 0 00:00:01  -  Run Remote Usage
		Usr 0 00:00:00, Sys 0 00:00:00  -  Run Local Usage
		Usr 0 00:00:15, Sys 0 00:00:01  -  Total Remote Usage
		Usr 0 00:00:00, Sys 0 00:00:00  -  Total Local Usage
	6446  -  Run Bytes Sent By Job
	312  -  Run Bytes Received By Job
	6446  -  Total Bytes Sent By Job
	312  -  Total Bytes Received By Job
	Partitionable Resources :    Usage  Request Allocated 
	   Cpus                 :        0        1         1 
	   Disk (KB)            :       30        1      3896 
	   GPUs                 :                           0 
	   Memory (MB)          :      163     3000      3000 
	   TimeExecute (s)      :       27                    
	   TimeSlotBusy (s)     :       29                    

	Job terminated of its own accord at 2026-01-22T14:00:32Z with exit-code 0.
...
