000 (9117607.000.000) 01/22 14:56:49 Job submitted from host: <188.185.6.50:9618?addrs=188.185.6.50-9618+[2001-1458-d00-62--100-2b1]-9618&alias=bigbird25.cern.ch&noUDP&sock=schedd_1627_90ad>
...
040 (9117607.000.000) 01/22 15:00:04 Started transferring input files
	Transferring to host: <188.185.205.229:9618?addrs=188.185.205.229-9618+[2001-1458-303-a--100-62]-9618&alias=b9p04p6285.cern.ch&noUDP&sock=slot1_7_4071_233f_113678>
...
040 (9117607.000.000) 01/22 15:00:04 Finished transferring input files
...
001 (9117607.000.000) 01/22 15:00:05 Job executing on host: <188.185.205.229:9618?addrs=188.185.205.229-9618+[2001-1458-303-a--100-62]-9618&alias=b9p04p6285.cern.ch&noUDP&sock=startd_3612_1c2b>
	SlotName: slot1_7@b9p04p6285.cern.ch
	CondorScratchDir = "/pool/condor/dir_2421673"
	Cpus = 1
	Disk = 3616
	GPUs = 0
	Memory = 3000
...
006 (9117607.000.000) 01/22 15:00:19 Image size of job updated: 142960
	140  -  MemoryUsage of job (MB)
	142960  -  ResidentSetSize of job (KB)
...
040 (9117607.000.000) 01/22 15:00:20 Started transferring output files
...
040 (9117607.000.000) 01/22 15:00:20 Finished transferring output files
...
005 (9117607.000.000) 01/22 15:00:20 Job terminated.
	(1) Normal termination (return value 0)
		Usr 0 00:00:03, Sys 0 00:00:02  -  Run Remote Usage
		Usr 0 00:00:00, Sys 0 00:00:00  -  Run Local Usage
		Usr 0 00:00:03, Sys 0 00:00:02  -  Total Remote Usage
		Usr 0 00:00:00, Sys 0 00:00:00  -  Total Local Usage
	5988  -  Run Bytes Sent By Job
	312  -  Run Bytes Received By Job
	5988  -  Total Bytes Sent By Job
	312  -  Total Bytes Received By Job
	Partitionable Resources :    Usage  Request Allocated 
	   Cpus                 :        0        1         1 
	   Disk (KB)            :       32        1      3616 
	   GPUs                 :                           0 
	   Memory (MB)          :      140     3000      3000 
	   TimeExecute (s)      :       15                    
	   TimeSlotBusy (s)     :       17                    

	Job terminated of its own accord at 2026-01-22T14:00:20Z with exit-code 0.
...
