000 (9117605.000.000) 01/22 14:56:49 Job submitted from host: <188.185.6.50:9618?addrs=188.185.6.50-9618+[2001-1458-d00-62--100-2b1]-9618&alias=bigbird25.cern.ch&noUDP&sock=schedd_1627_90ad>
...
040 (9117605.000.000) 01/22 15:00:04 Started transferring input files
	Transferring to host: <188.185.215.80:9618?addrs=188.185.215.80-9618+[2001-1458-303-1e--100-4c]-9618&alias=b9p31p8919.cern.ch&noUDP&sock=slot1_9_8787_fc7e_135057>
...
040 (9117605.000.000) 01/22 15:00:04 Finished transferring input files
...
001 (9117605.000.000) 01/22 15:00:05 Job executing on host: <188.185.215.80:9618?addrs=188.185.215.80-9618+[2001-1458-303-1e--100-4c]-9618&alias=b9p31p8919.cern.ch&noUDP&sock=startd_7296_0712>
	SlotName: slot1_9@b9p31p8919.cern.ch
	CondorScratchDir = "/pool/condor/dir_3604138"
	Cpus = 1
	Disk = 3775
	GPUs = 0
	Memory = 3000
...
006 (9117605.000.000) 01/22 15:00:19 Image size of job updated: 83328
	82  -  MemoryUsage of job (MB)
	83328  -  ResidentSetSize of job (KB)
...
006 (9117605.000.000) 01/22 15:00:24 Image size of job updated: 124044
	82  -  MemoryUsage of job (MB)
	83548  -  ResidentSetSize of job (KB)
...
040 (9117605.000.000) 01/22 15:00:24 Started transferring output files
...
040 (9117605.000.000) 01/22 15:00:24 Finished transferring output files
...
005 (9117605.000.000) 01/22 15:00:24 Job terminated.
	(1) Normal termination (return value 0)
		Usr 0 00:00:03, Sys 0 00:00:02  -  Run Remote Usage
		Usr 0 00:00:00, Sys 0 00:00:00  -  Run Local Usage
		Usr 0 00:00:03, Sys 0 00:00:02  -  Total Remote Usage
		Usr 0 00:00:00, Sys 0 00:00:00  -  Total Local Usage
	5988  -  Run Bytes Sent By Job
	312  -  Run Bytes Received By Job
	5988  -  Total Bytes Sent By Job
	312  -  Total Bytes Received By Job
	Partitionable Resources :    Usage  Request Allocated 
	   Cpus                 :        0        1         1 
	   Disk (KB)            :       29        1      3775 
	   GPUs                 :                           0 
	   Memory (MB)          :       82     3000      3000 
	   TimeExecute (s)      :       19                    
	   TimeSlotBusy (s)     :       21                    

	Job terminated of its own accord at 2026-01-22T14:00:24Z with exit-code 0.
...
