000 (9117608.000.000) 01/22 14:56:50 Job submitted from host: <188.185.6.50:9618?addrs=188.185.6.50-9618+[2001-1458-d00-62--100-2b1]-9618&alias=bigbird25.cern.ch&noUDP&sock=schedd_1627_90ad>
...
040 (9117608.000.000) 01/22 15:00:06 Started transferring input files
	Transferring to host: <188.185.208.148:9618?addrs=188.185.208.148-9618+[2001-1458-303-10--100-11]-9618&alias=b9p10p4644.cern.ch&noUDP&sock=slot1_8_6050_85af_110976>
...
040 (9117608.000.000) 01/22 15:00:06 Finished transferring input files
...
001 (9117608.000.000) 01/22 15:00:07 Job executing on host: <188.185.208.148:9618?addrs=188.185.208.148-9618+[2001-1458-303-10--100-11]-9618&alias=b9p10p4644.cern.ch&noUDP&sock=startd_5002_88d0>
	SlotName: slot1_8@b9p10p4644.cern.ch
	CondorScratchDir = "/pool/condor/dir_504336"
	Cpus = 1
	Disk = 3702
	GPUs = 0
	Memory = 3000
...
006 (9117608.000.000) 01/22 15:00:21 Image size of job updated: 173704
	170  -  MemoryUsage of job (MB)
	173704  -  ResidentSetSize of job (KB)
...
006 (9117608.000.000) 01/22 15:01:50 Image size of job updated: 224900
	170  -  MemoryUsage of job (MB)
	173704  -  ResidentSetSize of job (KB)
...
040 (9117608.000.000) 01/22 15:01:50 Started transferring output files
...
040 (9117608.000.000) 01/22 15:01:50 Finished transferring output files
...
005 (9117608.000.000) 01/22 15:01:50 Job terminated.
	(1) Normal termination (return value 0)
		Usr 0 00:01:09, Sys 0 00:00:02  -  Run Remote Usage
		Usr 0 00:00:00, Sys 0 00:00:00  -  Run Local Usage
		Usr 0 00:01:09, Sys 0 00:00:02  -  Total Remote Usage
		Usr 0 00:00:00, Sys 0 00:00:00  -  Total Local Usage
	8016  -  Run Bytes Sent By Job
	313  -  Run Bytes Received By Job
	8016  -  Total Bytes Sent By Job
	313  -  Total Bytes Received By Job
	Partitionable Resources :    Usage  Request Allocated 
	   Cpus                 :     0.66        1         1 
	   Disk (KB)            :    35           1      3702 
	   GPUs                 :                           0 
	   Memory (MB)          :   170        3000      3000 
	   TimeExecute (s)      :   103                       
	   TimeSlotBusy (s)     :   105                       

	Job terminated of its own accord at 2026-01-22T14:01:50Z with exit-code 0.
...
