000 (9117609.000.000) 01/22 14:56:50 Job submitted from host: <188.185.6.50:9618?addrs=188.185.6.50-9618+[2001-1458-d00-62--100-2b1]-9618&alias=bigbird25.cern.ch&noUDP&sock=schedd_1627_90ad>
...
040 (9117609.000.000) 01/22 15:00:06 Started transferring input files
	Transferring to host: <188.185.212.147:9618?addrs=188.185.212.147-9618+[2001-1458-303-19--100-f]-9618&alias=b9p26p9843.cern.ch&noUDP&sock=slot1_6_3107_e997_133232>
...
040 (9117609.000.000) 01/22 15:00:06 Finished transferring input files
...
001 (9117609.000.000) 01/22 15:00:07 Job executing on host: <188.185.212.147:9618?addrs=188.185.212.147-9618+[2001-1458-303-19--100-f]-9618&alias=b9p26p9843.cern.ch&noUDP&sock=startd_2670_f9f5>
	SlotName: slot1_6@b9p26p9843.cern.ch
	CondorScratchDir = "/pool/condor/dir_1792021"
	Cpus = 1
	Disk = 3772
	GPUs = 0
	Memory = 3000
...
006 (9117609.000.000) 01/22 15:00:20 Image size of job updated: 19920
	7  -  MemoryUsage of job (MB)
	6732  -  ResidentSetSize of job (KB)
...
006 (9117609.000.000) 01/22 15:00:40 Image size of job updated: 135480
	7  -  MemoryUsage of job (MB)
	6732  -  ResidentSetSize of job (KB)
...
040 (9117609.000.000) 01/22 15:00:40 Started transferring output files
...
040 (9117609.000.000) 01/22 15:00:40 Finished transferring output files
...
005 (9117609.000.000) 01/22 15:00:43 Job terminated.
	(1) Normal termination (return value 0)
		Usr 0 00:00:03, Sys 0 00:00:01  -  Run Remote Usage
		Usr 0 00:00:00, Sys 0 00:00:00  -  Run Local Usage
		Usr 0 00:00:03, Sys 0 00:00:01  -  Total Remote Usage
		Usr 0 00:00:00, Sys 0 00:00:00  -  Total Local Usage
	5990  -  Run Bytes Sent By Job
	313  -  Run Bytes Received By Job
	5990  -  Total Bytes Sent By Job
	313  -  Total Bytes Received By Job
	Partitionable Resources :    Usage  Request Allocated 
	   Cpus                 :        0        1         1 
	   Disk (KB)            :       29        1      3772 
	   GPUs                 :                           0 
	   Memory (MB)          :        7     3000      3000 
	   TimeExecute (s)      :       33                    
	   TimeSlotBusy (s)     :       34                    

	Job terminated of its own accord at 2026-01-22T14:00:40Z with exit-code 0.
...
