000 (9117611.000.000) 01/22 14:56:51 Job submitted from host: <188.185.6.50:9618?addrs=188.185.6.50-9618+[2001-1458-d00-62--100-2b1]-9618&alias=bigbird25.cern.ch&noUDP&sock=schedd_1627_90ad>
...
040 (9117611.000.000) 01/22 15:00:07 Started transferring input files
	Transferring to host: <188.185.210.10:9618?addrs=188.185.210.10-9618+[2001-1458-303-1--100-6]-9618&alias=b9p21p6774.cern.ch&noUDP&sock=slot1_9_6292_0879_133174>
...
040 (9117611.000.000) 01/22 15:00:07 Finished transferring input files
...
001 (9117611.000.000) 01/22 15:00:08 Job executing on host: <188.185.210.10:9618?addrs=188.185.210.10-9618+[2001-1458-303-1--100-6]-9618&alias=b9p21p6774.cern.ch&noUDP&sock=startd_5515_68e5>
	SlotName: slot1_9@b9p21p6774.cern.ch
	CondorScratchDir = "/pool/condor/dir_3932585"
	Cpus = 1
	Disk = 3758
	GPUs = 0
	Memory = 3000
...
006 (9117611.000.000) 01/22 15:00:22 Image size of job updated: 55280
	0  -  MemoryUsage of job (MB)
	0  -  ResidentSetSize of job (KB)
...
040 (9117611.000.000) 01/22 15:00:22 Started transferring output files
...
040 (9117611.000.000) 01/22 15:00:22 Finished transferring output files
...
005 (9117611.000.000) 01/22 15:00:22 Job terminated.
	(1) Normal termination (return value 0)
		Usr 0 00:00:03, Sys 0 00:00:01  -  Run Remote Usage
		Usr 0 00:00:00, Sys 0 00:00:00  -  Run Local Usage
		Usr 0 00:00:03, Sys 0 00:00:01  -  Total Remote Usage
		Usr 0 00:00:00, Sys 0 00:00:00  -  Total Local Usage
	5988  -  Run Bytes Sent By Job
	312  -  Run Bytes Received By Job
	5988  -  Total Bytes Sent By Job
	312  -  Total Bytes Received By Job
	Partitionable Resources :    Usage  Request Allocated 
	   Cpus                 :        0        1         1 
	   Disk (KB)            :       29        1      3758 
	   GPUs                 :                           0 
	   Memory (MB)          :        0     3000      3000 
	   TimeExecute (s)      :       14                    
	   TimeSlotBusy (s)     :       16                    

	Job terminated of its own accord at 2026-01-22T14:00:22Z with exit-code 0.
...
