000 (9119828.000.000) 01/22 18:35:55 Job submitted from host: <188.185.6.50:9618?addrs=188.185.6.50-9618+[2001-1458-d00-62--100-2b1]-9618&alias=bigbird25.cern.ch&noUDP&sock=schedd_1627_90ad>
...
040 (9119828.000.000) 01/22 18:38:22 Started transferring input files
	Transferring to host: <188.185.210.185:9618?addrs=188.185.210.185-9618+[2001-1458-303-15--100-35]-9618&alias=b9p22p6649.cern.ch&noUDP&sock=slot1_12_5165_f5ab_158839>
...
040 (9119828.000.000) 01/22 18:38:22 Finished transferring input files
...
001 (9119828.000.000) 01/22 18:38:23 Job executing on host: <188.185.210.185:9618?addrs=188.185.210.185-9618+[2001-1458-303-15--100-35]-9618&alias=b9p22p6649.cern.ch&noUDP&sock=startd_4190_91e9>
	SlotName: slot1_12@b9p22p6649.cern.ch
	CondorScratchDir = "/pool/condor/dir_543368"
	Cpus = 1
	Disk = 3895
	GPUs = 0
	Memory = 3000
...
006 (9119828.000.000) 01/22 18:38:34 Image size of job updated: 154188
	0  -  MemoryUsage of job (MB)
	0  -  ResidentSetSize of job (KB)
...
040 (9119828.000.000) 01/22 18:38:34 Started transferring output files
...
040 (9119828.000.000) 01/22 18:38:34 Finished transferring output files
...
005 (9119828.000.000) 01/22 18:38:34 Job terminated.
	(1) Normal termination (return value 0)
		Usr 0 00:00:03, Sys 0 00:00:01  -  Run Remote Usage
		Usr 0 00:00:00, Sys 0 00:00:00  -  Run Local Usage
		Usr 0 00:00:03, Sys 0 00:00:01  -  Total Remote Usage
		Usr 0 00:00:00, Sys 0 00:00:00  -  Total Local Usage
	6225  -  Run Bytes Sent By Job
	324  -  Run Bytes Received By Job
	6225  -  Total Bytes Sent By Job
	324  -  Total Bytes Received By Job
	Partitionable Resources :    Usage  Request Allocated 
	   Cpus                 :        0        1         1 
	   Disk (KB)            :       29        1      3895 
	   GPUs                 :                           0 
	   Memory (MB)          :        0     3000      3000 
	   TimeExecute (s)      :       11                    
	   TimeSlotBusy (s)     :       13                    

	Job terminated of its own accord at 2026-01-22T17:38:34Z with exit-code 0.
...
