000 (9119831.000.000) 01/22 18:35:56 Job submitted from host: <188.185.6.50:9618?addrs=188.185.6.50-9618+[2001-1458-d00-62--100-2b1]-9618&alias=bigbird25.cern.ch&noUDP&sock=schedd_1627_90ad>
...
040 (9119831.000.000) 01/22 18:37:51 Started transferring input files
	Transferring to host: <188.185.210.142:9618?addrs=188.185.210.142-9618+[2001-1458-303-15--100-a]-9618&alias=b9p22p8216.cern.ch&noUDP&sock=slot1_17_2185073_5970_59186>
...
040 (9119831.000.000) 01/22 18:37:51 Finished transferring input files
...
001 (9119831.000.000) 01/22 18:37:52 Job executing on host: <188.185.210.142:9618?addrs=188.185.210.142-9618+[2001-1458-303-15--100-a]-9618&alias=b9p22p8216.cern.ch&noUDP&sock=startd_2180258_386b>
	SlotName: slot1_17@b9p22p8216.cern.ch
	CondorScratchDir = "/pool/condor/dir_3721982"
	Cpus = 1
	Disk = 3781
	GPUs = 0
	Memory = 3000
...
006 (9119831.000.000) 01/22 18:38:06 Image size of job updated: 181000
	177  -  MemoryUsage of job (MB)
	181000  -  ResidentSetSize of job (KB)
...
006 (9119831.000.000) 01/22 18:42:25 Image size of job updated: 436852
	177  -  MemoryUsage of job (MB)
	181000  -  ResidentSetSize of job (KB)
...
040 (9119831.000.000) 01/22 18:42:25 Started transferring output files
...
040 (9119831.000.000) 01/22 18:42:25 Finished transferring output files
...
005 (9119831.000.000) 01/22 18:42:25 Job terminated.
	(1) Normal termination (return value 0)
		Usr 0 00:02:47, Sys 0 00:00:03  -  Run Remote Usage
		Usr 0 00:00:00, Sys 0 00:00:00  -  Run Local Usage
		Usr 0 00:02:47, Sys 0 00:00:03  -  Total Remote Usage
		Usr 0 00:00:00, Sys 0 00:00:00  -  Total Local Usage
	10390  -  Run Bytes Sent By Job
	320  -  Run Bytes Received By Job
	10390  -  Total Bytes Sent By Job
	320  -  Total Bytes Received By Job
	Partitionable Resources :    Usage  Request Allocated 
	   Cpus                 :        0        1         1 
	   Disk (KB)            :       34        1      3781 
	   GPUs                 :                           0 
	   Memory (MB)          :      177     3000      3000 
	   TimeExecute (s)      :      273                    
	   TimeSlotBusy (s)     :      275                    

	Job terminated of its own accord at 2026-01-22T17:42:25Z with exit-code 0.
...
