000 (9119833.000.000) 01/22 18:35:57 Job submitted from host: <188.185.6.50:9618?addrs=188.185.6.50-9618+[2001-1458-d00-62--100-2b1]-9618&alias=bigbird25.cern.ch&noUDP&sock=schedd_1627_90ad>
...
040 (9119833.000.000) 01/22 18:38:02 Started transferring input files
	Transferring to host: <188.185.215.13:9618?addrs=188.185.215.13-9618+[2001-1458-303-1e--100-9]-9618&alias=b9p31p2816.cern.ch&noUDP&sock=slot1_42_5737_fc42_136006>
...
040 (9119833.000.000) 01/22 18:38:02 Finished transferring input files
...
001 (9119833.000.000) 01/22 18:38:03 Job executing on host: <188.185.215.13:9618?addrs=188.185.215.13-9618+[2001-1458-303-1e--100-9]-9618&alias=b9p31p2816.cern.ch&noUDP&sock=startd_4826_d025>
	SlotName: slot1_42@b9p31p2816.cern.ch
	CondorScratchDir = "/pool/condor/dir_1735553"
	Cpus = 1
	Disk = 3871
	GPUs = 0
	Memory = 3000
...
006 (9119833.000.000) 01/22 18:38:16 Image size of job updated: 17700
	7  -  MemoryUsage of job (MB)
	6728  -  ResidentSetSize of job (KB)
...
006 (9119833.000.000) 01/22 18:38:23 Image size of job updated: 154264
	7  -  MemoryUsage of job (MB)
	6728  -  ResidentSetSize of job (KB)
...
040 (9119833.000.000) 01/22 18:38:24 Started transferring output files
...
040 (9119833.000.000) 01/22 18:38:24 Finished transferring output files
...
005 (9119833.000.000) 01/22 18:38:24 Job terminated.
	(1) Normal termination (return value 0)
		Usr 0 00:00:03, Sys 0 00:00:02  -  Run Remote Usage
		Usr 0 00:00:00, Sys 0 00:00:00  -  Run Local Usage
		Usr 0 00:00:03, Sys 0 00:00:02  -  Total Remote Usage
		Usr 0 00:00:00, Sys 0 00:00:00  -  Total Local Usage
	6014  -  Run Bytes Sent By Job
	320  -  Run Bytes Received By Job
	6014  -  Total Bytes Sent By Job
	320  -  Total Bytes Received By Job
	Partitionable Resources :    Usage  Request Allocated 
	   Cpus                 :        0        1         1 
	   Disk (KB)            :       29        1      3871 
	   GPUs                 :                           0 
	   Memory (MB)          :        7     3000      3000 
	   TimeExecute (s)      :       20                    
	   TimeSlotBusy (s)     :       23                    

	Job terminated of its own accord at 2026-01-22T17:38:23Z with exit-code 0.
...
