000 (9119830.000.000) 01/22 18:35:56 Job submitted from host: <188.185.6.50:9618?addrs=188.185.6.50-9618+[2001-1458-d00-62--100-2b1]-9618&alias=bigbird25.cern.ch&noUDP&sock=schedd_1627_90ad>
...
040 (9119830.000.000) 01/22 18:38:22 Started transferring input files
	Transferring to host: <188.185.213.220:9618?addrs=188.185.213.220-9618+[2001-1458-303-1b--100-58]-9618&alias=b9p28p1121.cern.ch&noUDP&sock=slot1_6_1586554_91be_59743>
...
040 (9119830.000.000) 01/22 18:38:22 Finished transferring input files
...
001 (9119830.000.000) 01/22 18:38:23 Job executing on host: <188.185.213.220:9618?addrs=188.185.213.220-9618+[2001-1458-303-1b--100-58]-9618&alias=b9p28p1121.cern.ch&noUDP&sock=startd_4079_6ee6>
	SlotName: slot1_6@b9p28p1121.cern.ch
	CondorScratchDir = "/pool/condor/dir_2687529"
	Cpus = 1
	Disk = 3784
	GPUs = 0
	Memory = 3000
...
006 (9119830.000.000) 01/22 18:38:37 Image size of job updated: 180588
	177  -  MemoryUsage of job (MB)
	180588  -  ResidentSetSize of job (KB)
...
006 (9119830.000.000) 01/22 18:42:31 Image size of job updated: 445200
	177  -  MemoryUsage of job (MB)
	180588  -  ResidentSetSize of job (KB)
...
040 (9119830.000.000) 01/22 18:42:31 Started transferring output files
...
040 (9119830.000.000) 01/22 18:42:31 Finished transferring output files
...
005 (9119830.000.000) 01/22 18:42:32 Job terminated.
	(1) Normal termination (return value 0)
		Usr 0 00:02:36, Sys 0 00:00:04  -  Run Remote Usage
		Usr 0 00:00:00, Sys 0 00:00:00  -  Run Local Usage
		Usr 0 00:02:36, Sys 0 00:00:04  -  Total Remote Usage
		Usr 0 00:00:00, Sys 0 00:00:00  -  Total Local Usage
	10268  -  Run Bytes Sent By Job
	320  -  Run Bytes Received By Job
	10268  -  Total Bytes Sent By Job
	320  -  Total Bytes Received By Job
	Partitionable Resources :    Usage  Request Allocated 
	   Cpus                 :        0        1         1 
	   Disk (KB)            :       33        1      3784 
	   GPUs                 :                           0 
	   Memory (MB)          :      177     3000      3000 
	   TimeExecute (s)      :      248                    
	   TimeSlotBusy (s)     :      251                    

	Job terminated of its own accord at 2026-01-22T17:42:31Z with exit-code 0.
...
