000 (9119825.000.000) 01/22 18:35:54 Job submitted from host: <188.185.6.50:9618?addrs=188.185.6.50-9618+[2001-1458-d00-62--100-2b1]-9618&alias=bigbird25.cern.ch&noUDP&sock=schedd_1627_90ad>
...
040 (9119825.000.000) 01/22 18:38:22 Started transferring input files
	Transferring to host: <188.185.210.200:9618?addrs=188.185.210.200-9618+[2001-1458-303-15--100-44]-9618&alias=b9p22p1993.cern.ch&noUDP&sock=slot1_2_4244_0826_158744>
...
040 (9119825.000.000) 01/22 18:38:22 Finished transferring input files
...
001 (9119825.000.000) 01/22 18:38:23 Job executing on host: <188.185.210.200:9618?addrs=188.185.210.200-9618+[2001-1458-303-15--100-44]-9618&alias=b9p22p1993.cern.ch&noUDP&sock=startd_3578_c9f3>
	SlotName: slot1_2@b9p22p1993.cern.ch
	CondorScratchDir = "/pool/condor/dir_1909255"
	Cpus = 1
	Disk = 3737
	GPUs = 0
	Memory = 3000
...
006 (9119825.000.000) 01/22 18:38:36 Image size of job updated: 189700
	186  -  MemoryUsage of job (MB)
	189700  -  ResidentSetSize of job (KB)
...
006 (9119825.000.000) 01/22 18:38:58 Image size of job updated: 212084
	186  -  MemoryUsage of job (MB)
	189700  -  ResidentSetSize of job (KB)
...
040 (9119825.000.000) 01/22 18:38:59 Started transferring output files
...
040 (9119825.000.000) 01/22 18:38:59 Finished transferring output files
...
005 (9119825.000.000) 01/22 18:38:59 Job terminated.
	(1) Normal termination (return value 0)
		Usr 0 00:00:24, Sys 0 00:00:02  -  Run Remote Usage
		Usr 0 00:00:00, Sys 0 00:00:00  -  Run Local Usage
		Usr 0 00:00:24, Sys 0 00:00:02  -  Total Remote Usage
		Usr 0 00:00:00, Sys 0 00:00:00  -  Total Local Usage
	6866  -  Run Bytes Sent By Job
	324  -  Run Bytes Received By Job
	6866  -  Total Bytes Sent By Job
	324  -  Total Bytes Received By Job
	Partitionable Resources :    Usage  Request Allocated 
	   Cpus                 :        0        1         1 
	   Disk (KB)            :       30        1      3737 
	   GPUs                 :                           0 
	   Memory (MB)          :      186     3000      3000 
	   TimeExecute (s)      :       35                    
	   TimeSlotBusy (s)     :       38                    

	Job terminated of its own accord at 2026-01-22T17:38:58Z with exit-code 0.
...
