000 (9119822.000.000) 01/22 18:35:54 Job submitted from host: <188.185.6.50:9618?addrs=188.185.6.50-9618+[2001-1458-d00-62--100-2b1]-9618&alias=bigbird25.cern.ch&noUDP&sock=schedd_1627_90ad>
...
040 (9119822.000.000) 01/22 18:37:52 Started transferring input files
	Transferring to host: <128.142.161.97:9618?addrs=128.142.161.97-9618+[2001-1458-301-b8--100-1f]-9618&alias=b9g03p7944.cern.ch&noUDP&sock=slot1_20_3334086_f3d5_160560>
...
040 (9119822.000.000) 01/22 18:37:52 Finished transferring input files
...
001 (9119822.000.000) 01/22 18:37:53 Job executing on host: <128.142.161.97:9618?addrs=128.142.161.97-9618+[2001-1458-301-b8--100-1f]-9618&alias=b9g03p7944.cern.ch&noUDP&sock=startd_3302_79cf>
	SlotName: slot1_20@b9g03p7944.cern.ch
	CondorScratchDir = "/pool/condor/dir_2207580"
	Cpus = 1
	Disk = 3839
	GPUs = 0
	Memory = 3000
...
006 (9119822.000.000) 01/22 18:38:07 Image size of job updated: 159556
	156  -  MemoryUsage of job (MB)
	159556  -  ResidentSetSize of job (KB)
...
006 (9119822.000.000) 01/22 18:38:47 Image size of job updated: 235256
	156  -  MemoryUsage of job (MB)
	159560  -  ResidentSetSize of job (KB)
...
040 (9119822.000.000) 01/22 18:38:47 Started transferring output files
...
040 (9119822.000.000) 01/22 18:38:47 Finished transferring output files
...
005 (9119822.000.000) 01/22 18:38:47 Job terminated.
	(1) Normal termination (return value 0)
		Usr 0 00:00:42, Sys 0 00:00:01  -  Run Remote Usage
		Usr 0 00:00:00, Sys 0 00:00:00  -  Run Local Usage
		Usr 0 00:00:42, Sys 0 00:00:01  -  Total Remote Usage
		Usr 0 00:00:00, Sys 0 00:00:00  -  Total Local Usage
	6992  -  Run Bytes Sent By Job
	324  -  Run Bytes Received By Job
	6992  -  Total Bytes Sent By Job
	324  -  Total Bytes Received By Job
	Partitionable Resources :    Usage  Request Allocated 
	   Cpus                 :                 1         1 
	   Disk (KB)            :       22        1      3839 
	   GPUs                 :                           0 
	   Memory (MB)          :      156     3000      3000 
	   TimeExecute (s)      :       54                    
	   TimeSlotBusy (s)     :       56                    

	Job terminated of its own accord at 2026-01-22T17:38:47Z with exit-code 0.
...
