000 (9119826.000.000) 01/22 18:35:55 Job submitted from host: <188.185.6.50:9618?addrs=188.185.6.50-9618+[2001-1458-d00-62--100-2b1]-9618&alias=bigbird25.cern.ch&noUDP&sock=schedd_1627_90ad>
...
040 (9119826.000.000) 01/22 18:37:53 Started transferring input files
	Transferring to host: <188.185.210.213:9618?addrs=188.185.210.213-9618+[2001-1458-303-15--100-51]-9618&alias=b9p22p5430.cern.ch&noUDP&sock=slot1_10_4213_3084_160000>
...
040 (9119826.000.000) 01/22 18:37:53 Finished transferring input files
...
001 (9119826.000.000) 01/22 18:37:54 Job executing on host: <188.185.210.213:9618?addrs=188.185.210.213-9618+[2001-1458-303-15--100-51]-9618&alias=b9p22p5430.cern.ch&noUDP&sock=startd_3544_77bb>
	SlotName: slot1_10@b9p22p5430.cern.ch
	CondorScratchDir = "/pool/condor/dir_3768460"
	Cpus = 1
	Disk = 3828
	GPUs = 0
	Memory = 3000
...
006 (9119826.000.000) 01/22 18:38:07 Image size of job updated: 155764
	153  -  MemoryUsage of job (MB)
	155764  -  ResidentSetSize of job (KB)
...
006 (9119826.000.000) 01/22 18:41:32 Image size of job updated: 244744
	153  -  MemoryUsage of job (MB)
	155772  -  ResidentSetSize of job (KB)
...
040 (9119826.000.000) 01/22 18:41:32 Started transferring output files
...
040 (9119826.000.000) 01/22 18:41:32 Finished transferring output files
...
005 (9119826.000.000) 01/22 18:41:32 Job terminated.
	(1) Normal termination (return value 0)
		Usr 0 00:03:09, Sys 0 00:00:04  -  Run Remote Usage
		Usr 0 00:00:00, Sys 0 00:00:00  -  Run Local Usage
		Usr 0 00:03:09, Sys 0 00:00:04  -  Total Remote Usage
		Usr 0 00:00:00, Sys 0 00:00:00  -  Total Local Usage
	10272  -  Run Bytes Sent By Job
	324  -  Run Bytes Received By Job
	10272  -  Total Bytes Sent By Job
	324  -  Total Bytes Received By Job
	Partitionable Resources :    Usage  Request Allocated 
	   Cpus                 :        0        1         1 
	   Disk (KB)            :       33        1      3828 
	   GPUs                 :                           0 
	   Memory (MB)          :      153     3000      3000 
	   TimeExecute (s)      :      218                    
	   TimeSlotBusy (s)     :      220                    

	Job terminated of its own accord at 2026-01-22T17:41:32Z with exit-code 0.
...
