000 (9119827.000.000) 01/22 18:35:55 Job submitted from host: <188.185.6.50:9618?addrs=188.185.6.50-9618+[2001-1458-d00-62--100-2b1]-9618&alias=bigbird25.cern.ch&noUDP&sock=schedd_1627_90ad>
...
040 (9119827.000.000) 01/22 18:37:53 Started transferring input files
	Transferring to host: <188.185.213.188:9618?addrs=188.185.213.188-9618+[2001-1458-303-1b--100-38]-9618&alias=b9p28p4370.cern.ch&noUDP&sock=slot1_6_3047642_3dd4_60254>
...
040 (9119827.000.000) 01/22 18:37:53 Finished transferring input files
...
001 (9119827.000.000) 01/22 18:37:54 Job executing on host: <188.185.213.188:9618?addrs=188.185.213.188-9618+[2001-1458-303-1b--100-38]-9618&alias=b9p28p4370.cern.ch&noUDP&sock=startd_3046853_4f63>
	SlotName: slot1_6@b9p28p4370.cern.ch
	CondorScratchDir = "/pool/condor/dir_1377087"
	Cpus = 1
	Disk = 3742
	GPUs = 0
	Memory = 3000
...
006 (9119827.000.000) 01/22 18:38:07 Image size of job updated: 174408
	171  -  MemoryUsage of job (MB)
	174408  -  ResidentSetSize of job (KB)
...
006 (9119827.000.000) 01/22 18:40:07 Image size of job updated: 234168
	171  -  MemoryUsage of job (MB)
	174408  -  ResidentSetSize of job (KB)
...
040 (9119827.000.000) 01/22 18:40:07 Started transferring output files
...
040 (9119827.000.000) 01/22 18:40:07 Finished transferring output files
...
005 (9119827.000.000) 01/22 18:40:08 Job terminated.
	(1) Normal termination (return value 0)
		Usr 0 00:01:51, Sys 0 00:00:02  -  Run Remote Usage
		Usr 0 00:00:00, Sys 0 00:00:00  -  Run Local Usage
		Usr 0 00:01:51, Sys 0 00:00:02  -  Total Remote Usage
		Usr 0 00:00:00, Sys 0 00:00:00  -  Total Local Usage
	9176  -  Run Bytes Sent By Job
	324  -  Run Bytes Received By Job
	9176  -  Total Bytes Sent By Job
	324  -  Total Bytes Received By Job
	Partitionable Resources :    Usage  Request Allocated 
	   Cpus                 :        0        1         1 
	   Disk (KB)            :       32        1      3742 
	   GPUs                 :                           0 
	   Memory (MB)          :      171     3000      3000 
	   TimeExecute (s)      :      133                    
	   TimeSlotBusy (s)     :      136                    

	Job terminated of its own accord at 2026-01-22T17:40:07Z with exit-code 0.
...
