000 (9119821.000.000) 01/22 18:35:53 Job submitted from host: <188.185.6.50:9618?addrs=188.185.6.50-9618+[2001-1458-d00-62--100-2b1]-9618&alias=bigbird25.cern.ch&noUDP&sock=schedd_1627_90ad>
...
040 (9119821.000.000) 01/22 18:38:03 Started transferring input files
	Transferring to host: <188.185.213.176:9618?addrs=188.185.213.176-9618+[2001-1458-303-1b--100-2c]-9618&alias=b9p28p9743.cern.ch&noUDP&sock=slot1_12_4217_0205_154925>
...
040 (9119821.000.000) 01/22 18:38:03 Finished transferring input files
...
001 (9119821.000.000) 01/22 18:38:04 Job executing on host: <188.185.213.176:9618?addrs=188.185.213.176-9618+[2001-1458-303-1b--100-2c]-9618&alias=b9p28p9743.cern.ch&noUDP&sock=startd_3520_0175>
	SlotName: slot1_12@b9p28p9743.cern.ch
	CondorScratchDir = "/pool/condor/dir_512813"
	Cpus = 1
	Disk = 3812
	GPUs = 0
	Memory = 3000
...
006 (9119821.000.000) 01/22 18:38:17 Image size of job updated: 23172
	23  -  MemoryUsage of job (MB)
	23172  -  ResidentSetSize of job (KB)
...
006 (9119821.000.000) 01/22 18:41:41 Image size of job updated: 248420
	23  -  MemoryUsage of job (MB)
	23216  -  ResidentSetSize of job (KB)
...
040 (9119821.000.000) 01/22 18:41:41 Started transferring output files
...
040 (9119821.000.000) 01/22 18:41:41 Finished transferring output files
...
005 (9119821.000.000) 01/22 18:41:41 Job terminated.
	(1) Normal termination (return value 0)
		Usr 0 00:03:01, Sys 0 00:00:03  -  Run Remote Usage
		Usr 0 00:00:00, Sys 0 00:00:00  -  Run Local Usage
		Usr 0 00:03:01, Sys 0 00:00:03  -  Total Remote Usage
		Usr 0 00:00:00, Sys 0 00:00:00  -  Total Local Usage
	10272  -  Run Bytes Sent By Job
	324  -  Run Bytes Received By Job
	10272  -  Total Bytes Sent By Job
	324  -  Total Bytes Received By Job
	Partitionable Resources :    Usage  Request Allocated 
	   Cpus                 :        0        1         1 
	   Disk (KB)            :       33        1      3812 
	   GPUs                 :                           0 
	   Memory (MB)          :       23     3000      3000 
	   TimeExecute (s)      :      217                    
	   TimeSlotBusy (s)     :      219                    

	Job terminated of its own accord at 2026-01-22T17:41:41Z with exit-code 0.
...
