000 (9119823.000.000) 01/22 18:35:54 Job submitted from host: <188.185.6.50:9618?addrs=188.185.6.50-9618+[2001-1458-d00-62--100-2b1]-9618&alias=bigbird25.cern.ch&noUDP&sock=schedd_1627_90ad>
...
040 (9119823.000.000) 01/22 18:37:52 Started transferring input files
	Transferring to host: <188.185.210.191:9618?addrs=188.185.210.191-9618+[2001-1458-303-15--100-3b]-9618&alias=b9p22p9807.cern.ch&noUDP&sock=slot1_11_4466_736f_154861>
...
040 (9119823.000.000) 01/22 18:37:52 Finished transferring input files
...
001 (9119823.000.000) 01/22 18:37:53 Job executing on host: <188.185.210.191:9618?addrs=188.185.210.191-9618+[2001-1458-303-15--100-3b]-9618&alias=b9p22p9807.cern.ch&noUDP&sock=startd_3786_75a6>
	SlotName: slot1_11@b9p22p9807.cern.ch
	CondorScratchDir = "/pool/condor/dir_3107439"
	Cpus = 1
	Disk = 3801
	GPUs = 0
	Memory = 3000
...
006 (9119823.000.000) 01/22 18:38:07 Image size of job updated: 170016
	167  -  MemoryUsage of job (MB)
	170016  -  ResidentSetSize of job (KB)
...
006 (9119823.000.000) 01/22 18:39:14 Image size of job updated: 247360
	167  -  MemoryUsage of job (MB)
	170016  -  ResidentSetSize of job (KB)
...
040 (9119823.000.000) 01/22 18:39:14 Started transferring output files
...
040 (9119823.000.000) 01/22 18:39:14 Finished transferring output files
...
005 (9119823.000.000) 01/22 18:39:14 Job terminated.
	(1) Normal termination (return value 0)
		Usr 0 00:01:11, Sys 0 00:00:01  -  Run Remote Usage
		Usr 0 00:00:00, Sys 0 00:00:00  -  Run Local Usage
		Usr 0 00:01:11, Sys 0 00:00:01  -  Total Remote Usage
		Usr 0 00:00:00, Sys 0 00:00:00  -  Total Local Usage
	8291  -  Run Bytes Sent By Job
	324  -  Run Bytes Received By Job
	8291  -  Total Bytes Sent By Job
	324  -  Total Bytes Received By Job
	Partitionable Resources :    Usage  Request Allocated 
	   Cpus                 :                 1         1 
	   Disk (KB)            :       23        1      3801 
	   GPUs                 :                           0 
	   Memory (MB)          :      167     3000      3000 
	   TimeExecute (s)      :       81                    
	   TimeSlotBusy (s)     :       83                    

	Job terminated of its own accord at 2026-01-22T17:39:14Z with exit-code 0.
...
