000 (9119859.000.000) 01/22 18:36:04 Job submitted from host: <188.185.6.50:9618?addrs=188.185.6.50-9618+[2001-1458-d00-62--100-2b1]-9618&alias=bigbird25.cern.ch&noUDP&sock=schedd_1627_90ad>
...
040 (9119859.000.000) 01/22 18:38:01 Started transferring input files
	Transferring to host: <188.185.210.43:9618?addrs=188.185.210.43-9618+[2001-1458-303-1--100-27]-9618&alias=b9p21p4088.cern.ch&noUDP&sock=slot1_9_7271_d3c1_132163>
...
040 (9119859.000.000) 01/22 18:38:01 Finished transferring input files
...
001 (9119859.000.000) 01/22 18:38:02 Job executing on host: <188.185.210.43:9618?addrs=188.185.210.43-9618+[2001-1458-303-1--100-27]-9618&alias=b9p21p4088.cern.ch&noUDP&sock=startd_6573_1c19>
	SlotName: slot1_9@b9p21p4088.cern.ch
	CondorScratchDir = "/pool/condor/dir_2511885"
	Cpus = 1
	Disk = 3798
	GPUs = 0
	Memory = 3000
...
006 (9119859.000.000) 01/22 18:38:14 Image size of job updated: 123996
	0  -  MemoryUsage of job (MB)
	0  -  ResidentSetSize of job (KB)
...
040 (9119859.000.000) 01/22 18:38:14 Started transferring output files
...
040 (9119859.000.000) 01/22 18:38:14 Finished transferring output files
...
005 (9119859.000.000) 01/22 18:38:14 Job terminated.
	(1) Normal termination (return value 0)
		Usr 0 00:00:02, Sys 0 00:00:01  -  Run Remote Usage
		Usr 0 00:00:00, Sys 0 00:00:00  -  Run Local Usage
		Usr 0 00:00:02, Sys 0 00:00:01  -  Total Remote Usage
		Usr 0 00:00:00, Sys 0 00:00:00  -  Total Local Usage
	5990  -  Run Bytes Sent By Job
	314  -  Run Bytes Received By Job
	5990  -  Total Bytes Sent By Job
	314  -  Total Bytes Received By Job
	Partitionable Resources :    Usage  Request Allocated 
	   Cpus                 :        0        1         1 
	   Disk (KB)            :       29        1      3798 
	   GPUs                 :                           0 
	   Memory (MB)          :        0     3000      3000 
	   TimeExecute (s)      :       12                    
	   TimeSlotBusy (s)     :       14                    

	Job terminated of its own accord at 2026-01-22T17:38:14Z with exit-code 0.
...
