000 (9119860.000.000) 01/22 18:36:04 Job submitted from host: <188.185.6.50:9618?addrs=188.185.6.50-9618+[2001-1458-d00-62--100-2b1]-9618&alias=bigbird25.cern.ch&noUDP&sock=schedd_1627_90ad>
...
040 (9119860.000.000) 01/22 18:38:01 Started transferring input files
	Transferring to host: <188.185.212.8:9618?addrs=188.185.212.8-9618+[2001-1458-303-18--100-4]-9618&alias=b9p25p0259.cern.ch&noUDP&sock=slot1_17_7050_1cd8_133674>
...
040 (9119860.000.000) 01/22 18:38:01 Finished transferring input files
...
001 (9119860.000.000) 01/22 18:38:02 Job executing on host: <188.185.212.8:9618?addrs=188.185.212.8-9618+[2001-1458-303-18--100-4]-9618&alias=b9p25p0259.cern.ch&noUDP&sock=startd_6110_87bf>
	SlotName: slot1_17@b9p25p0259.cern.ch
	CondorScratchDir = "/pool/condor/dir_152323"
	Cpus = 1
	Disk = 3762
	GPUs = 0
	Memory = 3000
...
006 (9119860.000.000) 01/22 18:38:15 Image size of job updated: 166740
	163  -  MemoryUsage of job (MB)
	166740  -  ResidentSetSize of job (KB)
...
040 (9119860.000.000) 01/22 18:38:24 Started transferring output files
...
040 (9119860.000.000) 01/22 18:38:24 Finished transferring output files
...
005 (9119860.000.000) 01/22 18:38:25 Job terminated.
	(1) Normal termination (return value 0)
		Usr 0 00:00:13, Sys 0 00:00:01  -  Run Remote Usage
		Usr 0 00:00:00, Sys 0 00:00:00  -  Run Local Usage
		Usr 0 00:00:13, Sys 0 00:00:01  -  Total Remote Usage
		Usr 0 00:00:00, Sys 0 00:00:00  -  Total Local Usage
	6462  -  Run Bytes Sent By Job
	318  -  Run Bytes Received By Job
	6462  -  Total Bytes Sent By Job
	318  -  Total Bytes Received By Job
	Partitionable Resources :    Usage  Request Allocated 
	   Cpus                 :        0        1         1 
	   Disk (KB)            :       30        1      3762 
	   GPUs                 :                           0 
	   Memory (MB)          :      163     3000      3000 
	   TimeExecute (s)      :       22                    
	   TimeSlotBusy (s)     :       24                    

	Job terminated of its own accord at 2026-01-22T17:38:24Z with exit-code 0.
...
