000 (9119854.000.000) 01/22 18:36:02 Job submitted from host: <188.185.6.50:9618?addrs=188.185.6.50-9618+[2001-1458-d00-62--100-2b1]-9618&alias=bigbird25.cern.ch&noUDP&sock=schedd_1627_90ad>
...
040 (9119854.000.000) 01/22 18:38:02 Started transferring input files
	Transferring to host: <188.185.193.83:9618?addrs=188.185.193.83-9618+[2001-1458-303-20--100-4f]-9618&alias=b9p19p9863.cern.ch&noUDP&sock=slot1_23_7770_6af5_121078>
...
040 (9119854.000.000) 01/22 18:38:02 Finished transferring input files
...
001 (9119854.000.000) 01/22 18:38:03 Job executing on host: <188.185.193.83:9618?addrs=188.185.193.83-9618+[2001-1458-303-20--100-4f]-9618&alias=b9p19p9863.cern.ch&noUDP&sock=startd_6442_4130>
	SlotName: slot1_23@b9p19p9863.cern.ch
	CondorScratchDir = "/pool/condor/dir_3912714"
	Cpus = 1
	Disk = 3746
	GPUs = 0
	Memory = 3000
...
006 (9119854.000.000) 01/22 18:38:16 Image size of job updated: 124004
	122  -  MemoryUsage of job (MB)
	124004  -  ResidentSetSize of job (KB)
...
006 (9119854.000.000) 01/22 18:39:02 Image size of job updated: 167120
	122  -  MemoryUsage of job (MB)
	124004  -  ResidentSetSize of job (KB)
...
040 (9119854.000.000) 01/22 18:39:02 Started transferring output files
...
040 (9119854.000.000) 01/22 18:39:02 Finished transferring output files
...
005 (9119854.000.000) 01/22 18:39:02 Job terminated.
	(1) Normal termination (return value 0)
		Usr 0 00:00:41, Sys 0 00:00:02  -  Run Remote Usage
		Usr 0 00:00:00, Sys 0 00:00:00  -  Run Local Usage
		Usr 0 00:00:41, Sys 0 00:00:02  -  Total Remote Usage
		Usr 0 00:00:00, Sys 0 00:00:00  -  Total Local Usage
	6758  -  Run Bytes Sent By Job
	321  -  Run Bytes Received By Job
	6758  -  Total Bytes Sent By Job
	321  -  Total Bytes Received By Job
	Partitionable Resources :    Usage  Request Allocated 
	   Cpus                 :        0        1         1 
	   Disk (KB)            :       30        1      3746 
	   GPUs                 :                           0 
	   Memory (MB)          :      122     3000      3000 
	   TimeExecute (s)      :       59                    
	   TimeSlotBusy (s)     :       61                    

	Job terminated of its own accord at 2026-01-22T17:39:02Z with exit-code 0.
...
