000 (9119855.000.000) 01/22 18:36:03 Job submitted from host: <188.185.6.50:9618?addrs=188.185.6.50-9618+[2001-1458-d00-62--100-2b1]-9618&alias=bigbird25.cern.ch&noUDP&sock=schedd_1627_90ad>
...
040 (9119855.000.000) 01/22 18:37:59 Started transferring input files
	Transferring to host: <188.185.214.38:9618?addrs=188.185.214.38-9618+[2001-1458-303-1c--100-22]-9618&alias=b9p29p4375.cern.ch&noUDP&sock=slot1_28_1933389_33f6_52067>
...
040 (9119855.000.000) 01/22 18:37:59 Finished transferring input files
...
001 (9119855.000.000) 01/22 18:38:00 Job executing on host: <188.185.214.38:9618?addrs=188.185.214.38-9618+[2001-1458-303-1c--100-22]-9618&alias=b9p29p4375.cern.ch&noUDP&sock=startd_6987_144e>
	SlotName: slot1_28@b9p29p4375.cern.ch
	CondorScratchDir = "/pool/condor/dir_3702298"
	Cpus = 1
	Disk = 3868
	GPUs = 0
	Memory = 3000
...
006 (9119855.000.000) 01/22 18:38:13 Image size of job updated: 83572
	0  -  MemoryUsage of job (MB)
	0  -  ResidentSetSize of job (KB)
...
040 (9119855.000.000) 01/22 18:38:13 Started transferring output files
...
040 (9119855.000.000) 01/22 18:38:13 Finished transferring output files
...
005 (9119855.000.000) 01/22 18:38:13 Job terminated.
	(1) Normal termination (return value 0)
		Usr 0 00:00:02, Sys 0 00:00:01  -  Run Remote Usage
		Usr 0 00:00:00, Sys 0 00:00:00  -  Run Local Usage
		Usr 0 00:00:02, Sys 0 00:00:01  -  Total Remote Usage
		Usr 0 00:00:00, Sys 0 00:00:00  -  Total Local Usage
	6004  -  Run Bytes Sent By Job
	321  -  Run Bytes Received By Job
	6004  -  Total Bytes Sent By Job
	321  -  Total Bytes Received By Job
	Partitionable Resources :    Usage  Request Allocated 
	   Cpus                 :        0        1         1 
	   Disk (KB)            :       29        1      3868 
	   GPUs                 :                           0 
	   Memory (MB)          :        0     3000      3000 
	   TimeExecute (s)      :       13                    
	   TimeSlotBusy (s)     :       15                    

	Job terminated of its own accord at 2026-01-22T17:38:13Z with exit-code 0.
...
