000 (9119857.000.000) 01/22 18:36:03 Job submitted from host: <188.185.6.50:9618?addrs=188.185.6.50-9618+[2001-1458-d00-62--100-2b1]-9618&alias=bigbird25.cern.ch&noUDP&sock=schedd_1627_90ad>
...
040 (9119857.000.000) 01/22 18:38:02 Started transferring input files
	Transferring to host: <188.185.192.161:9618?addrs=188.185.192.161-9618+[2001-1458-303-1f--100-9d]-9618&alias=b9p13p1398.cern.ch&noUDP&sock=slot1_33_7366_c365_125748>
...
040 (9119857.000.000) 01/22 18:38:02 Finished transferring input files
...
001 (9119857.000.000) 01/22 18:38:03 Job executing on host: <188.185.192.161:9618?addrs=188.185.192.161-9618+[2001-1458-303-1f--100-9d]-9618&alias=b9p13p1398.cern.ch&noUDP&sock=startd_5901_2c74>
	SlotName: slot1_33@b9p13p1398.cern.ch
	CondorScratchDir = "/pool/condor/dir_3695816"
	Cpus = 1
	Disk = 3809
	GPUs = 0
	Memory = 3000
...
006 (9119857.000.000) 01/22 18:38:16 Image size of job updated: 59808
	59  -  MemoryUsage of job (MB)
	59808  -  ResidentSetSize of job (KB)
...
006 (9119857.000.000) 01/22 18:38:22 Image size of job updated: 114384
	59  -  MemoryUsage of job (MB)
	59808  -  ResidentSetSize of job (KB)
...
040 (9119857.000.000) 01/22 18:38:22 Started transferring output files
...
040 (9119857.000.000) 01/22 18:38:22 Finished transferring output files
...
005 (9119857.000.000) 01/22 18:38:22 Job terminated.
	(1) Normal termination (return value 0)
		Usr 0 00:00:05, Sys 0 00:00:01  -  Run Remote Usage
		Usr 0 00:00:00, Sys 0 00:00:00  -  Run Local Usage
		Usr 0 00:00:05, Sys 0 00:00:01  -  Total Remote Usage
		Usr 0 00:00:00, Sys 0 00:00:00  -  Total Local Usage
	6012  -  Run Bytes Sent By Job
	325  -  Run Bytes Received By Job
	6012  -  Total Bytes Sent By Job
	325  -  Total Bytes Received By Job
	Partitionable Resources :    Usage  Request Allocated 
	   Cpus                 :        0        1         1 
	   Disk (KB)            :       29        1      3809 
	   GPUs                 :                           0 
	   Memory (MB)          :       59     3000      3000 
	   TimeExecute (s)      :       19                    
	   TimeSlotBusy (s)     :       23                    

	Job terminated of its own accord at 2026-01-22T17:38:22Z with exit-code 0.
...
