000 (9119861.000.000) 01/22 18:36:04 Job submitted from host: <188.185.6.50:9618?addrs=188.185.6.50-9618+[2001-1458-d00-62--100-2b1]-9618&alias=bigbird25.cern.ch&noUDP&sock=schedd_1627_90ad>
...
040 (9119861.000.000) 01/22 18:38:01 Started transferring input files
	Transferring to host: <188.185.214.78:9618?addrs=188.185.214.78-9618+[2001-1458-303-1c--100-4a]-9618&alias=b9p29p8772.cern.ch&noUDP&sock=slot1_17_4251_f6c6_129185>
...
040 (9119861.000.000) 01/22 18:38:01 Finished transferring input files
...
001 (9119861.000.000) 01/22 18:38:02 Job executing on host: <188.185.214.78:9618?addrs=188.185.214.78-9618+[2001-1458-303-1c--100-4a]-9618&alias=b9p29p8772.cern.ch&noUDP&sock=startd_3555_0345>
	SlotName: slot1_17@b9p29p8772.cern.ch
	CondorScratchDir = "/pool/condor/dir_3137378"
	Cpus = 1
	Disk = 3786
	GPUs = 0
	Memory = 3000
...
006 (9119861.000.000) 01/22 18:38:15 Image size of job updated: 158932
	156  -  MemoryUsage of job (MB)
	158932  -  ResidentSetSize of job (KB)
...
006 (9119861.000.000) 01/22 18:38:15 Image size of job updated: 159272
	156  -  MemoryUsage of job (MB)
	159272  -  ResidentSetSize of job (KB)
...
040 (9119861.000.000) 01/22 18:38:15 Started transferring output files
...
040 (9119861.000.000) 01/22 18:38:15 Finished transferring output files
...
005 (9119861.000.000) 01/22 18:38:15 Job terminated.
	(1) Normal termination (return value 0)
		Usr 0 00:00:03, Sys 0 00:00:02  -  Run Remote Usage
		Usr 0 00:00:00, Sys 0 00:00:00  -  Run Local Usage
		Usr 0 00:00:03, Sys 0 00:00:02  -  Total Remote Usage
		Usr 0 00:00:00, Sys 0 00:00:00  -  Total Local Usage
	5998  -  Run Bytes Sent By Job
	318  -  Run Bytes Received By Job
	5998  -  Total Bytes Sent By Job
	318  -  Total Bytes Received By Job
	Partitionable Resources :    Usage  Request Allocated 
	   Cpus                 :        0        1         1 
	   Disk (KB)            :       29        1      3786 
	   GPUs                 :                           0 
	   Memory (MB)          :      156     3000      3000 
	   TimeExecute (s)      :       13                    
	   TimeSlotBusy (s)     :       15                    

	Job terminated of its own accord at 2026-01-22T17:38:15Z with exit-code 0.
...
