000 (9119839.000.000) 01/22 18:35:58 Job submitted from host: <188.185.6.50:9618?addrs=188.185.6.50-9618+[2001-1458-d00-62--100-2b1]-9618&alias=bigbird25.cern.ch&noUDP&sock=schedd_1627_90ad>
...
040 (9119839.000.000) 01/22 18:37:55 Started transferring input files
	Transferring to host: <188.185.208.36:9618?addrs=188.185.208.36-9618+[2001-1458-303-f--100-21]-9618&alias=b9p09p5440.cern.ch&noUDP&sock=slot1_8_5167_5e6b_109626>
...
040 (9119839.000.000) 01/22 18:37:55 Finished transferring input files
...
001 (9119839.000.000) 01/22 18:37:56 Job executing on host: <188.185.208.36:9618?addrs=188.185.208.36-9618+[2001-1458-303-f--100-21]-9618&alias=b9p09p5440.cern.ch&noUDP&sock=startd_4294_e7c2>
	SlotName: slot1_8@b9p09p5440.cern.ch
	CondorScratchDir = "/pool/condor/dir_2867483"
	Cpus = 1
	Disk = 3642
	GPUs = 0
	Memory = 3000
...
006 (9119839.000.000) 01/22 18:38:09 Image size of job updated: 77676
	0  -  MemoryUsage of job (MB)
	0  -  ResidentSetSize of job (KB)
...
040 (9119839.000.000) 01/22 18:38:09 Started transferring output files
...
040 (9119839.000.000) 01/22 18:38:09 Finished transferring output files
...
005 (9119839.000.000) 01/22 18:38:09 Job terminated.
	(1) Normal termination (return value 0)
		Usr 0 00:00:03, Sys 0 00:00:01  -  Run Remote Usage
		Usr 0 00:00:00, Sys 0 00:00:00  -  Run Local Usage
		Usr 0 00:00:03, Sys 0 00:00:01  -  Total Remote Usage
		Usr 0 00:00:00, Sys 0 00:00:00  -  Total Local Usage
	6004  -  Run Bytes Sent By Job
	314  -  Run Bytes Received By Job
	6004  -  Total Bytes Sent By Job
	314  -  Total Bytes Received By Job
	Partitionable Resources :    Usage  Request Allocated 
	   Cpus                 :        0        1         1 
	   Disk (KB)            :       33        1      3642 
	   GPUs                 :                           0 
	   Memory (MB)          :        0     3000      3000 
	   TimeExecute (s)      :       13                    
	   TimeSlotBusy (s)     :       15                    

	Job terminated of its own accord at 2026-01-22T17:38:09Z with exit-code 0.
...
