000 (9119838.000.000) 01/22 18:35:58 Job submitted from host: <188.185.6.50:9618?addrs=188.185.6.50-9618+[2001-1458-d00-62--100-2b1]-9618&alias=bigbird25.cern.ch&noUDP&sock=schedd_1627_90ad>
...
040 (9119838.000.000) 01/22 18:37:54 Started transferring input files
	Transferring to host: <188.185.215.45:9618?addrs=188.185.215.45-9618+[2001-1458-303-1e--100-29]-9618&alias=b9p31p9045.cern.ch&noUDP&sock=slot1_24_4687_2a58_132136>
...
040 (9119838.000.000) 01/22 18:37:54 Finished transferring input files
...
001 (9119838.000.000) 01/22 18:37:55 Job executing on host: <188.185.215.45:9618?addrs=188.185.215.45-9618+[2001-1458-303-1e--100-29]-9618&alias=b9p31p9045.cern.ch&noUDP&sock=startd_3872_72cb>
	SlotName: slot1_24@b9p31p9045.cern.ch
	CondorScratchDir = "/pool/condor/dir_4037906"
	Cpus = 1
	Disk = 3713
	GPUs = 0
	Memory = 3000
...
006 (9119838.000.000) 01/22 18:38:09 Image size of job updated: 297768
	291  -  MemoryUsage of job (MB)
	297768  -  ResidentSetSize of job (KB)
...
006 (9119838.000.000) 01/22 18:38:58 Image size of job updated: 305184
	291  -  MemoryUsage of job (MB)
	297768  -  ResidentSetSize of job (KB)
...
040 (9119838.000.000) 01/22 18:38:59 Started transferring output files
...
040 (9119838.000.000) 01/22 18:38:59 Finished transferring output files
...
005 (9119838.000.000) 01/22 18:38:59 Job terminated.
	(1) Normal termination (return value 0)
		Usr 0 00:00:48, Sys 0 00:00:02  -  Run Remote Usage
		Usr 0 00:00:00, Sys 0 00:00:00  -  Run Local Usage
		Usr 0 00:00:48, Sys 0 00:00:02  -  Total Remote Usage
		Usr 0 00:00:00, Sys 0 00:00:00  -  Total Local Usage
	7602  -  Run Bytes Sent By Job
	314  -  Run Bytes Received By Job
	7602  -  Total Bytes Sent By Job
	314  -  Total Bytes Received By Job
	Partitionable Resources :    Usage  Request Allocated 
	   Cpus                 :        0        1         1 
	   Disk (KB)            :       31        1      3713 
	   GPUs                 :                           0 
	   Memory (MB)          :      291     3000      3000 
	   TimeExecute (s)      :       63                    
	   TimeSlotBusy (s)     :       66                    

	Job terminated of its own accord at 2026-01-22T17:38:58Z with exit-code 0.
...
