000 (9119842.000.000) 01/22 18:35:59 Job submitted from host: <188.185.6.50:9618?addrs=188.185.6.50-9618+[2001-1458-d00-62--100-2b1]-9618&alias=bigbird25.cern.ch&noUDP&sock=schedd_1627_90ad>
...
040 (9119842.000.000) 01/22 18:37:56 Started transferring input files
	Transferring to host: <188.185.208.98:9618?addrs=188.185.208.98-9618+[2001-1458-303-f--100-5f]-9618&alias=b9p09p2889.cern.ch&noUDP&sock=slot1_18_5469_27b7_109503>
...
040 (9119842.000.000) 01/22 18:37:56 Finished transferring input files
...
001 (9119842.000.000) 01/22 18:37:57 Job executing on host: <188.185.208.98:9618?addrs=188.185.208.98-9618+[2001-1458-303-f--100-5f]-9618&alias=b9p09p2889.cern.ch&noUDP&sock=startd_4594_ae2c>
	SlotName: slot1_18@b9p09p2889.cern.ch
	CondorScratchDir = "/pool/condor/dir_314253"
	Cpus = 1
	Disk = 3667
	GPUs = 0
	Memory = 3000
...
006 (9119842.000.000) 01/22 18:38:10 Image size of job updated: 180176
	176  -  MemoryUsage of job (MB)
	180176  -  ResidentSetSize of job (KB)
...
006 (9119842.000.000) 01/22 18:39:14 Image size of job updated: 180180
	176  -  MemoryUsage of job (MB)
	180176  -  ResidentSetSize of job (KB)
...
040 (9119842.000.000) 01/22 18:39:14 Started transferring output files
...
040 (9119842.000.000) 01/22 18:39:14 Finished transferring output files
...
005 (9119842.000.000) 01/22 18:39:14 Job terminated.
	(1) Normal termination (return value 0)
		Usr 0 00:00:57, Sys 0 00:00:02  -  Run Remote Usage
		Usr 0 00:00:00, Sys 0 00:00:00  -  Run Local Usage
		Usr 0 00:00:57, Sys 0 00:00:02  -  Total Remote Usage
		Usr 0 00:00:00, Sys 0 00:00:00  -  Total Local Usage
	7623  -  Run Bytes Sent By Job
	321  -  Run Bytes Received By Job
	7623  -  Total Bytes Sent By Job
	321  -  Total Bytes Received By Job
	Partitionable Resources :    Usage  Request Allocated 
	   Cpus                 :     0.06        1         1 
	   Disk (KB)            :    33           1      3667 
	   GPUs                 :                           0 
	   Memory (MB)          :   176        3000      3000 
	   TimeExecute (s)      :    77                       
	   TimeSlotBusy (s)     :    79                       

	Job terminated of its own accord at 2026-01-22T17:39:14Z with exit-code 0.
...
