000 (9119837.000.000) 01/22 18:35:58 Job submitted from host: <188.185.6.50:9618?addrs=188.185.6.50-9618+[2001-1458-d00-62--100-2b1]-9618&alias=bigbird25.cern.ch&noUDP&sock=schedd_1627_90ad>
...
040 (9119837.000.000) 01/22 18:38:02 Started transferring input files
	Transferring to host: <188.185.196.125:9618?addrs=188.185.196.125-9618+[2001-1458-303-23--100-79]-9618&alias=b9p16p7663.cern.ch&noUDP&sock=slot1_22_1053028_3cbe_121611>
...
040 (9119837.000.000) 01/22 18:38:02 Finished transferring input files
...
001 (9119837.000.000) 01/22 18:38:03 Job executing on host: <188.185.196.125:9618?addrs=188.185.196.125-9618+[2001-1458-303-23--100-79]-9618&alias=b9p16p7663.cern.ch&noUDP&sock=startd_6659_193e>
	SlotName: slot1_22@b9p16p7663.cern.ch
	CondorScratchDir = "/pool/condor/dir_2976007"
	Cpus = 1
	Disk = 3901
	GPUs = 0
	Memory = 3000
...
006 (9119837.000.000) 01/22 18:38:17 Image size of job updated: 114564
	112  -  MemoryUsage of job (MB)
	114564  -  ResidentSetSize of job (KB)
...
006 (9119837.000.000) 01/22 18:42:45 Image size of job updated: 412280
	112  -  MemoryUsage of job (MB)
	114580  -  ResidentSetSize of job (KB)
...
040 (9119837.000.000) 01/22 18:42:45 Started transferring output files
...
040 (9119837.000.000) 01/22 18:42:45 Finished transferring output files
...
005 (9119837.000.000) 01/22 18:42:45 Job terminated.
	(1) Normal termination (return value 0)
		Usr 0 00:04:07, Sys 0 00:00:03  -  Run Remote Usage
		Usr 0 00:00:00, Sys 0 00:00:00  -  Run Local Usage
		Usr 0 00:04:07, Sys 0 00:00:03  -  Total Remote Usage
		Usr 0 00:00:00, Sys 0 00:00:00  -  Total Local Usage
	10374  -  Run Bytes Sent By Job
	314  -  Run Bytes Received By Job
	10374  -  Total Bytes Sent By Job
	314  -  Total Bytes Received By Job
	Partitionable Resources :    Usage  Request Allocated 
	   Cpus                 :     0.97        1         1 
	   Disk (KB)            :    34           1      3901 
	   GPUs                 :                           0 
	   Memory (MB)          :   112        3000      3000 
	   TimeExecute (s)      :   282                       
	   TimeSlotBusy (s)     :   284                       

	Job terminated of its own accord at 2026-01-22T17:42:45Z with exit-code 0.
...
