000 (9119841.000.000) 01/22 18:35:59 Job submitted from host: <188.185.6.50:9618?addrs=188.185.6.50-9618+[2001-1458-d00-62--100-2b1]-9618&alias=bigbird25.cern.ch&noUDP&sock=schedd_1627_90ad>
...
040 (9119841.000.000) 01/22 18:37:56 Started transferring input files
	Transferring to host: <188.185.215.101:9618?addrs=188.185.215.101-9618+[2001-1458-303-1e--100-61]-9618&alias=b9p31p8932.cern.ch&noUDP&sock=slot1_20_4275_dfc7_132578>
...
040 (9119841.000.000) 01/22 18:37:56 Finished transferring input files
...
001 (9119841.000.000) 01/22 18:37:57 Job executing on host: <188.185.215.101:9618?addrs=188.185.215.101-9618+[2001-1458-303-1e--100-61]-9618&alias=b9p31p8932.cern.ch&noUDP&sock=startd_3580_2923>
	SlotName: slot1_20@b9p31p8932.cern.ch
	CondorScratchDir = "/pool/condor/dir_737535"
	Cpus = 1
	Disk = 3843
	GPUs = 0
	Memory = 3000
...
006 (9119841.000.000) 01/22 18:38:11 Image size of job updated: 35700
	35  -  MemoryUsage of job (MB)
	35700  -  ResidentSetSize of job (KB)
...
006 (9119841.000.000) 01/22 18:42:48 Image size of job updated: 181512
	36  -  MemoryUsage of job (MB)
	35864  -  ResidentSetSize of job (KB)
...
040 (9119841.000.000) 01/22 18:42:48 Started transferring output files
...
040 (9119841.000.000) 01/22 18:42:48 Finished transferring output files
...
005 (9119841.000.000) 01/22 18:42:48 Job terminated.
	(1) Normal termination (return value 0)
		Usr 0 00:03:19, Sys 0 00:00:04  -  Run Remote Usage
		Usr 0 00:00:00, Sys 0 00:00:00  -  Run Local Usage
		Usr 0 00:03:19, Sys 0 00:00:04  -  Total Remote Usage
		Usr 0 00:00:00, Sys 0 00:00:00  -  Total Local Usage
	10395  -  Run Bytes Sent By Job
	321  -  Run Bytes Received By Job
	10395  -  Total Bytes Sent By Job
	321  -  Total Bytes Received By Job
	Partitionable Resources :    Usage  Request Allocated 
	   Cpus                 :     0.88        1         1 
	   Disk (KB)            :    34           1      3843 
	   GPUs                 :                           0 
	   Memory (MB)          :    36        3000      3000 
	   TimeExecute (s)      :   291                       
	   TimeSlotBusy (s)     :   294                       

	Job terminated of its own accord at 2026-01-22T17:42:48Z with exit-code 0.
...
