000 (9119836.000.000) 01/22 18:35:57 Job submitted from host: <188.185.6.50:9618?addrs=188.185.6.50-9618+[2001-1458-d00-62--100-2b1]-9618&alias=bigbird25.cern.ch&noUDP&sock=schedd_1627_90ad>
...
040 (9119836.000.000) 01/22 18:37:54 Started transferring input files
	Transferring to host: <188.185.194.61:9618?addrs=188.185.194.61-9618+[2001-1458-303-21--100-39]-9618&alias=b9p20p4147.cern.ch&noUDP&sock=slot1_11_6502_ff41_124152>
...
040 (9119836.000.000) 01/22 18:37:54 Finished transferring input files
...
001 (9119836.000.000) 01/22 18:37:55 Job executing on host: <188.185.194.61:9618?addrs=188.185.194.61-9618+[2001-1458-303-21--100-39]-9618&alias=b9p20p4147.cern.ch&noUDP&sock=startd_5338_00a2>
	SlotName: slot1_11@b9p20p4147.cern.ch
	CondorScratchDir = "/pool/condor/dir_2772559"
	Cpus = 1
	Disk = 3762
	GPUs = 0
	Memory = 3000
...
006 (9119836.000.000) 01/22 18:38:09 Image size of job updated: 124096
	122  -  MemoryUsage of job (MB)
	124096  -  ResidentSetSize of job (KB)
...
006 (9119836.000.000) 01/22 18:43:10 Image size of job updated: 307464
	301  -  MemoryUsage of job (MB)
	307464  -  ResidentSetSize of job (KB)
...
006 (9119836.000.000) 01/22 18:43:27 Image size of job updated: 412068
	301  -  MemoryUsage of job (MB)
	307464  -  ResidentSetSize of job (KB)
...
040 (9119836.000.000) 01/22 18:43:27 Started transferring output files
...
040 (9119836.000.000) 01/22 18:43:27 Finished transferring output files
...
005 (9119836.000.000) 01/22 18:43:27 Job terminated.
	(1) Normal termination (return value 0)
		Usr 0 00:04:06, Sys 0 00:00:03  -  Run Remote Usage
		Usr 0 00:00:00, Sys 0 00:00:00  -  Run Local Usage
		Usr 0 00:04:06, Sys 0 00:00:03  -  Total Remote Usage
		Usr 0 00:00:00, Sys 0 00:00:00  -  Total Local Usage
	10252  -  Run Bytes Sent By Job
	314  -  Run Bytes Received By Job
	10252  -  Total Bytes Sent By Job
	314  -  Total Bytes Received By Job
	Partitionable Resources :    Usage  Request Allocated 
	   Cpus                 :        0        1         1 
	   Disk (KB)            :       33        1      3762 
	   GPUs                 :                           0 
	   Memory (MB)          :      301     3000      3000 
	   TimeExecute (s)      :      332                    
	   TimeSlotBusy (s)     :      334                    

	Job terminated of its own accord at 2026-01-22T17:43:27Z with exit-code 0.
...
