000 (9119834.000.000) 01/22 18:35:57 Job submitted from host: <188.185.6.50:9618?addrs=188.185.6.50-9618+[2001-1458-d00-62--100-2b1]-9618&alias=bigbird25.cern.ch&noUDP&sock=schedd_1627_90ad>
...
040 (9119834.000.000) 01/22 18:37:53 Started transferring input files
	Transferring to host: <188.185.193.183:9618?addrs=188.185.193.183-9618+[2001-1458-303-20--100-b3]-9618&alias=b9p19p3024.cern.ch&noUDP&sock=slot1_59_6936_ca13_120567>
...
040 (9119834.000.000) 01/22 18:37:53 Finished transferring input files
...
001 (9119834.000.000) 01/22 18:37:54 Job executing on host: <188.185.193.183:9618?addrs=188.185.193.183-9618+[2001-1458-303-20--100-b3]-9618&alias=b9p19p3024.cern.ch&noUDP&sock=startd_5788_aa40>
	SlotName: slot1_59@b9p19p3024.cern.ch
	CondorScratchDir = "/pool/condor/dir_2345474"
	Cpus = 1
	Disk = 3930
	GPUs = 0
	Memory = 3000
...
006 (9119834.000.000) 01/22 18:38:07 Image size of job updated: 124064
	122  -  MemoryUsage of job (MB)
	124064  -  ResidentSetSize of job (KB)
...
006 (9119834.000.000) 01/22 18:38:16 Image size of job updated: 168540
	122  -  MemoryUsage of job (MB)
	124064  -  ResidentSetSize of job (KB)
...
040 (9119834.000.000) 01/22 18:38:16 Started transferring output files
...
040 (9119834.000.000) 01/22 18:38:16 Finished transferring output files
...
005 (9119834.000.000) 01/22 18:38:16 Job terminated.
	(1) Normal termination (return value 0)
		Usr 0 00:00:11, Sys 0 00:00:01  -  Run Remote Usage
		Usr 0 00:00:00, Sys 0 00:00:00  -  Run Local Usage
		Usr 0 00:00:11, Sys 0 00:00:01  -  Total Remote Usage
		Usr 0 00:00:00, Sys 0 00:00:00  -  Total Local Usage
	6263  -  Run Bytes Sent By Job
	315  -  Run Bytes Received By Job
	6263  -  Total Bytes Sent By Job
	315  -  Total Bytes Received By Job
	Partitionable Resources :    Usage  Request Allocated 
	   Cpus                 :        0        1         1 
	   Disk (KB)            :       30        1      3930 
	   GPUs                 :                           0 
	   Memory (MB)          :      122     3000      3000 
	   TimeExecute (s)      :       22                    
	   TimeSlotBusy (s)     :       24                    

	Job terminated of its own accord at 2026-01-22T17:38:16Z with exit-code 0.
...
