000 (9119835.000.000) 01/22 18:35:57 Job submitted from host: <188.185.6.50:9618?addrs=188.185.6.50-9618+[2001-1458-d00-62--100-2b1]-9618&alias=bigbird25.cern.ch&noUDP&sock=schedd_1627_90ad>
...
040 (9119835.000.000) 01/22 18:37:54 Started transferring input files
	Transferring to host: <188.185.192.116:9618?addrs=188.185.192.116-9618+[2001-1458-303-1f--100-70]-9618&alias=b9p13p2423.cern.ch&noUDP&sock=slot1_8_7620_baaf_127432>
...
040 (9119835.000.000) 01/22 18:37:54 Finished transferring input files
...
001 (9119835.000.000) 01/22 18:37:55 Job executing on host: <188.185.192.116:9618?addrs=188.185.192.116-9618+[2001-1458-303-1f--100-70]-9618&alias=b9p13p2423.cern.ch&noUDP&sock=startd_6350_267a>
	SlotName: slot1_8@b9p13p2423.cern.ch
	CondorScratchDir = "/pool/condor/dir_2150820"
	Cpus = 1
	Disk = 3806
	GPUs = 0
	Memory = 3000
...
006 (9119835.000.000) 01/22 18:38:07 Image size of job updated: 124128
	0  -  MemoryUsage of job (MB)
	0  -  ResidentSetSize of job (KB)
...
040 (9119835.000.000) 01/22 18:38:07 Started transferring output files
...
040 (9119835.000.000) 01/22 18:38:07 Finished transferring output files
...
005 (9119835.000.000) 01/22 18:38:07 Job terminated.
	(1) Normal termination (return value 0)
		Usr 0 00:00:04, Sys 0 00:00:01  -  Run Remote Usage
		Usr 0 00:00:00, Sys 0 00:00:00  -  Run Local Usage
		Usr 0 00:00:04, Sys 0 00:00:01  -  Total Remote Usage
		Usr 0 00:00:00, Sys 0 00:00:00  -  Total Local Usage
	5992  -  Run Bytes Sent By Job
	315  -  Run Bytes Received By Job
	5992  -  Total Bytes Sent By Job
	315  -  Total Bytes Received By Job
	Partitionable Resources :    Usage  Request Allocated 
	   Cpus                 :        0        1         1 
	   Disk (KB)            :       29        1      3806 
	   GPUs                 :                           0 
	   Memory (MB)          :        0     3000      3000 
	   TimeExecute (s)      :       12                    
	   TimeSlotBusy (s)     :       14                    

	Job terminated of its own accord at 2026-01-22T17:38:07Z with exit-code 0.
...
