000 (9119844.000.000) 01/22 18:36:00 Job submitted from host: <188.185.6.50:9618?addrs=188.185.6.50-9618+[2001-1458-d00-62--100-2b1]-9618&alias=bigbird25.cern.ch&noUDP&sock=schedd_1627_90ad>
...
040 (9119844.000.000) 01/22 18:37:57 Started transferring input files
	Transferring to host: <188.185.211.165:9618?addrs=188.185.211.165-9618+[2001-1458-303-17--100-21]-9618&alias=b9p24p8045.cern.ch&noUDP&sock=slot1_23_4671_e457_136492>
...
040 (9119844.000.000) 01/22 18:37:57 Finished transferring input files
...
001 (9119844.000.000) 01/22 18:37:58 Job executing on host: <188.185.211.165:9618?addrs=188.185.211.165-9618+[2001-1458-303-17--100-21]-9618&alias=b9p24p8045.cern.ch&noUDP&sock=startd_3900_a772>
	SlotName: slot1_23@b9p24p8045.cern.ch
	CondorScratchDir = "/pool/condor/dir_3324921"
	Cpus = 1
	Disk = 3821
	GPUs = 0
	Memory = 3000
...
006 (9119844.000.000) 01/22 18:38:11 Image size of job updated: 172032
	168  -  MemoryUsage of job (MB)
	172032  -  ResidentSetSize of job (KB)
...
006 (9119844.000.000) 01/22 18:38:30 Image size of job updated: 264080
	168  -  MemoryUsage of job (MB)
	172032  -  ResidentSetSize of job (KB)
...
040 (9119844.000.000) 01/22 18:38:30 Started transferring output files
...
040 (9119844.000.000) 01/22 18:38:30 Finished transferring output files
...
005 (9119844.000.000) 01/22 18:38:30 Job terminated.
	(1) Normal termination (return value 0)
		Usr 0 00:00:21, Sys 0 00:00:01  -  Run Remote Usage
		Usr 0 00:00:00, Sys 0 00:00:00  -  Run Local Usage
		Usr 0 00:00:21, Sys 0 00:00:01  -  Total Remote Usage
		Usr 0 00:00:00, Sys 0 00:00:00  -  Total Local Usage
	6617  -  Run Bytes Sent By Job
	314  -  Run Bytes Received By Job
	6617  -  Total Bytes Sent By Job
	314  -  Total Bytes Received By Job
	Partitionable Resources :    Usage  Request Allocated 
	   Cpus                 :        0        1         1 
	   Disk (KB)            :       30        1      3821 
	   GPUs                 :                           0 
	   Memory (MB)          :      168     3000      3000 
	   TimeExecute (s)      :       32                    
	   TimeSlotBusy (s)     :       35                    

	Job terminated of its own accord at 2026-01-22T17:38:30Z with exit-code 0.
...
