000 (9119845.000.000) 01/22 18:36:00 Job submitted from host: <188.185.6.50:9618?addrs=188.185.6.50-9618+[2001-1458-d00-62--100-2b1]-9618&alias=bigbird25.cern.ch&noUDP&sock=schedd_1627_90ad>
...
040 (9119845.000.000) 01/22 18:37:57 Started transferring input files
	Transferring to host: <188.185.194.168:9618?addrs=188.185.194.168-9618+[2001-1458-303-21--100-a4]-9618&alias=b9p20p8660.cern.ch&noUDP&sock=slot1_53_9739_c1a5_120371>
...
040 (9119845.000.000) 01/22 18:37:57 Finished transferring input files
...
001 (9119845.000.000) 01/22 18:37:58 Job executing on host: <188.185.194.168:9618?addrs=188.185.194.168-9618+[2001-1458-303-21--100-a4]-9618&alias=b9p20p8660.cern.ch&noUDP&sock=startd_8039_a9f0>
	SlotName: slot1_53@b9p20p8660.cern.ch
	CondorScratchDir = "/pool/condor/dir_1015008"
	Cpus = 1
	Disk = 3790
	GPUs = 0
	Memory = 3000
...
006 (9119845.000.000) 01/22 18:38:11 Image size of job updated: 140416
	138  -  MemoryUsage of job (MB)
	140416  -  ResidentSetSize of job (KB)
...
006 (9119845.000.000) 01/22 18:38:12 Image size of job updated: 140444
	138  -  MemoryUsage of job (MB)
	140444  -  ResidentSetSize of job (KB)
...
040 (9119845.000.000) 01/22 18:38:12 Started transferring output files
...
040 (9119845.000.000) 01/22 18:38:12 Finished transferring output files
...
005 (9119845.000.000) 01/22 18:38:12 Job terminated.
	(1) Normal termination (return value 0)
		Usr 0 00:00:04, Sys 0 00:00:01  -  Run Remote Usage
		Usr 0 00:00:00, Sys 0 00:00:00  -  Run Local Usage
		Usr 0 00:00:04, Sys 0 00:00:01  -  Total Remote Usage
		Usr 0 00:00:00, Sys 0 00:00:00  -  Total Local Usage
	5990  -  Run Bytes Sent By Job
	314  -  Run Bytes Received By Job
	5990  -  Total Bytes Sent By Job
	314  -  Total Bytes Received By Job
	Partitionable Resources :    Usage  Request Allocated 
	   Cpus                 :        0        1         1 
	   Disk (KB)            :       29        1      3790 
	   GPUs                 :                           0 
	   Memory (MB)          :      138     3000      3000 
	   TimeExecute (s)      :       14                    
	   TimeSlotBusy (s)     :       16                    

	Job terminated of its own accord at 2026-01-22T17:38:12Z with exit-code 0.
...
