000 (9119846.000.000) 01/22 18:36:00 Job submitted from host: <188.185.6.50:9618?addrs=188.185.6.50-9618+[2001-1458-d00-62--100-2b1]-9618&alias=bigbird25.cern.ch&noUDP&sock=schedd_1627_90ad>
...
040 (9119846.000.000) 01/22 18:37:57 Started transferring input files
	Transferring to host: <188.185.192.185:9618?addrs=188.185.192.185-9618+[2001-1458-303-1f--100-b5]-9618&alias=b9p13p1927.cern.ch&noUDP&sock=slot1_11_5641_583e_126247>
...
040 (9119846.000.000) 01/22 18:37:57 Finished transferring input files
...
001 (9119846.000.000) 01/22 18:37:58 Job executing on host: <188.185.192.185:9618?addrs=188.185.192.185-9618+[2001-1458-303-1f--100-b5]-9618&alias=b9p13p1927.cern.ch&noUDP&sock=startd_4361_dc9b>
	SlotName: slot1_11@b9p13p1927.cern.ch
	CondorScratchDir = "/pool/condor/dir_3305722"
	Cpus = 1
	Disk = 3846
	GPUs = 0
	Memory = 3000
...
006 (9119846.000.000) 01/22 18:38:11 Image size of job updated: 81784
	80  -  MemoryUsage of job (MB)
	81784  -  ResidentSetSize of job (KB)
...
006 (9119846.000.000) 01/22 18:39:57 Image size of job updated: 173444
	80  -  MemoryUsage of job (MB)
	81784  -  ResidentSetSize of job (KB)
...
040 (9119846.000.000) 01/22 18:39:57 Started transferring output files
...
040 (9119846.000.000) 01/22 18:39:57 Finished transferring output files
...
005 (9119846.000.000) 01/22 18:39:58 Job terminated.
	(1) Normal termination (return value 0)
		Usr 0 00:01:29, Sys 0 00:00:02  -  Run Remote Usage
		Usr 0 00:00:00, Sys 0 00:00:00  -  Run Local Usage
		Usr 0 00:01:29, Sys 0 00:00:02  -  Total Remote Usage
		Usr 0 00:00:00, Sys 0 00:00:00  -  Total Local Usage
	7374  -  Run Bytes Sent By Job
	313  -  Run Bytes Received By Job
	7374  -  Total Bytes Sent By Job
	313  -  Total Bytes Received By Job
	Partitionable Resources :    Usage  Request Allocated 
	   Cpus                 :        0        1         1 
	   Disk (KB)            :       31        1      3846 
	   GPUs                 :                           0 
	   Memory (MB)          :       80     3000      3000 
	   TimeExecute (s)      :      119                    
	   TimeSlotBusy (s)     :      121                    

	Job terminated of its own accord at 2026-01-22T17:39:57Z with exit-code 0.
...
