000 (9119849.000.000) 01/22 18:36:01 Job submitted from host: <188.185.6.50:9618?addrs=188.185.6.50-9618+[2001-1458-d00-62--100-2b1]-9618&alias=bigbird25.cern.ch&noUDP&sock=schedd_1627_90ad>
...
040 (9119849.000.000) 01/22 18:37:58 Started transferring input files
	Transferring to host: <188.185.204.179:9618?addrs=188.185.204.179-9618+[2001-1458-303-8--100-a7]-9618&alias=b9p02p7493.cern.ch&noUDP&sock=slot1_14_6230_5936_110691>
...
040 (9119849.000.000) 01/22 18:37:58 Finished transferring input files
...
001 (9119849.000.000) 01/22 18:37:59 Job executing on host: <188.185.204.179:9618?addrs=188.185.204.179-9618+[2001-1458-303-8--100-a7]-9618&alias=b9p02p7493.cern.ch&noUDP&sock=startd_5347_2cfc>
	SlotName: slot1_14@b9p02p7493.cern.ch
	CondorScratchDir = "/pool/condor/dir_438269"
	Cpus = 1
	Disk = 3768
	GPUs = 0
	Memory = 3000
...
006 (9119849.000.000) 01/22 18:38:11 Image size of job updated: 123504
	0  -  MemoryUsage of job (MB)
	0  -  ResidentSetSize of job (KB)
...
040 (9119849.000.000) 01/22 18:38:11 Started transferring output files
...
040 (9119849.000.000) 01/22 18:38:11 Finished transferring output files
...
005 (9119849.000.000) 01/22 18:38:11 Job terminated.
	(1) Normal termination (return value 0)
		Usr 0 00:00:03, Sys 0 00:00:01  -  Run Remote Usage
		Usr 0 00:00:00, Sys 0 00:00:00  -  Run Local Usage
		Usr 0 00:00:03, Sys 0 00:00:01  -  Total Remote Usage
		Usr 0 00:00:00, Sys 0 00:00:00  -  Total Local Usage
	5988  -  Run Bytes Sent By Job
	313  -  Run Bytes Received By Job
	5988  -  Total Bytes Sent By Job
	313  -  Total Bytes Received By Job
	Partitionable Resources :    Usage  Request Allocated 
	   Cpus                 :        0        1         1 
	   Disk (KB)            :       32        1      3768 
	   GPUs                 :                           0 
	   Memory (MB)          :        0     3000      3000 
	   TimeExecute (s)      :       12                    
	   TimeSlotBusy (s)     :       14                    

	Job terminated of its own accord at 2026-01-22T17:38:11Z with exit-code 0.
...
