000 (9119848.000.000) 01/22 18:36:01 Job submitted from host: <188.185.6.50:9618?addrs=188.185.6.50-9618+[2001-1458-d00-62--100-2b1]-9618&alias=bigbird25.cern.ch&noUDP&sock=schedd_1627_90ad>
...
040 (9119848.000.000) 01/22 18:38:01 Started transferring input files
	Transferring to host: <188.185.194.80:9618?addrs=188.185.194.80-9618+[2001-1458-303-21--100-4c]-9618&alias=b9p20p7148.cern.ch&noUDP&sock=slot1_20_6417_1b5e_118563>
...
040 (9119848.000.000) 01/22 18:38:01 Finished transferring input files
...
001 (9119848.000.000) 01/22 18:38:02 Job executing on host: <188.185.194.80:9618?addrs=188.185.194.80-9618+[2001-1458-303-21--100-4c]-9618&alias=b9p20p7148.cern.ch&noUDP&sock=startd_5103_cfe0>
	SlotName: slot1_20@b9p20p7148.cern.ch
	CondorScratchDir = "/pool/condor/dir_350184"
	Cpus = 1
	Disk = 3816
	GPUs = 0
	Memory = 3000
...
006 (9119848.000.000) 01/22 18:38:16 Image size of job updated: 123964
	122  -  MemoryUsage of job (MB)
	123964  -  ResidentSetSize of job (KB)
...
006 (9119848.000.000) 01/22 18:38:43 Image size of job updated: 166680
	122  -  MemoryUsage of job (MB)
	123964  -  ResidentSetSize of job (KB)
...
040 (9119848.000.000) 01/22 18:38:43 Started transferring output files
...
040 (9119848.000.000) 01/22 18:38:43 Finished transferring output files
...
005 (9119848.000.000) 01/22 18:38:43 Job terminated.
	(1) Normal termination (return value 0)
		Usr 0 00:00:26, Sys 0 00:00:02  -  Run Remote Usage
		Usr 0 00:00:00, Sys 0 00:00:00  -  Run Local Usage
		Usr 0 00:00:26, Sys 0 00:00:02  -  Total Remote Usage
		Usr 0 00:00:00, Sys 0 00:00:00  -  Total Local Usage
	6447  -  Run Bytes Sent By Job
	313  -  Run Bytes Received By Job
	6447  -  Total Bytes Sent By Job
	313  -  Total Bytes Received By Job
	Partitionable Resources :    Usage  Request Allocated 
	   Cpus                 :        0        1         1 
	   Disk (KB)            :       30        1      3816 
	   GPUs                 :                           0 
	   Memory (MB)          :      122     3000      3000 
	   TimeExecute (s)      :       41                    
	   TimeSlotBusy (s)     :       46                    

	Job terminated of its own accord at 2026-01-22T17:38:43Z with exit-code 0.
...
