000 (9119851.000.000) 01/22 18:36:02 Job submitted from host: <188.185.6.50:9618?addrs=188.185.6.50-9618+[2001-1458-d00-62--100-2b1]-9618&alias=bigbird25.cern.ch&noUDP&sock=schedd_1627_90ad>
...
040 (9119851.000.000) 01/22 18:38:05 Started transferring input files
	Transferring to host: <188.185.210.104:9618?addrs=188.185.210.104-9618+[2001-1458-303-1--100-64]-9618&alias=b9p21p5559.cern.ch&noUDP&sock=slot1_11_5494_c518_161257>
...
040 (9119851.000.000) 01/22 18:38:05 Finished transferring input files
...
001 (9119851.000.000) 01/22 18:38:06 Job executing on host: <188.185.210.104:9618?addrs=188.185.210.104-9618+[2001-1458-303-1--100-64]-9618&alias=b9p21p5559.cern.ch&noUDP&sock=startd_4610_a7b0>
	SlotName: slot1_11@b9p21p5559.cern.ch
	CondorScratchDir = "/pool/condor/dir_1754078"
	Cpus = 1
	Disk = 3807
	GPUs = 0
	Memory = 3000
...
006 (9119851.000.000) 01/22 18:38:17 Image size of job updated: 158420
	0  -  MemoryUsage of job (MB)
	0  -  ResidentSetSize of job (KB)
...
040 (9119851.000.000) 01/22 18:38:17 Started transferring output files
...
040 (9119851.000.000) 01/22 18:38:17 Finished transferring output files
...
005 (9119851.000.000) 01/22 18:38:17 Job terminated.
	(1) Normal termination (return value 0)
		Usr 0 00:00:02, Sys 0 00:00:01  -  Run Remote Usage
		Usr 0 00:00:00, Sys 0 00:00:00  -  Run Local Usage
		Usr 0 00:00:02, Sys 0 00:00:01  -  Total Remote Usage
		Usr 0 00:00:00, Sys 0 00:00:00  -  Total Local Usage
	5990  -  Run Bytes Sent By Job
	314  -  Run Bytes Received By Job
	5990  -  Total Bytes Sent By Job
	314  -  Total Bytes Received By Job
	Partitionable Resources :    Usage  Request Allocated 
	   Cpus                 :        0        1         1 
	   Disk (KB)            :       29        1      3807 
	   GPUs                 :                           0 
	   Memory (MB)          :        0     3000      3000 
	   TimeExecute (s)      :       11                    
	   TimeSlotBusy (s)     :       13                    

	Job terminated of its own accord at 2026-01-22T17:38:17Z with exit-code 0.
...
