000 (9119853.000.000) 01/22 18:36:02 Job submitted from host: <188.185.6.50:9618?addrs=188.185.6.50-9618+[2001-1458-d00-62--100-2b1]-9618&alias=bigbird25.cern.ch&noUDP&sock=schedd_1627_90ad>
...
040 (9119853.000.000) 01/22 18:37:59 Started transferring input files
	Transferring to host: <188.185.215.179:9618?addrs=188.185.215.179-9618+[2001-1458-303-26--100-2f]-9618&alias=b9p18p2706.cern.ch&noUDP&sock=slot1_16_7211_8d3e_129744>
...
040 (9119853.000.000) 01/22 18:37:59 Finished transferring input files
...
001 (9119853.000.000) 01/22 18:38:00 Job executing on host: <188.185.215.179:9618?addrs=188.185.215.179-9618+[2001-1458-303-26--100-2f]-9618&alias=b9p18p2706.cern.ch&noUDP&sock=startd_6436_239f>
	SlotName: slot1_16@b9p18p2706.cern.ch
	CondorScratchDir = "/pool/condor/dir_4130342"
	Cpus = 1
	Disk = 3720
	GPUs = 0
	Memory = 3000
...
006 (9119853.000.000) 01/22 18:38:14 Image size of job updated: 154324
	151  -  MemoryUsage of job (MB)
	154324  -  ResidentSetSize of job (KB)
...
006 (9119853.000.000) 01/22 18:38:14 Image size of job updated: 154648
	152  -  MemoryUsage of job (MB)
	154648  -  ResidentSetSize of job (KB)
...
040 (9119853.000.000) 01/22 18:38:14 Started transferring output files
...
040 (9119853.000.000) 01/22 18:38:14 Finished transferring output files
...
005 (9119853.000.000) 01/22 18:38:14 Job terminated.
	(1) Normal termination (return value 0)
		Usr 0 00:00:03, Sys 0 00:00:01  -  Run Remote Usage
		Usr 0 00:00:00, Sys 0 00:00:00  -  Run Local Usage
		Usr 0 00:00:03, Sys 0 00:00:01  -  Total Remote Usage
		Usr 0 00:00:00, Sys 0 00:00:00  -  Total Local Usage
	5988  -  Run Bytes Sent By Job
	313  -  Run Bytes Received By Job
	5988  -  Total Bytes Sent By Job
	313  -  Total Bytes Received By Job
	Partitionable Resources :    Usage  Request Allocated 
	   Cpus                 :        0        1         1 
	   Disk (KB)            :       29        1      3720 
	   GPUs                 :                           0 
	   Memory (MB)          :      152     3000      3000 
	   TimeExecute (s)      :       14                    
	   TimeSlotBusy (s)     :       16                    

	Job terminated of its own accord at 2026-01-22T17:38:14Z with exit-code 0.
...
