000 (9120000.000.000) 01/22 19:26:10 Job submitted from host: <188.185.6.50:9618?addrs=188.185.6.50-9618+[2001-1458-d00-62--100-2b1]-9618&alias=bigbird25.cern.ch&noUDP&sock=schedd_1627_90ad>
...
040 (9120000.000.000) 01/22 19:30:58 Started transferring input files
	Transferring to host: <188.185.214.21:9618?addrs=188.185.214.21-9618+[2001-1458-303-1c--100-11]-9618&alias=b9p29p8175.cern.ch&noUDP&sock=slot1_3_7159_e9bc_129453>
...
001 (9120000.000.000) 01/22 19:31:05 Job executing on host: <188.185.214.21:9618?addrs=188.185.214.21-9618+[2001-1458-303-1c--100-11]-9618&alias=b9p29p8175.cern.ch&noUDP&sock=startd_6544_37d9>
	SlotName: slot1_3@b9p29p8175.cern.ch
	CondorScratchDir = "/pool/condor/dir_1659070"
	Cpus = 1
	Disk = 3899
	GPUs = 0
	Memory = 3000
...
040 (9120000.000.000) 01/22 19:31:05 Finished transferring input files
...
006 (9120000.000.000) 01/22 19:31:19 Image size of job updated: 180692
	177  -  MemoryUsage of job (MB)
	180692  -  ResidentSetSize of job (KB)
...
006 (9120000.000.000) 01/22 19:35:13 Image size of job updated: 445144
	177  -  MemoryUsage of job (MB)
	180692  -  ResidentSetSize of job (KB)
...
040 (9120000.000.000) 01/22 19:35:14 Started transferring output files
...
040 (9120000.000.000) 01/22 19:35:14 Finished transferring output files
...
005 (9120000.000.000) 01/22 19:35:14 Job terminated.
	(1) Normal termination (return value 0)
		Usr 0 00:02:41, Sys 0 00:00:04  -  Run Remote Usage
		Usr 0 00:00:00, Sys 0 00:00:00  -  Run Local Usage
		Usr 0 00:02:41, Sys 0 00:00:04  -  Total Remote Usage
		Usr 0 00:00:00, Sys 0 00:00:00  -  Total Local Usage
	10267  -  Run Bytes Sent By Job
	319  -  Run Bytes Received By Job
	10267  -  Total Bytes Sent By Job
	319  -  Total Bytes Received By Job
	Partitionable Resources :    Usage  Request Allocated 
	   Cpus                 :        0        1         1 
	   Disk (KB)            :       34        1      3899 
	   GPUs                 :                           0 
	   Memory (MB)          :      177     3000      3000 
	   TimeExecute (s)      :      248                    
	   TimeSlotBusy (s)     :      257                    

	Job terminated of its own accord at 2026-01-22T18:35:13Z with exit-code 0.
...
