000 (9120002.000.000) 01/22 19:26:11 Job submitted from host: <188.185.6.50:9618?addrs=188.185.6.50-9618+[2001-1458-d00-62--100-2b1]-9618&alias=bigbird25.cern.ch&noUDP&sock=schedd_1627_90ad>
...
040 (9120002.000.000) 01/22 19:30:59 Started transferring input files
	Transferring to host: <188.185.211.192:9618?addrs=188.185.211.192-9618+[2001-1458-303-17--100-3c]-9618&alias=b9p24p7757.cern.ch&noUDP&sock=slot1_23_9889_71eb_132973>
...
001 (9120002.000.000) 01/22 19:31:05 Job executing on host: <188.185.211.192:9618?addrs=188.185.211.192-9618+[2001-1458-303-17--100-3c]-9618&alias=b9p24p7757.cern.ch&noUDP&sock=startd_9166_b12c>
	SlotName: slot1_23@b9p24p7757.cern.ch
	CondorScratchDir = "/pool/condor/dir_3122004"
	Cpus = 1
	Disk = 3825
	GPUs = 0
	Memory = 3000
...
040 (9120002.000.000) 01/22 19:31:05 Finished transferring input files
...
006 (9120002.000.000) 01/22 19:31:18 Image size of job updated: 265408
	260  -  MemoryUsage of job (MB)
	265408  -  ResidentSetSize of job (KB)
...
006 (9120002.000.000) 01/22 19:33:39 Image size of job updated: 445224
	260  -  MemoryUsage of job (MB)
	265408  -  ResidentSetSize of job (KB)
...
040 (9120002.000.000) 01/22 19:33:43 Started transferring output files
...
040 (9120002.000.000) 01/22 19:33:43 Finished transferring output files
...
005 (9120002.000.000) 01/22 19:33:43 Job terminated.
	(1) Normal termination (return value 0)
		Usr 0 00:02:13, Sys 0 00:00:03  -  Run Remote Usage
		Usr 0 00:00:00, Sys 0 00:00:00  -  Run Local Usage
		Usr 0 00:02:13, Sys 0 00:00:03  -  Total Remote Usage
		Usr 0 00:00:00, Sys 0 00:00:00  -  Total Local Usage
	9717  -  Run Bytes Sent By Job
	319  -  Run Bytes Received By Job
	9717  -  Total Bytes Sent By Job
	319  -  Total Bytes Received By Job
	Partitionable Resources :    Usage  Request Allocated 
	   Cpus                 :        0        1         1 
	   Disk (KB)            :       33        1      3825 
	   GPUs                 :                           0 
	   Memory (MB)          :      260     3000      3000 
	   TimeExecute (s)      :      154                    
	   TimeSlotBusy (s)     :      165                    

	Job terminated of its own accord at 2026-01-22T18:33:39Z with exit-code 0.
...
