000 (9119998.000.000) 01/22 19:26:10 Job submitted from host: <188.185.6.50:9618?addrs=188.185.6.50-9618+[2001-1458-d00-62--100-2b1]-9618&alias=bigbird25.cern.ch&noUDP&sock=schedd_1627_90ad>
...
040 (9119998.000.000) 01/22 19:31:10 Started transferring input files
	Transferring to host: <188.185.212.167:9618?addrs=188.185.212.167-9618+[2001-1458-303-19--100-23]-9618&alias=b9p26p9767.cern.ch&noUDP&sock=slot1_28_6336_08fb_134564>
...
040 (9119998.000.000) 01/22 19:31:10 Finished transferring input files
...
001 (9119998.000.000) 01/22 19:31:14 Job executing on host: <188.185.212.167:9618?addrs=188.185.212.167-9618+[2001-1458-303-19--100-23]-9618&alias=b9p26p9767.cern.ch&noUDP&sock=startd_5562_a5d9>
	SlotName: slot1_28@b9p26p9767.cern.ch
	CondorScratchDir = "/pool/condor/dir_3659314"
	Cpus = 1
	Disk = 3744
	GPUs = 0
	Memory = 3000
...
006 (9119998.000.000) 01/22 19:31:28 Image size of job updated: 71232
	0  -  MemoryUsage of job (MB)
	0  -  ResidentSetSize of job (KB)
...
040 (9119998.000.000) 01/22 19:31:32 Started transferring output files
...
040 (9119998.000.000) 01/22 19:31:32 Finished transferring output files
...
005 (9119998.000.000) 01/22 19:31:33 Job terminated.
	(1) Normal termination (return value 0)
		Usr 0 00:00:03, Sys 0 00:00:02  -  Run Remote Usage
		Usr 0 00:00:00, Sys 0 00:00:00  -  Run Local Usage
		Usr 0 00:00:03, Sys 0 00:00:02  -  Total Remote Usage
		Usr 0 00:00:00, Sys 0 00:00:00  -  Total Local Usage
	6224  -  Run Bytes Sent By Job
	323  -  Run Bytes Received By Job
	6224  -  Total Bytes Sent By Job
	323  -  Total Bytes Received By Job
	Partitionable Resources :    Usage  Request Allocated 
	   Cpus                 :        0        1         1 
	   Disk (KB)            :       30        1      3744 
	   GPUs                 :                           0 
	   Memory (MB)          :        0     3000      3000 
	   TimeExecute (s)      :       17                    
	   TimeSlotBusy (s)     :       23                    

	Job terminated of its own accord at 2026-01-22T18:31:28Z with exit-code 0.
...
