000 (9120003.000.000) 01/22 19:26:11 Job submitted from host: <188.185.6.50:9618?addrs=188.185.6.50-9618+[2001-1458-d00-62--100-2b1]-9618&alias=bigbird25.cern.ch&noUDP&sock=schedd_1627_90ad>
...
040 (9120003.000.000) 01/22 19:30:59 Started transferring input files
	Transferring to host: <188.185.192.97:9618?addrs=188.185.192.97-9618+[2001-1458-303-1f--100-5d]-9618&alias=b9p13p9663.cern.ch&noUDP&sock=slot1_10_9036_6de9_125689>
...
001 (9120003.000.000) 01/22 19:31:06 Job executing on host: <188.185.192.97:9618?addrs=188.185.192.97-9618+[2001-1458-303-1f--100-5d]-9618&alias=b9p13p9663.cern.ch&noUDP&sock=startd_8070_ed5f>
	SlotName: slot1_10@b9p13p9663.cern.ch
	CondorScratchDir = "/pool/condor/dir_323426"
	Cpus = 1
	Disk = 3755
	GPUs = 0
	Memory = 3000
...
040 (9120003.000.000) 01/22 19:31:06 Finished transferring input files
...
006 (9120003.000.000) 01/22 19:31:19 Image size of job updated: 142812
	140  -  MemoryUsage of job (MB)
	142812  -  ResidentSetSize of job (KB)
...
006 (9120003.000.000) 01/22 19:31:20 Image size of job updated: 142920
	140  -  MemoryUsage of job (MB)
	142920  -  ResidentSetSize of job (KB)
...
040 (9120003.000.000) 01/22 19:31:22 Started transferring output files
...
040 (9120003.000.000) 01/22 19:31:22 Finished transferring output files
...
005 (9120003.000.000) 01/22 19:31:22 Job terminated.
	(1) Normal termination (return value 0)
		Usr 0 00:00:04, Sys 0 00:00:01  -  Run Remote Usage
		Usr 0 00:00:00, Sys 0 00:00:00  -  Run Local Usage
		Usr 0 00:00:04, Sys 0 00:00:01  -  Total Remote Usage
		Usr 0 00:00:00, Sys 0 00:00:00  -  Total Local Usage
	6014  -  Run Bytes Sent By Job
	319  -  Run Bytes Received By Job
	6014  -  Total Bytes Sent By Job
	319  -  Total Bytes Received By Job
	Partitionable Resources :    Usage  Request Allocated 
	   Cpus                 :        0        1         1 
	   Disk (KB)            :       30        1      3755 
	   GPUs                 :                           0 
	   Memory (MB)          :      140     3000      3000 
	   TimeExecute (s)      :       15                    
	   TimeSlotBusy (s)     :       24                    

	Job terminated of its own accord at 2026-01-22T18:31:20Z with exit-code 0.
...
