000 (9119999.000.000) 01/22 19:26:10 Job submitted from host: <188.185.6.50:9618?addrs=188.185.6.50-9618+[2001-1458-d00-62--100-2b1]-9618&alias=bigbird25.cern.ch&noUDP&sock=schedd_1627_90ad>
...
040 (9119999.000.000) 01/22 19:30:58 Started transferring input files
	Transferring to host: <128.142.192.144:9618?addrs=128.142.192.144-9618+[2001-1458-301-56--100-c]-9618&alias=b9g18p2635.cern.ch&noUDP&sock=slot1_32_5142_c10a_127940>
...
001 (9119999.000.000) 01/22 19:31:05 Job executing on host: <128.142.192.144:9618?addrs=128.142.192.144-9618+[2001-1458-301-56--100-c]-9618&alias=b9g18p2635.cern.ch&noUDP&sock=startd_4107_a38d>
	SlotName: slot1_32@b9g18p2635.cern.ch
	CondorScratchDir = "/pool/condor/dir_2925795"
	Cpus = 1
	Disk = 3824
	GPUs = 0
	Memory = 3000
...
040 (9119999.000.000) 01/22 19:31:05 Finished transferring input files
...
006 (9119999.000.000) 01/22 19:31:19 Image size of job updated: 58144
	57  -  MemoryUsage of job (MB)
	58144  -  ResidentSetSize of job (KB)
...
006 (9119999.000.000) 01/22 19:31:25 Image size of job updated: 114528
	57  -  MemoryUsage of job (MB)
	58144  -  ResidentSetSize of job (KB)
...
040 (9119999.000.000) 01/22 19:31:25 Started transferring output files
...
040 (9119999.000.000) 01/22 19:31:25 Finished transferring output files
...
005 (9119999.000.000) 01/22 19:31:25 Job terminated.
	(1) Normal termination (return value 0)
		Usr 0 00:00:05, Sys 0 00:00:01  -  Run Remote Usage
		Usr 0 00:00:00, Sys 0 00:00:00  -  Run Local Usage
		Usr 0 00:00:05, Sys 0 00:00:01  -  Total Remote Usage
		Usr 0 00:00:00, Sys 0 00:00:00  -  Total Local Usage
	6023  -  Run Bytes Sent By Job
	323  -  Run Bytes Received By Job
	6023  -  Total Bytes Sent By Job
	323  -  Total Bytes Received By Job
	Partitionable Resources :    Usage  Request Allocated 
	   Cpus                 :        0        1         1 
	   Disk (KB)            :       29        1      3824 
	   GPUs                 :                           0 
	   Memory (MB)          :       57     3000      3000 
	   TimeExecute (s)      :       20                    
	   TimeSlotBusy (s)     :       28                    

	Job terminated of its own accord at 2026-01-22T18:31:25Z with exit-code 0.
...
