000 (9119995.000.000) 01/22 19:26:09 Job submitted from host: <188.185.6.50:9618?addrs=188.185.6.50-9618+[2001-1458-d00-62--100-2b1]-9618&alias=bigbird25.cern.ch&noUDP&sock=schedd_1627_90ad>
...
040 (9119995.000.000) 01/22 19:30:57 Started transferring input files
	Transferring to host: <188.185.213.231:9618?addrs=188.185.213.231-9618+[2001-1458-303-1b--100-63]-9618&alias=b9p28p9038.cern.ch&noUDP&sock=slot1_19_6181_d2d4_158118>
...
040 (9119995.000.000) 01/22 19:30:57 Finished transferring input files
...
001 (9119995.000.000) 01/22 19:30:58 Job executing on host: <188.185.213.231:9618?addrs=188.185.213.231-9618+[2001-1458-303-1b--100-63]-9618&alias=b9p28p9038.cern.ch&noUDP&sock=startd_5447_c475>
	SlotName: slot1_19@b9p28p9038.cern.ch
	CondorScratchDir = "/pool/condor/dir_3084875"
	Cpus = 1
	Disk = 3743
	GPUs = 0
	Memory = 3000
...
006 (9119995.000.000) 01/22 19:31:11 Image size of job updated: 187576
	184  -  MemoryUsage of job (MB)
	187576  -  ResidentSetSize of job (KB)
...
006 (9119995.000.000) 01/22 19:31:32 Image size of job updated: 203604
	184  -  MemoryUsage of job (MB)
	187576  -  ResidentSetSize of job (KB)
...
040 (9119995.000.000) 01/22 19:31:32 Started transferring output files
...
040 (9119995.000.000) 01/22 19:31:32 Finished transferring output files
...
005 (9119995.000.000) 01/22 19:31:33 Job terminated.
	(1) Normal termination (return value 0)
		Usr 0 00:00:23, Sys 0 00:00:01  -  Run Remote Usage
		Usr 0 00:00:00, Sys 0 00:00:00  -  Run Local Usage
		Usr 0 00:00:23, Sys 0 00:00:01  -  Total Remote Usage
		Usr 0 00:00:00, Sys 0 00:00:00  -  Total Local Usage
	6865  -  Run Bytes Sent By Job
	323  -  Run Bytes Received By Job
	6865  -  Total Bytes Sent By Job
	323  -  Total Bytes Received By Job
	Partitionable Resources :    Usage  Request Allocated 
	   Cpus                 :        0        1         1 
	   Disk (KB)            :       30        1      3743 
	   GPUs                 :                           0 
	   Memory (MB)          :      184     3000      3000 
	   TimeExecute (s)      :       34                    
	   TimeSlotBusy (s)     :       36                    

	Job terminated of its own accord at 2026-01-22T18:31:32Z with exit-code 0.
...
