000 (9119997.000.000) 01/22 19:26:09 Job submitted from host: <188.185.6.50:9618?addrs=188.185.6.50-9618+[2001-1458-d00-62--100-2b1]-9618&alias=bigbird25.cern.ch&noUDP&sock=schedd_1627_90ad>
...
040 (9119997.000.000) 01/22 19:30:57 Started transferring input files
	Transferring to host: <128.142.161.98:9618?addrs=128.142.161.98-9618+[2001-1458-301-b8--100-20]-9618&alias=b9g03p9785.cern.ch&noUDP&sock=slot1_22_1602061_a754_159107>
...
040 (9119997.000.000) 01/22 19:30:57 Finished transferring input files
...
001 (9119997.000.000) 01/22 19:31:05 Job executing on host: <128.142.161.98:9618?addrs=128.142.161.98-9618+[2001-1458-301-b8--100-20]-9618&alias=b9g03p9785.cern.ch&noUDP&sock=startd_6653_fbac>
	SlotName: slot1_22@b9g03p9785.cern.ch
	CondorScratchDir = "/pool/condor/dir_1619990"
	Cpus = 1
	Disk = 4011
	GPUs = 0
	Memory = 3000
...
006 (9119997.000.000) 01/22 19:31:19 Image size of job updated: 14756
	15  -  MemoryUsage of job (MB)
	14756  -  ResidentSetSize of job (KB)
...
006 (9119997.000.000) 01/22 19:34:55 Image size of job updated: 238728
	15  -  MemoryUsage of job (MB)
	14756  -  ResidentSetSize of job (KB)
...
040 (9119997.000.000) 01/22 19:34:55 Started transferring output files
...
040 (9119997.000.000) 01/22 19:34:55 Finished transferring output files
...
005 (9119997.000.000) 01/22 19:34:55 Job terminated.
	(1) Normal termination (return value 0)
		Usr 0 00:02:45, Sys 0 00:00:03  -  Run Remote Usage
		Usr 0 00:00:00, Sys 0 00:00:00  -  Run Local Usage
		Usr 0 00:02:45, Sys 0 00:00:03  -  Total Remote Usage
		Usr 0 00:00:00, Sys 0 00:00:00  -  Total Local Usage
	9175  -  Run Bytes Sent By Job
	323  -  Run Bytes Received By Job
	9175  -  Total Bytes Sent By Job
	323  -  Total Bytes Received By Job
	Partitionable Resources :    Usage  Request Allocated 
	   Cpus                 :        0        1         1 
	   Disk (KB)            :       32        1      4011 
	   GPUs                 :                           0 
	   Memory (MB)          :       15     3000      3000 
	   TimeExecute (s)      :      237                    
	   TimeSlotBusy (s)     :      239                    

	Job terminated of its own accord at 2026-01-22T18:34:55Z with exit-code 0.
...
