000 (9119990.000.000) 01/22 19:26:08 Job submitted from host: <188.185.6.50:9618?addrs=188.185.6.50-9618+[2001-1458-d00-62--100-2b1]-9618&alias=bigbird25.cern.ch&noUDP&sock=schedd_1627_90ad>
...
040 (9119990.000.000) 01/22 19:30:58 Started transferring input files
	Transferring to host: <188.185.213.145:9618?addrs=188.185.213.145-9618+[2001-1458-303-1b--100-d]-9618&alias=b9p28p6428.cern.ch&noUDP&sock=slot1_21_9133_c64c_160007>
...
040 (9119990.000.000) 01/22 19:30:58 Finished transferring input files
...
001 (9119990.000.000) 01/22 19:31:05 Job executing on host: <188.185.213.145:9618?addrs=188.185.213.145-9618+[2001-1458-303-1b--100-d]-9618&alias=b9p28p6428.cern.ch&noUDP&sock=startd_7867_afa6>
	SlotName: slot1_21@b9p28p6428.cern.ch
	CondorScratchDir = "/pool/condor/dir_2533416"
	Cpus = 1
	Disk = 3784
	GPUs = 0
	Memory = 3000
...
006 (9119990.000.000) 01/22 19:31:19 Image size of job updated: 166660
	163  -  MemoryUsage of job (MB)
	166660  -  ResidentSetSize of job (KB)
...
006 (9119990.000.000) 01/22 19:33:05 Image size of job updated: 166680
	163  -  MemoryUsage of job (MB)
	166660  -  ResidentSetSize of job (KB)
...
040 (9119990.000.000) 01/22 19:33:05 Started transferring output files
...
040 (9119990.000.000) 01/22 19:33:05 Finished transferring output files
...
005 (9119990.000.000) 01/22 19:33:05 Job terminated.
	(1) Normal termination (return value 0)
		Usr 0 00:01:15, Sys 0 00:00:02  -  Run Remote Usage
		Usr 0 00:00:00, Sys 0 00:00:00  -  Run Local Usage
		Usr 0 00:01:15, Sys 0 00:00:02  -  Total Remote Usage
		Usr 0 00:00:00, Sys 0 00:00:00  -  Total Local Usage
	8570  -  Run Bytes Sent By Job
	323  -  Run Bytes Received By Job
	8570  -  Total Bytes Sent By Job
	323  -  Total Bytes Received By Job
	Partitionable Resources :    Usage  Request Allocated 
	   Cpus                 :        0        1         1 
	   Disk (KB)            :       32        1      3784 
	   GPUs                 :                           0 
	   Memory (MB)          :      163     3000      3000 
	   TimeExecute (s)      :      126                    
	   TimeSlotBusy (s)     :      128                    

	Job terminated of its own accord at 2026-01-22T18:33:05Z with exit-code 0.
...
