000 (9119993.000.000) 01/22 19:26:08 Job submitted from host: <188.185.6.50:9618?addrs=188.185.6.50-9618+[2001-1458-d00-62--100-2b1]-9618&alias=bigbird25.cern.ch&noUDP&sock=schedd_1627_90ad>
...
040 (9119993.000.000) 01/22 19:30:55 Started transferring input files
	Transferring to host: <188.185.213.148:9618?addrs=188.185.213.148-9618+[2001-1458-303-1b--100-10]-9618&alias=b9p28p0002.cern.ch&noUDP&sock=slot1_6_4516_ae31_157618>
...
040 (9119993.000.000) 01/22 19:30:55 Finished transferring input files
...
001 (9119993.000.000) 01/22 19:30:56 Job executing on host: <188.185.213.148:9618?addrs=188.185.213.148-9618+[2001-1458-303-1b--100-10]-9618&alias=b9p28p0002.cern.ch&noUDP&sock=startd_3840_7fc3>
	SlotName: slot1_6@b9p28p0002.cern.ch
	CondorScratchDir = "/pool/condor/dir_1334808"
	Cpus = 1
	Disk = 3858
	GPUs = 0
	Memory = 3000
...
006 (9119993.000.000) 01/22 19:31:09 Image size of job updated: 170124
	167  -  MemoryUsage of job (MB)
	170124  -  ResidentSetSize of job (KB)
...
006 (9119993.000.000) 01/22 19:32:37 Image size of job updated: 247228
	167  -  MemoryUsage of job (MB)
	170124  -  ResidentSetSize of job (KB)
...
040 (9119993.000.000) 01/22 19:32:38 Started transferring output files
...
040 (9119993.000.000) 01/22 19:32:38 Finished transferring output files
...
005 (9119993.000.000) 01/22 19:32:38 Job terminated.
	(1) Normal termination (return value 0)
		Usr 0 00:01:09, Sys 0 00:00:02  -  Run Remote Usage
		Usr 0 00:00:00, Sys 0 00:00:00  -  Run Local Usage
		Usr 0 00:01:09, Sys 0 00:00:02  -  Total Remote Usage
		Usr 0 00:00:00, Sys 0 00:00:00  -  Total Local Usage
	8290  -  Run Bytes Sent By Job
	323  -  Run Bytes Received By Job
	8290  -  Total Bytes Sent By Job
	323  -  Total Bytes Received By Job
	Partitionable Resources :    Usage  Request Allocated 
	   Cpus                 :                 1         1 
	   Disk (KB)            :       23        1      3858 
	   GPUs                 :                           0 
	   Memory (MB)          :      167     3000      3000 
	   TimeExecute (s)      :      101                    
	   TimeSlotBusy (s)     :      103                    

	Job terminated of its own accord at 2026-01-22T18:32:37Z with exit-code 0.
...
