000 (9119996.000.000) 01/22 19:26:09 Job submitted from host: <188.185.6.50:9618?addrs=188.185.6.50-9618+[2001-1458-d00-62--100-2b1]-9618&alias=bigbird25.cern.ch&noUDP&sock=schedd_1627_90ad>
...
040 (9119996.000.000) 01/22 19:30:57 Started transferring input files
	Transferring to host: <128.142.161.96:9618?addrs=128.142.161.96-9618+[2001-1458-301-b8--100-1e]-9618&alias=b9g03p4133.cern.ch&noUDP&sock=slot1_1_2286035_363a_52400>
...
040 (9119996.000.000) 01/22 19:30:57 Finished transferring input files
...
001 (9119996.000.000) 01/22 19:31:05 Job executing on host: <128.142.161.96:9618?addrs=128.142.161.96-9618+[2001-1458-301-b8--100-1e]-9618&alias=b9g03p4133.cern.ch&noUDP&sock=startd_5599_06da>
	SlotName: slot1_1@b9g03p4133.cern.ch
	CondorScratchDir = "/pool/condor/dir_918161"
	Cpus = 1
	Disk = 3895
	GPUs = 0
	Memory = 3000
...
006 (9119996.000.000) 01/22 19:31:19 Image size of job updated: 154196
	151  -  MemoryUsage of job (MB)
	154196  -  ResidentSetSize of job (KB)
...
006 (9119996.000.000) 01/22 19:34:46 Image size of job updated: 242468
	151  -  MemoryUsage of job (MB)
	154196  -  ResidentSetSize of job (KB)
...
040 (9119996.000.000) 01/22 19:34:46 Started transferring output files
...
040 (9119996.000.000) 01/22 19:34:46 Finished transferring output files
...
005 (9119996.000.000) 01/22 19:34:46 Job terminated.
	(1) Normal termination (return value 0)
		Usr 0 00:03:08, Sys 0 00:00:02  -  Run Remote Usage
		Usr 0 00:00:00, Sys 0 00:00:00  -  Run Local Usage
		Usr 0 00:03:08, Sys 0 00:00:02  -  Total Remote Usage
		Usr 0 00:00:00, Sys 0 00:00:00  -  Total Local Usage
	10271  -  Run Bytes Sent By Job
	323  -  Run Bytes Received By Job
	10271  -  Total Bytes Sent By Job
	323  -  Total Bytes Received By Job
	Partitionable Resources :    Usage  Request Allocated 
	   Cpus                 :        0        1         1 
	   Disk (KB)            :       33        1      3895 
	   GPUs                 :                           0 
	   Memory (MB)          :      151     3000      3000 
	   TimeExecute (s)      :      228                    
	   TimeSlotBusy (s)     :      230                    

	Job terminated of its own accord at 2026-01-22T18:34:46Z with exit-code 0.
...
