000 (9119992.000.000) 01/22 19:26:08 Job submitted from host: <188.185.6.50:9618?addrs=188.185.6.50-9618+[2001-1458-d00-62--100-2b1]-9618&alias=bigbird25.cern.ch&noUDP&sock=schedd_1627_90ad>
...
040 (9119992.000.000) 01/22 19:30:55 Started transferring input files
	Transferring to host: <188.185.213.155:9618?addrs=188.185.213.155-9618+[2001-1458-303-1b--100-17]-9618&alias=b9p28p9598.cern.ch&noUDP&sock=slot1_14_3894_6cd7_155836>
...
040 (9119992.000.000) 01/22 19:30:55 Finished transferring input files
...
001 (9119992.000.000) 01/22 19:30:56 Job executing on host: <188.185.213.155:9618?addrs=188.185.213.155-9618+[2001-1458-303-1b--100-17]-9618&alias=b9p28p9598.cern.ch&noUDP&sock=startd_3184_89a2>
	SlotName: slot1_14@b9p28p9598.cern.ch
	CondorScratchDir = "/pool/condor/dir_1799593"
	Cpus = 1
	Disk = 3900
	GPUs = 0
	Memory = 3000
...
006 (9119992.000.000) 01/22 19:31:09 Image size of job updated: 172252
	169  -  MemoryUsage of job (MB)
	172252  -  ResidentSetSize of job (KB)
...
006 (9119992.000.000) 01/22 19:31:31 Image size of job updated: 238232
	169  -  MemoryUsage of job (MB)
	172252  -  ResidentSetSize of job (KB)
...
040 (9119992.000.000) 01/22 19:31:32 Started transferring output files
...
040 (9119992.000.000) 01/22 19:31:32 Finished transferring output files
...
005 (9119992.000.000) 01/22 19:31:33 Job terminated.
	(1) Normal termination (return value 0)
		Usr 0 00:00:25, Sys 0 00:00:01  -  Run Remote Usage
		Usr 0 00:00:00, Sys 0 00:00:00  -  Run Local Usage
		Usr 0 00:00:25, Sys 0 00:00:01  -  Total Remote Usage
		Usr 0 00:00:00, Sys 0 00:00:00  -  Total Local Usage
	6991  -  Run Bytes Sent By Job
	323  -  Run Bytes Received By Job
	6991  -  Total Bytes Sent By Job
	323  -  Total Bytes Received By Job
	Partitionable Resources :    Usage  Request Allocated 
	   Cpus                 :                 1         1 
	   Disk (KB)            :       22        1      3900 
	   GPUs                 :                           0 
	   Memory (MB)          :      169     3000      3000 
	   TimeExecute (s)      :       35                    
	   TimeSlotBusy (s)     :       37                    

	Job terminated of its own accord at 2026-01-22T18:31:31Z with exit-code 0.
...
