000 (9120031.000.000) 01/22 19:26:18 Job submitted from host: <188.185.6.50:9618?addrs=188.185.6.50-9618+[2001-1458-d00-62--100-2b1]-9618&alias=bigbird25.cern.ch&noUDP&sock=schedd_1627_90ad>
...
040 (9120031.000.000) 01/22 19:31:18 Started transferring input files
	Transferring to host: <188.185.207.59:9618?addrs=188.185.207.59-9618+[2001-1458-303-d--100-38]-9618&alias=b9p07p9037.cern.ch&noUDP&sock=slot1_23_5678_6a20_115204>
...
040 (9120031.000.000) 01/22 19:31:18 Finished transferring input files
...
001 (9120031.000.000) 01/22 19:31:22 Job executing on host: <188.185.207.59:9618?addrs=188.185.207.59-9618+[2001-1458-303-d--100-38]-9618&alias=b9p07p9037.cern.ch&noUDP&sock=startd_4768_07a6>
	SlotName: slot1_23@b9p07p9037.cern.ch
	CondorScratchDir = "/pool/condor/dir_1165715"
	Cpus = 1
	Disk = 3680
	GPUs = 0
	Memory = 3000
...
006 (9120031.000.000) 01/22 19:31:35 Image size of job updated: 129616
	127  -  MemoryUsage of job (MB)
	129616  -  ResidentSetSize of job (KB)
...
006 (9120031.000.000) 01/22 19:31:37 Image size of job updated: 129624
	127  -  MemoryUsage of job (MB)
	129624  -  ResidentSetSize of job (KB)
...
040 (9120031.000.000) 01/22 19:31:39 Started transferring output files
...
040 (9120031.000.000) 01/22 19:31:40 Finished transferring output files
...
005 (9120031.000.000) 01/22 19:31:40 Job terminated.
	(1) Normal termination (return value 0)
		Usr 0 00:00:03, Sys 0 00:00:02  -  Run Remote Usage
		Usr 0 00:00:00, Sys 0 00:00:00  -  Run Local Usage
		Usr 0 00:00:03, Sys 0 00:00:02  -  Total Remote Usage
		Usr 0 00:00:00, Sys 0 00:00:00  -  Total Local Usage
	5998  -  Run Bytes Sent By Job
	317  -  Run Bytes Received By Job
	5998  -  Total Bytes Sent By Job
	317  -  Total Bytes Received By Job
	Partitionable Resources :    Usage  Request Allocated 
	   Cpus                 :        0        1         1 
	   Disk (KB)            :       32        1      3680 
	   GPUs                 :                           0 
	   Memory (MB)          :      127     3000      3000 
	   TimeExecute (s)      :       18                    
	   TimeSlotBusy (s)     :       23                    

	Job terminated of its own accord at 2026-01-22T18:31:37Z with exit-code 0.
...
