000 (9120027.000.000) 01/22 19:26:17 Job submitted from host: <188.185.6.50:9618?addrs=188.185.6.50-9618+[2001-1458-d00-62--100-2b1]-9618&alias=bigbird25.cern.ch&noUDP&sock=schedd_1627_90ad>
...
040 (9120027.000.000) 01/22 19:31:16 Started transferring input files
	Transferring to host: <188.185.214.211:9618?addrs=188.185.214.211-9618+[2001-1458-303-1d--100-4f]-9618&alias=b9p30p9634.cern.ch&noUDP&sock=slot1_19_3849_b7f6_129245>
...
040 (9120027.000.000) 01/22 19:31:16 Finished transferring input files
...
001 (9120027.000.000) 01/22 19:31:17 Job executing on host: <188.185.214.211:9618?addrs=188.185.214.211-9618+[2001-1458-303-1d--100-4f]-9618&alias=b9p30p9634.cern.ch&noUDP&sock=startd_3125_118c>
	SlotName: slot1_19@b9p30p9634.cern.ch
	CondorScratchDir = "/pool/condor/dir_466774"
	Cpus = 1
	Disk = 3733
	GPUs = 0
	Memory = 3000
...
006 (9120027.000.000) 01/22 19:31:30 Image size of job updated: 62632
	62  -  MemoryUsage of job (MB)
	62632  -  ResidentSetSize of job (KB)
...
006 (9120027.000.000) 01/22 19:31:35 Image size of job updated: 123500
	62  -  MemoryUsage of job (MB)
	62632  -  ResidentSetSize of job (KB)
...
040 (9120027.000.000) 01/22 19:31:35 Started transferring output files
...
040 (9120027.000.000) 01/22 19:31:35 Finished transferring output files
...
005 (9120027.000.000) 01/22 19:31:35 Job terminated.
	(1) Normal termination (return value 0)
		Usr 0 00:00:03, Sys 0 00:00:02  -  Run Remote Usage
		Usr 0 00:00:00, Sys 0 00:00:00  -  Run Local Usage
		Usr 0 00:00:03, Sys 0 00:00:02  -  Total Remote Usage
		Usr 0 00:00:00, Sys 0 00:00:00  -  Total Local Usage
	6012  -  Run Bytes Sent By Job
	324  -  Run Bytes Received By Job
	6012  -  Total Bytes Sent By Job
	324  -  Total Bytes Received By Job
	Partitionable Resources :    Usage  Request Allocated 
	   Cpus                 :        0        1         1 
	   Disk (KB)            :       30        1      3733 
	   GPUs                 :                           0 
	   Memory (MB)          :       62     3000      3000 
	   TimeExecute (s)      :       18                    
	   TimeSlotBusy (s)     :       21                    

	Job terminated of its own accord at 2026-01-22T18:31:35Z with exit-code 0.
...
