000 (9120024.000.000) 01/22 19:26:17 Job submitted from host: <188.185.6.50:9618?addrs=188.185.6.50-9618+[2001-1458-d00-62--100-2b1]-9618&alias=bigbird25.cern.ch&noUDP&sock=schedd_1627_90ad>
...
040 (9120024.000.000) 01/22 19:31:10 Started transferring input files
	Transferring to host: <188.185.214.82:9618?addrs=188.185.214.82-9618+[2001-1458-303-1c--100-4e]-9618&alias=b9p29p5269.cern.ch&noUDP&sock=slot1_19_3098_9237_153810>
...
001 (9120024.000.000) 01/22 19:31:15 Job executing on host: <188.185.214.82:9618?addrs=188.185.214.82-9618+[2001-1458-303-1c--100-4e]-9618&alias=b9p29p5269.cern.ch&noUDP&sock=startd_2640_661d>
	SlotName: slot1_19@b9p29p5269.cern.ch
	CondorScratchDir = "/pool/condor/dir_2406077"
	Cpus = 1
	Disk = 3797
	GPUs = 0
	Memory = 3000
...
040 (9120024.000.000) 01/22 19:31:15 Finished transferring input files
...
006 (9120024.000.000) 01/22 19:31:28 Image size of job updated: 167116
	164  -  MemoryUsage of job (MB)
	167116  -  ResidentSetSize of job (KB)
...
006 (9120024.000.000) 01/22 19:32:03 Image size of job updated: 167120
	164  -  MemoryUsage of job (MB)
	167116  -  ResidentSetSize of job (KB)
...
040 (9120024.000.000) 01/22 19:32:04 Started transferring output files
...
040 (9120024.000.000) 01/22 19:32:04 Finished transferring output files
...
005 (9120024.000.000) 01/22 19:32:04 Job terminated.
	(1) Normal termination (return value 0)
		Usr 0 00:00:31, Sys 0 00:00:02  -  Run Remote Usage
		Usr 0 00:00:00, Sys 0 00:00:00  -  Run Local Usage
		Usr 0 00:00:31, Sys 0 00:00:02  -  Total Remote Usage
		Usr 0 00:00:00, Sys 0 00:00:00  -  Total Local Usage
	6757  -  Run Bytes Sent By Job
	320  -  Run Bytes Received By Job
	6757  -  Total Bytes Sent By Job
	320  -  Total Bytes Received By Job
	Partitionable Resources :    Usage  Request Allocated 
	   Cpus                 :     0.04        1         1 
	   Disk (KB)            :    30           1      3797 
	   GPUs                 :                           0 
	   Memory (MB)          :   164        3000      3000 
	   TimeExecute (s)      :    49                       
	   TimeSlotBusy (s)     :    54                       

	Job terminated of its own accord at 2026-01-22T18:32:03Z with exit-code 0.
...
