000 (9120025.000.000) 01/22 19:26:17 Job submitted from host: <188.185.6.50:9618?addrs=188.185.6.50-9618+[2001-1458-d00-62--100-2b1]-9618&alias=bigbird25.cern.ch&noUDP&sock=schedd_1627_90ad>
...
040 (9120025.000.000) 01/22 19:31:15 Started transferring input files
	Transferring to host: <188.185.214.102:9618?addrs=188.185.214.102-9618+[2001-1458-303-1c--100-62]-9618&alias=b9p29p3838.cern.ch&noUDP&sock=slot1_15_6523_cb22_155478>
...
040 (9120025.000.000) 01/22 19:31:15 Finished transferring input files
...
001 (9120025.000.000) 01/22 19:31:16 Job executing on host: <188.185.214.102:9618?addrs=188.185.214.102-9618+[2001-1458-303-1c--100-62]-9618&alias=b9p29p3838.cern.ch&noUDP&sock=startd_5762_d4ca>
	SlotName: slot1_15@b9p29p3838.cern.ch
	CondorScratchDir = "/pool/condor/dir_981012"
	Cpus = 1
	Disk = 3890
	GPUs = 0
	Memory = 3000
...
006 (9120025.000.000) 01/22 19:31:28 Image size of job updated: 123968
	0  -  MemoryUsage of job (MB)
	0  -  ResidentSetSize of job (KB)
...
040 (9120025.000.000) 01/22 19:31:32 Started transferring output files
...
040 (9120025.000.000) 01/22 19:31:32 Finished transferring output files
...
005 (9120025.000.000) 01/22 19:31:33 Job terminated.
	(1) Normal termination (return value 0)
		Usr 0 00:00:02, Sys 0 00:00:01  -  Run Remote Usage
		Usr 0 00:00:00, Sys 0 00:00:00  -  Run Local Usage
		Usr 0 00:00:02, Sys 0 00:00:01  -  Total Remote Usage
		Usr 0 00:00:00, Sys 0 00:00:00  -  Total Local Usage
	6004  -  Run Bytes Sent By Job
	320  -  Run Bytes Received By Job
	6004  -  Total Bytes Sent By Job
	320  -  Total Bytes Received By Job
	Partitionable Resources :    Usage  Request Allocated 
	   Cpus                 :        0        1         1 
	   Disk (KB)            :       29        1      3890 
	   GPUs                 :                           0 
	   Memory (MB)          :        0     3000      3000 
	   TimeExecute (s)      :       12                    
	   TimeSlotBusy (s)     :       18                    

	Job terminated of its own accord at 2026-01-22T18:31:28Z with exit-code 0.
...
