000 (9120026.000.000) 01/22 19:26:17 Job submitted from host: <188.185.6.50:9618?addrs=188.185.6.50-9618+[2001-1458-d00-62--100-2b1]-9618&alias=bigbird25.cern.ch&noUDP&sock=schedd_1627_90ad>
...
040 (9120026.000.000) 01/22 19:31:16 Started transferring input files
	Transferring to host: <128.142.33.202:9618?addrs=128.142.33.202-9618+[2001-1458-301-39--100-7]-9618&alias=b9g24p3339.cern.ch&noUDP&sock=slot1_2_7225_6a7f_137817>
...
040 (9120026.000.000) 01/22 19:31:16 Finished transferring input files
...
001 (9120026.000.000) 01/22 19:31:17 Job executing on host: <128.142.33.202:9618?addrs=128.142.33.202-9618+[2001-1458-301-39--100-7]-9618&alias=b9g24p3339.cern.ch&noUDP&sock=startd_6298_7b8d>
	SlotName: slot1_2@b9g24p3339.cern.ch
	CondorScratchDir = "/pool/condor/dir_3609141"
	Cpus = 1
	Disk = 3763
	GPUs = 0
	Memory = 3000
...
006 (9120026.000.000) 01/22 19:31:30 Image size of job updated: 77700
	76  -  MemoryUsage of job (MB)
	77700  -  ResidentSetSize of job (KB)
...
006 (9120026.000.000) 01/22 19:31:55 Image size of job updated: 168528
	76  -  MemoryUsage of job (MB)
	77700  -  ResidentSetSize of job (KB)
...
040 (9120026.000.000) 01/22 19:31:55 Started transferring output files
...
040 (9120026.000.000) 01/22 19:31:55 Finished transferring output files
...
005 (9120026.000.000) 01/22 19:31:55 Job terminated.
	(1) Normal termination (return value 0)
		Usr 0 00:00:20, Sys 0 00:00:02  -  Run Remote Usage
		Usr 0 00:00:00, Sys 0 00:00:00  -  Run Local Usage
		Usr 0 00:00:20, Sys 0 00:00:02  -  Total Remote Usage
		Usr 0 00:00:00, Sys 0 00:00:00  -  Total Local Usage
	6520  -  Run Bytes Sent By Job
	324  -  Run Bytes Received By Job
	6520  -  Total Bytes Sent By Job
	324  -  Total Bytes Received By Job
	Partitionable Resources :    Usage  Request Allocated 
	   Cpus                 :        0        1         1 
	   Disk (KB)            :       30        1      3763 
	   GPUs                 :                           0 
	   Memory (MB)          :       76     3000      3000 
	   TimeExecute (s)      :       38                    
	   TimeSlotBusy (s)     :       41                    

	Job terminated of its own accord at 2026-01-22T18:31:55Z with exit-code 0.
...
