000 (9120030.000.000) 01/22 19:26:18 Job submitted from host: <188.185.6.50:9618?addrs=188.185.6.50-9618+[2001-1458-d00-62--100-2b1]-9618&alias=bigbird25.cern.ch&noUDP&sock=schedd_1627_90ad>
...
040 (9120030.000.000) 01/22 19:31:16 Started transferring input files
	Transferring to host: <188.185.211.103:9618?addrs=188.185.211.103-9618+[2001-1458-303-16--100-63]-9618&alias=b9p23p0218.cern.ch&noUDP&sock=slot1_2_2897762_3906_50345>
...
040 (9120030.000.000) 01/22 19:31:16 Finished transferring input files
...
001 (9120030.000.000) 01/22 19:31:17 Job executing on host: <188.185.211.103:9618?addrs=188.185.211.103-9618+[2001-1458-303-16--100-63]-9618&alias=b9p23p0218.cern.ch&noUDP&sock=startd_2897724_385a>
	SlotName: slot1_2@b9p23p0218.cern.ch
	CondorScratchDir = "/pool/condor/dir_3849294"
	Cpus = 1
	Disk = 3841
	GPUs = 0
	Memory = 3000
...
006 (9120030.000.000) 01/22 19:31:31 Image size of job updated: 124312
	122  -  MemoryUsage of job (MB)
	124312  -  ResidentSetSize of job (KB)
...
006 (9120030.000.000) 01/22 19:31:50 Image size of job updated: 166740
	122  -  MemoryUsage of job (MB)
	124312  -  ResidentSetSize of job (KB)
...
040 (9120030.000.000) 01/22 19:31:52 Started transferring output files
...
040 (9120030.000.000) 01/22 19:31:52 Finished transferring output files
...
005 (9120030.000.000) 01/22 19:31:52 Job terminated.
	(1) Normal termination (return value 0)
		Usr 0 00:00:18, Sys 0 00:00:02  -  Run Remote Usage
		Usr 0 00:00:00, Sys 0 00:00:00  -  Run Local Usage
		Usr 0 00:00:18, Sys 0 00:00:02  -  Total Remote Usage
		Usr 0 00:00:00, Sys 0 00:00:00  -  Total Local Usage
	6461  -  Run Bytes Sent By Job
	317  -  Run Bytes Received By Job
	6461  -  Total Bytes Sent By Job
	317  -  Total Bytes Received By Job
	Partitionable Resources :    Usage  Request Allocated 
	   Cpus                 :        0        1         1 
	   Disk (KB)            :       30        1      3841 
	   GPUs                 :                           0 
	   Memory (MB)          :      122     3000      3000 
	   TimeExecute (s)      :       33                    
	   TimeSlotBusy (s)     :       37                    

	Job terminated of its own accord at 2026-01-22T18:31:50Z with exit-code 0.
...
