000 (9120028.000.000) 01/22 19:26:17 Job submitted from host: <188.185.6.50:9618?addrs=188.185.6.50-9618+[2001-1458-d00-62--100-2b1]-9618&alias=bigbird25.cern.ch&noUDP&sock=schedd_1627_90ad>
...
040 (9120028.000.000) 01/22 19:31:11 Started transferring input files
	Transferring to host: <188.185.213.194:9618?addrs=188.185.213.194-9618+[2001-1458-303-1b--100-3e]-9618&alias=b9p28p4368.cern.ch&noUDP&sock=slot1_7_5249_252f_135868>
...
001 (9120028.000.000) 01/22 19:31:15 Job executing on host: <188.185.213.194:9618?addrs=188.185.213.194-9618+[2001-1458-303-1b--100-3e]-9618&alias=b9p28p4368.cern.ch&noUDP&sock=startd_4278_ee3e>
	SlotName: slot1_7@b9p28p4368.cern.ch
	CondorScratchDir = "/pool/condor/dir_4038358"
	Cpus = 1
	Disk = 3724
	GPUs = 0
	Memory = 3000
...
040 (9120028.000.000) 01/22 19:31:15 Finished transferring input files
...
006 (9120028.000.000) 01/22 19:31:28 Image size of job updated: 131628
	129  -  MemoryUsage of job (MB)
	131628  -  ResidentSetSize of job (KB)
...
006 (9120028.000.000) 01/22 19:31:46 Image size of job updated: 166728
	129  -  MemoryUsage of job (MB)
	131640  -  ResidentSetSize of job (KB)
...
040 (9120028.000.000) 01/22 19:31:52 Started transferring output files
...
040 (9120028.000.000) 01/22 19:31:52 Finished transferring output files
...
005 (9120028.000.000) 01/22 19:31:52 Job terminated.
	(1) Normal termination (return value 0)
		Usr 0 00:00:18, Sys 0 00:00:02  -  Run Remote Usage
		Usr 0 00:00:00, Sys 0 00:00:00  -  Run Local Usage
		Usr 0 00:00:18, Sys 0 00:00:02  -  Total Remote Usage
		Usr 0 00:00:00, Sys 0 00:00:00  -  Total Local Usage
	6487  -  Run Bytes Sent By Job
	313  -  Run Bytes Received By Job
	6487  -  Total Bytes Sent By Job
	313  -  Total Bytes Received By Job
	Partitionable Resources :    Usage  Request Allocated 
	   Cpus                 :        0        1         1 
	   Disk (KB)            :       30        1      3724 
	   GPUs                 :                           0 
	   Memory (MB)          :      129     3000      3000 
	   TimeExecute (s)      :       32                    
	   TimeSlotBusy (s)     :       42                    

	Job terminated of its own accord at 2026-01-22T18:31:46Z with exit-code 0.
...
