000 (9120008.000.000) 01/22 19:26:13 Job submitted from host: <188.185.6.50:9618?addrs=188.185.6.50-9618+[2001-1458-d00-62--100-2b1]-9618&alias=bigbird25.cern.ch&noUDP&sock=schedd_1627_90ad>
...
040 (9120008.000.000) 01/22 19:31:07 Started transferring input files
	Transferring to host: <188.185.209.176:9618?addrs=188.185.209.176-9618+[2001-1458-303-12--100-2d]-9618&alias=b9p12p8107.cern.ch&noUDP&sock=slot1_14_752328_e27a_109794>
...
040 (9120008.000.000) 01/22 19:31:07 Finished transferring input files
...
001 (9120008.000.000) 01/22 19:31:08 Job executing on host: <188.185.209.176:9618?addrs=188.185.209.176-9618+[2001-1458-303-12--100-2d]-9618&alias=b9p12p8107.cern.ch&noUDP&sock=startd_10085_0cb5>
	SlotName: slot1_14@b9p12p8107.cern.ch
	CondorScratchDir = "/pool/condor/dir_3936488"
	Cpus = 1
	Disk = 3630
	GPUs = 0
	Memory = 3000
...
006 (9120008.000.000) 01/22 19:31:21 Image size of job updated: 12216
	7  -  MemoryUsage of job (MB)
	6724  -  ResidentSetSize of job (KB)
...
006 (9120008.000.000) 01/22 19:33:32 Image size of job updated: 305172
	7  -  MemoryUsage of job (MB)
	6724  -  ResidentSetSize of job (KB)
...
040 (9120008.000.000) 01/22 19:33:34 Started transferring output files
...
040 (9120008.000.000) 01/22 19:33:34 Finished transferring output files
...
005 (9120008.000.000) 01/22 19:33:34 Job terminated.
	(1) Normal termination (return value 0)
		Usr 0 00:01:09, Sys 0 00:00:02  -  Run Remote Usage
		Usr 0 00:00:00, Sys 0 00:00:00  -  Run Local Usage
		Usr 0 00:01:09, Sys 0 00:00:02  -  Total Remote Usage
		Usr 0 00:00:00, Sys 0 00:00:00  -  Total Local Usage
	7601  -  Run Bytes Sent By Job
	313  -  Run Bytes Received By Job
	7601  -  Total Bytes Sent By Job
	313  -  Total Bytes Received By Job
	Partitionable Resources :    Usage  Request Allocated 
	   Cpus                 :     0.71        1         1 
	   Disk (KB)            :    34           1      3630 
	   GPUs                 :                           0 
	   Memory (MB)          :     7        3000      3000 
	   TimeExecute (s)      :   144                       
	   TimeSlotBusy (s)     :   148                       

	Job terminated of its own accord at 2026-01-22T18:33:32Z with exit-code 0.
...
