000 (9120012.000.000) 01/22 19:26:14 Job submitted from host: <188.185.6.50:9618?addrs=188.185.6.50-9618+[2001-1458-d00-62--100-2b1]-9618&alias=bigbird25.cern.ch&noUDP&sock=schedd_1627_90ad>
...
040 (9120012.000.000) 01/22 19:31:08 Started transferring input files
	Transferring to host: <188.185.212.168:9618?addrs=188.185.212.168-9618+[2001-1458-303-19--100-24]-9618&alias=b9p26p7761.cern.ch&noUDP&sock=slot1_27_5149_afaa_132730>
...
040 (9120012.000.000) 01/22 19:31:08 Finished transferring input files
...
001 (9120012.000.000) 01/22 19:31:09 Job executing on host: <188.185.212.168:9618?addrs=188.185.212.168-9618+[2001-1458-303-19--100-24]-9618&alias=b9p26p7761.cern.ch&noUDP&sock=startd_4216_675f>
	SlotName: slot1_27@b9p26p7761.cern.ch
	CondorScratchDir = "/pool/condor/dir_512749"
	Cpus = 1
	Disk = 3734
	GPUs = 0
	Memory = 3000
...
006 (9120012.000.000) 01/22 19:31:22 Image size of job updated: 144824
	142  -  MemoryUsage of job (MB)
	144824  -  ResidentSetSize of job (KB)
...
006 (9120012.000.000) 01/22 19:32:36 Image size of job updated: 180212
	142  -  MemoryUsage of job (MB)
	144928  -  ResidentSetSize of job (KB)
...
040 (9120012.000.000) 01/22 19:32:36 Started transferring output files
...
040 (9120012.000.000) 01/22 19:32:36 Finished transferring output files
...
005 (9120012.000.000) 01/22 19:32:36 Job terminated.
	(1) Normal termination (return value 0)
		Usr 0 00:01:04, Sys 0 00:00:02  -  Run Remote Usage
		Usr 0 00:00:00, Sys 0 00:00:00  -  Run Local Usage
		Usr 0 00:01:04, Sys 0 00:00:02  -  Total Remote Usage
		Usr 0 00:00:00, Sys 0 00:00:00  -  Total Local Usage
	7622  -  Run Bytes Sent By Job
	320  -  Run Bytes Received By Job
	7622  -  Total Bytes Sent By Job
	320  -  Total Bytes Received By Job
	Partitionable Resources :    Usage  Request Allocated 
	   Cpus                 :        0        1         1 
	   Disk (KB)            :       31        1      3734 
	   GPUs                 :                           0 
	   Memory (MB)          :      142     3000      3000 
	   TimeExecute (s)      :       87                    
	   TimeSlotBusy (s)     :       89                    

	Job terminated of its own accord at 2026-01-22T18:32:36Z with exit-code 0.
...
