000 (9120011.000.000) 01/22 19:26:14 Job submitted from host: <188.185.6.50:9618?addrs=188.185.6.50-9618+[2001-1458-d00-62--100-2b1]-9618&alias=bigbird25.cern.ch&noUDP&sock=schedd_1627_90ad>
...
040 (9120011.000.000) 01/22 19:31:13 Started transferring input files
	Transferring to host: <188.185.215.62:9618?addrs=188.185.215.62-9618+[2001-1458-303-1e--100-3a]-9618&alias=b9p31p3743.cern.ch&noUDP&sock=slot1_24_3163_5e9a_132894>
...
001 (9120011.000.000) 01/22 19:31:15 Job executing on host: <188.185.215.62:9618?addrs=188.185.215.62-9618+[2001-1458-303-1e--100-3a]-9618&alias=b9p31p3743.cern.ch&noUDP&sock=startd_2701_3d64>
	SlotName: slot1_24@b9p31p3743.cern.ch
	CondorScratchDir = "/pool/condor/dir_3954759"
	Cpus = 1
	Disk = 3787
	GPUs = 0
	Memory = 3000
...
040 (9120011.000.000) 01/22 19:31:15 Finished transferring input files
...
006 (9120011.000.000) 01/22 19:31:28 Image size of job updated: 124072
	122  -  MemoryUsage of job (MB)
	124072  -  ResidentSetSize of job (KB)
...
006 (9120011.000.000) 01/22 19:36:01 Image size of job updated: 180156
	122  -  MemoryUsage of job (MB)
	124072  -  ResidentSetSize of job (KB)
...
040 (9120011.000.000) 01/22 19:36:02 Started transferring output files
...
040 (9120011.000.000) 01/22 19:36:02 Finished transferring output files
...
005 (9120011.000.000) 01/22 19:36:02 Job terminated.
	(1) Normal termination (return value 0)
		Usr 0 00:03:09, Sys 0 00:00:04  -  Run Remote Usage
		Usr 0 00:00:00, Sys 0 00:00:00  -  Run Local Usage
		Usr 0 00:03:09, Sys 0 00:00:04  -  Total Remote Usage
		Usr 0 00:00:00, Sys 0 00:00:00  -  Total Local Usage
	10394  -  Run Bytes Sent By Job
	320  -  Run Bytes Received By Job
	10394  -  Total Bytes Sent By Job
	320  -  Total Bytes Received By Job
	Partitionable Resources :    Usage  Request Allocated 
	   Cpus                 :        0        1         1 
	   Disk (KB)            :       34        1      3787 
	   GPUs                 :                           0 
	   Memory (MB)          :      122     3000      3000 
	   TimeExecute (s)      :      287                    
	   TimeSlotBusy (s)     :      295                    

	Job terminated of its own accord at 2026-01-22T18:36:01Z with exit-code 0.
...
