000 (9120009.000.000) 01/22 19:26:13 Job submitted from host: <188.185.6.50:9618?addrs=188.185.6.50-9618+[2001-1458-d00-62--100-2b1]-9618&alias=bigbird25.cern.ch&noUDP&sock=schedd_1627_90ad>
...
040 (9120009.000.000) 01/22 19:31:06 Started transferring input files
	Transferring to host: <188.185.193.177:9618?addrs=188.185.193.177-9618+[2001-1458-303-20--100-ad]-9618&alias=b9p19p2243.cern.ch&noUDP&sock=slot1_14_8825_c2c0_119719>
...
040 (9120009.000.000) 01/22 19:31:06 Finished transferring input files
...
001 (9120009.000.000) 01/22 19:31:07 Job executing on host: <188.185.193.177:9618?addrs=188.185.193.177-9618+[2001-1458-303-20--100-ad]-9618&alias=b9p19p2243.cern.ch&noUDP&sock=startd_7781_b280>
	SlotName: slot1_14@b9p19p2243.cern.ch
	CondorScratchDir = "/pool/condor/dir_3429755"
	Cpus = 1
	Disk = 3877
	GPUs = 0
	Memory = 3000
...
006 (9120009.000.000) 01/22 19:31:20 Image size of job updated: 129168
	127  -  MemoryUsage of job (MB)
	129168  -  ResidentSetSize of job (KB)
...
006 (9120009.000.000) 01/22 19:31:22 Image size of job updated: 163788
	127  -  MemoryUsage of job (MB)
	129252  -  ResidentSetSize of job (KB)
...
040 (9120009.000.000) 01/22 19:31:22 Started transferring output files
...
040 (9120009.000.000) 01/22 19:31:22 Finished transferring output files
...
005 (9120009.000.000) 01/22 19:31:22 Job terminated.
	(1) Normal termination (return value 0)
		Usr 0 00:00:05, Sys 0 00:00:01  -  Run Remote Usage
		Usr 0 00:00:00, Sys 0 00:00:00  -  Run Local Usage
		Usr 0 00:00:05, Sys 0 00:00:01  -  Total Remote Usage
		Usr 0 00:00:00, Sys 0 00:00:00  -  Total Local Usage
	6004  -  Run Bytes Sent By Job
	313  -  Run Bytes Received By Job
	6004  -  Total Bytes Sent By Job
	313  -  Total Bytes Received By Job
	Partitionable Resources :    Usage  Request Allocated 
	   Cpus                 :        0        1         1 
	   Disk (KB)            :       29        1      3877 
	   GPUs                 :                           0 
	   Memory (MB)          :      127     3000      3000 
	   TimeExecute (s)      :       15                    
	   TimeSlotBusy (s)     :       16                    

	Job terminated of its own accord at 2026-01-22T18:31:22Z with exit-code 0.
...
