000 (9120007.000.000) 01/22 19:26:12 Job submitted from host: <188.185.6.50:9618?addrs=188.185.6.50-9618+[2001-1458-d00-62--100-2b1]-9618&alias=bigbird25.cern.ch&noUDP&sock=schedd_1627_90ad>
...
040 (9120007.000.000) 01/22 19:31:07 Started transferring input files
	Transferring to host: <188.185.215.37:9618?addrs=188.185.215.37-9618+[2001-1458-303-1e--100-21]-9618&alias=b9p31p9311.cern.ch&noUDP&sock=slot1_28_3916552_f11a_134092>
...
040 (9120007.000.000) 01/22 19:31:07 Finished transferring input files
...
001 (9120007.000.000) 01/22 19:31:08 Job executing on host: <188.185.215.37:9618?addrs=188.185.215.37-9618+[2001-1458-303-1e--100-21]-9618&alias=b9p31p9311.cern.ch&noUDP&sock=startd_3916511_5cf1>
	SlotName: slot1_28@b9p31p9311.cern.ch
	CondorScratchDir = "/pool/condor/dir_2918837"
	Cpus = 1
	Disk = 3758
	GPUs = 0
	Memory = 3000
...
006 (9120007.000.000) 01/22 19:31:21 Image size of job updated: 149316
	146  -  MemoryUsage of job (MB)
	149316  -  ResidentSetSize of job (KB)
...
006 (9120007.000.000) 01/22 19:34:28 Image size of job updated: 307944
	146  -  MemoryUsage of job (MB)
	149316  -  ResidentSetSize of job (KB)
...
040 (9120007.000.000) 01/22 19:34:36 Started transferring output files
...
040 (9120007.000.000) 01/22 19:34:36 Finished transferring output files
...
005 (9120007.000.000) 01/22 19:34:36 Job terminated.
	(1) Normal termination (return value 0)
		Usr 0 00:02:42, Sys 0 00:00:04  -  Run Remote Usage
		Usr 0 00:00:00, Sys 0 00:00:00  -  Run Local Usage
		Usr 0 00:02:42, Sys 0 00:00:04  -  Total Remote Usage
		Usr 0 00:00:00, Sys 0 00:00:00  -  Total Local Usage
	10373  -  Run Bytes Sent By Job
	313  -  Run Bytes Received By Job
	10373  -  Total Bytes Sent By Job
	313  -  Total Bytes Received By Job
	Partitionable Resources :    Usage  Request Allocated 
	   Cpus                 :        0        1         1 
	   Disk (KB)            :       34        1      3758 
	   GPUs                 :                           0 
	   Memory (MB)          :      146     3000      3000 
	   TimeExecute (s)      :      200                    
	   TimeSlotBusy (s)     :      211                    

	Job terminated of its own accord at 2026-01-22T18:34:28Z with exit-code 0.
...
