000 (9120013.000.000) 01/22 19:26:14 Job submitted from host: <188.185.6.50:9618?addrs=188.185.6.50-9618+[2001-1458-d00-62--100-2b1]-9618&alias=bigbird25.cern.ch&noUDP&sock=schedd_1627_90ad>
...
040 (9120013.000.000) 01/22 19:31:08 Started transferring input files
	Transferring to host: <188.185.211.168:9618?addrs=188.185.211.168-9618+[2001-1458-303-17--100-24]-9618&alias=b9p24p0393.cern.ch&noUDP&sock=slot1_23_3760_0292_135387>
...
040 (9120013.000.000) 01/22 19:31:08 Finished transferring input files
...
001 (9120013.000.000) 01/22 19:31:09 Job executing on host: <188.185.211.168:9618?addrs=188.185.211.168-9618+[2001-1458-303-17--100-24]-9618&alias=b9p24p0393.cern.ch&noUDP&sock=startd_3089_6023>
	SlotName: slot1_23@b9p24p0393.cern.ch
	CondorScratchDir = "/pool/condor/dir_258431"
	Cpus = 1
	Disk = 3784
	GPUs = 0
	Memory = 3000
...
006 (9120013.000.000) 01/22 19:31:23 Image size of job updated: 56980
	0  -  MemoryUsage of job (MB)
	0  -  ResidentSetSize of job (KB)
...
040 (9120013.000.000) 01/22 19:31:23 Started transferring output files
...
040 (9120013.000.000) 01/22 19:31:23 Finished transferring output files
...
005 (9120013.000.000) 01/22 19:31:23 Job terminated.
	(1) Normal termination (return value 0)
		Usr 0 00:00:03, Sys 0 00:00:02  -  Run Remote Usage
		Usr 0 00:00:00, Sys 0 00:00:00  -  Run Local Usage
		Usr 0 00:00:03, Sys 0 00:00:02  -  Total Remote Usage
		Usr 0 00:00:00, Sys 0 00:00:00  -  Total Local Usage
	6018  -  Run Bytes Sent By Job
	320  -  Run Bytes Received By Job
	6018  -  Total Bytes Sent By Job
	320  -  Total Bytes Received By Job
	Partitionable Resources :    Usage  Request Allocated 
	   Cpus                 :        0        1         1 
	   Disk (KB)            :       29        1      3784 
	   GPUs                 :                           0 
	   Memory (MB)          :        0     3000      3000 
	   TimeExecute (s)      :       14                    
	   TimeSlotBusy (s)     :       16                    

	Job terminated of its own accord at 2026-01-22T18:31:23Z with exit-code 0.
...
