000 (9120005.000.000) 01/22 19:26:11 Job submitted from host: <188.185.6.50:9618?addrs=188.185.6.50-9618+[2001-1458-d00-62--100-2b1]-9618&alias=bigbird25.cern.ch&noUDP&sock=schedd_1627_90ad>
...
040 (9120005.000.000) 01/22 19:31:10 Started transferring input files
	Transferring to host: <188.185.195.158:9618?addrs=188.185.195.158-9618+[2001-1458-303-22--100-9a]-9618&alias=b9p17p8528.cern.ch&noUDP&sock=slot1_5_7032_6e17_153740>
...
040 (9120005.000.000) 01/22 19:31:10 Finished transferring input files
...
001 (9120005.000.000) 01/22 19:31:14 Job executing on host: <188.185.195.158:9618?addrs=188.185.195.158-9618+[2001-1458-303-22--100-9a]-9618&alias=b9p17p8528.cern.ch&noUDP&sock=startd_6447_af2a>
	SlotName: slot1_5@b9p17p8528.cern.ch
	CondorScratchDir = "/pool/condor/dir_840799"
	Cpus = 1
	Disk = 3807
	GPUs = 0
	Memory = 3000
...
006 (9120005.000.000) 01/22 19:31:28 Image size of job updated: 96000
	94  -  MemoryUsage of job (MB)
	96000  -  ResidentSetSize of job (KB)
...
006 (9120005.000.000) 01/22 19:31:32 Image size of job updated: 124116
	94  -  MemoryUsage of job (MB)
	96016  -  ResidentSetSize of job (KB)
...
040 (9120005.000.000) 01/22 19:31:32 Started transferring output files
...
040 (9120005.000.000) 01/22 19:31:32 Finished transferring output files
...
005 (9120005.000.000) 01/22 19:31:33 Job terminated.
	(1) Normal termination (return value 0)
		Usr 0 00:00:05, Sys 0 00:00:01  -  Run Remote Usage
		Usr 0 00:00:00, Sys 0 00:00:00  -  Run Local Usage
		Usr 0 00:00:05, Sys 0 00:00:01  -  Total Remote Usage
		Usr 0 00:00:00, Sys 0 00:00:00  -  Total Local Usage
	5992  -  Run Bytes Sent By Job
	314  -  Run Bytes Received By Job
	5992  -  Total Bytes Sent By Job
	314  -  Total Bytes Received By Job
	Partitionable Resources :    Usage  Request Allocated 
	   Cpus                 :        0        1         1 
	   Disk (KB)            :       29        1      3807 
	   GPUs                 :                           0 
	   Memory (MB)          :       94     3000      3000 
	   TimeExecute (s)      :       21                    
	   TimeSlotBusy (s)     :       23                    

	Job terminated of its own accord at 2026-01-22T18:31:32Z with exit-code 0.
...
