000 (9120015.000.000) 01/22 19:26:15 Job submitted from host: <188.185.6.50:9618?addrs=188.185.6.50-9618+[2001-1458-d00-62--100-2b1]-9618&alias=bigbird25.cern.ch&noUDP&sock=schedd_1627_90ad>
...
040 (9120015.000.000) 01/22 19:31:09 Started transferring input files
	Transferring to host: <188.185.213.197:9618?addrs=188.185.213.197-9618+[2001-1458-303-1b--100-41]-9618&alias=b9p28p2682.cern.ch&noUDP&sock=slot1_20_2139551_fb75_53470>
...
040 (9120015.000.000) 01/22 19:31:09 Finished transferring input files
...
001 (9120015.000.000) 01/22 19:31:10 Job executing on host: <188.185.213.197:9618?addrs=188.185.213.197-9618+[2001-1458-303-1b--100-41]-9618&alias=b9p28p2682.cern.ch&noUDP&sock=startd_2136249_b4f7>
	SlotName: slot1_20@b9p28p2682.cern.ch
	CondorScratchDir = "/pool/condor/dir_3123766"
	Cpus = 1
	Disk = 3708
	GPUs = 0
	Memory = 3000
...
006 (9120015.000.000) 01/22 19:31:24 Image size of job updated: 52608
	0  -  MemoryUsage of job (MB)
	0  -  ResidentSetSize of job (KB)
...
040 (9120015.000.000) 01/22 19:31:24 Started transferring output files
...
040 (9120015.000.000) 01/22 19:31:24 Finished transferring output files
...
005 (9120015.000.000) 01/22 19:31:24 Job terminated.
	(1) Normal termination (return value 0)
		Usr 0 00:00:03, Sys 0 00:00:02  -  Run Remote Usage
		Usr 0 00:00:00, Sys 0 00:00:00  -  Run Local Usage
		Usr 0 00:00:03, Sys 0 00:00:02  -  Total Remote Usage
		Usr 0 00:00:00, Sys 0 00:00:00  -  Total Local Usage
	5990  -  Run Bytes Sent By Job
	313  -  Run Bytes Received By Job
	5990  -  Total Bytes Sent By Job
	313  -  Total Bytes Received By Job
	Partitionable Resources :    Usage  Request Allocated 
	   Cpus                 :        0        1         1 
	   Disk (KB)            :       29        1      3708 
	   GPUs                 :                           0 
	   Memory (MB)          :        0     3000      3000 
	   TimeExecute (s)      :       14                    
	   TimeSlotBusy (s)     :       16                    

	Job terminated of its own accord at 2026-01-22T18:31:24Z with exit-code 0.
...
