000 (9120018.000.000) 01/22 19:26:15 Job submitted from host: <188.185.6.50:9618?addrs=188.185.6.50-9618+[2001-1458-d00-62--100-2b1]-9618&alias=bigbird25.cern.ch&noUDP&sock=schedd_1627_90ad>
...
040 (9120018.000.000) 01/22 19:31:10 Started transferring input files
	Transferring to host: <128.142.192.198:9618?addrs=128.142.192.198-9618+[2001-1458-301-56--100-42]-9618&alias=b9g18p5254.cern.ch&noUDP&sock=slot1_28_3973_167b_130388>
...
040 (9120018.000.000) 01/22 19:31:10 Finished transferring input files
...
001 (9120018.000.000) 01/22 19:31:14 Job executing on host: <128.142.192.198:9618?addrs=128.142.192.198-9618+[2001-1458-301-56--100-42]-9618&alias=b9g18p5254.cern.ch&noUDP&sock=startd_3091_bf54>
	SlotName: slot1_28@b9g18p5254.cern.ch
	CondorScratchDir = "/pool/condor/dir_971606"
	Cpus = 1
	Disk = 3883
	GPUs = 0
	Memory = 3000
...
006 (9120018.000.000) 01/22 19:31:28 Image size of job updated: 166628
	163  -  MemoryUsage of job (MB)
	166628  -  ResidentSetSize of job (KB)
...
006 (9120018.000.000) 01/22 19:31:51 Image size of job updated: 166632
	163  -  MemoryUsage of job (MB)
	166628  -  ResidentSetSize of job (KB)
...
040 (9120018.000.000) 01/22 19:31:52 Started transferring output files
...
040 (9120018.000.000) 01/22 19:31:52 Finished transferring output files
...
005 (9120018.000.000) 01/22 19:31:52 Job terminated.
	(1) Normal termination (return value 0)
		Usr 0 00:00:25, Sys 0 00:00:01  -  Run Remote Usage
		Usr 0 00:00:00, Sys 0 00:00:00  -  Run Local Usage
		Usr 0 00:00:25, Sys 0 00:00:01  -  Total Remote Usage
		Usr 0 00:00:00, Sys 0 00:00:00  -  Total Local Usage
	6446  -  Run Bytes Sent By Job
	312  -  Run Bytes Received By Job
	6446  -  Total Bytes Sent By Job
	312  -  Total Bytes Received By Job
	Partitionable Resources :    Usage  Request Allocated 
	   Cpus                 :        0        1         1 
	   Disk (KB)            :       30        1      3883 
	   GPUs                 :                           0 
	   Memory (MB)          :      163     3000      3000 
	   TimeExecute (s)      :       40                    
	   TimeSlotBusy (s)     :       43                    

	Job terminated of its own accord at 2026-01-22T18:31:51Z with exit-code 0.
...
