000 (9120017.000.000) 01/22 19:26:15 Job submitted from host: <188.185.6.50:9618?addrs=188.185.6.50-9618+[2001-1458-d00-62--100-2b1]-9618&alias=bigbird25.cern.ch&noUDP&sock=schedd_1627_90ad>
...
040 (9120017.000.000) 01/22 19:31:16 Started transferring input files
	Transferring to host: <188.185.210.226:9618?addrs=188.185.210.226-9618+[2001-1458-303-15--100-5e]-9618&alias=b9p22p4931.cern.ch&noUDP&sock=slot1_28_3641_29ed_133919>
...
040 (9120017.000.000) 01/22 19:31:16 Finished transferring input files
...
001 (9120017.000.000) 01/22 19:31:17 Job executing on host: <188.185.210.226:9618?addrs=188.185.210.226-9618+[2001-1458-303-15--100-5e]-9618&alias=b9p22p4931.cern.ch&noUDP&sock=startd_3007_215f>
	SlotName: slot1_28@b9p22p4931.cern.ch
	CondorScratchDir = "/pool/condor/dir_1972617"
	Cpus = 1
	Disk = 3681
	GPUs = 0
	Memory = 3000
...
006 (9120017.000.000) 01/22 19:31:30 Image size of job updated: 67772
	0  -  MemoryUsage of job (MB)
	0  -  ResidentSetSize of job (KB)
...
040 (9120017.000.000) 01/22 19:31:32 Started transferring output files
...
040 (9120017.000.000) 01/22 19:31:32 Finished transferring output files
...
005 (9120017.000.000) 01/22 19:31:33 Job terminated.
	(1) Normal termination (return value 0)
		Usr 0 00:00:03, Sys 0 00:00:02  -  Run Remote Usage
		Usr 0 00:00:00, Sys 0 00:00:00  -  Run Local Usage
		Usr 0 00:00:03, Sys 0 00:00:02  -  Total Remote Usage
		Usr 0 00:00:00, Sys 0 00:00:00  -  Total Local Usage
	5988  -  Run Bytes Sent By Job
	312  -  Run Bytes Received By Job
	5988  -  Total Bytes Sent By Job
	312  -  Total Bytes Received By Job
	Partitionable Resources :    Usage  Request Allocated 
	   Cpus                 :        0        1         1 
	   Disk (KB)            :       29        1      3681 
	   GPUs                 :                           0 
	   Memory (MB)          :        0     3000      3000 
	   TimeExecute (s)      :       13                    
	   TimeSlotBusy (s)     :       17                    

	Job terminated of its own accord at 2026-01-22T18:31:30Z with exit-code 0.
...
