000 (9120016.000.000) 01/22 19:26:15 Job submitted from host: <188.185.6.50:9618?addrs=188.185.6.50-9618+[2001-1458-d00-62--100-2b1]-9618&alias=bigbird25.cern.ch&noUDP&sock=schedd_1627_90ad>
...
040 (9120016.000.000) 01/22 19:31:09 Started transferring input files
	Transferring to host: <128.142.33.211:9618?addrs=128.142.33.211-9618+[2001-1458-301-39--100-10]-9618&alias=b9g24p5515.cern.ch&noUDP&sock=slot1_9_8321_a5ab_131712>
...
040 (9120016.000.000) 01/22 19:31:09 Finished transferring input files
...
001 (9120016.000.000) 01/22 19:31:10 Job executing on host: <128.142.33.211:9618?addrs=128.142.33.211-9618+[2001-1458-301-39--100-10]-9618&alias=b9g24p5515.cern.ch&noUDP&sock=startd_7211_b985>
	SlotName: slot1_9@b9g24p5515.cern.ch
	CondorScratchDir = "/pool/condor/dir_1548629"
	Cpus = 1
	Disk = 3862
	GPUs = 0
	Memory = 3000
...
006 (9120016.000.000) 01/22 19:31:24 Image size of job updated: 168516
	165  -  MemoryUsage of job (MB)
	168516  -  ResidentSetSize of job (KB)
...
006 (9120016.000.000) 01/22 19:32:40 Image size of job updated: 174276
	165  -  MemoryUsage of job (MB)
	168516  -  ResidentSetSize of job (KB)
...
040 (9120016.000.000) 01/22 19:32:40 Started transferring output files
...
040 (9120016.000.000) 01/22 19:32:40 Finished transferring output files
...
005 (9120016.000.000) 01/22 19:32:40 Job terminated.
	(1) Normal termination (return value 0)
		Usr 0 00:01:01, Sys 0 00:00:02  -  Run Remote Usage
		Usr 0 00:00:00, Sys 0 00:00:00  -  Run Local Usage
		Usr 0 00:01:01, Sys 0 00:00:02  -  Total Remote Usage
		Usr 0 00:00:00, Sys 0 00:00:00  -  Total Local Usage
	7373  -  Run Bytes Sent By Job
	312  -  Run Bytes Received By Job
	7373  -  Total Bytes Sent By Job
	312  -  Total Bytes Received By Job
	Partitionable Resources :    Usage  Request Allocated 
	   Cpus                 :        0        1         1 
	   Disk (KB)            :       31        1      3862 
	   GPUs                 :                           0 
	   Memory (MB)          :      165     3000      3000 
	   TimeExecute (s)      :       90                    
	   TimeSlotBusy (s)     :       92                    

	Job terminated of its own accord at 2026-01-22T18:32:40Z with exit-code 0.
...
