000 (9120023.000.000) 01/22 19:26:16 Job submitted from host: <188.185.6.50:9618?addrs=188.185.6.50-9618+[2001-1458-d00-62--100-2b1]-9618&alias=bigbird25.cern.ch&noUDP&sock=schedd_1627_90ad>
...
040 (9120023.000.000) 01/22 19:31:12 Started transferring input files
	Transferring to host: <188.185.207.32:9618?addrs=188.185.207.32-9618+[2001-1458-303-d--100-1d]-9618&alias=b9p07p7557.cern.ch&noUDP&sock=slot1_34_5244_9f4e_113282>
...
001 (9120023.000.000) 01/22 19:31:15 Job executing on host: <188.185.207.32:9618?addrs=188.185.207.32-9618+[2001-1458-303-d--100-1d]-9618&alias=b9p07p7557.cern.ch&noUDP&sock=startd_4364_eb63>
	SlotName: slot1_34@b9p07p7557.cern.ch
	CondorScratchDir = "/pool/condor/dir_4159941"
	Cpus = 1
	Disk = 3671
	GPUs = 0
	Memory = 3000
...
040 (9120023.000.000) 01/22 19:31:15 Finished transferring input files
...
006 (9120023.000.000) 01/22 19:31:28 Image size of job updated: 20492
	21  -  MemoryUsage of job (MB)
	20492  -  ResidentSetSize of job (KB)
...
006 (9120023.000.000) 01/22 19:31:47 Image size of job updated: 129516
	21  -  MemoryUsage of job (MB)
	20492  -  ResidentSetSize of job (KB)
...
040 (9120023.000.000) 01/22 19:31:52 Started transferring output files
...
040 (9120023.000.000) 01/22 19:31:52 Finished transferring output files
...
005 (9120023.000.000) 01/22 19:31:52 Job terminated.
	(1) Normal termination (return value 0)
		Usr 0 00:00:03, Sys 0 00:00:02  -  Run Remote Usage
		Usr 0 00:00:00, Sys 0 00:00:00  -  Run Local Usage
		Usr 0 00:00:03, Sys 0 00:00:02  -  Total Remote Usage
		Usr 0 00:00:00, Sys 0 00:00:00  -  Total Local Usage
	5988  -  Run Bytes Sent By Job
	312  -  Run Bytes Received By Job
	5988  -  Total Bytes Sent By Job
	312  -  Total Bytes Received By Job
	Partitionable Resources :    Usage  Request Allocated 
	   Cpus                 :        0        1         1 
	   Disk (KB)            :       34        1      3671 
	   GPUs                 :                           0 
	   Memory (MB)          :       21     3000      3000 
	   TimeExecute (s)      :       33                    
	   TimeSlotBusy (s)     :       42                    

	Job terminated of its own accord at 2026-01-22T18:31:47Z with exit-code 0.
...
