000 (9120021.000.000) 01/22 19:26:16 Job submitted from host: <188.185.6.50:9618?addrs=188.185.6.50-9618+[2001-1458-d00-62--100-2b1]-9618&alias=bigbird25.cern.ch&noUDP&sock=schedd_1627_90ad>
...
040 (9120021.000.000) 01/22 19:31:17 Started transferring input files
	Transferring to host: <188.185.204.160:9618?addrs=188.185.204.160-9618+[2001-1458-303-8--100-94]-9618&alias=b9p02p1415.cern.ch&noUDP&sock=slot1_16_7745_cd94_115410>
...
040 (9120021.000.000) 01/22 19:31:17 Finished transferring input files
...
001 (9120021.000.000) 01/22 19:31:18 Job executing on host: <188.185.204.160:9618?addrs=188.185.204.160-9618+[2001-1458-303-8--100-94]-9618&alias=b9p02p1415.cern.ch&noUDP&sock=startd_6667_9600>
	SlotName: slot1_16@b9p02p1415.cern.ch
	CondorScratchDir = "/pool/condor/dir_3211822"
	Cpus = 1
	Disk = 3650
	GPUs = 0
	Memory = 3000
...
006 (9120021.000.000) 01/22 19:31:32 Image size of job updated: 12460
	7  -  MemoryUsage of job (MB)
	6716  -  ResidentSetSize of job (KB)
...
006 (9120021.000.000) 01/22 19:32:23 Image size of job updated: 161052
	7  -  MemoryUsage of job (MB)
	6716  -  ResidentSetSize of job (KB)
...
040 (9120021.000.000) 01/22 19:32:23 Started transferring output files
...
040 (9120021.000.000) 01/22 19:32:23 Finished transferring output files
...
005 (9120021.000.000) 01/22 19:32:23 Job terminated.
	(1) Normal termination (return value 0)
		Usr 0 00:00:04, Sys 0 00:00:01  -  Run Remote Usage
		Usr 0 00:00:00, Sys 0 00:00:00  -  Run Local Usage
		Usr 0 00:00:04, Sys 0 00:00:01  -  Total Remote Usage
		Usr 0 00:00:00, Sys 0 00:00:00  -  Total Local Usage
	5990  -  Run Bytes Sent By Job
	313  -  Run Bytes Received By Job
	5990  -  Total Bytes Sent By Job
	313  -  Total Bytes Received By Job
	Partitionable Resources :    Usage  Request Allocated 
	   Cpus                 :        0        1         1 
	   Disk (KB)            :       32        1      3650 
	   GPUs                 :                           0 
	   Memory (MB)          :        7     3000      3000 
	   TimeExecute (s)      :       65                    
	   TimeSlotBusy (s)     :       67                    

	Job terminated of its own accord at 2026-01-22T18:32:23Z with exit-code 0.
...
