000 (9120022.000.000) 01/22 19:26:16 Job submitted from host: <188.185.6.50:9618?addrs=188.185.6.50-9618+[2001-1458-d00-62--100-2b1]-9618&alias=bigbird25.cern.ch&noUDP&sock=schedd_1627_90ad>
...
040 (9120022.000.000) 01/22 19:31:17 Started transferring input files
	Transferring to host: <188.185.195.158:9618?addrs=188.185.195.158-9618+[2001-1458-303-22--100-9a]-9618&alias=b9p17p8528.cern.ch&noUDP&sock=slot1_42_7032_6e17_153741>
...
040 (9120022.000.000) 01/22 19:31:17 Finished transferring input files
...
001 (9120022.000.000) 01/22 19:31:18 Job executing on host: <188.185.195.158:9618?addrs=188.185.195.158-9618+[2001-1458-303-22--100-9a]-9618&alias=b9p17p8528.cern.ch&noUDP&sock=startd_6447_af2a>
	SlotName: slot1_42@b9p17p8528.cern.ch
	CondorScratchDir = "/pool/condor/dir_840890"
	Cpus = 1
	Disk = 3807
	GPUs = 0
	Memory = 3000
...
006 (9120022.000.000) 01/22 19:31:32 Image size of job updated: 163992
	161  -  MemoryUsage of job (MB)
	163992  -  ResidentSetSize of job (KB)
...
006 (9120022.000.000) 01/22 19:33:19 Image size of job updated: 260008
	161  -  MemoryUsage of job (MB)
	164288  -  ResidentSetSize of job (KB)
...
040 (9120022.000.000) 01/22 19:33:21 Started transferring output files
...
040 (9120022.000.000) 01/22 19:33:21 Finished transferring output files
...
005 (9120022.000.000) 01/22 19:33:21 Job terminated.
	(1) Normal termination (return value 0)
		Usr 0 00:01:31, Sys 0 00:00:02  -  Run Remote Usage
		Usr 0 00:00:00, Sys 0 00:00:00  -  Run Local Usage
		Usr 0 00:01:31, Sys 0 00:00:02  -  Total Remote Usage
		Usr 0 00:00:00, Sys 0 00:00:00  -  Total Local Usage
	7533  -  Run Bytes Sent By Job
	312  -  Run Bytes Received By Job
	7533  -  Total Bytes Sent By Job
	312  -  Total Bytes Received By Job
	Partitionable Resources :    Usage  Request Allocated 
	   Cpus                 :        0        1         1 
	   Disk (KB)            :       31        1      3807 
	   GPUs                 :                           0 
	   Memory (MB)          :      161     3000      3000 
	   TimeExecute (s)      :      121                    
	   TimeSlotBusy (s)     :      124                    

	Job terminated of its own accord at 2026-01-22T18:33:19Z with exit-code 0.
...
