000 (9120020.000.000) 01/22 19:26:16 Job submitted from host: <188.185.6.50:9618?addrs=188.185.6.50-9618+[2001-1458-d00-62--100-2b1]-9618&alias=bigbird25.cern.ch&noUDP&sock=schedd_1627_90ad>
...
040 (9120020.000.000) 01/22 19:31:17 Started transferring input files
	Transferring to host: <188.185.204.162:9618?addrs=188.185.204.162-9618+[2001-1458-303-8--100-96]-9618&alias=b9p02p3486.cern.ch&noUDP&sock=slot1_14_3766_3cd2_112717>
...
040 (9120020.000.000) 01/22 19:31:17 Finished transferring input files
...
001 (9120020.000.000) 01/22 19:31:18 Job executing on host: <188.185.204.162:9618?addrs=188.185.204.162-9618+[2001-1458-303-8--100-96]-9618&alias=b9p02p3486.cern.ch&noUDP&sock=startd_3305_8898>
	SlotName: slot1_14@b9p02p3486.cern.ch
	CondorScratchDir = "/pool/condor/dir_1211189"
	Cpus = 1
	Disk = 3751
	GPUs = 0
	Memory = 3000
...
006 (9120020.000.000) 01/22 19:31:32 Image size of job updated: 173680
	170  -  MemoryUsage of job (MB)
	173680  -  ResidentSetSize of job (KB)
...
006 (9120020.000.000) 01/22 19:33:04 Image size of job updated: 233612
	170  -  MemoryUsage of job (MB)
	173680  -  ResidentSetSize of job (KB)
...
040 (9120020.000.000) 01/22 19:33:05 Started transferring output files
...
040 (9120020.000.000) 01/22 19:33:05 Finished transferring output files
...
005 (9120020.000.000) 01/22 19:33:05 Job terminated.
	(1) Normal termination (return value 0)
		Usr 0 00:01:15, Sys 0 00:00:02  -  Run Remote Usage
		Usr 0 00:00:00, Sys 0 00:00:00  -  Run Local Usage
		Usr 0 00:01:15, Sys 0 00:00:02  -  Total Remote Usage
		Usr 0 00:00:00, Sys 0 00:00:00  -  Total Local Usage
	8016  -  Run Bytes Sent By Job
	313  -  Run Bytes Received By Job
	8016  -  Total Bytes Sent By Job
	313  -  Total Bytes Received By Job
	Partitionable Resources :    Usage  Request Allocated 
	   Cpus                 :        0        1         1 
	   Disk (KB)            :       34        1      3751 
	   GPUs                 :                           0 
	   Memory (MB)          :      170     3000      3000 
	   TimeExecute (s)      :      106                    
	   TimeSlotBusy (s)     :      109                    

	Job terminated of its own accord at 2026-01-22T18:33:04Z with exit-code 0.
...
