000 (9120369.000.000) 01/22 21:35:22 Job submitted from host: <188.185.6.50:9618?addrs=188.185.6.50-9618+[2001-1458-d00-62--100-2b1]-9618&alias=bigbird25.cern.ch&noUDP&sock=schedd_1627_90ad>
...
040 (9120369.000.000) 01/22 21:41:15 Started transferring input files
	Transferring to host: <188.185.212.86:9618?addrs=188.185.212.86-9618+[2001-1458-303-18--100-52]-9618&alias=b9p25p1513.cern.ch&noUDP&sock=slot1_31_682453_a041_52268>
...
040 (9120369.000.000) 01/22 21:41:15 Finished transferring input files
...
001 (9120369.000.000) 01/22 21:41:16 Job executing on host: <188.185.212.86:9618?addrs=188.185.212.86-9618+[2001-1458-303-18--100-52]-9618&alias=b9p25p1513.cern.ch&noUDP&sock=startd_682090_95ac>
	SlotName: slot1_31@b9p25p1513.cern.ch
	CondorScratchDir = "/pool/condor/dir_59682"
	Cpus = 1
	Disk = 3799
	GPUs = 0
	Memory = 3000
...
006 (9120369.000.000) 01/22 21:41:29 Image size of job updated: 265372
	260  -  MemoryUsage of job (MB)
	265372  -  ResidentSetSize of job (KB)
...
006 (9120369.000.000) 01/22 21:44:17 Image size of job updated: 445200
	260  -  MemoryUsage of job (MB)
	265372  -  ResidentSetSize of job (KB)
...
040 (9120369.000.000) 01/22 21:44:17 Started transferring output files
...
040 (9120369.000.000) 01/22 21:44:17 Finished transferring output files
...
005 (9120369.000.000) 01/22 21:44:17 Job terminated.
	(1) Normal termination (return value 0)
		Usr 0 00:02:15, Sys 0 00:00:03  -  Run Remote Usage
		Usr 0 00:00:00, Sys 0 00:00:00  -  Run Local Usage
		Usr 0 00:02:15, Sys 0 00:00:03  -  Total Remote Usage
		Usr 0 00:00:00, Sys 0 00:00:00  -  Total Local Usage
	9716  -  Run Bytes Sent By Job
	318  -  Run Bytes Received By Job
	9716  -  Total Bytes Sent By Job
	318  -  Total Bytes Received By Job
	Partitionable Resources :    Usage  Request Allocated 
	   Cpus                 :        0        1         1 
	   Disk (KB)            :       33        1      3799 
	   GPUs                 :                           0 
	   Memory (MB)          :      260     3000      3000 
	   TimeExecute (s)      :      181                    
	   TimeSlotBusy (s)     :      183                    

	Job terminated of its own accord at 2026-01-22T20:44:17Z with exit-code 0.
...
