000 (9120367.000.000) 01/22 21:35:22 Job submitted from host: <188.185.6.50:9618?addrs=188.185.6.50-9618+[2001-1458-d00-62--100-2b1]-9618&alias=bigbird25.cern.ch&noUDP&sock=schedd_1627_90ad>
...
040 (9120367.000.000) 01/22 21:41:08 Started transferring input files
	Transferring to host: <188.185.211.58:9618?addrs=188.185.211.58-9618+[2001-1458-303-16--100-36]-9618&alias=b9p23p3468.cern.ch&noUDP&sock=slot1_25_6433_615f_10693>
...
040 (9120367.000.000) 01/22 21:41:08 Finished transferring input files
...
001 (9120367.000.000) 01/22 21:41:09 Job executing on host: <188.185.211.58:9618?addrs=188.185.211.58-9618+[2001-1458-303-16--100-36]-9618&alias=b9p23p3468.cern.ch&noUDP&sock=startd_5786_4b10>
	SlotName: slot1_25@b9p23p3468.cern.ch
	CondorScratchDir = "/pool/condor/dir_372097"
	Cpus = 1
	Disk = 3801
	GPUs = 0
	Memory = 3000
...
006 (9120367.000.000) 01/22 21:41:23 Image size of job updated: 180824
	177  -  MemoryUsage of job (MB)
	180824  -  ResidentSetSize of job (KB)
...
006 (9120367.000.000) 01/22 21:45:12 Image size of job updated: 445264
	177  -  MemoryUsage of job (MB)
	180824  -  ResidentSetSize of job (KB)
...
040 (9120367.000.000) 01/22 21:45:12 Started transferring output files
...
040 (9120367.000.000) 01/22 21:45:12 Finished transferring output files
...
005 (9120367.000.000) 01/22 21:45:12 Job terminated.
	(1) Normal termination (return value 0)
		Usr 0 00:02:35, Sys 0 00:00:04  -  Run Remote Usage
		Usr 0 00:00:00, Sys 0 00:00:00  -  Run Local Usage
		Usr 0 00:02:35, Sys 0 00:00:04  -  Total Remote Usage
		Usr 0 00:00:00, Sys 0 00:00:00  -  Total Local Usage
	10266  -  Run Bytes Sent By Job
	318  -  Run Bytes Received By Job
	10266  -  Total Bytes Sent By Job
	318  -  Total Bytes Received By Job
	Partitionable Resources :    Usage  Request Allocated 
	   Cpus                 :        0        1         1 
	   Disk (KB)            :       34        1      3801 
	   GPUs                 :                           0 
	   Memory (MB)          :      177     3000      3000 
	   TimeExecute (s)      :      243                    
	   TimeSlotBusy (s)     :      245                    

	Job terminated of its own accord at 2026-01-22T20:45:12Z with exit-code 0.
...
