000 (9120368.000.000) 01/22 21:35:22 Job submitted from host: <188.185.6.50:9618?addrs=188.185.6.50-9618+[2001-1458-d00-62--100-2b1]-9618&alias=bigbird25.cern.ch&noUDP&sock=schedd_1627_90ad>
...
040 (9120368.000.000) 01/22 21:41:26 Started transferring input files
	Transferring to host: <188.185.215.180:9618?addrs=188.185.215.180-9618+[2001-1458-303-26--100-30]-9618&alias=b9p18p9434.cern.ch&noUDP&sock=slot1_17_4108_3520_133050>
...
040 (9120368.000.000) 01/22 21:41:26 Finished transferring input files
...
001 (9120368.000.000) 01/22 21:41:27 Job executing on host: <188.185.215.180:9618?addrs=188.185.215.180-9618+[2001-1458-303-26--100-30]-9618&alias=b9p18p9434.cern.ch&noUDP&sock=startd_3469_0620>
	SlotName: slot1_17@b9p18p9434.cern.ch
	CondorScratchDir = "/pool/condor/dir_1254868"
	Cpus = 1
	Disk = 3760
	GPUs = 0
	Memory = 3000
...
006 (9120368.000.000) 01/22 21:41:40 Image size of job updated: 155836
	153  -  MemoryUsage of job (MB)
	155836  -  ResidentSetSize of job (KB)
...
006 (9120368.000.000) 01/22 21:46:40 Image size of job updated: 436480
	315  -  MemoryUsage of job (MB)
	322244  -  ResidentSetSize of job (KB)
...
040 (9120368.000.000) 01/22 21:47:01 Started transferring output files
...
040 (9120368.000.000) 01/22 21:47:01 Finished transferring output files
...
005 (9120368.000.000) 01/22 21:47:01 Job terminated.
	(1) Normal termination (return value 0)
		Usr 0 00:03:27, Sys 0 00:00:04  -  Run Remote Usage
		Usr 0 00:00:00, Sys 0 00:00:00  -  Run Local Usage
		Usr 0 00:03:27, Sys 0 00:00:04  -  Total Remote Usage
		Usr 0 00:00:00, Sys 0 00:00:00  -  Total Local Usage
	10388  -  Run Bytes Sent By Job
	318  -  Run Bytes Received By Job
	10388  -  Total Bytes Sent By Job
	318  -  Total Bytes Received By Job
	Partitionable Resources :    Usage  Request Allocated 
	   Cpus                 :     0.83        1         1 
	   Disk (KB)            :    34           1      3760 
	   GPUs                 :                           0 
	   Memory (MB)          :   315        3000      3000 
	   TimeExecute (s)      :   334                       
	   TimeSlotBusy (s)     :   337                       

	Job terminated of its own accord at 2026-01-22T20:47:01Z with exit-code 0.
...
