000 (9120370.000.000) 01/22 21:35:23 Job submitted from host: <188.185.6.50:9618?addrs=188.185.6.50-9618+[2001-1458-d00-62--100-2b1]-9618&alias=bigbird25.cern.ch&noUDP&sock=schedd_1627_90ad>
...
040 (9120370.000.000) 01/22 21:41:05 Started transferring input files
	Transferring to host: <188.185.211.98:9618?addrs=188.185.211.98-9618+[2001-1458-303-16--100-5e]-9618&alias=b9p23p6157.cern.ch&noUDP&sock=slot1_7_8111_aee3_133672>
...
040 (9120370.000.000) 01/22 21:41:05 Finished transferring input files
...
001 (9120370.000.000) 01/22 21:41:06 Job executing on host: <188.185.211.98:9618?addrs=188.185.211.98-9618+[2001-1458-303-16--100-5e]-9618&alias=b9p23p6157.cern.ch&noUDP&sock=startd_7150_e23e>
	SlotName: slot1_7@b9p23p6157.cern.ch
	CondorScratchDir = "/pool/condor/dir_2670995"
	Cpus = 1
	Disk = 3743
	GPUs = 0
	Memory = 3000
...
006 (9120370.000.000) 01/22 21:41:17 Image size of job updated: 144264
	0  -  MemoryUsage of job (MB)
	0  -  ResidentSetSize of job (KB)
...
040 (9120370.000.000) 01/22 21:41:17 Started transferring output files
...
040 (9120370.000.000) 01/22 21:41:17 Finished transferring output files
...
005 (9120370.000.000) 01/22 21:41:17 Job terminated.
	(1) Normal termination (return value 0)
		Usr 0 00:00:02, Sys 0 00:00:01  -  Run Remote Usage
		Usr 0 00:00:00, Sys 0 00:00:00  -  Run Local Usage
		Usr 0 00:00:02, Sys 0 00:00:01  -  Total Remote Usage
		Usr 0 00:00:00, Sys 0 00:00:00  -  Total Local Usage
	6014  -  Run Bytes Sent By Job
	318  -  Run Bytes Received By Job
	6014  -  Total Bytes Sent By Job
	318  -  Total Bytes Received By Job
	Partitionable Resources :    Usage  Request Allocated 
	   Cpus                 :        0        1         1 
	   Disk (KB)            :       29        1      3743 
	   GPUs                 :                           0 
	   Memory (MB)          :        0     3000      3000 
	   TimeExecute (s)      :       11                    
	   TimeSlotBusy (s)     :       13                    

	Job terminated of its own accord at 2026-01-22T20:41:17Z with exit-code 0.
...
