000 (9120363.000.000) 01/22 21:35:21 Job submitted from host: <188.185.6.50:9618?addrs=188.185.6.50-9618+[2001-1458-d00-62--100-2b1]-9618&alias=bigbird25.cern.ch&noUDP&sock=schedd_1627_90ad>
...
040 (9120363.000.000) 01/22 21:41:06 Started transferring input files
	Transferring to host: <188.185.211.137:9618?addrs=188.185.211.137-9618+[2001-1458-303-17--100-5]-9618&alias=b9p24p0933.cern.ch&noUDP&sock=slot1_6_8039_f3e0_129187>
...
040 (9120363.000.000) 01/22 21:41:06 Finished transferring input files
...
001 (9120363.000.000) 01/22 21:41:07 Job executing on host: <188.185.211.137:9618?addrs=188.185.211.137-9618+[2001-1458-303-17--100-5]-9618&alias=b9p24p0933.cern.ch&noUDP&sock=startd_7053_598e>
	SlotName: slot1_6@b9p24p0933.cern.ch
	CondorScratchDir = "/pool/condor/dir_496310"
	Cpus = 1
	Disk = 3839
	GPUs = 0
	Memory = 3000
...
006 (9120363.000.000) 01/22 21:41:21 Image size of job updated: 6720
	7  -  MemoryUsage of job (MB)
	6720  -  ResidentSetSize of job (KB)
...
006 (9120363.000.000) 01/22 21:45:19 Image size of job updated: 243224
	7  -  MemoryUsage of job (MB)
	6720  -  ResidentSetSize of job (KB)
...
040 (9120363.000.000) 01/22 21:45:19 Started transferring output files
...
040 (9120363.000.000) 01/22 21:45:19 Finished transferring output files
...
005 (9120363.000.000) 01/22 21:45:19 Job terminated.
	(1) Normal termination (return value 0)
		Usr 0 00:03:01, Sys 0 00:00:03  -  Run Remote Usage
		Usr 0 00:00:00, Sys 0 00:00:00  -  Run Local Usage
		Usr 0 00:03:01, Sys 0 00:00:03  -  Total Remote Usage
		Usr 0 00:00:00, Sys 0 00:00:00  -  Total Local Usage
	10270  -  Run Bytes Sent By Job
	322  -  Run Bytes Received By Job
	10270  -  Total Bytes Sent By Job
	322  -  Total Bytes Received By Job
	Partitionable Resources :    Usage  Request Allocated 
	   Cpus                 :        0        1         1 
	   Disk (KB)            :       34        1      3839 
	   GPUs                 :                           0 
	   Memory (MB)          :        7     3000      3000 
	   TimeExecute (s)      :      252                    
	   TimeSlotBusy (s)     :      254                    

	Job terminated of its own accord at 2026-01-22T20:45:19Z with exit-code 0.
...
