000 (9120359.000.000) 01/22 21:35:19 Job submitted from host: <188.185.6.50:9618?addrs=188.185.6.50-9618+[2001-1458-d00-62--100-2b1]-9618&alias=bigbird25.cern.ch&noUDP&sock=schedd_1627_90ad>
...
040 (9120359.000.000) 01/22 21:41:05 Started transferring input files
	Transferring to host: <188.185.214.167:9618?addrs=188.185.214.167-9618+[2001-1458-303-1d--100-23]-9618&alias=b9p30p1158.cern.ch&noUDP&sock=slot1_27_5971_dc0c_135896>
...
040 (9120359.000.000) 01/22 21:41:05 Finished transferring input files
...
001 (9120359.000.000) 01/22 21:41:06 Job executing on host: <188.185.214.167:9618?addrs=188.185.214.167-9618+[2001-1458-303-1d--100-23]-9618&alias=b9p30p1158.cern.ch&noUDP&sock=startd_5035_2b70>
	SlotName: slot1_27@b9p30p1158.cern.ch
	CondorScratchDir = "/pool/condor/dir_3792439"
	Cpus = 1
	Disk = 3841
	GPUs = 0
	Memory = 3000
...
006 (9120359.000.000) 01/22 21:41:20 Image size of job updated: 171964
	168  -  MemoryUsage of job (MB)
	171964  -  ResidentSetSize of job (KB)
...
006 (9120359.000.000) 01/22 21:41:53 Image size of job updated: 235252
	168  -  MemoryUsage of job (MB)
	171964  -  ResidentSetSize of job (KB)
...
040 (9120359.000.000) 01/22 21:41:53 Started transferring output files
...
040 (9120359.000.000) 01/22 21:41:53 Finished transferring output files
...
005 (9120359.000.000) 01/22 21:41:53 Job terminated.
	(1) Normal termination (return value 0)
		Usr 0 00:00:33, Sys 0 00:00:02  -  Run Remote Usage
		Usr 0 00:00:00, Sys 0 00:00:00  -  Run Local Usage
		Usr 0 00:00:33, Sys 0 00:00:02  -  Total Remote Usage
		Usr 0 00:00:00, Sys 0 00:00:00  -  Total Local Usage
	6990  -  Run Bytes Sent By Job
	322  -  Run Bytes Received By Job
	6990  -  Total Bytes Sent By Job
	322  -  Total Bytes Received By Job
	Partitionable Resources :    Usage  Request Allocated 
	   Cpus                 :        0        1         1 
	   Disk (KB)            :       30        1      3841 
	   GPUs                 :                           0 
	   Memory (MB)          :      168     3000      3000 
	   TimeExecute (s)      :       47                    
	   TimeSlotBusy (s)     :       49                    

	Job terminated of its own accord at 2026-01-22T20:41:53Z with exit-code 0.
...
