000 (9120362.000.000) 01/22 21:35:20 Job submitted from host: <188.185.6.50:9618?addrs=188.185.6.50-9618+[2001-1458-d00-62--100-2b1]-9618&alias=bigbird25.cern.ch&noUDP&sock=schedd_1627_90ad>
...
040 (9120362.000.000) 01/22 21:41:06 Started transferring input files
	Transferring to host: <188.185.214.61:9618?addrs=188.185.214.61-9618+[2001-1458-303-1c--100-39]-9618&alias=b9p29p8263.cern.ch&noUDP&sock=slot1_24_4294_42e8_134423>
...
040 (9120362.000.000) 01/22 21:41:06 Finished transferring input files
...
001 (9120362.000.000) 01/22 21:41:07 Job executing on host: <188.185.214.61:9618?addrs=188.185.214.61-9618+[2001-1458-303-1c--100-39]-9618&alias=b9p29p8263.cern.ch&noUDP&sock=startd_3580_2923>
	SlotName: slot1_24@b9p29p8263.cern.ch
	CondorScratchDir = "/pool/condor/dir_3186770"
	Cpus = 1
	Disk = 3759
	GPUs = 0
	Memory = 3000
...
006 (9120362.000.000) 01/22 21:41:21 Image size of job updated: 187568
	184  -  MemoryUsage of job (MB)
	187568  -  ResidentSetSize of job (KB)
...
006 (9120362.000.000) 01/22 21:41:44 Image size of job updated: 204916
	184  -  MemoryUsage of job (MB)
	187568  -  ResidentSetSize of job (KB)
...
040 (9120362.000.000) 01/22 21:41:44 Started transferring output files
...
040 (9120362.000.000) 01/22 21:41:44 Finished transferring output files
...
005 (9120362.000.000) 01/22 21:41:44 Job terminated.
	(1) Normal termination (return value 0)
		Usr 0 00:00:25, Sys 0 00:00:02  -  Run Remote Usage
		Usr 0 00:00:00, Sys 0 00:00:00  -  Run Local Usage
		Usr 0 00:00:25, Sys 0 00:00:02  -  Total Remote Usage
		Usr 0 00:00:00, Sys 0 00:00:00  -  Total Local Usage
	6864  -  Run Bytes Sent By Job
	322  -  Run Bytes Received By Job
	6864  -  Total Bytes Sent By Job
	322  -  Total Bytes Received By Job
	Partitionable Resources :    Usage  Request Allocated 
	   Cpus                 :        0        1         1 
	   Disk (KB)            :       30        1      3759 
	   GPUs                 :                           0 
	   Memory (MB)          :      184     3000      3000 
	   TimeExecute (s)      :       37                    
	   TimeSlotBusy (s)     :       39                    

	Job terminated of its own accord at 2026-01-22T20:41:44Z with exit-code 0.
...
