000 (9120358.000.000) 01/22 21:35:19 Job submitted from host: <188.185.6.50:9618?addrs=188.185.6.50-9618+[2001-1458-d00-62--100-2b1]-9618&alias=bigbird25.cern.ch&noUDP&sock=schedd_1627_90ad>
...
040 (9120358.000.000) 01/22 21:41:04 Started transferring input files
	Transferring to host: <188.185.210.138:9618?addrs=188.185.210.138-9618+[2001-1458-303-15--100-6]-9618&alias=b9p22p4394.cern.ch&noUDP&sock=slot1_8_5339_8ef2_130858>
...
040 (9120358.000.000) 01/22 21:41:04 Finished transferring input files
...
001 (9120358.000.000) 01/22 21:41:05 Job executing on host: <188.185.210.138:9618?addrs=188.185.210.138-9618+[2001-1458-303-15--100-6]-9618&alias=b9p22p4394.cern.ch&noUDP&sock=startd_4349_a178>
	SlotName: slot1_8@b9p22p4394.cern.ch
	CondorScratchDir = "/pool/condor/dir_2632426"
	Cpus = 1
	Disk = 3713
	GPUs = 0
	Memory = 3000
...
006 (9120358.000.000) 01/22 21:41:19 Image size of job updated: 171984
	168  -  MemoryUsage of job (MB)
	171984  -  ResidentSetSize of job (KB)
...
006 (9120358.000.000) 01/22 21:43:48 Image size of job updated: 248536
	168  -  MemoryUsage of job (MB)
	171984  -  ResidentSetSize of job (KB)
...
040 (9120358.000.000) 01/22 21:43:48 Started transferring output files
...
040 (9120358.000.000) 01/22 21:43:48 Finished transferring output files
...
005 (9120358.000.000) 01/22 21:43:48 Job terminated.
	(1) Normal termination (return value 0)
		Usr 0 00:02:23, Sys 0 00:00:03  -  Run Remote Usage
		Usr 0 00:00:00, Sys 0 00:00:00  -  Run Local Usage
		Usr 0 00:02:23, Sys 0 00:00:03  -  Total Remote Usage
		Usr 0 00:00:00, Sys 0 00:00:00  -  Total Local Usage
	10270  -  Run Bytes Sent By Job
	322  -  Run Bytes Received By Job
	10270  -  Total Bytes Sent By Job
	322  -  Total Bytes Received By Job
	Partitionable Resources :    Usage  Request Allocated 
	   Cpus                 :     0.98        1         1 
	   Disk (KB)            :    34           1      3713 
	   GPUs                 :                           0 
	   Memory (MB)          :   168        3000      3000 
	   TimeExecute (s)      :   163                       
	   TimeSlotBusy (s)     :   165                       

	Job terminated of its own accord at 2026-01-22T20:43:48Z with exit-code 0.
...
