000 (9120361.000.000) 01/22 21:35:20 Job submitted from host: <188.185.6.50:9618?addrs=188.185.6.50-9618+[2001-1458-d00-62--100-2b1]-9618&alias=bigbird25.cern.ch&noUDP&sock=schedd_1627_90ad>
...
040 (9120361.000.000) 01/22 21:41:15 Started transferring input files
	Transferring to host: <128.142.192.154:9618?addrs=128.142.192.154-9618+[2001-1458-301-56--100-16]-9618&alias=b9g18p4171.cern.ch&noUDP&sock=slot1_5_3363_49a2_125552>
...
040 (9120361.000.000) 01/22 21:41:15 Finished transferring input files
...
001 (9120361.000.000) 01/22 21:41:16 Job executing on host: <128.142.192.154:9618?addrs=128.142.192.154-9618+[2001-1458-301-56--100-16]-9618&alias=b9g18p4171.cern.ch&noUDP&sock=startd_2896_fe5c>
	SlotName: slot1_5@b9g18p4171.cern.ch
	CondorScratchDir = "/pool/condor/dir_729634"
	Cpus = 1
	Disk = 3816
	GPUs = 0
	Memory = 3000
...
006 (9120361.000.000) 01/22 21:41:29 Image size of job updated: 65656
	65  -  MemoryUsage of job (MB)
	65656  -  ResidentSetSize of job (KB)
...
006 (9120361.000.000) 01/22 21:46:29 Image size of job updated: 246276
	241  -  MemoryUsage of job (MB)
	246276  -  ResidentSetSize of job (KB)
...
006 (9120361.000.000) 01/22 21:47:13 Image size of job updated: 246836
	241  -  MemoryUsage of job (MB)
	246276  -  ResidentSetSize of job (KB)
...
040 (9120361.000.000) 01/22 21:47:13 Started transferring output files
...
040 (9120361.000.000) 01/22 21:47:13 Finished transferring output files
...
005 (9120361.000.000) 01/22 21:47:13 Job terminated.
	(1) Normal termination (return value 0)
		Usr 0 00:05:06, Sys 0 00:00:03  -  Run Remote Usage
		Usr 0 00:00:00, Sys 0 00:00:00  -  Run Local Usage
		Usr 0 00:05:06, Sys 0 00:00:03  -  Total Remote Usage
		Usr 0 00:00:00, Sys 0 00:00:00  -  Total Local Usage
	10270  -  Run Bytes Sent By Job
	322  -  Run Bytes Received By Job
	10270  -  Total Bytes Sent By Job
	322  -  Total Bytes Received By Job
	Partitionable Resources :    Usage  Request Allocated 
	   Cpus                 :        0        1         1 
	   Disk (KB)            :       33        1      3816 
	   GPUs                 :                           0 
	   Memory (MB)          :      241     3000      3000 
	   TimeExecute (s)      :      357                    
	   TimeSlotBusy (s)     :      359                    

	Job terminated of its own accord at 2026-01-22T20:47:13Z with exit-code 0.
...
