000 (9120397.000.000) 01/22 21:35:30 Job submitted from host: <188.185.6.50:9618?addrs=188.185.6.50-9618+[2001-1458-d00-62--100-2b1]-9618&alias=bigbird25.cern.ch&noUDP&sock=schedd_1627_90ad>
...
040 (9120397.000.000) 01/22 21:41:14 Started transferring input files
	Transferring to host: <188.185.215.198:9618?addrs=188.185.215.198-9618+[2001-1458-303-26--100-42]-9618&alias=b9p18p0908.cern.ch&noUDP&sock=slot1_27_3311_a620_134995>
...
040 (9120397.000.000) 01/22 21:41:14 Finished transferring input files
...
001 (9120397.000.000) 01/22 21:41:15 Job executing on host: <188.185.215.198:9618?addrs=188.185.215.198-9618+[2001-1458-303-26--100-42]-9618&alias=b9p18p0908.cern.ch&noUDP&sock=startd_2798_c614>
	SlotName: slot1_27@b9p18p0908.cern.ch
	CondorScratchDir = "/pool/condor/dir_3119426"
	Cpus = 1
	Disk = 3765
	GPUs = 0
	Memory = 3000
...
006 (9120397.000.000) 01/22 21:41:28 Image size of job updated: 166712
	163  -  MemoryUsage of job (MB)
	166712  -  ResidentSetSize of job (KB)
...
006 (9120397.000.000) 01/22 21:41:39 Image size of job updated: 166724
	163  -  MemoryUsage of job (MB)
	166712  -  ResidentSetSize of job (KB)
...
040 (9120397.000.000) 01/22 21:41:39 Started transferring output files
...
040 (9120397.000.000) 01/22 21:41:39 Finished transferring output files
...
005 (9120397.000.000) 01/22 21:41:39 Job terminated.
	(1) Normal termination (return value 0)
		Usr 0 00:00:14, Sys 0 00:00:01  -  Run Remote Usage
		Usr 0 00:00:00, Sys 0 00:00:00  -  Run Local Usage
		Usr 0 00:00:14, Sys 0 00:00:01  -  Total Remote Usage
		Usr 0 00:00:00, Sys 0 00:00:00  -  Total Local Usage
	6460  -  Run Bytes Sent By Job
	316  -  Run Bytes Received By Job
	6460  -  Total Bytes Sent By Job
	316  -  Total Bytes Received By Job
	Partitionable Resources :    Usage  Request Allocated 
	   Cpus                 :        0        1         1 
	   Disk (KB)            :       30        1      3765 
	   GPUs                 :                           0 
	   Memory (MB)          :      163     3000      3000 
	   TimeExecute (s)      :       24                    
	   TimeSlotBusy (s)     :       26                    

	Job terminated of its own accord at 2026-01-22T20:41:39Z with exit-code 0.
...
