000 (9120394.000.000) 01/22 21:35:30 Job submitted from host: <188.185.6.50:9618?addrs=188.185.6.50-9618+[2001-1458-d00-62--100-2b1]-9618&alias=bigbird25.cern.ch&noUDP&sock=schedd_1627_90ad>
...
040 (9120394.000.000) 01/22 21:41:13 Started transferring input files
	Transferring to host: <188.185.210.47:9618?addrs=188.185.210.47-9618+[2001-1458-303-1--100-2b]-9618&alias=b9p21p1789.cern.ch&noUDP&sock=slot1_8_6699_cd29_134013>
...
040 (9120394.000.000) 01/22 21:41:13 Finished transferring input files
...
001 (9120394.000.000) 01/22 21:41:14 Job executing on host: <188.185.210.47:9618?addrs=188.185.210.47-9618+[2001-1458-303-1--100-2b]-9618&alias=b9p21p1789.cern.ch&noUDP&sock=startd_5805_535c>
	SlotName: slot1_8@b9p21p1789.cern.ch
	CondorScratchDir = "/pool/condor/dir_459064"
	Cpus = 1
	Disk = 3853
	GPUs = 0
	Memory = 3000
...
006 (9120394.000.000) 01/22 21:41:28 Image size of job updated: 58164
	0  -  MemoryUsage of job (MB)
	0  -  ResidentSetSize of job (KB)
...
040 (9120394.000.000) 01/22 21:41:28 Started transferring output files
...
040 (9120394.000.000) 01/22 21:41:28 Finished transferring output files
...
005 (9120394.000.000) 01/22 21:41:28 Job terminated.
	(1) Normal termination (return value 0)
		Usr 0 00:00:03, Sys 0 00:00:02  -  Run Remote Usage
		Usr 0 00:00:00, Sys 0 00:00:00  -  Run Local Usage
		Usr 0 00:00:03, Sys 0 00:00:02  -  Total Remote Usage
		Usr 0 00:00:00, Sys 0 00:00:00  -  Total Local Usage
	6012  -  Run Bytes Sent By Job
	323  -  Run Bytes Received By Job
	6012  -  Total Bytes Sent By Job
	323  -  Total Bytes Received By Job
	Partitionable Resources :    Usage  Request Allocated 
	   Cpus                 :        0        1         1 
	   Disk (KB)            :       29        1      3853 
	   GPUs                 :                           0 
	   Memory (MB)          :        0     3000      3000 
	   TimeExecute (s)      :       14                    
	   TimeSlotBusy (s)     :       16                    

	Job terminated of its own accord at 2026-01-22T20:41:28Z with exit-code 0.
...
