000 (9120391.000.000) 01/22 21:35:29 Job submitted from host: <188.185.6.50:9618?addrs=188.185.6.50-9618+[2001-1458-d00-62--100-2b1]-9618&alias=bigbird25.cern.ch&noUDP&sock=schedd_1627_90ad>
...
040 (9120391.000.000) 01/22 21:41:13 Started transferring input files
	Transferring to host: <128.142.161.144:9618?addrs=128.142.161.144-9618+[2001-1458-301-b9--100-d]-9618&alias=b9g03p4884.cern.ch&noUDP&sock=slot1_27_172134_b991_59487>
...
040 (9120391.000.000) 01/22 21:41:13 Finished transferring input files
...
001 (9120391.000.000) 01/22 21:41:14 Job executing on host: <128.142.161.144:9618?addrs=128.142.161.144-9618+[2001-1458-301-b9--100-d]-9618&alias=b9g03p4884.cern.ch&noUDP&sock=startd_170228_d3d8>
	SlotName: slot1_27@b9g03p4884.cern.ch
	CondorScratchDir = "/pool/condor/dir_3216121"
	Cpus = 1
	Disk = 4082
	GPUs = 0
	Memory = 3000
...
006 (9120391.000.000) 01/22 21:41:27 Image size of job updated: 14764
	15  -  MemoryUsage of job (MB)
	14764  -  ResidentSetSize of job (KB)
...
006 (9120391.000.000) 01/22 21:42:24 Image size of job updated: 167080
	15  -  MemoryUsage of job (MB)
	14764  -  ResidentSetSize of job (KB)
...
040 (9120391.000.000) 01/22 21:42:24 Started transferring output files
...
040 (9120391.000.000) 01/22 21:42:24 Finished transferring output files
...
005 (9120391.000.000) 01/22 21:42:24 Job terminated.
	(1) Normal termination (return value 0)
		Usr 0 00:00:41, Sys 0 00:00:02  -  Run Remote Usage
		Usr 0 00:00:00, Sys 0 00:00:00  -  Run Local Usage
		Usr 0 00:00:41, Sys 0 00:00:02  -  Total Remote Usage
		Usr 0 00:00:00, Sys 0 00:00:00  -  Total Local Usage
	6756  -  Run Bytes Sent By Job
	319  -  Run Bytes Received By Job
	6756  -  Total Bytes Sent By Job
	319  -  Total Bytes Received By Job
	Partitionable Resources :    Usage  Request Allocated 
	   Cpus                 :        0        1         1 
	   Disk (KB)            :       30        1      4082 
	   GPUs                 :                           0 
	   Memory (MB)          :       15     3000      3000 
	   TimeExecute (s)      :       70                    
	   TimeSlotBusy (s)     :       73                    

	Job terminated of its own accord at 2026-01-22T20:42:24Z with exit-code 0.
...
