000 (9120395.000.000) 01/22 21:35:30 Job submitted from host: <188.185.6.50:9618?addrs=188.185.6.50-9618+[2001-1458-d00-62--100-2b1]-9618&alias=bigbird25.cern.ch&noUDP&sock=schedd_1627_90ad>
...
040 (9120395.000.000) 01/22 21:41:13 Started transferring input files
	Transferring to host: <128.142.161.99:9618?addrs=128.142.161.99-9618+[2001-1458-301-b8--100-21]-9618&alias=b9g03p3189.cern.ch&noUDP&sock=slot1_12_3298440_1eeb_150284>
...
040 (9120395.000.000) 01/22 21:41:13 Finished transferring input files
...
001 (9120395.000.000) 01/22 21:41:14 Job executing on host: <128.142.161.99:9618?addrs=128.142.161.99-9618+[2001-1458-301-b8--100-21]-9618&alias=b9g03p3189.cern.ch&noUDP&sock=startd_4979_c222>
	SlotName: slot1_12@b9g03p3189.cern.ch
	CondorScratchDir = "/pool/condor/dir_3779478"
	Cpus = 1
	Disk = 3921
	GPUs = 0
	Memory = 3000
...
006 (9120395.000.000) 01/22 21:41:28 Image size of job updated: 124160
	122  -  MemoryUsage of job (MB)
	124160  -  ResidentSetSize of job (KB)
...
006 (9120395.000.000) 01/22 21:41:54 Image size of job updated: 166708
	122  -  MemoryUsage of job (MB)
	124160  -  ResidentSetSize of job (KB)
...
040 (9120395.000.000) 01/22 21:41:54 Started transferring output files
...
040 (9120395.000.000) 01/22 21:41:54 Finished transferring output files
...
005 (9120395.000.000) 01/22 21:41:54 Job terminated.
	(1) Normal termination (return value 0)
		Usr 0 00:00:24, Sys 0 00:00:01  -  Run Remote Usage
		Usr 0 00:00:00, Sys 0 00:00:00  -  Run Local Usage
		Usr 0 00:00:24, Sys 0 00:00:01  -  Total Remote Usage
		Usr 0 00:00:00, Sys 0 00:00:00  -  Total Local Usage
	6486  -  Run Bytes Sent By Job
	312  -  Run Bytes Received By Job
	6486  -  Total Bytes Sent By Job
	312  -  Total Bytes Received By Job
	Partitionable Resources :    Usage  Request Allocated 
	   Cpus                 :        0        1         1 
	   Disk (KB)            :       29        1      3921 
	   GPUs                 :                           0 
	   Memory (MB)          :      122     3000      3000 
	   TimeExecute (s)      :       40                    
	   TimeSlotBusy (s)     :       42                    

	Job terminated of its own accord at 2026-01-22T20:41:54Z with exit-code 0.
...
