000 (9120393.000.000) 01/22 21:35:29 Job submitted from host: <188.185.6.50:9618?addrs=188.185.6.50-9618+[2001-1458-d00-62--100-2b1]-9618&alias=bigbird25.cern.ch&noUDP&sock=schedd_1627_90ad>
...
040 (9120393.000.000) 01/22 21:41:13 Started transferring input files
	Transferring to host: <188.185.214.54:9618?addrs=188.185.214.54-9618+[2001-1458-303-1c--100-32]-9618&alias=b9p29p7975.cern.ch&noUDP&sock=slot1_17_7938_c9fc_131762>
...
040 (9120393.000.000) 01/22 21:41:13 Finished transferring input files
...
001 (9120393.000.000) 01/22 21:41:14 Job executing on host: <188.185.214.54:9618?addrs=188.185.214.54-9618+[2001-1458-303-1c--100-32]-9618&alias=b9p29p7975.cern.ch&noUDP&sock=startd_7080_de9d>
	SlotName: slot1_17@b9p29p7975.cern.ch
	CondorScratchDir = "/pool/condor/dir_3868286"
	Cpus = 1
	Disk = 3753
	GPUs = 0
	Memory = 3000
...
006 (9120393.000.000) 01/22 21:41:28 Image size of job updated: 123976
	122  -  MemoryUsage of job (MB)
	123976  -  ResidentSetSize of job (KB)
...
006 (9120393.000.000) 01/22 21:41:54 Image size of job updated: 168572
	122  -  MemoryUsage of job (MB)
	123976  -  ResidentSetSize of job (KB)
...
040 (9120393.000.000) 01/22 21:41:54 Started transferring output files
...
040 (9120393.000.000) 01/22 21:41:54 Finished transferring output files
...
005 (9120393.000.000) 01/22 21:41:54 Job terminated.
	(1) Normal termination (return value 0)
		Usr 0 00:00:19, Sys 0 00:00:01  -  Run Remote Usage
		Usr 0 00:00:00, Sys 0 00:00:00  -  Run Local Usage
		Usr 0 00:00:19, Sys 0 00:00:01  -  Total Remote Usage
		Usr 0 00:00:00, Sys 0 00:00:00  -  Total Local Usage
	6519  -  Run Bytes Sent By Job
	323  -  Run Bytes Received By Job
	6519  -  Total Bytes Sent By Job
	323  -  Total Bytes Received By Job
	Partitionable Resources :    Usage  Request Allocated 
	   Cpus                 :        0        1         1 
	   Disk (KB)            :       30        1      3753 
	   GPUs                 :                           0 
	   Memory (MB)          :      122     3000      3000 
	   TimeExecute (s)      :       40                    
	   TimeSlotBusy (s)     :       42                    

	Job terminated of its own accord at 2026-01-22T20:41:54Z with exit-code 0.
...
