000 (9120398.000.000) 01/22 21:35:31 Job submitted from host: <188.185.6.50:9618?addrs=188.185.6.50-9618+[2001-1458-d00-62--100-2b1]-9618&alias=bigbird25.cern.ch&noUDP&sock=schedd_1627_90ad>
...
040 (9120398.000.000) 01/22 21:41:14 Started transferring input files
	Transferring to host: <188.185.215.73:9618?addrs=188.185.215.73-9618+[2001-1458-303-1e--100-45]-9618&alias=b9p31p2911.cern.ch&noUDP&sock=slot1_19_4702_bbf8_129076>
...
040 (9120398.000.000) 01/22 21:41:14 Finished transferring input files
...
001 (9120398.000.000) 01/22 21:41:15 Job executing on host: <188.185.215.73:9618?addrs=188.185.215.73-9618+[2001-1458-303-1e--100-45]-9618&alias=b9p31p2911.cern.ch&noUDP&sock=startd_3902_06a2>
	SlotName: slot1_19@b9p31p2911.cern.ch
	CondorScratchDir = "/pool/condor/dir_4146462"
	Cpus = 1
	Disk = 3723
	GPUs = 0
	Memory = 3000
...
006 (9120398.000.000) 01/22 21:41:28 Image size of job updated: 154248
	151  -  MemoryUsage of job (MB)
	154248  -  ResidentSetSize of job (KB)
...
006 (9120398.000.000) 01/22 21:41:28 Image size of job updated: 154256
	151  -  MemoryUsage of job (MB)
	154256  -  ResidentSetSize of job (KB)
...
040 (9120398.000.000) 01/22 21:41:28 Started transferring output files
...
040 (9120398.000.000) 01/22 21:41:28 Finished transferring output files
...
005 (9120398.000.000) 01/22 21:41:28 Job terminated.
	(1) Normal termination (return value 0)
		Usr 0 00:00:03, Sys 0 00:00:02  -  Run Remote Usage
		Usr 0 00:00:00, Sys 0 00:00:00  -  Run Local Usage
		Usr 0 00:00:03, Sys 0 00:00:02  -  Total Remote Usage
		Usr 0 00:00:00, Sys 0 00:00:00  -  Total Local Usage
	5998  -  Run Bytes Sent By Job
	316  -  Run Bytes Received By Job
	5998  -  Total Bytes Sent By Job
	316  -  Total Bytes Received By Job
	Partitionable Resources :    Usage  Request Allocated 
	   Cpus                 :        0        1         1 
	   Disk (KB)            :       29        1      3723 
	   GPUs                 :                           0 
	   Memory (MB)          :      151     3000      3000 
	   TimeExecute (s)      :       13                    
	   TimeSlotBusy (s)     :       15                    

	Job terminated of its own accord at 2026-01-22T20:41:28Z with exit-code 0.
...
