000 (9120392.000.000) 01/22 21:35:29 Job submitted from host: <188.185.6.50:9618?addrs=188.185.6.50-9618+[2001-1458-d00-62--100-2b1]-9618&alias=bigbird25.cern.ch&noUDP&sock=schedd_1627_90ad>
...
040 (9120392.000.000) 01/22 21:43:25 Started transferring input files
	Transferring to host: <188.185.211.158:9618?addrs=188.185.211.158-9618+[2001-1458-303-17--100-1a]-9618&alias=b9p24p7991.cern.ch&noUDP&sock=slot1_23_9229_6a50_131743>
...
040 (9120392.000.000) 01/22 21:43:25 Finished transferring input files
...
001 (9120392.000.000) 01/22 21:43:26 Job executing on host: <188.185.211.158:9618?addrs=188.185.211.158-9618+[2001-1458-303-17--100-1a]-9618&alias=b9p24p7991.cern.ch&noUDP&sock=startd_8426_1d16>
	SlotName: slot1_23@b9p24p7991.cern.ch
	CondorScratchDir = "/pool/condor/dir_4056807"
	Cpus = 1
	Disk = 3774
	GPUs = 0
	Memory = 3000
...
006 (9120392.000.000) 01/22 21:43:39 Image size of job updated: 154552
	151  -  MemoryUsage of job (MB)
	154552  -  ResidentSetSize of job (KB)
...
040 (9120392.000.000) 01/22 21:43:39 Started transferring output files
...
040 (9120392.000.000) 01/22 21:43:39 Finished transferring output files
...
005 (9120392.000.000) 01/22 21:43:39 Job terminated.
	(1) Normal termination (return value 0)
		Usr 0 00:00:03, Sys 0 00:00:01  -  Run Remote Usage
		Usr 0 00:00:00, Sys 0 00:00:00  -  Run Local Usage
		Usr 0 00:00:03, Sys 0 00:00:01  -  Total Remote Usage
		Usr 0 00:00:00, Sys 0 00:00:00  -  Total Local Usage
	6004  -  Run Bytes Sent By Job
	319  -  Run Bytes Received By Job
	6004  -  Total Bytes Sent By Job
	319  -  Total Bytes Received By Job
	Partitionable Resources :    Usage  Request Allocated 
	   Cpus                 :                 1         1 
	   Disk (KB)            :       22        1      3774 
	   GPUs                 :                           0 
	   Memory (MB)          :      151     3000      3000 
	   TimeExecute (s)      :       13                    
	   TimeSlotBusy (s)     :       15                    

	Job terminated of its own accord at 2026-01-22T20:43:39Z with exit-code 0.
...
