000 (9120380.000.000) 01/22 21:35:26 Job submitted from host: <188.185.6.50:9618?addrs=188.185.6.50-9618+[2001-1458-d00-62--100-2b1]-9618&alias=bigbird25.cern.ch&noUDP&sock=schedd_1627_90ad>
...
040 (9120380.000.000) 01/22 21:41:09 Started transferring input files
	Transferring to host: <188.185.213.228:9618?addrs=188.185.213.228-9618+[2001-1458-303-1b--100-60]-9618&alias=b9p28p4003.cern.ch&noUDP&sock=slot1_5_9379_1a96_159672>
...
040 (9120380.000.000) 01/22 21:41:09 Finished transferring input files
...
001 (9120380.000.000) 01/22 21:41:10 Job executing on host: <188.185.213.228:9618?addrs=188.185.213.228-9618+[2001-1458-303-1b--100-60]-9618&alias=b9p28p4003.cern.ch&noUDP&sock=startd_8694_f078>
	SlotName: slot1_5@b9p28p4003.cern.ch
	CondorScratchDir = "/pool/condor/dir_2003682"
	Cpus = 1
	Disk = 3788
	GPUs = 0
	Memory = 3000
...
006 (9120380.000.000) 01/22 21:41:23 Image size of job updated: 86808
	0  -  MemoryUsage of job (MB)
	0  -  ResidentSetSize of job (KB)
...
040 (9120380.000.000) 01/22 21:41:23 Started transferring output files
...
040 (9120380.000.000) 01/22 21:41:23 Finished transferring output files
...
005 (9120380.000.000) 01/22 21:41:23 Job terminated.
	(1) Normal termination (return value 0)
		Usr 0 00:00:03, Sys 0 00:00:01  -  Run Remote Usage
		Usr 0 00:00:00, Sys 0 00:00:00  -  Run Local Usage
		Usr 0 00:00:03, Sys 0 00:00:01  -  Total Remote Usage
		Usr 0 00:00:00, Sys 0 00:00:00  -  Total Local Usage
	6018  -  Run Bytes Sent By Job
	319  -  Run Bytes Received By Job
	6018  -  Total Bytes Sent By Job
	319  -  Total Bytes Received By Job
	Partitionable Resources :    Usage  Request Allocated 
	   Cpus                 :        0        1         1 
	   Disk (KB)            :       29        1      3788 
	   GPUs                 :                           0 
	   Memory (MB)          :        0     3000      3000 
	   TimeExecute (s)      :       13                    
	   TimeSlotBusy (s)     :       14                    

	Job terminated of its own accord at 2026-01-22T20:41:23Z with exit-code 0.
...
