000 (9120378.000.000) 01/22 21:35:25 Job submitted from host: <188.185.6.50:9618?addrs=188.185.6.50-9618+[2001-1458-d00-62--100-2b1]-9618&alias=bigbird25.cern.ch&noUDP&sock=schedd_1627_90ad>
...
040 (9120378.000.000) 01/22 21:41:04 Started transferring input files
	Transferring to host: <188.185.207.32:9618?addrs=188.185.207.32-9618+[2001-1458-303-d--100-1d]-9618&alias=b9p07p7557.cern.ch&noUDP&sock=slot1_15_5244_9f4e_113388>
...
040 (9120378.000.000) 01/22 21:41:04 Finished transferring input files
...
001 (9120378.000.000) 01/22 21:41:05 Job executing on host: <188.185.207.32:9618?addrs=188.185.207.32-9618+[2001-1458-303-d--100-1d]-9618&alias=b9p07p7557.cern.ch&noUDP&sock=startd_4364_eb63>
	SlotName: slot1_15@b9p07p7557.cern.ch
	CondorScratchDir = "/pool/condor/dir_636221"
	Cpus = 1
	Disk = 3614
	GPUs = 0
	Memory = 3000
...
006 (9120378.000.000) 01/22 21:41:19 Image size of job updated: 76040
	75  -  MemoryUsage of job (MB)
	76040  -  ResidentSetSize of job (KB)
...
006 (9120378.000.000) 01/22 21:46:12 Image size of job updated: 180196
	75  -  MemoryUsage of job (MB)
	76128  -  ResidentSetSize of job (KB)
...
040 (9120378.000.000) 01/22 21:46:12 Started transferring output files
...
040 (9120378.000.000) 01/22 21:46:12 Finished transferring output files
...
005 (9120378.000.000) 01/22 21:46:12 Job terminated.
	(1) Normal termination (return value 0)
		Usr 0 00:03:03, Sys 0 00:00:04  -  Run Remote Usage
		Usr 0 00:00:00, Sys 0 00:00:00  -  Run Local Usage
		Usr 0 00:03:03, Sys 0 00:00:04  -  Total Remote Usage
		Usr 0 00:00:00, Sys 0 00:00:00  -  Total Local Usage
	10393  -  Run Bytes Sent By Job
	319  -  Run Bytes Received By Job
	10393  -  Total Bytes Sent By Job
	319  -  Total Bytes Received By Job
	Partitionable Resources :    Usage  Request Allocated 
	   Cpus                 :        0        1         1 
	   Disk (KB)            :       38        1      3614 
	   GPUs                 :                           0 
	   Memory (MB)          :       75     3000      3000 
	   TimeExecute (s)      :      307                    
	   TimeSlotBusy (s)     :      309                    

	Job terminated of its own accord at 2026-01-22T20:46:12Z with exit-code 0.
...
