000 (9120376.000.000) 01/22 21:35:25 Job submitted from host: <188.185.6.50:9618?addrs=188.185.6.50-9618+[2001-1458-d00-62--100-2b1]-9618&alias=bigbird25.cern.ch&noUDP&sock=schedd_1627_90ad>
...
040 (9120376.000.000) 01/22 21:41:09 Started transferring input files
	Transferring to host: <188.185.213.19:9618?addrs=188.185.213.19-9618+[2001-1458-303-1a--100-f]-9618&alias=b9p27p9129.cern.ch&noUDP&sock=slot1_1_5870_b228_132994>
...
040 (9120376.000.000) 01/22 21:41:09 Finished transferring input files
...
001 (9120376.000.000) 01/22 21:41:10 Job executing on host: <188.185.213.19:9618?addrs=188.185.213.19-9618+[2001-1458-303-1a--100-f]-9618&alias=b9p27p9129.cern.ch&noUDP&sock=startd_4983_8083>
	SlotName: slot1_1@b9p27p9129.cern.ch
	CondorScratchDir = "/pool/condor/dir_2122232"
	Cpus = 1
	Disk = 3876
	GPUs = 0
	Memory = 3000
...
006 (9120376.000.000) 01/22 21:41:24 Image size of job updated: 92640
	91  -  MemoryUsage of job (MB)
	92640  -  ResidentSetSize of job (KB)
...
006 (9120376.000.000) 01/22 21:41:29 Image size of job updated: 124020
	91  -  MemoryUsage of job (MB)
	92944  -  ResidentSetSize of job (KB)
...
040 (9120376.000.000) 01/22 21:41:29 Started transferring output files
...
040 (9120376.000.000) 01/22 21:41:29 Finished transferring output files
...
005 (9120376.000.000) 01/22 21:41:29 Job terminated.
	(1) Normal termination (return value 0)
		Usr 0 00:00:03, Sys 0 00:00:02  -  Run Remote Usage
		Usr 0 00:00:00, Sys 0 00:00:00  -  Run Local Usage
		Usr 0 00:00:03, Sys 0 00:00:02  -  Total Remote Usage
		Usr 0 00:00:00, Sys 0 00:00:00  -  Total Local Usage
	6004  -  Run Bytes Sent By Job
	312  -  Run Bytes Received By Job
	6004  -  Total Bytes Sent By Job
	312  -  Total Bytes Received By Job
	Partitionable Resources :    Usage  Request Allocated 
	   Cpus                 :        0        1         1 
	   Disk (KB)            :       29        1      3876 
	   GPUs                 :                           0 
	   Memory (MB)          :       91     3000      3000 
	   TimeExecute (s)      :       19                    
	   TimeSlotBusy (s)     :       21                    

	Job terminated of its own accord at 2026-01-22T20:41:29Z with exit-code 0.
...
