000 (9120373.000.000) 01/22 21:35:24 Job submitted from host: <188.185.6.50:9618?addrs=188.185.6.50-9618+[2001-1458-d00-62--100-2b1]-9618&alias=bigbird25.cern.ch&noUDP&sock=schedd_1627_90ad>
...
040 (9120373.000.000) 01/22 21:41:08 Started transferring input files
	Transferring to host: <188.185.209.141:9618?addrs=188.185.209.141-9618+[2001-1458-303-12--100-a]-9618&alias=b9p12p7822.cern.ch&noUDP&sock=slot1_12_3714_9950_109303>
...
040 (9120373.000.000) 01/22 21:41:08 Finished transferring input files
...
001 (9120373.000.000) 01/22 21:41:09 Job executing on host: <188.185.209.141:9618?addrs=188.185.209.141-9618+[2001-1458-303-12--100-a]-9618&alias=b9p12p7822.cern.ch&noUDP&sock=startd_3277_53f1>
	SlotName: slot1_12@b9p12p7822.cern.ch
	CondorScratchDir = "/pool/condor/dir_774324"
	Cpus = 1
	Disk = 3676
	GPUs = 0
	Memory = 3000
...
006 (9120373.000.000) 01/22 21:41:23 Image size of job updated: 149952
	147  -  MemoryUsage of job (MB)
	149952  -  ResidentSetSize of job (KB)
...
006 (9120373.000.000) 01/22 21:45:30 Image size of job updated: 412040
	147  -  MemoryUsage of job (MB)
	149996  -  ResidentSetSize of job (KB)
...
040 (9120373.000.000) 01/22 21:45:30 Started transferring output files
...
040 (9120373.000.000) 01/22 21:45:30 Finished transferring output files
...
005 (9120373.000.000) 01/22 21:45:30 Job terminated.
	(1) Normal termination (return value 0)
		Usr 0 00:02:57, Sys 0 00:00:04  -  Run Remote Usage
		Usr 0 00:00:00, Sys 0 00:00:00  -  Run Local Usage
		Usr 0 00:02:57, Sys 0 00:00:04  -  Total Remote Usage
		Usr 0 00:00:00, Sys 0 00:00:00  -  Total Local Usage
	10250  -  Run Bytes Sent By Job
	312  -  Run Bytes Received By Job
	10250  -  Total Bytes Sent By Job
	312  -  Total Bytes Received By Job
	Partitionable Resources :    Usage  Request Allocated 
	   Cpus                 :        0        1         1 
	   Disk (KB)            :       36        1      3676 
	   GPUs                 :                           0 
	   Memory (MB)          :      147     3000      3000 
	   TimeExecute (s)      :      261                    
	   TimeSlotBusy (s)     :      263                    

	Job terminated of its own accord at 2026-01-22T20:45:30Z with exit-code 0.
...
