000 (9120371.000.000) 01/22 21:35:23 Job submitted from host: <188.185.6.50:9618?addrs=188.185.6.50-9618+[2001-1458-d00-62--100-2b1]-9618&alias=bigbird25.cern.ch&noUDP&sock=schedd_1627_90ad>
...
040 (9120371.000.000) 01/22 21:42:49 Started transferring input files
	Transferring to host: <188.185.210.71:9618?addrs=188.185.210.71-9618+[2001-1458-303-1--100-43]-9618&alias=b9p21p1295.cern.ch&noUDP&sock=slot1_17_4534_5cf1_131696>
...
040 (9120371.000.000) 01/22 21:42:49 Finished transferring input files
...
001 (9120371.000.000) 01/22 21:42:50 Job executing on host: <188.185.210.71:9618?addrs=188.185.210.71-9618+[2001-1458-303-1--100-43]-9618&alias=b9p21p1295.cern.ch&noUDP&sock=startd_3860_37a8>
	SlotName: slot1_17@b9p21p1295.cern.ch
	CondorScratchDir = "/pool/condor/dir_1735878"
	Cpus = 1
	Disk = 3775
	GPUs = 0
	Memory = 3000
...
006 (9120371.000.000) 01/22 21:43:04 Image size of job updated: 168536
	165  -  MemoryUsage of job (MB)
	168536  -  ResidentSetSize of job (KB)
...
006 (9120371.000.000) 01/22 21:43:09 Image size of job updated: 168572
	165  -  MemoryUsage of job (MB)
	168536  -  ResidentSetSize of job (KB)
...
040 (9120371.000.000) 01/22 21:43:09 Started transferring output files
...
040 (9120371.000.000) 01/22 21:43:09 Finished transferring output files
...
005 (9120371.000.000) 01/22 21:43:09 Job terminated.
	(1) Normal termination (return value 0)
		Usr 0 00:00:08, Sys 0 00:00:02  -  Run Remote Usage
		Usr 0 00:00:00, Sys 0 00:00:00  -  Run Local Usage
		Usr 0 00:00:08, Sys 0 00:00:02  -  Total Remote Usage
		Usr 0 00:00:00, Sys 0 00:00:00  -  Total Local Usage
	6261  -  Run Bytes Sent By Job
	313  -  Run Bytes Received By Job
	6261  -  Total Bytes Sent By Job
	313  -  Total Bytes Received By Job
	Partitionable Resources :    Usage  Request Allocated 
	   Cpus                 :        0        1         1 
	   Disk (KB)            :       31        1      3775 
	   GPUs                 :                           0 
	   Memory (MB)          :      165     3000      3000 
	   TimeExecute (s)      :       19                    
	   TimeSlotBusy (s)     :       20                    

	Job terminated of its own accord at 2026-01-22T20:43:09Z with exit-code 0.
...
