000 (9120372.000.000) 01/22 21:35:23 Job submitted from host: <188.185.6.50:9618?addrs=188.185.6.50-9618+[2001-1458-d00-62--100-2b1]-9618&alias=bigbird25.cern.ch&noUDP&sock=schedd_1627_90ad>
...
040 (9120372.000.000) 01/22 21:41:08 Started transferring input files
	Transferring to host: <188.185.213.197:9618?addrs=188.185.213.197-9618+[2001-1458-303-1b--100-41]-9618&alias=b9p28p2682.cern.ch&noUDP&sock=slot1_7_2139551_fb75_53569>
...
040 (9120372.000.000) 01/22 21:41:08 Finished transferring input files
...
001 (9120372.000.000) 01/22 21:41:09 Job executing on host: <188.185.213.197:9618?addrs=188.185.213.197-9618+[2001-1458-303-1b--100-41]-9618&alias=b9p28p2682.cern.ch&noUDP&sock=startd_2136249_b4f7>
	SlotName: slot1_7@b9p28p2682.cern.ch
	CondorScratchDir = "/pool/condor/dir_3297659"
	Cpus = 1
	Disk = 3685
	GPUs = 0
	Memory = 3000
...
006 (9120372.000.000) 01/22 21:41:21 Image size of job updated: 124108
	0  -  MemoryUsage of job (MB)
	0  -  ResidentSetSize of job (KB)
...
040 (9120372.000.000) 01/22 21:41:21 Started transferring output files
...
040 (9120372.000.000) 01/22 21:41:21 Finished transferring output files
...
005 (9120372.000.000) 01/22 21:41:21 Job terminated.
	(1) Normal termination (return value 0)
		Usr 0 00:00:03, Sys 0 00:00:01  -  Run Remote Usage
		Usr 0 00:00:00, Sys 0 00:00:00  -  Run Local Usage
		Usr 0 00:00:03, Sys 0 00:00:01  -  Total Remote Usage
		Usr 0 00:00:00, Sys 0 00:00:00  -  Total Local Usage
	5992  -  Run Bytes Sent By Job
	313  -  Run Bytes Received By Job
	5992  -  Total Bytes Sent By Job
	313  -  Total Bytes Received By Job
	Partitionable Resources :    Usage  Request Allocated 
	   Cpus                 :        0        1         1 
	   Disk (KB)            :       29        1      3685 
	   GPUs                 :                           0 
	   Memory (MB)          :        0     3000      3000 
	   TimeExecute (s)      :       12                    
	   TimeSlotBusy (s)     :       14                    

	Job terminated of its own accord at 2026-01-22T20:41:21Z with exit-code 0.
...
