000 (9120381.000.000) 01/22 21:35:26 Job submitted from host: <188.185.6.50:9618?addrs=188.185.6.50-9618+[2001-1458-d00-62--100-2b1]-9618&alias=bigbird25.cern.ch&noUDP&sock=schedd_1627_90ad>
...
040 (9120381.000.000) 01/22 21:41:09 Started transferring input files
	Transferring to host: <188.185.210.201:9618?addrs=188.185.210.201-9618+[2001-1458-303-15--100-45]-9618&alias=b9p22p5174.cern.ch&noUDP&sock=slot1_3_6601_c066_79701>
...
040 (9120381.000.000) 01/22 21:41:09 Finished transferring input files
...
001 (9120381.000.000) 01/22 21:41:10 Job executing on host: <188.185.210.201:9618?addrs=188.185.210.201-9618+[2001-1458-303-15--100-45]-9618&alias=b9p22p5174.cern.ch&noUDP&sock=startd_6312_15e1>
	SlotName: slot1_3@b9p22p5174.cern.ch
	CondorScratchDir = "/pool/condor/dir_2457477"
	Cpus = 1
	Disk = 3764
	GPUs = 0
	Memory = 3000
...
006 (9120381.000.000) 01/22 21:41:24 Image size of job updated: 129136
	127  -  MemoryUsage of job (MB)
	129136  -  ResidentSetSize of job (KB)
...
006 (9120381.000.000) 01/22 21:41:56 Image size of job updated: 266000
	127  -  MemoryUsage of job (MB)
	129136  -  ResidentSetSize of job (KB)
...
040 (9120381.000.000) 01/22 21:41:56 Started transferring output files
...
040 (9120381.000.000) 01/22 21:41:56 Finished transferring output files
...
005 (9120381.000.000) 01/22 21:41:56 Job terminated.
	(1) Normal termination (return value 0)
		Usr 0 00:00:27, Sys 0 00:00:02  -  Run Remote Usage
		Usr 0 00:00:00, Sys 0 00:00:00  -  Run Local Usage
		Usr 0 00:00:27, Sys 0 00:00:02  -  Total Remote Usage
		Usr 0 00:00:00, Sys 0 00:00:00  -  Total Local Usage
	6615  -  Run Bytes Sent By Job
	312  -  Run Bytes Received By Job
	6615  -  Total Bytes Sent By Job
	312  -  Total Bytes Received By Job
	Partitionable Resources :    Usage  Request Allocated 
	   Cpus                 :        0        1         1 
	   Disk (KB)            :       30        1      3764 
	   GPUs                 :                           0 
	   Memory (MB)          :      127     3000      3000 
	   TimeExecute (s)      :       46                    
	   TimeSlotBusy (s)     :       47                    

	Job terminated of its own accord at 2026-01-22T20:41:56Z with exit-code 0.
...
