000 (9120386.000.000) 01/22 21:35:27 Job submitted from host: <188.185.6.50:9618?addrs=188.185.6.50-9618+[2001-1458-d00-62--100-2b1]-9618&alias=bigbird25.cern.ch&noUDP&sock=schedd_1627_90ad>
...
040 (9120386.000.000) 01/22 21:41:11 Started transferring input files
	Transferring to host: <188.185.210.179:9618?addrs=188.185.210.179-9618+[2001-1458-303-15--100-2f]-9618&alias=b9p22p9817.cern.ch&noUDP&sock=slot1_18_4593_ef14_131528>
...
040 (9120386.000.000) 01/22 21:41:11 Finished transferring input files
...
001 (9120386.000.000) 01/22 21:41:12 Job executing on host: <188.185.210.179:9618?addrs=188.185.210.179-9618+[2001-1458-303-15--100-2f]-9618&alias=b9p22p9817.cern.ch&noUDP&sock=startd_3890_cb7f>
	SlotName: slot1_18@b9p22p9817.cern.ch
	CondorScratchDir = "/pool/condor/dir_1538711"
	Cpus = 1
	Disk = 3709
	GPUs = 0
	Memory = 3000
...
006 (9120386.000.000) 01/22 21:41:25 Image size of job updated: 109696
	0  -  MemoryUsage of job (MB)
	0  -  ResidentSetSize of job (KB)
...
040 (9120386.000.000) 01/22 21:41:25 Started transferring output files
...
040 (9120386.000.000) 01/22 21:41:25 Finished transferring output files
...
005 (9120386.000.000) 01/22 21:41:25 Job terminated.
	(1) Normal termination (return value 0)
		Usr 0 00:00:03, Sys 0 00:00:01  -  Run Remote Usage
		Usr 0 00:00:00, Sys 0 00:00:00  -  Run Local Usage
		Usr 0 00:00:03, Sys 0 00:00:01  -  Total Remote Usage
		Usr 0 00:00:00, Sys 0 00:00:00  -  Total Local Usage
	5988  -  Run Bytes Sent By Job
	311  -  Run Bytes Received By Job
	5988  -  Total Bytes Sent By Job
	311  -  Total Bytes Received By Job
	Partitionable Resources :    Usage  Request Allocated 
	   Cpus                 :     0.08        1         1 
	   Disk (KB)            :    29           1      3709 
	   GPUs                 :                           0 
	   Memory (MB)          :     0        3000      3000 
	   TimeExecute (s)      :    13                       
	   TimeSlotBusy (s)     :    15                       

	Job terminated of its own accord at 2026-01-22T20:41:25Z with exit-code 0.
...
