000 (9120385.000.000) 01/22 21:35:27 Job submitted from host: <188.185.6.50:9618?addrs=188.185.6.50-9618+[2001-1458-d00-62--100-2b1]-9618&alias=bigbird25.cern.ch&noUDP&sock=schedd_1627_90ad>
...
040 (9120385.000.000) 01/22 21:41:11 Started transferring input files
	Transferring to host: <188.185.213.81:9618?addrs=188.185.213.81-9618+[2001-1458-303-1a--100-4d]-9618&alias=b9p27p8513.cern.ch&noUDP&sock=slot1_17_1560489_6b3a_52408>
...
040 (9120385.000.000) 01/22 21:41:11 Finished transferring input files
...
001 (9120385.000.000) 01/22 21:41:12 Job executing on host: <188.185.213.81:9618?addrs=188.185.213.81-9618+[2001-1458-303-1a--100-4d]-9618&alias=b9p27p8513.cern.ch&noUDP&sock=startd_7922_695b>
	SlotName: slot1_17@b9p27p8513.cern.ch
	CondorScratchDir = "/pool/condor/dir_4018269"
	Cpus = 1
	Disk = 3855
	GPUs = 0
	Memory = 3000
...
006 (9120385.000.000) 01/22 21:41:26 Image size of job updated: 166636
	163  -  MemoryUsage of job (MB)
	166636  -  ResidentSetSize of job (KB)
...
006 (9120385.000.000) 01/22 21:41:44 Image size of job updated: 166648
	163  -  MemoryUsage of job (MB)
	166636  -  ResidentSetSize of job (KB)
...
040 (9120385.000.000) 01/22 21:41:44 Started transferring output files
...
040 (9120385.000.000) 01/22 21:41:44 Finished transferring output files
...
005 (9120385.000.000) 01/22 21:41:44 Job terminated.
	(1) Normal termination (return value 0)
		Usr 0 00:00:18, Sys 0 00:00:02  -  Run Remote Usage
		Usr 0 00:00:00, Sys 0 00:00:00  -  Run Local Usage
		Usr 0 00:00:18, Sys 0 00:00:02  -  Total Remote Usage
		Usr 0 00:00:00, Sys 0 00:00:00  -  Total Local Usage
	6445  -  Run Bytes Sent By Job
	311  -  Run Bytes Received By Job
	6445  -  Total Bytes Sent By Job
	311  -  Total Bytes Received By Job
	Partitionable Resources :    Usage  Request Allocated 
	   Cpus                 :        0        1         1 
	   Disk (KB)            :       30        1      3855 
	   GPUs                 :                           0 
	   Memory (MB)          :      163     3000      3000 
	   TimeExecute (s)      :       32                    
	   TimeSlotBusy (s)     :       34                    

	Job terminated of its own accord at 2026-01-22T20:41:44Z with exit-code 0.
...
