000 (9120383.000.000) 01/22 21:35:26 Job submitted from host: <188.185.6.50:9618?addrs=188.185.6.50-9618+[2001-1458-d00-62--100-2b1]-9618&alias=bigbird25.cern.ch&noUDP&sock=schedd_1627_90ad>
...
040 (9120383.000.000) 01/22 21:41:11 Started transferring input files
	Transferring to host: <188.185.210.71:9618?addrs=188.185.210.71-9618+[2001-1458-303-1--100-43]-9618&alias=b9p21p1295.cern.ch&noUDP&sock=slot1_17_4534_5cf1_131695>
...
040 (9120383.000.000) 01/22 21:41:11 Finished transferring input files
...
001 (9120383.000.000) 01/22 21:41:12 Job executing on host: <188.185.210.71:9618?addrs=188.185.210.71-9618+[2001-1458-303-1--100-43]-9618&alias=b9p21p1295.cern.ch&noUDP&sock=startd_3860_37a8>
	SlotName: slot1_17@b9p21p1295.cern.ch
	CondorScratchDir = "/pool/condor/dir_1728628"
	Cpus = 1
	Disk = 3773
	GPUs = 0
	Memory = 3000
...
006 (9120383.000.000) 01/22 21:41:26 Image size of job updated: 154200
	151  -  MemoryUsage of job (MB)
	154200  -  ResidentSetSize of job (KB)
...
006 (9120383.000.000) 01/22 21:42:49 Image size of job updated: 173600
	151  -  MemoryUsage of job (MB)
	154200  -  ResidentSetSize of job (KB)
...
040 (9120383.000.000) 01/22 21:42:49 Started transferring output files
...
040 (9120383.000.000) 01/22 21:42:49 Finished transferring output files
...
005 (9120383.000.000) 01/22 21:42:49 Job terminated.
	(1) Normal termination (return value 0)
		Usr 0 00:01:06, Sys 0 00:00:03  -  Run Remote Usage
		Usr 0 00:00:00, Sys 0 00:00:00  -  Run Local Usage
		Usr 0 00:01:06, Sys 0 00:00:03  -  Total Remote Usage
		Usr 0 00:00:00, Sys 0 00:00:00  -  Total Local Usage
	7372  -  Run Bytes Sent By Job
	311  -  Run Bytes Received By Job
	7372  -  Total Bytes Sent By Job
	311  -  Total Bytes Received By Job
	Partitionable Resources :    Usage  Request Allocated 
	   Cpus                 :        0        1         1 
	   Disk (KB)            :       31        1      3773 
	   GPUs                 :                           0 
	   Memory (MB)          :      151     3000      3000 
	   TimeExecute (s)      :       97                    
	   TimeSlotBusy (s)     :       99                    

	Job terminated of its own accord at 2026-01-22T20:42:49Z with exit-code 0.
...
