000 (9120390.000.000) 01/22 21:35:28 Job submitted from host: <188.185.6.50:9618?addrs=188.185.6.50-9618+[2001-1458-d00-62--100-2b1]-9618&alias=bigbird25.cern.ch&noUDP&sock=schedd_1627_90ad>
...
040 (9120390.000.000) 01/22 21:41:12 Started transferring input files
	Transferring to host: <188.185.212.157:9618?addrs=188.185.212.157-9618+[2001-1458-303-19--100-19]-9618&alias=b9p26p9563.cern.ch&noUDP&sock=slot1_16_3944_a799_132546>
...
040 (9120390.000.000) 01/22 21:41:12 Finished transferring input files
...
001 (9120390.000.000) 01/22 21:41:13 Job executing on host: <188.185.212.157:9618?addrs=188.185.212.157-9618+[2001-1458-303-19--100-19]-9618&alias=b9p26p9563.cern.ch&noUDP&sock=startd_3197_745e>
	SlotName: slot1_16@b9p26p9563.cern.ch
	CondorScratchDir = "/pool/condor/dir_872708"
	Cpus = 1
	Disk = 3759
	GPUs = 0
	Memory = 3000
...
006 (9120390.000.000) 01/22 21:41:27 Image size of job updated: 67492
	0  -  MemoryUsage of job (MB)
	0  -  ResidentSetSize of job (KB)
...
040 (9120390.000.000) 01/22 21:41:27 Started transferring output files
...
040 (9120390.000.000) 01/22 21:41:27 Finished transferring output files
...
005 (9120390.000.000) 01/22 21:41:27 Job terminated.
	(1) Normal termination (return value 0)
		Usr 0 00:00:03, Sys 0 00:00:02  -  Run Remote Usage
		Usr 0 00:00:00, Sys 0 00:00:00  -  Run Local Usage
		Usr 0 00:00:03, Sys 0 00:00:02  -  Total Remote Usage
		Usr 0 00:00:00, Sys 0 00:00:00  -  Total Local Usage
	5988  -  Run Bytes Sent By Job
	311  -  Run Bytes Received By Job
	5988  -  Total Bytes Sent By Job
	311  -  Total Bytes Received By Job
	Partitionable Resources :    Usage  Request Allocated 
	   Cpus                 :        0        1         1 
	   Disk (KB)            :       29        1      3759 
	   GPUs                 :                           0 
	   Memory (MB)          :        0     3000      3000 
	   TimeExecute (s)      :       14                    
	   TimeSlotBusy (s)     :       16                    

	Job terminated of its own accord at 2026-01-22T20:41:27Z with exit-code 0.
...
