000 (9120387.000.000) 01/22 21:35:27 Job submitted from host: <188.185.6.50:9618?addrs=188.185.6.50-9618+[2001-1458-d00-62--100-2b1]-9618&alias=bigbird25.cern.ch&noUDP&sock=schedd_1627_90ad>
...
040 (9120387.000.000) 01/22 21:41:16 Started transferring input files
	Transferring to host: <188.185.210.82:9618?addrs=188.185.210.82-9618+[2001-1458-303-1--100-4e]-9618&alias=b9p21p1567.cern.ch&noUDP&sock=slot1_11_5202_078d_159758>
...
040 (9120387.000.000) 01/22 21:41:16 Finished transferring input files
...
001 (9120387.000.000) 01/22 21:41:17 Job executing on host: <188.185.210.82:9618?addrs=188.185.210.82-9618+[2001-1458-303-1--100-4e]-9618&alias=b9p21p1567.cern.ch&noUDP&sock=startd_4237_cedc>
	SlotName: slot1_11@b9p21p1567.cern.ch
	CondorScratchDir = "/pool/condor/dir_2087892"
	Cpus = 1
	Disk = 3815
	GPUs = 0
	Memory = 3000
...
006 (9120387.000.000) 01/22 21:41:31 Image size of job updated: 173720
	170  -  MemoryUsage of job (MB)
	173720  -  ResidentSetSize of job (KB)
...
006 (9120387.000.000) 01/22 21:43:17 Image size of job updated: 231996
	170  -  MemoryUsage of job (MB)
	173720  -  ResidentSetSize of job (KB)
...
040 (9120387.000.000) 01/22 21:43:17 Started transferring output files
...
040 (9120387.000.000) 01/22 21:43:17 Finished transferring output files
...
005 (9120387.000.000) 01/22 21:43:17 Job terminated.
	(1) Normal termination (return value 0)
		Usr 0 00:01:23, Sys 0 00:00:02  -  Run Remote Usage
		Usr 0 00:00:00, Sys 0 00:00:00  -  Run Local Usage
		Usr 0 00:01:23, Sys 0 00:00:02  -  Total Remote Usage
		Usr 0 00:00:00, Sys 0 00:00:00  -  Total Local Usage
	8015  -  Run Bytes Sent By Job
	312  -  Run Bytes Received By Job
	8015  -  Total Bytes Sent By Job
	312  -  Total Bytes Received By Job
	Partitionable Resources :    Usage  Request Allocated 
	   Cpus                 :        0        1         1 
	   Disk (KB)            :       31        1      3815 
	   GPUs                 :                           0 
	   Memory (MB)          :      170     3000      3000 
	   TimeExecute (s)      :      120                    
	   TimeSlotBusy (s)     :      122                    

	Job terminated of its own accord at 2026-01-22T20:43:17Z with exit-code 0.
...
