000 (9120388.000.000) 01/22 21:35:28 Job submitted from host: <188.185.6.50:9618?addrs=188.185.6.50-9618+[2001-1458-d00-62--100-2b1]-9618&alias=bigbird25.cern.ch&noUDP&sock=schedd_1627_90ad>
...
040 (9120388.000.000) 01/22 21:41:12 Started transferring input files
	Transferring to host: <188.185.210.155:9618?addrs=188.185.210.155-9618+[2001-1458-303-15--100-17]-9618&alias=b9p22p2852.cern.ch&noUDP&sock=slot1_9_7130_7adb_134536>
...
040 (9120388.000.000) 01/22 21:41:12 Finished transferring input files
...
001 (9120388.000.000) 01/22 21:41:13 Job executing on host: <188.185.210.155:9618?addrs=188.185.210.155-9618+[2001-1458-303-15--100-17]-9618&alias=b9p22p2852.cern.ch&noUDP&sock=startd_6502_68df>
	SlotName: slot1_9@b9p22p2852.cern.ch
	CondorScratchDir = "/pool/condor/dir_102826"
	Cpus = 1
	Disk = 3819
	GPUs = 0
	Memory = 3000
...
006 (9120388.000.000) 01/22 21:41:27 Image size of job updated: 144772
	142  -  MemoryUsage of job (MB)
	144772  -  ResidentSetSize of job (KB)
...
006 (9120388.000.000) 01/22 21:41:28 Image size of job updated: 144788
	142  -  MemoryUsage of job (MB)
	144788  -  ResidentSetSize of job (KB)
...
040 (9120388.000.000) 01/22 21:41:28 Started transferring output files
...
040 (9120388.000.000) 01/22 21:41:28 Finished transferring output files
...
005 (9120388.000.000) 01/22 21:41:28 Job terminated.
	(1) Normal termination (return value 0)
		Usr 0 00:00:03, Sys 0 00:00:02  -  Run Remote Usage
		Usr 0 00:00:00, Sys 0 00:00:00  -  Run Local Usage
		Usr 0 00:00:03, Sys 0 00:00:02  -  Total Remote Usage
		Usr 0 00:00:00, Sys 0 00:00:00  -  Total Local Usage
	5990  -  Run Bytes Sent By Job
	312  -  Run Bytes Received By Job
	5990  -  Total Bytes Sent By Job
	312  -  Total Bytes Received By Job
	Partitionable Resources :    Usage  Request Allocated 
	   Cpus                 :        0        1         1 
	   Disk (KB)            :       29        1      3819 
	   GPUs                 :                           0 
	   Memory (MB)          :      142     3000      3000 
	   TimeExecute (s)      :       15                    
	   TimeSlotBusy (s)     :       17                    

	Job terminated of its own accord at 2026-01-22T20:41:28Z with exit-code 0.
...
