000 (9119091.000.000) 01/22 16:43:53 Job submitted from host: <188.185.6.50:9618?addrs=188.185.6.50-9618+[2001-1458-d00-62--100-2b1]-9618&alias=bigbird25.cern.ch&noUDP&sock=schedd_1627_90ad>
...
040 (9119091.000.000) 01/22 16:44:46 Started transferring input files
	Transferring to host: <188.185.204.242:9618?addrs=188.185.204.242-9618+[2001-1458-303-8--100-6f]-9618&alias=b9p02p3706.cern.ch&noUDP&sock=slot1_23_10525_9085_112103>
...
040 (9119091.000.000) 01/22 16:44:46 Finished transferring input files
...
001 (9119091.000.000) 01/22 16:44:47 Job executing on host: <188.185.204.242:9618?addrs=188.185.204.242-9618+[2001-1458-303-8--100-6f]-9618&alias=b9p02p3706.cern.ch&noUDP&sock=startd_9285_50f1>
	SlotName: slot1_23@b9p02p3706.cern.ch
	CondorScratchDir = "/pool/condor/dir_1959994"
	Cpus = 1
	Disk = 3618
	GPUs = 0
	Memory = 3000
...
006 (9119091.000.000) 01/22 16:45:01 Image size of job updated: 49692
	49  -  MemoryUsage of job (MB)
	49692  -  ResidentSetSize of job (KB)
...
006 (9119091.000.000) 01/22 16:45:08 Image size of job updated: 142956
	49  -  MemoryUsage of job (MB)
	49760  -  ResidentSetSize of job (KB)
...
040 (9119091.000.000) 01/22 16:45:08 Started transferring output files
...
040 (9119091.000.000) 01/22 16:45:08 Finished transferring output files
...
005 (9119091.000.000) 01/22 16:45:08 Job terminated.
	(1) Normal termination (return value 0)
		Usr 0 00:00:03, Sys 0 00:00:02  -  Run Remote Usage
		Usr 0 00:00:00, Sys 0 00:00:00  -  Run Local Usage
		Usr 0 00:00:03, Sys 0 00:00:02  -  Total Remote Usage
		Usr 0 00:00:00, Sys 0 00:00:00  -  Total Local Usage
	6023  -  Run Bytes Sent By Job
	325  -  Run Bytes Received By Job
	6023  -  Total Bytes Sent By Job
	325  -  Total Bytes Received By Job
	Partitionable Resources :    Usage  Request Allocated 
	   Cpus                 :        0        1         1 
	   Disk (KB)            :       34        1      3618 
	   GPUs                 :                           0 
	   Memory (MB)          :       49     3000      3000 
	   TimeExecute (s)      :       21                    
	   TimeSlotBusy (s)     :       23                    

	Job terminated of its own accord at 2026-01-22T15:45:08Z with exit-code 0.
...
