000 (9119095.000.000) 01/22 16:43:54 Job submitted from host: <188.185.6.50:9618?addrs=188.185.6.50-9618+[2001-1458-d00-62--100-2b1]-9618&alias=bigbird25.cern.ch&noUDP&sock=schedd_1627_90ad>
...
040 (9119095.000.000) 01/22 16:44:47 Started transferring input files
	Transferring to host: <188.185.213.143:9618?addrs=188.185.213.143-9618+[2001-1458-303-1b--100-b]-9618&alias=b9p28p9446.cern.ch&noUDP&sock=slot1_10_4186_2a63_131337>
...
040 (9119095.000.000) 01/22 16:44:47 Finished transferring input files
...
001 (9119095.000.000) 01/22 16:44:48 Job executing on host: <188.185.213.143:9618?addrs=188.185.213.143-9618+[2001-1458-303-1b--100-b]-9618&alias=b9p28p9446.cern.ch&noUDP&sock=startd_3572_ac61>
	SlotName: slot1_10@b9p28p9446.cern.ch
	CondorScratchDir = "/pool/condor/dir_2695551"
	Cpus = 1
	Disk = 3871
	GPUs = 0
	Memory = 3000
...
006 (9119095.000.000) 01/22 16:44:59 Image size of job updated: 135324
	0  -  MemoryUsage of job (MB)
	0  -  ResidentSetSize of job (KB)
...
040 (9119095.000.000) 01/22 16:44:59 Started transferring output files
...
040 (9119095.000.000) 01/22 16:44:59 Finished transferring output files
...
005 (9119095.000.000) 01/22 16:44:59 Job terminated.
	(1) Normal termination (return value 0)
		Usr 0 00:00:02, Sys 0 00:00:01  -  Run Remote Usage
		Usr 0 00:00:00, Sys 0 00:00:00  -  Run Local Usage
		Usr 0 00:00:02, Sys 0 00:00:01  -  Total Remote Usage
		Usr 0 00:00:00, Sys 0 00:00:00  -  Total Local Usage
	6014  -  Run Bytes Sent By Job
	321  -  Run Bytes Received By Job
	6014  -  Total Bytes Sent By Job
	321  -  Total Bytes Received By Job
	Partitionable Resources :    Usage  Request Allocated 
	   Cpus                 :     0.07        1         1 
	   Disk (KB)            :    29           1      3871 
	   GPUs                 :                           0 
	   Memory (MB)          :     0        3000      3000 
	   TimeExecute (s)      :    11                       
	   TimeSlotBusy (s)     :    13                       

	Job terminated of its own accord at 2026-01-22T15:44:59Z with exit-code 0.
...
