000 (9119090.000.000) 01/22 16:43:53 Job submitted from host: <188.185.6.50:9618?addrs=188.185.6.50-9618+[2001-1458-d00-62--100-2b1]-9618&alias=bigbird25.cern.ch&noUDP&sock=schedd_1627_90ad>
...
040 (9119090.000.000) 01/22 16:44:45 Started transferring input files
	Transferring to host: <128.142.192.196:9618?addrs=128.142.192.196-9618+[2001-1458-301-56--100-40]-9618&alias=b9g18p3764.cern.ch&noUDP&sock=slot1_27_5158_070b_123255>
...
040 (9119090.000.000) 01/22 16:44:45 Finished transferring input files
...
001 (9119090.000.000) 01/22 16:44:46 Job executing on host: <128.142.192.196:9618?addrs=128.142.192.196-9618+[2001-1458-301-56--100-40]-9618&alias=b9g18p3764.cern.ch&noUDP&sock=startd_4251_6930>
	SlotName: slot1_27@b9g18p3764.cern.ch
	CondorScratchDir = "/pool/condor/dir_973443"
	Cpus = 1
	Disk = 3856
	GPUs = 0
	Memory = 3000
...
006 (9119090.000.000) 01/22 16:45:00 Image size of job updated: 22724
	23  -  MemoryUsage of job (MB)
	22724  -  ResidentSetSize of job (KB)
...
006 (9119090.000.000) 01/22 16:45:16 Image size of job updated: 131684
	23  -  MemoryUsage of job (MB)
	22728  -  ResidentSetSize of job (KB)
...
040 (9119090.000.000) 01/22 16:45:16 Started transferring output files
...
040 (9119090.000.000) 01/22 16:45:16 Finished transferring output files
...
005 (9119090.000.000) 01/22 16:45:16 Job terminated.
	(1) Normal termination (return value 0)
		Usr 0 00:00:07, Sys 0 00:00:01  -  Run Remote Usage
		Usr 0 00:00:00, Sys 0 00:00:00  -  Run Local Usage
		Usr 0 00:00:07, Sys 0 00:00:01  -  Total Remote Usage
		Usr 0 00:00:00, Sys 0 00:00:00  -  Total Local Usage
	6226  -  Run Bytes Sent By Job
	325  -  Run Bytes Received By Job
	6226  -  Total Bytes Sent By Job
	325  -  Total Bytes Received By Job
	Partitionable Resources :    Usage  Request Allocated 
	   Cpus                 :        0        1         1 
	   Disk (KB)            :       30        1      3856 
	   GPUs                 :                           0 
	   Memory (MB)          :       23     3000      3000 
	   TimeExecute (s)      :       30                    
	   TimeSlotBusy (s)     :       32                    

	Job terminated of its own accord at 2026-01-22T15:45:16Z with exit-code 0.
...
