000 (9119092.000.000) 01/22 16:43:53 Job submitted from host: <188.185.6.50:9618?addrs=188.185.6.50-9618+[2001-1458-d00-62--100-2b1]-9618&alias=bigbird25.cern.ch&noUDP&sock=schedd_1627_90ad>
...
040 (9119092.000.000) 01/22 16:44:46 Started transferring input files
	Transferring to host: <188.185.214.81:9618?addrs=188.185.214.81-9618+[2001-1458-303-1c--100-4d]-9618&alias=b9p29p6095.cern.ch&noUDP&sock=slot1_25_9336_ce75_155594>
...
040 (9119092.000.000) 01/22 16:44:46 Finished transferring input files
...
001 (9119092.000.000) 01/22 16:44:47 Job executing on host: <188.185.214.81:9618?addrs=188.185.214.81-9618+[2001-1458-303-1c--100-4d]-9618&alias=b9p29p6095.cern.ch&noUDP&sock=startd_8692_9148>
	SlotName: slot1_25@b9p29p6095.cern.ch
	CondorScratchDir = "/pool/condor/dir_1850604"
	Cpus = 1
	Disk = 3859
	GPUs = 0
	Memory = 3000
...
006 (9119092.000.000) 01/22 16:45:01 Image size of job updated: 180808
	177  -  MemoryUsage of job (MB)
	180808  -  ResidentSetSize of job (KB)
...
006 (9119092.000.000) 01/22 16:48:51 Image size of job updated: 445184
	177  -  MemoryUsage of job (MB)
	180808  -  ResidentSetSize of job (KB)
...
040 (9119092.000.000) 01/22 16:48:51 Started transferring output files
...
040 (9119092.000.000) 01/22 16:48:51 Finished transferring output files
...
005 (9119092.000.000) 01/22 16:48:51 Job terminated.
	(1) Normal termination (return value 0)
		Usr 0 00:02:34, Sys 0 00:00:04  -  Run Remote Usage
		Usr 0 00:00:00, Sys 0 00:00:00  -  Run Local Usage
		Usr 0 00:02:34, Sys 0 00:00:04  -  Total Remote Usage
		Usr 0 00:00:00, Sys 0 00:00:00  -  Total Local Usage
	10269  -  Run Bytes Sent By Job
	321  -  Run Bytes Received By Job
	10269  -  Total Bytes Sent By Job
	321  -  Total Bytes Received By Job
	Partitionable Resources :    Usage  Request Allocated 
	   Cpus                 :        0        1         1 
	   Disk (KB)            :       33        1      3859 
	   GPUs                 :                           0 
	   Memory (MB)          :      177     3000      3000 
	   TimeExecute (s)      :      244                    
	   TimeSlotBusy (s)     :      246                    

	Job terminated of its own accord at 2026-01-22T15:48:51Z with exit-code 0.
...
