000 (9119082.000.000) 01/22 16:43:51 Job submitted from host: <188.185.6.50:9618?addrs=188.185.6.50-9618+[2001-1458-d00-62--100-2b1]-9618&alias=bigbird25.cern.ch&noUDP&sock=schedd_1627_90ad>
...
040 (9119082.000.000) 01/22 16:44:53 Started transferring input files
	Transferring to host: <188.185.207.199:9618?addrs=188.185.207.199-9618+[2001-1458-303-e--100-44]-9618&alias=b9p08p0310.cern.ch&noUDP&sock=slot1_2_10772_992f_111908>
...
040 (9119082.000.000) 01/22 16:44:53 Finished transferring input files
...
001 (9119082.000.000) 01/22 16:44:54 Job executing on host: <188.185.207.199:9618?addrs=188.185.207.199-9618+[2001-1458-303-e--100-44]-9618&alias=b9p08p0310.cern.ch&noUDP&sock=startd_10275_5fb3>
	SlotName: slot1_2@b9p08p0310.cern.ch
	CondorScratchDir = "/pool/condor/dir_2137975"
	Cpus = 1
	Disk = 3660
	GPUs = 0
	Memory = 3000
...
006 (9119082.000.000) 01/22 16:45:07 Image size of job updated: 166696
	163  -  MemoryUsage of job (MB)
	166696  -  ResidentSetSize of job (KB)
...
006 (9119082.000.000) 01/22 16:46:27 Image size of job updated: 166700
	163  -  MemoryUsage of job (MB)
	166696  -  ResidentSetSize of job (KB)
...
040 (9119082.000.000) 01/22 16:46:27 Started transferring output files
...
040 (9119082.000.000) 01/22 16:46:27 Finished transferring output files
...
005 (9119082.000.000) 01/22 16:46:27 Job terminated.
	(1) Normal termination (return value 0)
		Usr 0 00:01:19, Sys 0 00:00:02  -  Run Remote Usage
		Usr 0 00:00:00, Sys 0 00:00:00  -  Run Local Usage
		Usr 0 00:01:19, Sys 0 00:00:02  -  Total Remote Usage
		Usr 0 00:00:00, Sys 0 00:00:00  -  Total Local Usage
	8572  -  Run Bytes Sent By Job
	325  -  Run Bytes Received By Job
	8572  -  Total Bytes Sent By Job
	325  -  Total Bytes Received By Job
	Partitionable Resources :    Usage  Request Allocated 
	   Cpus                 :        0        1         1 
	   Disk (KB)            :       36        1      3660 
	   GPUs                 :                           0 
	   Memory (MB)          :      163     3000      3000 
	   TimeExecute (s)      :       93                    
	   TimeSlotBusy (s)     :       95                    

	Job terminated of its own accord at 2026-01-22T15:46:27Z with exit-code 0.
...
