000 (9119084.000.000) 01/22 16:43:51 Job submitted from host: <188.185.6.50:9618?addrs=188.185.6.50-9618+[2001-1458-d00-62--100-2b1]-9618&alias=bigbird25.cern.ch&noUDP&sock=schedd_1627_90ad>
...
040 (9119084.000.000) 01/22 16:44:44 Started transferring input files
	Transferring to host: <188.185.208.148:9618?addrs=188.185.208.148-9618+[2001-1458-303-10--100-11]-9618&alias=b9p10p4644.cern.ch&noUDP&sock=slot1_45_6050_85af_111108>
...
040 (9119084.000.000) 01/22 16:44:44 Finished transferring input files
...
001 (9119084.000.000) 01/22 16:44:45 Job executing on host: <188.185.208.148:9618?addrs=188.185.208.148-9618+[2001-1458-303-10--100-11]-9618&alias=b9p10p4644.cern.ch&noUDP&sock=startd_5002_88d0>
	SlotName: slot1_45@b9p10p4644.cern.ch
	CondorScratchDir = "/pool/condor/dir_752088"
	Cpus = 1
	Disk = 3729
	GPUs = 0
	Memory = 3000
...
006 (9119084.000.000) 01/22 16:44:58 Image size of job updated: 172296
	169  -  MemoryUsage of job (MB)
	172296  -  ResidentSetSize of job (KB)
...
006 (9119084.000.000) 01/22 16:45:33 Image size of job updated: 237084
	169  -  MemoryUsage of job (MB)
	172296  -  ResidentSetSize of job (KB)
...
040 (9119084.000.000) 01/22 16:45:33 Started transferring output files
...
040 (9119084.000.000) 01/22 16:45:33 Finished transferring output files
...
005 (9119084.000.000) 01/22 16:45:33 Job terminated.
	(1) Normal termination (return value 0)
		Usr 0 00:00:30, Sys 0 00:00:02  -  Run Remote Usage
		Usr 0 00:00:00, Sys 0 00:00:00  -  Run Local Usage
		Usr 0 00:00:30, Sys 0 00:00:02  -  Total Remote Usage
		Usr 0 00:00:00, Sys 0 00:00:00  -  Total Local Usage
	6993  -  Run Bytes Sent By Job
	325  -  Run Bytes Received By Job
	6993  -  Total Bytes Sent By Job
	325  -  Total Bytes Received By Job
	Partitionable Resources :    Usage  Request Allocated 
	   Cpus                 :                 1         1 
	   Disk (KB)            :       24        1      3729 
	   GPUs                 :                           0 
	   Memory (MB)          :      169     3000      3000 
	   TimeExecute (s)      :       48                    
	   TimeSlotBusy (s)     :       50                    

	Job terminated of its own accord at 2026-01-22T15:45:33Z with exit-code 0.
...
