000 (9119088.000.000) 01/22 16:43:52 Job submitted from host: <188.185.6.50:9618?addrs=188.185.6.50-9618+[2001-1458-d00-62--100-2b1]-9618&alias=bigbird25.cern.ch&noUDP&sock=schedd_1627_90ad>
...
040 (9119088.000.000) 01/22 16:44:54 Started transferring input files
	Transferring to host: <188.185.205.184:9618?addrs=188.185.205.184-9618+[2001-1458-303-a--100-35]-9618&alias=b9p04p9703.cern.ch&noUDP&sock=slot1_34_4078_11df_114128>
...
040 (9119088.000.000) 01/22 16:44:54 Finished transferring input files
...
001 (9119088.000.000) 01/22 16:44:55 Job executing on host: <188.185.205.184:9618?addrs=188.185.205.184-9618+[2001-1458-303-a--100-35]-9618&alias=b9p04p9703.cern.ch&noUDP&sock=startd_3599_3170>
	SlotName: slot1_34@b9p04p9703.cern.ch
	CondorScratchDir = "/pool/condor/dir_2740639"
	Cpus = 1
	Disk = 3716
	GPUs = 0
	Memory = 3000
...
006 (9119088.000.000) 01/22 16:45:09 Image size of job updated: 174412
	171  -  MemoryUsage of job (MB)
	174412  -  ResidentSetSize of job (KB)
...
006 (9119088.000.000) 01/22 16:47:32 Image size of job updated: 243624
	171  -  MemoryUsage of job (MB)
	174412  -  ResidentSetSize of job (KB)
...
040 (9119088.000.000) 01/22 16:47:32 Started transferring output files
...
040 (9119088.000.000) 01/22 16:47:32 Finished transferring output files
...
005 (9119088.000.000) 01/22 16:47:32 Job terminated.
	(1) Normal termination (return value 0)
		Usr 0 00:02:01, Sys 0 00:00:03  -  Run Remote Usage
		Usr 0 00:00:00, Sys 0 00:00:00  -  Run Local Usage
		Usr 0 00:02:01, Sys 0 00:00:03  -  Total Remote Usage
		Usr 0 00:00:00, Sys 0 00:00:00  -  Total Local Usage
	10273  -  Run Bytes Sent By Job
	325  -  Run Bytes Received By Job
	10273  -  Total Bytes Sent By Job
	325  -  Total Bytes Received By Job
	Partitionable Resources :    Usage  Request Allocated 
	   Cpus                 :     0.97        1         1 
	   Disk (KB)            :    37           1      3716 
	   GPUs                 :                           0 
	   Memory (MB)          :   171        3000      3000 
	   TimeExecute (s)      :   157                       
	   TimeSlotBusy (s)     :   159                       

	Job terminated of its own accord at 2026-01-22T15:47:32Z with exit-code 0.
...
