000 (9119089.000.000) 01/22 16:43:53 Job submitted from host: <188.185.6.50:9618?addrs=188.185.6.50-9618+[2001-1458-d00-62--100-2b1]-9618&alias=bigbird25.cern.ch&noUDP&sock=schedd_1627_90ad>
...
040 (9119089.000.000) 01/22 16:44:45 Started transferring input files
	Transferring to host: <188.185.204.189:9618?addrs=188.185.204.189-9618+[2001-1458-303-8--100-b1]-9618&alias=b9p02p5229.cern.ch&noUDP&sock=slot1_18_6052_ee6f_111053>
...
040 (9119089.000.000) 01/22 16:44:45 Finished transferring input files
...
001 (9119089.000.000) 01/22 16:44:46 Job executing on host: <188.185.204.189:9618?addrs=188.185.204.189-9618+[2001-1458-303-8--100-b1]-9618&alias=b9p02p5229.cern.ch&noUDP&sock=startd_5071_dcd9>
	SlotName: slot1_18@b9p02p5229.cern.ch
	CondorScratchDir = "/pool/condor/dir_3275500"
	Cpus = 1
	Disk = 3654
	GPUs = 0
	Memory = 3000
...
006 (9119089.000.000) 01/22 16:45:00 Image size of job updated: 174484
	171  -  MemoryUsage of job (MB)
	174484  -  ResidentSetSize of job (KB)
...
006 (9119089.000.000) 01/22 16:47:03 Image size of job updated: 230868
	171  -  MemoryUsage of job (MB)
	174484  -  ResidentSetSize of job (KB)
...
040 (9119089.000.000) 01/22 16:47:03 Started transferring output files
...
040 (9119089.000.000) 01/22 16:47:03 Finished transferring output files
...
005 (9119089.000.000) 01/22 16:47:03 Job terminated.
	(1) Normal termination (return value 0)
		Usr 0 00:01:56, Sys 0 00:00:02  -  Run Remote Usage
		Usr 0 00:00:00, Sys 0 00:00:00  -  Run Local Usage
		Usr 0 00:01:56, Sys 0 00:00:02  -  Total Remote Usage
		Usr 0 00:00:00, Sys 0 00:00:00  -  Total Local Usage
	9177  -  Run Bytes Sent By Job
	325  -  Run Bytes Received By Job
	9177  -  Total Bytes Sent By Job
	325  -  Total Bytes Received By Job
	Partitionable Resources :    Usage  Request Allocated 
	   Cpus                 :                 1         1 
	   Disk (KB)            :       27        1      3654 
	   GPUs                 :                           0 
	   Memory (MB)          :      171     3000      3000 
	   TimeExecute (s)      :      137                    
	   TimeSlotBusy (s)     :      139                    

	Job terminated of its own accord at 2026-01-22T15:47:03Z with exit-code 0.
...
