000 (9119086.000.000) 01/22 16:43:52 Job submitted from host: <188.185.6.50:9618?addrs=188.185.6.50-9618+[2001-1458-d00-62--100-2b1]-9618&alias=bigbird25.cern.ch&noUDP&sock=schedd_1627_90ad>
...
040 (9119086.000.000) 01/22 16:44:44 Started transferring input files
	Transferring to host: <188.185.207.221:9618?addrs=188.185.207.221-9618+[2001-1458-303-e--100-5a]-9618&alias=b9p08p1395.cern.ch&noUDP&sock=slot1_36_5978_caac_110489>
...
040 (9119086.000.000) 01/22 16:44:44 Finished transferring input files
...
001 (9119086.000.000) 01/22 16:44:45 Job executing on host: <188.185.207.221:9618?addrs=188.185.207.221-9618+[2001-1458-303-e--100-5a]-9618&alias=b9p08p1395.cern.ch&noUDP&sock=startd_4989_9e15>
	SlotName: slot1_36@b9p08p1395.cern.ch
	CondorScratchDir = "/pool/condor/dir_3736425"
	Cpus = 1
	Disk = 3594
	GPUs = 0
	Memory = 3000
...
006 (9119086.000.000) 01/22 16:44:59 Image size of job updated: 11848
	7  -  MemoryUsage of job (MB)
	6736  -  ResidentSetSize of job (KB)
...
006 (9119086.000.000) 01/22 16:48:59 Image size of job updated: 248696
	7  -  MemoryUsage of job (MB)
	6736  -  ResidentSetSize of job (KB)
...
040 (9119086.000.000) 01/22 16:48:59 Started transferring output files
...
040 (9119086.000.000) 01/22 16:48:59 Finished transferring output files
...
005 (9119086.000.000) 01/22 16:48:59 Job terminated.
	(1) Normal termination (return value 0)
		Usr 0 00:03:00, Sys 0 00:00:03  -  Run Remote Usage
		Usr 0 00:00:00, Sys 0 00:00:00  -  Run Local Usage
		Usr 0 00:03:00, Sys 0 00:00:03  -  Total Remote Usage
		Usr 0 00:00:00, Sys 0 00:00:00  -  Total Local Usage
	10273  -  Run Bytes Sent By Job
	325  -  Run Bytes Received By Job
	10273  -  Total Bytes Sent By Job
	325  -  Total Bytes Received By Job
	Partitionable Resources :    Usage  Request Allocated 
	   Cpus                 :     0.85        1         1 
	   Disk (KB)            :    38           1      3594 
	   GPUs                 :                           0 
	   Memory (MB)          :     7        3000      3000 
	   TimeExecute (s)      :   254                       
	   TimeSlotBusy (s)     :   256                       

	Job terminated of its own accord at 2026-01-22T15:48:59Z with exit-code 0.
...
