000 (9119122.000.000) 01/22 16:44:03 Job submitted from host: <188.185.6.50:9618?addrs=188.185.6.50-9618+[2001-1458-d00-62--100-2b1]-9618&alias=bigbird25.cern.ch&noUDP&sock=schedd_1627_90ad>
...
040 (9119122.000.000) 01/22 16:44:57 Started transferring input files
	Transferring to host: <188.185.192.184:9618?addrs=188.185.192.184-9618+[2001-1458-303-1f--100-b4]-9618&alias=b9p13p4431.cern.ch&noUDP&sock=slot1_17_9964_4a0e_124942>
...
040 (9119122.000.000) 01/22 16:44:57 Finished transferring input files
...
001 (9119122.000.000) 01/22 16:44:58 Job executing on host: <188.185.192.184:9618?addrs=188.185.192.184-9618+[2001-1458-303-1f--100-b4]-9618&alias=b9p13p4431.cern.ch&noUDP&sock=startd_8515_2904>
	SlotName: slot1_17@b9p13p4431.cern.ch
	CondorScratchDir = "/pool/condor/dir_3346970"
	Cpus = 1
	Disk = 3888
	GPUs = 0
	Memory = 3000
...
006 (9119122.000.000) 01/22 16:45:12 Image size of job updated: 145308
	142  -  MemoryUsage of job (MB)
	145308  -  ResidentSetSize of job (KB)
...
006 (9119122.000.000) 01/22 16:45:34 Image size of job updated: 166720
	142  -  MemoryUsage of job (MB)
	145308  -  ResidentSetSize of job (KB)
...
040 (9119122.000.000) 01/22 16:45:34 Started transferring output files
...
040 (9119122.000.000) 01/22 16:45:34 Finished transferring output files
...
005 (9119122.000.000) 01/22 16:45:34 Job terminated.
	(1) Normal termination (return value 0)
		Usr 0 00:00:24, Sys 0 00:00:01  -  Run Remote Usage
		Usr 0 00:00:00, Sys 0 00:00:00  -  Run Local Usage
		Usr 0 00:00:24, Sys 0 00:00:01  -  Total Remote Usage
		Usr 0 00:00:00, Sys 0 00:00:00  -  Total Local Usage
	6463  -  Run Bytes Sent By Job
	319  -  Run Bytes Received By Job
	6463  -  Total Bytes Sent By Job
	319  -  Total Bytes Received By Job
	Partitionable Resources :    Usage  Request Allocated 
	   Cpus                 :        0        1         1 
	   Disk (KB)            :       30        1      3888 
	   GPUs                 :                           0 
	   Memory (MB)          :      142     3000      3000 
	   TimeExecute (s)      :       36                    
	   TimeSlotBusy (s)     :       38                    

	Job terminated of its own accord at 2026-01-22T15:45:34Z with exit-code 0.
...
