000 (9119116.000.000) 01/22 16:44:01 Job submitted from host: <188.185.6.50:9618?addrs=188.185.6.50-9618+[2001-1458-d00-62--100-2b1]-9618&alias=bigbird25.cern.ch&noUDP&sock=schedd_1627_90ad>
...
040 (9119116.000.000) 01/22 16:44:52 Started transferring input files
	Transferring to host: <188.185.215.9:9618?addrs=188.185.215.9-9618+[2001-1458-303-1e--100-5]-9618&alias=b9p31p8710.cern.ch&noUDP&sock=slot1_26_7744_1934_131239>
...
040 (9119116.000.000) 01/22 16:44:52 Finished transferring input files
...
001 (9119116.000.000) 01/22 16:44:53 Job executing on host: <188.185.215.9:9618?addrs=188.185.215.9-9618+[2001-1458-303-1e--100-5]-9618&alias=b9p31p8710.cern.ch&noUDP&sock=startd_7160_be30>
	SlotName: slot1_26@b9p31p8710.cern.ch
	CondorScratchDir = "/pool/condor/dir_1503539"
	Cpus = 1
	Disk = 3714
	GPUs = 0
	Memory = 3000
...
006 (9119116.000.000) 01/22 16:45:06 Image size of job updated: 6716
	7  -  MemoryUsage of job (MB)
	6716  -  ResidentSetSize of job (KB)
...
006 (9119116.000.000) 01/22 16:46:18 Image size of job updated: 167088
	7  -  MemoryUsage of job (MB)
	6716  -  ResidentSetSize of job (KB)
...
040 (9119116.000.000) 01/22 16:46:18 Started transferring output files
...
040 (9119116.000.000) 01/22 16:46:18 Finished transferring output files
...
005 (9119116.000.000) 01/22 16:46:18 Job terminated.
	(1) Normal termination (return value 0)
		Usr 0 00:00:32, Sys 0 00:00:01  -  Run Remote Usage
		Usr 0 00:00:00, Sys 0 00:00:00  -  Run Local Usage
		Usr 0 00:00:32, Sys 0 00:00:01  -  Total Remote Usage
		Usr 0 00:00:00, Sys 0 00:00:00  -  Total Local Usage
	6759  -  Run Bytes Sent By Job
	322  -  Run Bytes Received By Job
	6759  -  Total Bytes Sent By Job
	322  -  Total Bytes Received By Job
	Partitionable Resources :    Usage  Request Allocated 
	   Cpus                 :        0        1         1 
	   Disk (KB)            :       30        1      3714 
	   GPUs                 :                           0 
	   Memory (MB)          :        7     3000      3000 
	   TimeExecute (s)      :       85                    
	   TimeSlotBusy (s)     :       87                    

	Job terminated of its own accord at 2026-01-22T15:46:18Z with exit-code 0.
...
