000 (9119118.000.000) 01/22 16:44:01 Job submitted from host: <188.185.6.50:9618?addrs=188.185.6.50-9618+[2001-1458-d00-62--100-2b1]-9618&alias=bigbird25.cern.ch&noUDP&sock=schedd_1627_90ad>
...
040 (9119118.000.000) 01/22 16:44:52 Started transferring input files
	Transferring to host: <188.185.214.76:9618?addrs=188.185.214.76-9618+[2001-1458-303-1c--100-48]-9618&alias=b9p29p1203.cern.ch&noUDP&sock=slot1_44_6871_fdb0_157065>
...
040 (9119118.000.000) 01/22 16:44:52 Finished transferring input files
...
001 (9119118.000.000) 01/22 16:44:53 Job executing on host: <188.185.214.76:9618?addrs=188.185.214.76-9618+[2001-1458-303-1c--100-48]-9618&alias=b9p29p1203.cern.ch&noUDP&sock=startd_5871_989d>
	SlotName: slot1_44@b9p29p1203.cern.ch
	CondorScratchDir = "/pool/condor/dir_738574"
	Cpus = 1
	Disk = 3922
	GPUs = 0
	Memory = 3000
...
006 (9119118.000.000) 01/22 16:45:06 Image size of job updated: 168528
	165  -  MemoryUsage of job (MB)
	168528  -  ResidentSetSize of job (KB)
...
040 (9119118.000.000) 01/22 16:45:18 Started transferring output files
...
040 (9119118.000.000) 01/22 16:45:18 Finished transferring output files
...
005 (9119118.000.000) 01/22 16:45:19 Job terminated.
	(1) Normal termination (return value 0)
		Usr 0 00:00:14, Sys 0 00:00:01  -  Run Remote Usage
		Usr 0 00:00:00, Sys 0 00:00:00  -  Run Local Usage
		Usr 0 00:00:14, Sys 0 00:00:01  -  Total Remote Usage
		Usr 0 00:00:00, Sys 0 00:00:00  -  Total Local Usage
	6522  -  Run Bytes Sent By Job
	326  -  Run Bytes Received By Job
	6522  -  Total Bytes Sent By Job
	326  -  Total Bytes Received By Job
	Partitionable Resources :    Usage  Request Allocated 
	   Cpus                 :                 1         1 
	   Disk (KB)            :       22        1      3922 
	   GPUs                 :                           0 
	   Memory (MB)          :      165     3000      3000 
	   TimeExecute (s)      :       25                    
	   TimeSlotBusy (s)     :       27                    

	Job terminated of its own accord at 2026-01-22T15:45:18Z with exit-code 0.
...
