000 (9119120.000.000) 01/22 16:44:02 Job submitted from host: <188.185.6.50:9618?addrs=188.185.6.50-9618+[2001-1458-d00-62--100-2b1]-9618&alias=bigbird25.cern.ch&noUDP&sock=schedd_1627_90ad>
...
040 (9119120.000.000) 01/22 16:44:56 Started transferring input files
	Transferring to host: <188.185.206.203:9618?addrs=188.185.206.203-9618+[2001-1458-303-c--100-48]-9618&alias=b9p06p2344.cern.ch&noUDP&sock=slot1_12_7025_7f77_110468>
...
040 (9119120.000.000) 01/22 16:44:56 Finished transferring input files
...
001 (9119120.000.000) 01/22 16:44:57 Job executing on host: <188.185.206.203:9618?addrs=188.185.206.203-9618+[2001-1458-303-c--100-48]-9618&alias=b9p06p2344.cern.ch&noUDP&sock=startd_6167_a0a5>
	SlotName: slot1_12@b9p06p2344.cern.ch
	CondorScratchDir = "/pool/condor/dir_38950"
	Cpus = 1
	Disk = 3803
	GPUs = 0
	Memory = 3000
...
006 (9119120.000.000) 01/22 16:45:10 Image size of job updated: 12184
	7  -  MemoryUsage of job (MB)
	6752  -  ResidentSetSize of job (KB)
...
006 (9119120.000.000) 01/22 16:46:26 Image size of job updated: 166760
	7  -  MemoryUsage of job (MB)
	6752  -  ResidentSetSize of job (KB)
...
040 (9119120.000.000) 01/22 16:46:26 Started transferring output files
...
040 (9119120.000.000) 01/22 16:46:26 Finished transferring output files
...
005 (9119120.000.000) 01/22 16:46:26 Job terminated.
	(1) Normal termination (return value 0)
		Usr 0 00:00:21, Sys 0 00:00:02  -  Run Remote Usage
		Usr 0 00:00:00, Sys 0 00:00:00  -  Run Local Usage
		Usr 0 00:00:21, Sys 0 00:00:02  -  Total Remote Usage
		Usr 0 00:00:00, Sys 0 00:00:00  -  Total Local Usage
	6489  -  Run Bytes Sent By Job
	315  -  Run Bytes Received By Job
	6489  -  Total Bytes Sent By Job
	315  -  Total Bytes Received By Job
	Partitionable Resources :    Usage  Request Allocated 
	   Cpus                 :        0        1         1 
	   Disk (KB)            :       32        1      3803 
	   GPUs                 :                           0 
	   Memory (MB)          :        7     3000      3000 
	   TimeExecute (s)      :       89                    
	   TimeSlotBusy (s)     :       91                    

	Job terminated of its own accord at 2026-01-22T15:46:26Z with exit-code 0.
...
