000 (9119123.000.000) 01/22 16:44:03 Job submitted from host: <188.185.6.50:9618?addrs=188.185.6.50-9618+[2001-1458-d00-62--100-2b1]-9618&alias=bigbird25.cern.ch&noUDP&sock=schedd_1627_90ad>
...
040 (9119123.000.000) 01/22 16:45:02 Started transferring input files
	Transferring to host: <188.185.212.14:9618?addrs=188.185.212.14-9618+[2001-1458-303-18--100-a]-9618&alias=b9p25p2945.cern.ch&noUDP&sock=slot1_6_5942_6d2b_131210>
...
040 (9119123.000.000) 01/22 16:45:02 Finished transferring input files
...
001 (9119123.000.000) 01/22 16:45:03 Job executing on host: <188.185.212.14:9618?addrs=188.185.212.14-9618+[2001-1458-303-18--100-a]-9618&alias=b9p25p2945.cern.ch&noUDP&sock=startd_5331_3378>
	SlotName: slot1_6@b9p25p2945.cern.ch
	CondorScratchDir = "/pool/condor/dir_1205994"
	Cpus = 1
	Disk = 3753
	GPUs = 0
	Memory = 3000
...
006 (9119123.000.000) 01/22 16:45:16 Image size of job updated: 87992
	0  -  MemoryUsage of job (MB)
	0  -  ResidentSetSize of job (KB)
...
040 (9119123.000.000) 01/22 16:45:16 Started transferring output files
...
040 (9119123.000.000) 01/22 16:45:16 Finished transferring output files
...
005 (9119123.000.000) 01/22 16:45:16 Job terminated.
	(1) Normal termination (return value 0)
		Usr 0 00:00:03, Sys 0 00:00:01  -  Run Remote Usage
		Usr 0 00:00:00, Sys 0 00:00:00  -  Run Local Usage
		Usr 0 00:00:03, Sys 0 00:00:01  -  Total Remote Usage
		Usr 0 00:00:00, Sys 0 00:00:00  -  Total Local Usage
	5998  -  Run Bytes Sent By Job
	319  -  Run Bytes Received By Job
	5998  -  Total Bytes Sent By Job
	319  -  Total Bytes Received By Job
	Partitionable Resources :    Usage  Request Allocated 
	   Cpus                 :        0        1         1 
	   Disk (KB)            :       29        1      3753 
	   GPUs                 :                           0 
	   Memory (MB)          :        0     3000      3000 
	   TimeExecute (s)      :       13                    
	   TimeSlotBusy (s)     :       20                    

	Job terminated of its own accord at 2026-01-22T15:45:16Z with exit-code 0.
...
