000 (9119117.000.000) 01/22 16:44:01 Job submitted from host: <188.185.6.50:9618?addrs=188.185.6.50-9618+[2001-1458-d00-62--100-2b1]-9618&alias=bigbird25.cern.ch&noUDP&sock=schedd_1627_90ad>
...
040 (9119117.000.000) 01/22 16:44:52 Started transferring input files
	Transferring to host: <188.185.213.176:9618?addrs=188.185.213.176-9618+[2001-1458-303-1b--100-2c]-9618&alias=b9p28p9743.cern.ch&noUDP&sock=slot1_4_4217_0205_154770>
...
040 (9119117.000.000) 01/22 16:44:52 Finished transferring input files
...
001 (9119117.000.000) 01/22 16:44:53 Job executing on host: <188.185.213.176:9618?addrs=188.185.213.176-9618+[2001-1458-303-1b--100-2c]-9618&alias=b9p28p9743.cern.ch&noUDP&sock=startd_3520_0175>
	SlotName: slot1_4@b9p28p9743.cern.ch
	CondorScratchDir = "/pool/condor/dir_403489"
	Cpus = 1
	Disk = 3865
	GPUs = 0
	Memory = 3000
...
006 (9119117.000.000) 01/22 16:45:06 Image size of job updated: 54768
	54  -  MemoryUsage of job (MB)
	54768  -  ResidentSetSize of job (KB)
...
006 (9119117.000.000) 01/22 16:45:12 Image size of job updated: 96132
	54  -  MemoryUsage of job (MB)
	54768  -  ResidentSetSize of job (KB)
...
040 (9119117.000.000) 01/22 16:45:12 Started transferring output files
...
040 (9119117.000.000) 01/22 16:45:12 Finished transferring output files
...
005 (9119117.000.000) 01/22 16:45:12 Job terminated.
	(1) Normal termination (return value 0)
		Usr 0 00:00:03, Sys 0 00:00:02  -  Run Remote Usage
		Usr 0 00:00:00, Sys 0 00:00:00  -  Run Local Usage
		Usr 0 00:00:03, Sys 0 00:00:02  -  Total Remote Usage
		Usr 0 00:00:00, Sys 0 00:00:00  -  Total Local Usage
	6004  -  Run Bytes Sent By Job
	322  -  Run Bytes Received By Job
	6004  -  Total Bytes Sent By Job
	322  -  Total Bytes Received By Job
	Partitionable Resources :    Usage  Request Allocated 
	   Cpus                 :        0        1         1 
	   Disk (KB)            :       29        1      3865 
	   GPUs                 :                           0 
	   Memory (MB)          :       54     3000      3000 
	   TimeExecute (s)      :       19                    
	   TimeSlotBusy (s)     :       21                    

	Job terminated of its own accord at 2026-01-22T15:45:12Z with exit-code 0.
...
