000 (9119101.000.000) 01/22 16:43:56 Job submitted from host: <188.185.6.50:9618?addrs=188.185.6.50-9618+[2001-1458-d00-62--100-2b1]-9618&alias=bigbird25.cern.ch&noUDP&sock=schedd_1627_90ad>
...
040 (9119101.000.000) 01/22 16:44:49 Started transferring input files
	Transferring to host: <188.185.211.177:9618?addrs=188.185.211.177-9618+[2001-1458-303-17--100-2d]-9618&alias=b9p24p9730.cern.ch&noUDP&sock=slot1_38_3246068_4f19_51280>
...
040 (9119101.000.000) 01/22 16:44:49 Finished transferring input files
...
001 (9119101.000.000) 01/22 16:44:50 Job executing on host: <188.185.211.177:9618?addrs=188.185.211.177-9618+[2001-1458-303-17--100-2d]-9618&alias=b9p24p9730.cern.ch&noUDP&sock=startd_3242558_a97d>
	SlotName: slot1_38@b9p24p9730.cern.ch
	CondorScratchDir = "/pool/condor/dir_3350813"
	Cpus = 1
	Disk = 3871
	GPUs = 0
	Memory = 3000
...
006 (9119101.000.000) 01/22 16:45:04 Image size of job updated: 62068
	0  -  MemoryUsage of job (MB)
	0  -  ResidentSetSize of job (KB)
...
040 (9119101.000.000) 01/22 16:45:04 Started transferring output files
...
040 (9119101.000.000) 01/22 16:45:04 Finished transferring output files
...
005 (9119101.000.000) 01/22 16:45:04 Job terminated.
	(1) Normal termination (return value 0)
		Usr 0 00:00:03, Sys 0 00:00:01  -  Run Remote Usage
		Usr 0 00:00:00, Sys 0 00:00:00  -  Run Local Usage
		Usr 0 00:00:03, Sys 0 00:00:01  -  Total Remote Usage
		Usr 0 00:00:00, Sys 0 00:00:00  -  Total Local Usage
	6004  -  Run Bytes Sent By Job
	315  -  Run Bytes Received By Job
	6004  -  Total Bytes Sent By Job
	315  -  Total Bytes Received By Job
	Partitionable Resources :    Usage  Request Allocated 
	   Cpus                 :        0        1         1 
	   Disk (KB)            :       29        1      3871 
	   GPUs                 :                           0 
	   Memory (MB)          :        0     3000      3000 
	   TimeExecute (s)      :       14                    
	   TimeSlotBusy (s)     :       17                    

	Job terminated of its own accord at 2026-01-22T15:45:04Z with exit-code 0.
...
