000 (9119100.000.000) 01/22 16:43:56 Job submitted from host: <188.185.6.50:9618?addrs=188.185.6.50-9618+[2001-1458-d00-62--100-2b1]-9618&alias=bigbird25.cern.ch&noUDP&sock=schedd_1627_90ad>
...
040 (9119100.000.000) 01/22 16:44:56 Started transferring input files
	Transferring to host: <188.185.210.34:9618?addrs=188.185.210.34-9618+[2001-1458-303-1--100-1e]-9618&alias=b9p21p6303.cern.ch&noUDP&sock=slot1_15_1780827_78fa_53475>
...
040 (9119100.000.000) 01/22 16:44:56 Finished transferring input files
...
001 (9119100.000.000) 01/22 16:44:57 Job executing on host: <188.185.210.34:9618?addrs=188.185.210.34-9618+[2001-1458-303-1--100-1e]-9618&alias=b9p21p6303.cern.ch&noUDP&sock=startd_1780235_b702>
	SlotName: slot1_15@b9p21p6303.cern.ch
	CondorScratchDir = "/pool/condor/dir_591725"
	Cpus = 1
	Disk = 3855
	GPUs = 0
	Memory = 3000
...
006 (9119100.000.000) 01/22 16:45:10 Image size of job updated: 260692
	255  -  MemoryUsage of job (MB)
	260692  -  ResidentSetSize of job (KB)
...
006 (9119100.000.000) 01/22 16:46:11 Image size of job updated: 305100
	255  -  MemoryUsage of job (MB)
	261012  -  ResidentSetSize of job (KB)
...
040 (9119100.000.000) 01/22 16:46:11 Started transferring output files
...
040 (9119100.000.000) 01/22 16:46:11 Finished transferring output files
...
005 (9119100.000.000) 01/22 16:46:11 Job terminated.
	(1) Normal termination (return value 0)
		Usr 0 00:00:59, Sys 0 00:00:02  -  Run Remote Usage
		Usr 0 00:00:00, Sys 0 00:00:00  -  Run Local Usage
		Usr 0 00:00:59, Sys 0 00:00:02  -  Total Remote Usage
		Usr 0 00:00:00, Sys 0 00:00:00  -  Total Local Usage
	7603  -  Run Bytes Sent By Job
	315  -  Run Bytes Received By Job
	7603  -  Total Bytes Sent By Job
	315  -  Total Bytes Received By Job
	Partitionable Resources :    Usage  Request Allocated 
	   Cpus                 :                 1         1 
	   Disk (KB)            :       23        1      3855 
	   GPUs                 :                           0 
	   Memory (MB)          :      255     3000      3000 
	   TimeExecute (s)      :       74                    
	   TimeSlotBusy (s)     :       76                    

	Job terminated of its own accord at 2026-01-22T15:46:11Z with exit-code 0.
...
