000 (9119105.000.000) 01/22 16:43:57 Job submitted from host: <188.185.6.50:9618?addrs=188.185.6.50-9618+[2001-1458-d00-62--100-2b1]-9618&alias=bigbird25.cern.ch&noUDP&sock=schedd_1627_90ad>
...
040 (9119105.000.000) 01/22 16:44:49 Started transferring input files
	Transferring to host: <188.185.210.14:9618?addrs=188.185.210.14-9618+[2001-1458-303-1--100-a]-9618&alias=b9p21p5364.cern.ch&noUDP&sock=slot1_17_6167_f594_129741>
...
040 (9119105.000.000) 01/22 16:44:49 Finished transferring input files
...
001 (9119105.000.000) 01/22 16:44:50 Job executing on host: <188.185.210.14:9618?addrs=188.185.210.14-9618+[2001-1458-303-1--100-a]-9618&alias=b9p21p5364.cern.ch&noUDP&sock=startd_5459_ff98>
	SlotName: slot1_17@b9p21p5364.cern.ch
	CondorScratchDir = "/pool/condor/dir_2795195"
	Cpus = 1
	Disk = 3720
	GPUs = 0
	Memory = 3000
...
006 (9119105.000.000) 01/22 16:45:03 Image size of job updated: 129132
	127  -  MemoryUsage of job (MB)
	129132  -  ResidentSetSize of job (KB)
...
006 (9119105.000.000) 01/22 16:45:05 Image size of job updated: 155792
	127  -  MemoryUsage of job (MB)
	129132  -  ResidentSetSize of job (KB)
...
040 (9119105.000.000) 01/22 16:45:05 Started transferring output files
...
040 (9119105.000.000) 01/22 16:45:05 Finished transferring output files
...
005 (9119105.000.000) 01/22 16:45:05 Job terminated.
	(1) Normal termination (return value 0)
		Usr 0 00:00:03, Sys 0 00:00:01  -  Run Remote Usage
		Usr 0 00:00:00, Sys 0 00:00:00  -  Run Local Usage
		Usr 0 00:00:03, Sys 0 00:00:01  -  Total Remote Usage
		Usr 0 00:00:00, Sys 0 00:00:00  -  Total Local Usage
	6018  -  Run Bytes Sent By Job
	322  -  Run Bytes Received By Job
	6018  -  Total Bytes Sent By Job
	322  -  Total Bytes Received By Job
	Partitionable Resources :    Usage  Request Allocated 
	   Cpus                 :        0        1         1 
	   Disk (KB)            :       29        1      3720 
	   GPUs                 :                           0 
	   Memory (MB)          :      127     3000      3000 
	   TimeExecute (s)      :       15                    
	   TimeSlotBusy (s)     :       17                    

	Job terminated of its own accord at 2026-01-22T15:45:05Z with exit-code 0.
...
