000 (9119096.000.000) 01/22 16:43:55 Job submitted from host: <188.185.6.50:9618?addrs=188.185.6.50-9618+[2001-1458-d00-62--100-2b1]-9618&alias=bigbird25.cern.ch&noUDP&sock=schedd_1627_90ad>
...
040 (9119096.000.000) 01/22 16:44:47 Started transferring input files
	Transferring to host: <188.185.212.64:9618?addrs=188.185.212.64-9618+[2001-1458-303-18--100-3c]-9618&alias=b9p25p5562.cern.ch&noUDP&sock=slot1_30_5904_a6e9_131677>
...
040 (9119096.000.000) 01/22 16:44:47 Finished transferring input files
...
001 (9119096.000.000) 01/22 16:44:48 Job executing on host: <188.185.212.64:9618?addrs=188.185.212.64-9618+[2001-1458-303-18--100-3c]-9618&alias=b9p25p5562.cern.ch&noUDP&sock=startd_5128_f5bf>
	SlotName: slot1_30@b9p25p5562.cern.ch
	CondorScratchDir = "/pool/condor/dir_1066502"
	Cpus = 1
	Disk = 3765
	GPUs = 0
	Memory = 3000
...
006 (9119096.000.000) 01/22 16:45:01 Image size of job updated: 134672
	132  -  MemoryUsage of job (MB)
	134672  -  ResidentSetSize of job (KB)
...
006 (9119096.000.000) 01/22 16:45:09 Image size of job updated: 168620
	132  -  MemoryUsage of job (MB)
	134672  -  ResidentSetSize of job (KB)
...
040 (9119096.000.000) 01/22 16:45:09 Started transferring output files
...
040 (9119096.000.000) 01/22 16:45:09 Finished transferring output files
...
005 (9119096.000.000) 01/22 16:45:09 Job terminated.
	(1) Normal termination (return value 0)
		Usr 0 00:00:09, Sys 0 00:00:01  -  Run Remote Usage
		Usr 0 00:00:00, Sys 0 00:00:00  -  Run Local Usage
		Usr 0 00:00:09, Sys 0 00:00:01  -  Total Remote Usage
		Usr 0 00:00:00, Sys 0 00:00:00  -  Total Local Usage
	6264  -  Run Bytes Sent By Job
	316  -  Run Bytes Received By Job
	6264  -  Total Bytes Sent By Job
	316  -  Total Bytes Received By Job
	Partitionable Resources :    Usage  Request Allocated 
	   Cpus                 :        0        1         1 
	   Disk (KB)            :       30        1      3765 
	   GPUs                 :                           0 
	   Memory (MB)          :      132     3000      3000 
	   TimeExecute (s)      :       21                    
	   TimeSlotBusy (s)     :       23                    

	Job terminated of its own accord at 2026-01-22T15:45:09Z with exit-code 0.
...
