000 (9119106.000.000) 01/22 16:43:57 Job submitted from host: <188.185.6.50:9618?addrs=188.185.6.50-9618+[2001-1458-d00-62--100-2b1]-9618&alias=bigbird25.cern.ch&noUDP&sock=schedd_1627_90ad>
...
040 (9119106.000.000) 01/22 16:44:49 Started transferring input files
	Transferring to host: <188.185.211.160:9618?addrs=188.185.211.160-9618+[2001-1458-303-17--100-1c]-9618&alias=b9p24p2042.cern.ch&noUDP&sock=slot1_29_5427_8ff6_134112>
...
040 (9119106.000.000) 01/22 16:44:49 Finished transferring input files
...
001 (9119106.000.000) 01/22 16:44:50 Job executing on host: <188.185.211.160:9618?addrs=188.185.211.160-9618+[2001-1458-303-17--100-1c]-9618&alias=b9p24p2042.cern.ch&noUDP&sock=startd_4353_5fd9>
	SlotName: slot1_29@b9p24p2042.cern.ch
	CondorScratchDir = "/pool/condor/dir_633316"
	Cpus = 1
	Disk = 3722
	GPUs = 0
	Memory = 3000
...
006 (9119106.000.000) 01/22 16:45:03 Image size of job updated: 38224
	38  -  MemoryUsage of job (MB)
	38224  -  ResidentSetSize of job (KB)
...
006 (9119106.000.000) 01/22 16:45:34 Image size of job updated: 265396
	38  -  MemoryUsage of job (MB)
	38424  -  ResidentSetSize of job (KB)
...
040 (9119106.000.000) 01/22 16:45:34 Started transferring output files
...
040 (9119106.000.000) 01/22 16:45:34 Finished transferring output files
...
005 (9119106.000.000) 01/22 16:45:34 Job terminated.
	(1) Normal termination (return value 0)
		Usr 0 00:00:26, Sys 0 00:00:02  -  Run Remote Usage
		Usr 0 00:00:00, Sys 0 00:00:00  -  Run Local Usage
		Usr 0 00:00:26, Sys 0 00:00:02  -  Total Remote Usage
		Usr 0 00:00:00, Sys 0 00:00:00  -  Total Local Usage
	6618  -  Run Bytes Sent By Job
	315  -  Run Bytes Received By Job
	6618  -  Total Bytes Sent By Job
	315  -  Total Bytes Received By Job
	Partitionable Resources :    Usage  Request Allocated 
	   Cpus                 :        0        1         1 
	   Disk (KB)            :       30        1      3722 
	   GPUs                 :                           0 
	   Memory (MB)          :       38     3000      3000 
	   TimeExecute (s)      :       44                    
	   TimeSlotBusy (s)     :       46                    

	Job terminated of its own accord at 2026-01-22T15:45:34Z with exit-code 0.
...
