000 (9119110.000.000) 01/22 16:43:59 Job submitted from host: <188.185.6.50:9618?addrs=188.185.6.50-9618+[2001-1458-d00-62--100-2b1]-9618&alias=bigbird25.cern.ch&noUDP&sock=schedd_1627_90ad>
...
040 (9119110.000.000) 01/22 16:44:50 Started transferring input files
	Transferring to host: <188.185.213.75:9618?addrs=188.185.213.75-9618+[2001-1458-303-1a--100-47]-9618&alias=b9p27p9871.cern.ch&noUDP&sock=slot1_25_5235_47ee_132836>
...
040 (9119110.000.000) 01/22 16:44:50 Finished transferring input files
...
001 (9119110.000.000) 01/22 16:44:51 Job executing on host: <188.185.213.75:9618?addrs=188.185.213.75-9618+[2001-1458-303-1a--100-47]-9618&alias=b9p27p9871.cern.ch&noUDP&sock=startd_4245_4b9e>
	SlotName: slot1_25@b9p27p9871.cern.ch
	CondorScratchDir = "/pool/condor/dir_1951220"
	Cpus = 1
	Disk = 3880
	GPUs = 0
	Memory = 3000
...
006 (9119110.000.000) 01/22 16:45:05 Image size of job updated: 77140
	76  -  MemoryUsage of job (MB)
	77140  -  ResidentSetSize of job (KB)
...
006 (9119110.000.000) 01/22 16:45:28 Image size of job updated: 166676
	76  -  MemoryUsage of job (MB)
	77172  -  ResidentSetSize of job (KB)
...
040 (9119110.000.000) 01/22 16:45:28 Started transferring output files
...
040 (9119110.000.000) 01/22 16:45:28 Finished transferring output files
...
005 (9119110.000.000) 01/22 16:45:28 Job terminated.
	(1) Normal termination (return value 0)
		Usr 0 00:00:20, Sys 0 00:00:02  -  Run Remote Usage
		Usr 0 00:00:00, Sys 0 00:00:00  -  Run Local Usage
		Usr 0 00:00:20, Sys 0 00:00:02  -  Total Remote Usage
		Usr 0 00:00:00, Sys 0 00:00:00  -  Total Local Usage
	6448  -  Run Bytes Sent By Job
	314  -  Run Bytes Received By Job
	6448  -  Total Bytes Sent By Job
	314  -  Total Bytes Received By Job
	Partitionable Resources :    Usage  Request Allocated 
	   Cpus                 :        0        1         1 
	   Disk (KB)            :       30        1      3880 
	   GPUs                 :                           0 
	   Memory (MB)          :       76     3000      3000 
	   TimeExecute (s)      :       37                    
	   TimeSlotBusy (s)     :       39                    

	Job terminated of its own accord at 2026-01-22T15:45:28Z with exit-code 0.
...
