000 (9119109.000.000) 01/22 16:43:59 Job submitted from host: <188.185.6.50:9618?addrs=188.185.6.50-9618+[2001-1458-d00-62--100-2b1]-9618&alias=bigbird25.cern.ch&noUDP&sock=schedd_1627_90ad>
...
040 (9119109.000.000) 01/22 16:44:50 Started transferring input files
	Transferring to host: <128.142.51.210:9618?addrs=128.142.51.210-9618+[2001-1458-301-3--100-f]-9618&alias=b9g02p5012.cern.ch&noUDP&sock=slot1_16_2493229_20e3_60887>
...
040 (9119109.000.000) 01/22 16:44:50 Finished transferring input files
...
001 (9119109.000.000) 01/22 16:44:51 Job executing on host: <128.142.51.210:9618?addrs=128.142.51.210-9618+[2001-1458-301-3--100-f]-9618&alias=b9g02p5012.cern.ch&noUDP&sock=startd_4920_4a0c>
	SlotName: slot1_16@b9g02p5012.cern.ch
	CondorScratchDir = "/pool/condor/dir_1216696"
	Cpus = 1
	Disk = 3849
	GPUs = 0
	Memory = 3000
...
006 (9119109.000.000) 01/22 16:45:05 Image size of job updated: 123504
	121  -  MemoryUsage of job (MB)
	123504  -  ResidentSetSize of job (KB)
...
006 (9119109.000.000) 01/22 16:45:08 Image size of job updated: 130612
	121  -  MemoryUsage of job (MB)
	123504  -  ResidentSetSize of job (KB)
...
040 (9119109.000.000) 01/22 16:45:08 Started transferring output files
...
040 (9119109.000.000) 01/22 16:45:08 Finished transferring output files
...
005 (9119109.000.000) 01/22 16:45:08 Job terminated.
	(1) Normal termination (return value 0)
		Usr 0 00:00:05, Sys 0 00:00:01  -  Run Remote Usage
		Usr 0 00:00:00, Sys 0 00:00:00  -  Run Local Usage
		Usr 0 00:00:05, Sys 0 00:00:01  -  Total Remote Usage
		Usr 0 00:00:00, Sys 0 00:00:00  -  Total Local Usage
	5988  -  Run Bytes Sent By Job
	314  -  Run Bytes Received By Job
	5988  -  Total Bytes Sent By Job
	314  -  Total Bytes Received By Job
	Partitionable Resources :    Usage  Request Allocated 
	   Cpus                 :        0        1         1 
	   Disk (KB)            :       29        1      3849 
	   GPUs                 :                           0 
	   Memory (MB)          :      121     3000      3000 
	   TimeExecute (s)      :       17                    
	   TimeSlotBusy (s)     :       19                    

	Job terminated of its own accord at 2026-01-22T15:45:08Z with exit-code 0.
...
