000 (9119108.000.000) 01/22 16:43:58 Job submitted from host: <188.185.6.50:9618?addrs=188.185.6.50-9618+[2001-1458-d00-62--100-2b1]-9618&alias=bigbird25.cern.ch&noUDP&sock=schedd_1627_90ad>
...
040 (9119108.000.000) 01/22 16:44:55 Started transferring input files
	Transferring to host: <188.185.209.62:9618?addrs=188.185.209.62-9618+[2001-1458-303-11--100-3b]-9618&alias=b9p11p6954.cern.ch&noUDP&sock=slot1_3_10260_d91a_112271>
...
040 (9119108.000.000) 01/22 16:44:55 Finished transferring input files
...
001 (9119108.000.000) 01/22 16:44:56 Job executing on host: <188.185.209.62:9618?addrs=188.185.209.62-9618+[2001-1458-303-11--100-3b]-9618&alias=b9p11p6954.cern.ch&noUDP&sock=startd_8976_5e2d>
	SlotName: slot1_3@b9p11p6954.cern.ch
	CondorScratchDir = "/pool/condor/dir_2741186"
	Cpus = 1
	Disk = 3786
	GPUs = 0
	Memory = 3000
...
006 (9119108.000.000) 01/22 16:45:09 Image size of job updated: 12696
	7  -  MemoryUsage of job (MB)
	6740  -  ResidentSetSize of job (KB)
...
006 (9119108.000.000) 01/22 16:47:07 Image size of job updated: 173560
	7  -  MemoryUsage of job (MB)
	6740  -  ResidentSetSize of job (KB)
...
040 (9119108.000.000) 01/22 16:47:07 Started transferring output files
...
040 (9119108.000.000) 01/22 16:47:07 Finished transferring output files
...
005 (9119108.000.000) 01/22 16:47:07 Job terminated.
	(1) Normal termination (return value 0)
		Usr 0 00:01:08, Sys 0 00:00:02  -  Run Remote Usage
		Usr 0 00:00:00, Sys 0 00:00:00  -  Run Local Usage
		Usr 0 00:01:08, Sys 0 00:00:02  -  Total Remote Usage
		Usr 0 00:00:00, Sys 0 00:00:00  -  Total Local Usage
	7375  -  Run Bytes Sent By Job
	314  -  Run Bytes Received By Job
	7375  -  Total Bytes Sent By Job
	314  -  Total Bytes Received By Job
	Partitionable Resources :    Usage  Request Allocated 
	   Cpus                 :        0        1         1 
	   Disk (KB)            :       33        1      3786 
	   GPUs                 :                           0 
	   Memory (MB)          :        7     3000      3000 
	   TimeExecute (s)      :      131                    
	   TimeSlotBusy (s)     :      133                    

	Job terminated of its own accord at 2026-01-22T15:47:07Z with exit-code 0.
...
