000 (9119112.000.000) 01/22 16:44:00 Job submitted from host: <188.185.6.50:9618?addrs=188.185.6.50-9618+[2001-1458-d00-62--100-2b1]-9618&alias=bigbird25.cern.ch&noUDP&sock=schedd_1627_90ad>
...
040 (9119112.000.000) 01/22 16:44:51 Started transferring input files
	Transferring to host: <188.185.214.203:9618?addrs=188.185.214.203-9618+[2001-1458-303-1d--100-47]-9618&alias=b9p30p9705.cern.ch&noUDP&sock=slot1_15_4611_9dd5_134668>
...
040 (9119112.000.000) 01/22 16:44:51 Finished transferring input files
...
001 (9119112.000.000) 01/22 16:44:52 Job executing on host: <188.185.214.203:9618?addrs=188.185.214.203-9618+[2001-1458-303-1d--100-47]-9618&alias=b9p30p9705.cern.ch&noUDP&sock=startd_3865_a5a1>
	SlotName: slot1_15@b9p30p9705.cern.ch
	CondorScratchDir = "/pool/condor/dir_428031"
	Cpus = 1
	Disk = 3847
	GPUs = 0
	Memory = 3000
...
006 (9119112.000.000) 01/22 16:45:05 Image size of job updated: 149992
	147  -  MemoryUsage of job (MB)
	149992  -  ResidentSetSize of job (KB)
...
006 (9119112.000.000) 01/22 16:46:52 Image size of job updated: 229528
	147  -  MemoryUsage of job (MB)
	150000  -  ResidentSetSize of job (KB)
...
040 (9119112.000.000) 01/22 16:46:52 Started transferring output files
...
040 (9119112.000.000) 01/22 16:46:52 Finished transferring output files
...
005 (9119112.000.000) 01/22 16:46:52 Job terminated.
	(1) Normal termination (return value 0)
		Usr 0 00:01:27, Sys 0 00:00:02  -  Run Remote Usage
		Usr 0 00:00:00, Sys 0 00:00:00  -  Run Local Usage
		Usr 0 00:01:27, Sys 0 00:00:02  -  Total Remote Usage
		Usr 0 00:00:00, Sys 0 00:00:00  -  Total Local Usage
	8018  -  Run Bytes Sent By Job
	315  -  Run Bytes Received By Job
	8018  -  Total Bytes Sent By Job
	315  -  Total Bytes Received By Job
	Partitionable Resources :    Usage  Request Allocated 
	   Cpus                 :        0        1         1 
	   Disk (KB)            :       31        1      3847 
	   GPUs                 :                           0 
	   Memory (MB)          :      147     3000      3000 
	   TimeExecute (s)      :      120                    
	   TimeSlotBusy (s)     :      122                    

	Job terminated of its own accord at 2026-01-22T15:46:52Z with exit-code 0.
...
