000 (9119114.000.000) 01/22 16:44:00 Job submitted from host: <188.185.6.50:9618?addrs=188.185.6.50-9618+[2001-1458-d00-62--100-2b1]-9618&alias=bigbird25.cern.ch&noUDP&sock=schedd_1627_90ad>
...
040 (9119114.000.000) 01/22 16:44:51 Started transferring input files
	Transferring to host: <188.185.213.76:9618?addrs=188.185.213.76-9618+[2001-1458-303-1a--100-48]-9618&alias=b9p27p3898.cern.ch&noUDP&sock=slot1_14_3234247_5859_52315>
...
040 (9119114.000.000) 01/22 16:44:51 Finished transferring input files
...
001 (9119114.000.000) 01/22 16:44:52 Job executing on host: <188.185.213.76:9618?addrs=188.185.213.76-9618+[2001-1458-303-1a--100-48]-9618&alias=b9p27p3898.cern.ch&noUDP&sock=startd_3234202_241e>
	SlotName: slot1_14@b9p27p3898.cern.ch
	CondorScratchDir = "/pool/condor/dir_2378168"
	Cpus = 1
	Disk = 3883
	GPUs = 0
	Memory = 3000
...
006 (9119114.000.000) 01/22 16:45:06 Image size of job updated: 173252
	170  -  MemoryUsage of job (MB)
	173252  -  ResidentSetSize of job (KB)
...
006 (9119114.000.000) 01/22 16:46:25 Image size of job updated: 254812
	170  -  MemoryUsage of job (MB)
	173252  -  ResidentSetSize of job (KB)
...
040 (9119114.000.000) 01/22 16:46:25 Started transferring output files
...
040 (9119114.000.000) 01/22 16:46:25 Finished transferring output files
...
005 (9119114.000.000) 01/22 16:46:25 Job terminated.
	(1) Normal termination (return value 0)
		Usr 0 00:01:05, Sys 0 00:00:02  -  Run Remote Usage
		Usr 0 00:00:00, Sys 0 00:00:00  -  Run Local Usage
		Usr 0 00:01:05, Sys 0 00:00:02  -  Total Remote Usage
		Usr 0 00:00:00, Sys 0 00:00:00  -  Total Local Usage
	7535  -  Run Bytes Sent By Job
	314  -  Run Bytes Received By Job
	7535  -  Total Bytes Sent By Job
	314  -  Total Bytes Received By Job
	Partitionable Resources :    Usage  Request Allocated 
	   Cpus                 :        0        1         1 
	   Disk (KB)            :       31        1      3883 
	   GPUs                 :                           0 
	   Memory (MB)          :      170     3000      3000 
	   TimeExecute (s)      :       93                    
	   TimeSlotBusy (s)     :       95                    

	Job terminated of its own accord at 2026-01-22T15:46:25Z with exit-code 0.
...
